src/components/AccessoriesProductGrid.tsx(34,56): error TS1005: ',' expected.
src/components/AccessoriesProductGrid.tsx(34,57): error TS1144: '{' or ';' expected.
src/components/AccessoriesProductGrid.tsx(34,58): error TS1128: Declaration or statement expected.
src/components/AccessoriesProductGrid.tsx(34,72): error TS1005: ';' expected.
src/components/AccessoriesProductGrid.tsx(105,66): error TS1005: ',' expected.
src/components/AccessoriesProductGrid.tsx(105,74): error TS1005: ',' expected.
src/components/AccessoriesProductGrid.tsx(105,79): error TS1005: ',' expected.
src/components/AccessoriesProductGrid.tsx(107,19): error TS1005: ')' expected.
src/components/AccessoriesProductGrid.tsx(108,32): error TS1005: ',' expected.
src/components/AccessoriesProductGrid.tsx(109,26): error TS1005: ',' expected.
src/components/AccessoriesProductGrid.tsx(110,37): error TS1005: ',' expected.
src/components/AccessoriesProductGrid.tsx(111,31): error TS1005: ',' expected.
src/components/AccessoriesProductGrid.tsx(112,33): error TS1005: ',' expected.
src/components/AccessoriesProductGrid.tsx(113,33): error TS1005: ',' expected.
src/components/AccessoriesProductGrid.tsx(114,25): error TS1005: ',' expected.
src/components/AccessoriesProductGrid.tsx(115,32): error TS1005: ',' expected.
src/components/AccessoriesProductGrid.tsx(116,32): error TS1005: ',' expected.
src/components/AccessoriesProductGrid.tsx(118,17): error TS1005: ',' expected.
src/components/AccessoriesProductGrid.tsx(118,19): error TS1005: ';' expected.
src/components/AccessoriesProductGrid.tsx(119,15): error TS1005: ',' expected.
src/components/AccessoriesProductGrid.tsx(121,21): error TS1005: ':' expected.
src/components/AccessoriesProductGrid.tsx(121,156): error TS1005: ',' expected.
src/components/AccessoriesProductGrid.tsx(121,164): error TS1005: ',' expected.
src/components/AccessoriesProductGrid.tsx(122,33): error TS1005: ',' expected.
src/components/AccessoriesProductGrid.tsx(122,34): error TS1005: ',' expected.
src/components/AccessoriesProductGrid.tsx(124,30): error TS1005: ',' expected.
src/components/AccessoriesProductGrid.tsx(125,24): error TS1005: ',' expected.
src/components/AccessoriesProductGrid.tsx(126,35): error TS1005: ',' expected.
src/components/AccessoriesProductGrid.tsx(127,29): error TS1005: ',' expected.
src/components/AccessoriesProductGrid.tsx(128,31): error TS1005: ',' expected.
src/components/AccessoriesProductGrid.tsx(129,31): error TS1005: ',' expected.
src/components/AccessoriesProductGrid.tsx(130,23): error TS1005: ',' expected.
src/components/AccessoriesProductGrid.tsx(131,30): error TS1005: ',' expected.
src/components/AccessoriesProductGrid.tsx(131,55): error TS1135: Argument expression expected.
src/components/AccessoriesProductGrid.tsx(135,11): error TS1005: ',' expected.
src/components/AccessoriesProductGrid.tsx(137,6): error TS1128: Declaration or statement expected.
src/components/AccessoriesProductGrid.tsx(141,3): error TS1128: Declaration or statement expected.
src/components/AccessoriesProductGrid.tsx(159,31): error TS1005: ',' expected.
src/components/AccessoriesProductGrid.tsx(160,3): error TS1128: Declaration or statement expected.
src/components/AccessoriesProductGrid.tsx(178,73): error TS1005: ',' expected.
src/components/AccessoriesProductGrid.tsx(210,68): error TS1136: Property assignment expected.
src/components/AccessoriesProductGrid.tsx(212,20): error TS1005: ')' expected.
src/components/AccessoriesProductGrid.tsx(213,5): error TS1005: ',' expected.
src/components/AccessoriesProductGrid.tsx(213,14): error TS1005: ',' expected.
src/components/AccessoriesProductGrid.tsx(213,158): error TS1005: ',' expected.
src/components/AccessoriesProductGrid.tsx(214,3): error TS1005: ',' expected.
src/components/AccessoriesProductGrid.tsx(215,3): error TS1135: Argument expression expected.
src/components/AccessoriesProductGrid.tsx(252,90): error TS1005: ',' expected.
src/components/AccessoriesProductGrid.tsx(258,18): error TS1109: Expression expected.
src/components/AccessoriesProductGrid.tsx(262,61): error TS1003: Identifier expected.
src/components/AccessoriesProductGrid.tsx(263,22): error TS1381: Unexpected token. Did you mean `{'}'}` or `&rbrace;`?
src/components/AccessoriesProductGrid.tsx(264,54): error TS1005: ',' expected.
src/components/AccessoriesProductGrid.tsx(265,11): error TS1382: Unexpected token. Did you mean `{'>'}` or `&gt;`?
src/components/AccessoriesProductGrid.tsx(270,53): error TS1005: ',' expected.
src/components/AccessoriesProductGrid.tsx(273,46): error TS1005: '}' expected.
src/components/AccessoriesProductGrid.tsx(274,18): error TS1109: Expression expected.
src/components/AccessoriesProductGrid.tsx(275,15): error TS1109: Expression expected.
src/components/AccessoriesProductGrid.tsx(288,15): error TS1005: ')' expected.
src/components/AccessoriesProductGrid.tsx(292,140): error TS1005: ',' expected.
src/components/AccessoriesProductGrid.tsx(293,52): error TS1005: ',' expected.
src/components/AccessoriesProductGrid.tsx(295,16): error TS1005: '}' expected.
src/components/AccessoriesProductGrid.tsx(299,18): error TS17008: JSX element 'button' has no corresponding closing tag.
src/components/AccessoriesProductGrid.tsx(313,16): error TS1005: '}' expected.
src/components/AccessoriesProductGrid.tsx(328,65): error TS1005: ',' expected.
src/components/AccessoriesProductGrid.tsx(330,66): error TS1005: ',' expected.
src/components/AccessoriesProductGrid.tsx(331,65): error TS1005: ',' expected.
src/components/AccessoriesProductGrid.tsx(332,23): error TS1005: '}' expected.
src/components/AccessoriesProductGrid.tsx(341,11): error TS1381: Unexpected token. Did you mean `{'}'}` or `&rbrace;`?
src/components/AccessoriesProductGrid.tsx(352,8): error TS1005: '}' expected.
src/components/AccessoriesProductGrid.tsx(356,9): error TS2657: JSX expressions must have one parent element.
src/components/AccessoriesProductGrid.tsx(362,47): error TS1135: Argument expression expected.
src/components/AccessoriesProductGrid.tsx(367,48): error TS1005: '}' expected.
src/components/AccessoriesProductGrid.tsx(368,18): error TS17008: JSX element 'button' has no corresponding closing tag.
src/components/AccessoriesProductGrid.tsx(370,19): error TS1005: '}' expected.
src/components/AccessoriesProductGrid.tsx(370,28): error TS1381: Unexpected token. Did you mean `{'}'}` or `&rbrace;`?
src/components/AccessoriesProductGrid.tsx(372,20): error TS1381: Unexpected token. Did you mean `{'}'}` or `&rbrace;`?
src/components/AccessoriesProductGrid.tsx(374,17): error TS1005: '}' expected.
src/components/AccessoriesProductGrid.tsx(374,37): error TS1005: '...' expected.
src/components/AccessoriesProductGrid.tsx(375,17): error TS1003: Identifier expected.
src/components/AccessoriesProductGrid.tsx(384,20): error TS1005: '}' expected.
src/components/AccessoriesProductGrid.tsx(387,152): error TS1005: ',' expected.
src/components/AccessoriesProductGrid.tsx(388,65): error TS1005: '}' expected.
src/components/AccessoriesProductGrid.tsx(398,130): error TS1005: ',' expected.
src/components/AccessoriesProductGrid.tsx(406,85): error TS1005: '}' expected.
src/components/AccessoriesProductGrid.tsx(414,109): error TS1005: '}' expected.
src/components/AccessoriesProductGrid.tsx(421,24): error TS1005: '}' expected.
src/components/AccessoriesProductGrid.tsx(426,70): error TS1005: '}' expected.
src/components/AccessoriesProductGrid.tsx(430,21): error TS1005: '}' expected.
src/components/AccessoriesProductGrid.tsx(434,17): error TS1005: ')' expected.
src/components/AccessoriesProductGrid.tsx(441,49): error TS1005: ',' expected.
src/components/AccessoriesProductGrid.tsx(444,54): error TS1005: '}' expected.
src/components/AccessoriesProductGrid.tsx(445,27): error TS1005: ',' expected.
src/components/AccessoriesProductGrid.tsx(445,36): error TS1136: Property assignment expected.
src/components/AccessoriesProductGrid.tsx(445,39): error TS1005: ',' expected.
src/components/AccessoriesProductGrid.tsx(445,40): error TS1382: Unexpected token. Did you mean `{'>'}` or `&gt;`?
src/components/AccessoriesProductGrid.tsx(446,26): error TS1382: Unexpected token. Did you mean `{'>'}` or `&gt;`?
src/components/AccessoriesProductGrid.tsx(447,25): error TS1381: Unexpected token. Did you mean `{'}'}` or `&rbrace;`?
src/components/AccessoriesProductGrid.tsx(451,11): error TS1005: ')' expected.
src/components/AccessoriesProductGrid.tsx(452,9): error TS1109: Expression expected.
src/components/AccessoriesProductGrid.tsx(453,7): error TS1109: Expression expected.
src/components/AccessoriesProductGrid.tsx(453,8): error TS1128: Declaration or statement expected.
src/components/AccessoriesProductGrid.tsx(453,9): error TS1128: Declaration or statement expected.
src/components/AccessoriesProductGrid.tsx(454,3): error TS1109: Expression expected.
src/components/AccessoriesProductGrid.tsx(455,1): error TS1128: Declaration or statement expected.
src/components/CustomerCreateModal.tsx(24,12): error TS1005: ',' expected.
src/components/CustomerCreateModal.tsx(24,13): error TS1136: Property assignment expected.
src/components/CustomerCreateModal.tsx(24,15): error TS1136: Property assignment expected.
src/components/CustomerCreateModal.tsx(31,14): error TS1005: ',' expected.
src/components/CustomerCreateModal.tsx(32,53): error TS1136: Property assignment expected.
src/components/CustomerCreateModal.tsx(32,54): error TS1005: ',' expected.
src/components/CustomerCreateModal.tsx(60,52): error TS1005: ',' expected.
src/components/CustomerCreateModal.tsx(60,54): error TS1005: ';' expected.
src/components/CustomerCreateModal.tsx(60,55): error TS1128: Declaration or statement expected.
src/components/CustomerCreateModal.tsx(63,56): error TS1005: ',' expected.
src/components/CustomerCreateModal.tsx(63,58): error TS1005: ';' expected.
src/components/CustomerCreateModal.tsx(63,59): error TS1128: Declaration or statement expected.
src/components/CustomerCreateModal.tsx(91,19): error TS1135: Argument expression expected.
src/components/CustomerCreateModal.tsx(94,41): error TS1005: ',' expected.
src/components/CustomerCreateModal.tsx(94,42): error TS1005: ';' expected.
src/components/CustomerCreateModal.tsx(94,44): error TS1128: Declaration or statement expected.
src/components/CustomerCreateModal.tsx(95,49): error TS1005: ',' expected.
src/components/CustomerCreateModal.tsx(97,5): error TS1128: Declaration or statement expected.
src/components/CustomerCreateModal.tsx(97,7): error TS1005: 'try' expected.
src/components/CustomerCreateModal.tsx(99,33): error TS1005: ';' expected.
src/components/CustomerCreateModal.tsx(100,30): error TS1005: ',' expected.
src/components/CustomerCreateModal.tsx(101,3): error TS1128: Declaration or statement expected.
src/components/CustomerCreateModal.tsx(105,89): error TS1005: ',' expected.
src/components/CustomerCreateModal.tsx(105,90): error TS1005: ';' expected.
src/components/CustomerCreateModal.tsx(106,16): error TS1136: Property assignment expected.
src/components/CustomerCreateModal.tsx(106,17): error TS1005: ';' expected.
src/components/CustomerCreateModal.tsx(112,6): error TS17008: JSX element 'div' has no corresponding closing tag.
src/components/CustomerCreateModal.tsx(117,12): error TS17008: JSX element 'button' has no corresponding closing tag.
src/components/CustomerCreateModal.tsx(130,35): error TS1005: '}' expected.
src/components/CustomerCreateModal.tsx(132,24): error TS1381: Unexpected token. Did you mean `{'}'}` or `&rbrace;`?
src/components/CustomerCreateModal.tsx(132,26): error TS1381: Unexpected token. Did you mean `{'}'}` or `&rbrace;`?
src/components/CustomerCreateModal.tsx(135,14): error TS1382: Unexpected token. Did you mean `{'>'}` or `&gt;`?
src/components/CustomerCreateModal.tsx(137,68): error TS1005: '}' expected.
src/components/CustomerCreateModal.tsx(150,24): error TS1003: Identifier expected.
src/components/CustomerCreateModal.tsx(150,26): error TS1381: Unexpected token. Did you mean `{'}'}` or `&rbrace;`?
src/components/CustomerCreateModal.tsx(153,14): error TS1382: Unexpected token. Did you mean `{'>'}` or `&gt;`?
src/components/CustomerCreateModal.tsx(155,69): error TS1005: '}' expected.
src/components/CustomerCreateModal.tsx(168,24): error TS1003: Identifier expected.
src/components/CustomerCreateModal.tsx(168,26): error TS1381: Unexpected token. Did you mean `{'}'}` or `&rbrace;`?
src/components/CustomerCreateModal.tsx(171,14): error TS1382: Unexpected token. Did you mean `{'>'}` or `&gt;`?
src/components/CustomerCreateModal.tsx(173,71): error TS1005: '}' expected.
src/components/CustomerCreateModal.tsx(193,12): error TS17008: JSX element 'div' has no corresponding closing tag.
src/components/CustomerCreateModal.tsx(202,24): error TS1003: Identifier expected.
src/components/CustomerCreateModal.tsx(226,13): error TS1382: Unexpected token. Did you mean `{'>'}` or `&gt;`?
src/components/CustomerCreateModal.tsx(238,4): error TS1381: Unexpected token. Did you mean `{'}'}` or `&rbrace;`?
src/components/CustomerCreateModal.tsx(240,38): error TS1005: '</' expected.
src/components/CustomerDetailModal.tsx(234,18): error TS1128: Declaration or statement expected.
src/components/CustomerDetailModal.tsx(315,111): error TS1005: ',' expected.
src/components/CustomerDetailModal.tsx(315,138): error TS1144: '{' or ';' expected.
src/components/CustomerDetailModal.tsx(321,84): error TS1005: ',' expected.
src/components/CustomerDetailModal.tsx(321,85): error TS1005: ',' expected.
src/components/CustomerDetailModal.tsx(321,86): error TS1134: Variable declaration expected.
src/components/CustomerDetailModal.tsx(335,35): error TS1005: ',' expected.
src/components/CustomerDetailModal.tsx(337,4): error TS1128: Declaration or statement expected.
src/components/CustomerDetailModal.tsx(345,29): error TS1005: ',' expected.
src/components/CustomerDetailModal.tsx(346,3): error TS1128: Declaration or statement expected.
src/components/CustomerDetailModal.tsx(357,5): error TS1005: ',' expected.
src/components/CustomerDetailModal.tsx(357,6): error TS1005: ';' expected.
src/components/CustomerDetailModal.tsx(364,5): error TS1005: ',' expected.
src/components/CustomerDetailModal.tsx(364,7): error TS1005: ';' expected.
src/components/CustomerDetailModal.tsx(364,8): error TS1128: Declaration or statement expected.
src/components/CustomerDetailModal.tsx(415,78): error TS1005: ',' expected.
src/components/CustomerDetailModal.tsx(416,6): error TS1005: ':' expected.
src/components/CustomerDetailModal.tsx(423,84): error TS1005: ',' expected.
src/components/CustomerDetailModal.tsx(423,88): error TS1005: ')' expected.
src/components/CustomerDetailModal.tsx(448,89): error TS1005: ',' expected.
src/components/CustomerDetailModal.tsx(449,12): error TS1005: ':' expected.
src/components/CustomerDetailModal.tsx(465,103): error TS1005: ',' expected.
src/components/CustomerDetailModal.tsx(465,104): error TS1005: ',' expected.
src/components/CustomerDetailModal.tsx(512,7): error TS1005: ',' expected.
src/components/CustomerDetailModal.tsx(512,8): error TS1005: ',' expected.
src/components/CustomerDetailModal.tsx(517,53): error TS1005: ',' expected.
src/components/CustomerDetailModal.tsx(517,54): error TS1005: ';' expected.
src/components/CustomerDetailModal.tsx(517,55): error TS1128: Declaration or statement expected.
src/components/CustomerDetailModal.tsx(584,69): error TS1005: ',' expected.
src/components/CustomerDetailModal.tsx(585,8): error TS1005: ':' expected.
src/components/CustomerDetailModal.tsx(603,6): error TS17008: JSX element 'div' has no corresponding closing tag.
src/components/CustomerDetailModal.tsx(604,8): error TS17008: JSX element 'div' has no corresponding closing tag.
src/components/CustomerDetailModal.tsx(605,18): error TS1109: Expression expected.
src/components/CustomerDetailModal.tsx(606,10): error TS17008: JSX element 'div' has no corresponding closing tag.
src/components/CustomerDetailModal.tsx(627,44): error TS1005: '}' expected.
src/components/CustomerDetailModal.tsx(629,20): error TS1005: ',' expected.
src/components/CustomerDetailModal.tsx(634,19): error TS1005: ')' expected.
src/components/CustomerDetailModal.tsx(639,12): error TS17008: JSX element 'button' has no corresponding closing tag.
src/components/CustomerDetailModal.tsx(649,33): error TS1005: ',' expected.
src/components/CustomerDetailModal.tsx(649,35): error TS1005: '}' expected.
src/components/CustomerDetailModal.tsx(649,38): error TS1382: Unexpected token. Did you mean `{'>'}` or `&gt;`?
src/components/CustomerDetailModal.tsx(651,25): error TS1005: '}' expected.
src/components/CustomerDetailModal.tsx(652,55): error TS1005: ',' expected.
src/components/CustomerDetailModal.tsx(653,26): error TS1381: Unexpected token. Did you mean `{'}'}` or `&rbrace;`?
src/components/CustomerDetailModal.tsx(653,28): error TS1381: Unexpected token. Did you mean `{'}'}` or `&rbrace;`?
src/components/CustomerDetailModal.tsx(654,15): error TS1382: Unexpected token. Did you mean `{'>'}` or `&gt;`?
src/components/CustomerDetailModal.tsx(656,29): error TS1005: '}' expected.
src/components/CustomerDetailModal.tsx(658,15): error TS1381: Unexpected token. Did you mean `{'}'}` or `&rbrace;`?
src/components/CustomerDetailModal.tsx(662,10): error TS17008: JSX element 'div' has no corresponding closing tag.
src/components/CustomerDetailModal.tsx(664,14): error TS17008: JSX element 'div' has no corresponding closing tag.
src/components/CustomerDetailModal.tsx(665,26): error TS1109: Expression expected.
src/components/CustomerDetailModal.tsx(666,16): error TS17008: JSX element 'div' has no corresponding closing tag.
src/components/CustomerDetailModal.tsx(674,23): error TS2657: JSX expressions must have one parent element.
src/components/CustomerDetailModal.tsx(675,57): error TS1005: ',' expected.
src/components/CustomerDetailModal.tsx(681,54): error TS1005: '}' expected.
src/components/CustomerDetailModal.tsx(683,22): error TS1381: Unexpected token. Did you mean `{'}'}` or `&rbrace;`?
src/components/CustomerDetailModal.tsx(683,25): error TS17002: Expected corresponding JSX closing tag for 'button'.
src/components/CustomerDetailModal.tsx(685,19): error TS1005: ')' expected.
src/components/CustomerDetailModal.tsx(711,89): error TS1005: ',' expected.
src/components/CustomerDetailModal.tsx(717,93): error TS1005: ',' expected.
src/components/CustomerDetailModal.tsx(717,99): error TS1005: '}' expected.
src/components/CustomerDetailModal.tsx(726,47): error TS1005: '}' expected.
src/components/CustomerDetailModal.tsx(745,20): error TS1381: Unexpected token. Did you mean `{'}'}` or `&rbrace;`?
src/components/CustomerDetailModal.tsx(759,126): error TS1005: ',' expected.
src/components/CustomerDetailModal.tsx(777,160): error TS1005: ',' expected.
src/components/CustomerDetailModal.tsx(786,158): error TS1005: ',' expected.
src/components/CustomerDetailModal.tsx(793,13): error TS1005: ')' expected.
src/components/CustomerDetailModal.tsx(808,16): error TS1005: ')' expected.
src/components/CustomerDetailModal.tsx(835,31): error TS1005: ')' expected.
src/components/CustomerDetailModal.tsx(843,77): error TS1005: ',' expected.
src/components/CustomerDetailModal.tsx(846,82): error TS1005: ',' expected.
src/components/CustomerDetailModal.tsx(847,32): error TS1005: '}' expected.
src/components/CustomerDetailModal.tsx(849,74): error TS1005: ',' expected.
src/components/CustomerDetailModal.tsx(850,32): error TS1005: '}' expected.
src/components/CustomerDetailModal.tsx(853,32): error TS1005: '}' expected.
src/components/CustomerDetailModal.tsx(855,63): error TS1005: '}' expected.
src/components/CustomerDetailModal.tsx(864,68): error TS1005: ',' expected.
src/components/CustomerDetailModal.tsx(873,100): error TS1005: ',' expected.
src/components/CustomerDetailModal.tsx(874,30): error TS1005: '}' expected.
src/components/CustomerDetailModal.tsx(876,34): error TS17008: JSX element 'button' has no corresponding closing tag.
src/components/CustomerDetailModal.tsx(878,35): error TS1005: '}' expected.
src/components/CustomerDetailModal.tsx(880,30): error TS1381: Unexpected token. Did you mean `{'}'}` or `&rbrace;`?
src/components/CustomerDetailModal.tsx(881,25): error TS1005: ')' expected.
src/components/CustomerDetailModal.tsx(883,21): error TS1381: Unexpected token. Did you mean `{'}'}` or `&rbrace;`?
src/components/CustomerDetailModal.tsx(884,17): error TS1005: ';' expected.
src/components/CustomerDetailModal.tsx(889,16): error TS1381: Unexpected token. Did you mean `{'}'}` or `&rbrace;`?
src/components/CustomerDetailModal.tsx(890,11): error TS1005: ')' expected.
src/components/CustomerDetailModal.tsx(897,18): error TS17008: JSX element 'button' has no corresponding closing tag.
src/components/CustomerDetailModal.tsx(898,53): error TS1005: ',' expected.
src/components/CustomerDetailModal.tsx(906,46): error TS1005: '}' expected.
src/components/CustomerDetailModal.tsx(907,103): error TS1005: ',' expected.
src/components/CustomerDetailModal.tsx(907,105): error TS1005: '}' expected.
src/components/CustomerDetailModal.tsx(907,107): error TS1381: Unexpected token. Did you mean `{'}'}` or `&rbrace;`?
src/components/CustomerDetailModal.tsx(909,57): error TS17002: Expected corresponding JSX closing tag for 'div'.
src/components/CustomerDetailModal.tsx(910,25): error TS1381: Unexpected token. Did you mean `{'}'}` or `&rbrace;`?
src/components/CustomerDetailModal.tsx(910,28): error TS17002: Expected corresponding JSX closing tag for 'div'.
src/components/CustomerDetailModal.tsx(911,19): error TS1005: ')' expected.
src/components/CustomerDetailModal.tsx(914,93): error TS1005: ',' expected.
src/components/CustomerDetailModal.tsx(914,95): error TS1005: '}' expected.
src/components/CustomerDetailModal.tsx(914,97): error TS1381: Unexpected token. Did you mean `{'}'}` or `&rbrace;`?
src/components/CustomerDetailModal.tsx(918,20): error TS1382: Unexpected token. Did you mean `{'>'}` or `&gt;`?
src/components/CustomerDetailModal.tsx(920,22): error TS17008: JSX element 'button' has no corresponding closing tag.
src/components/CustomerDetailModal.tsx(922,32): error TS1381: Unexpected token. Did you mean `{'}'}` or `&rbrace;`?
src/components/CustomerDetailModal.tsx(922,33): error TS1381: Unexpected token. Did you mean `{'}'}` or `&rbrace;`?
src/components/CustomerDetailModal.tsx(923,32): error TS1381: Unexpected token. Did you mean `{'}'}` or `&rbrace;`?
src/components/CustomerDetailModal.tsx(937,57): error TS1005: ',' expected.
src/components/CustomerDetailModal.tsx(941,22): error TS1005: ';' expected.
src/components/CustomerDetailModal.tsx(941,23): error TS1005: '}' expected.
src/components/CustomerDetailModal.tsx(942,16): error TS1005: ')' expected.
src/components/CustomerDetailModal.tsx(949,12): error TS1381: Unexpected token. Did you mean `{'}'}` or `&rbrace;`?
src/components/CustomerDetailModal.tsx(951,9): error TS1005: ')' expected.
src/components/CustomerDetailModal.tsx(958,36): error TS1005: '}' expected.
src/components/CustomerDetailModal.tsx(958,37): error TS1005: '}' expected.
src/components/CustomerDetailModal.tsx(959,12): error TS1382: Unexpected token. Did you mean `{'>'}` or `&gt;`?
src/components/CustomerDetailModal.tsx(960,10): error TS1381: Unexpected token. Did you mean `{'}'}` or `&rbrace;`?
src/components/CustomerDetailModal.tsx(961,5): error TS1005: ')' expected.
src/components/CustomerDetailModal.tsx(963,1): error TS1381: Unexpected token. Did you mean `{'}'}` or `&rbrace;`?
src/components/CustomerDetailModal.tsx(963,2): error TS1005: '</' expected.
src/components/CustomerRefundModal.tsx(15,53): error TS1005: ',' expected.
src/components/CustomerRefundModal.tsx(15,54): error TS1144: '{' or ';' expected.
src/components/CustomerRefundModal.tsx(15,55): error TS1128: Declaration or statement expected.
src/components/CustomerRefundModal.tsx(15,69): error TS1005: ';' expected.
src/components/CustomerRefundModal.tsx(57,59): error TS1005: ')' expected.
src/components/CustomerRefundModal.tsx(60,19): error TS1005: ';' expected.
src/components/CustomerRefundModal.tsx(61,7): error TS1128: Declaration or statement expected.
src/components/CustomerRefundModal.tsx(74,7): error TS1005: 'try' expected.
src/components/CustomerRefundModal.tsx(80,3): error TS1128: Declaration or statement expected.
src/components/CustomerRefundModal.tsx(119,14): error TS17008: JSX element 'button' has no corresponding closing tag.
src/components/CustomerRefundModal.tsx(127,34): error TS1003: Identifier expected.
src/components/CustomerRefundModal.tsx(127,36): error TS1381: Unexpected token. Did you mean `{'}'}` or `&rbrace;`?
src/components/CustomerRefundModal.tsx(128,23): error TS1382: Unexpected token. Did you mean `{'>'}` or `&gt;`?
src/components/CustomerRefundModal.tsx(154,33): error TS1005: ')' expected.
src/components/CustomerRefundModal.tsx(159,108): error TS1005: ',' expected.
src/components/CustomerRefundModal.tsx(161,81): error TS1005: ',' expected.
src/components/CustomerRefundModal.tsx(164,102): error TS1005: '}' expected.
src/components/CustomerRefundModal.tsx(166,99): error TS1005: '}' expected.
src/components/CustomerRefundModal.tsx(167,41): error TS1005: '}' expected.
src/components/CustomerRefundModal.tsx(167,120): error TS1005: ',' expected.
src/components/CustomerRefundModal.tsx(167,122): error TS17002: Expected corresponding JSX closing tag for 'div'.
src/components/CustomerRefundModal.tsx(168,36): error TS1381: Unexpected token. Did you mean `{'}'}` or `&rbrace;`?
src/components/CustomerRefundModal.tsx(172,34): error TS1005: '}' expected.
src/components/CustomerRefundModal.tsx(174,76): error TS1005: ',' expected.
src/components/CustomerRefundModal.tsx(175,34): error TS1005: '}' expected.
src/components/CustomerRefundModal.tsx(178,34): error TS1005: '}' expected.
src/components/CustomerRefundModal.tsx(180,65): error TS1005: '}' expected.
src/components/CustomerRefundModal.tsx(192,71): error TS1005: '}' expected.
src/components/CustomerRefundModal.tsx(197,82): error TS1005: '}' expected.
src/components/CustomerRefundModal.tsx(203,33): error TS1005: '}' expected.
src/components/CustomerRefundModal.tsx(205,30): error TS1381: Unexpected token. Did you mean `{'}'}` or `&rbrace;`?
src/components/CustomerRefundModal.tsx(205,33): error TS17002: Expected corresponding JSX closing tag for 'button'.
src/components/CustomerRefundModal.tsx(206,25): error TS1005: ')' expected.
src/components/CustomerRefundModal.tsx(208,21): error TS1381: Unexpected token. Did you mean `{'}'}` or `&rbrace;`?
src/components/CustomerRefundModal.tsx(210,14): error TS1381: Unexpected token. Did you mean `{'}'}` or `&rbrace;`?
src/components/CustomerRefundModal.tsx(210,17): error TS17015: Expected corresponding closing tag for JSX fragment.
src/components/CustomerRefundModal.tsx(211,9): error TS1109: Expression expected.
src/components/CustomerRefundModal.tsx(212,7): error TS1109: Expression expected.
src/components/CustomerRefundModal.tsx(221,34): error TS1005: '}' expected.
src/components/CustomerRefundModal.tsx(221,35): error TS1003: Identifier expected.
src/components/CustomerRefundModal.tsx(223,9): error TS1128: Declaration or statement expected.
src/components/CustomerRefundModal.tsx(223,11): error TS1109: Expression expected.
src/components/CustomerRefundModal.tsx(224,3): error TS1109: Expression expected.
src/components/CustomerRefundModal.tsx(225,1): error TS1128: Declaration or statement expected.
src/components/FinancialCharts.tsx(28,47): error TS1136: Property assignment expected.
src/components/FinancialCharts.tsx(28,48): error TS1005: ',' expected.
src/components/FinancialCharts.tsx(29,21): error TS1005: '(' expected.
src/components/FinancialCharts.tsx(29,25): error TS1005: ',' expected.
src/components/FinancialCharts.tsx(30,13): error TS1005: ';' expected.
src/components/FinancialCharts.tsx(31,4): error TS1005: ',' expected.
src/components/FinancialCharts.tsx(41,7): error TS1005: ',' expected.
src/components/FinancialCharts.tsx(41,8): error TS1005: ',' expected.
src/components/FinancialCharts.tsx(41,9): error TS1134: Variable declaration expected.
src/components/FinancialCharts.tsx(61,21): error TS1136: Property assignment expected.
src/components/FinancialCharts.tsx(61,22): error TS1005: ';' expected.
src/components/FinancialCharts.tsx(63,17): error TS1005: ';' expected.
src/components/FinancialCharts.tsx(64,8): error TS1128: Declaration or statement expected.
src/components/FinancialCharts.tsx(65,7): error TS1005: ',' expected.
src/components/FinancialCharts.tsx(66,19): error TS1005: ',' expected.
src/components/FinancialCharts.tsx(66,21): error TS1136: Property assignment expected.
src/components/FinancialCharts.tsx(66,22): error TS1136: Property assignment expected.
src/components/FinancialCharts.tsx(70,5): error TS1128: Declaration or statement expected.
src/components/FinancialCharts.tsx(71,3): error TS1128: Declaration or statement expected.
src/components/FinancialCharts.tsx(75,19): error TS1005: ';' expected.
src/components/FinancialCharts.tsx(83,5): error TS1005: ')' expected.
src/components/FinancialCharts.tsx(87,58): error TS1005: ',' expected.
src/components/FinancialCharts.tsx(88,1): error TS1136: Property assignment expected.
src/components/FinancialCharts.tsx(89,3): error TS1128: Declaration or statement expected.
src/components/FinancialCharts.tsx(91,51): error TS1005: ',' expected.
src/components/FinancialCharts.tsx(91,52): error TS1136: Property assignment expected.
src/components/FinancialCharts.tsx(91,57): error TS1005: ',' expected.
src/components/FinancialCharts.tsx(91,59): error TS1136: Property assignment expected.
src/components/FinancialCharts.tsx(95,49): error TS1005: '}' expected.
src/components/FinancialCharts.tsx(97,58): error TS1005: '}' expected.
src/components/FinancialCharts.tsx(98,56): error TS1005: '}' expected.
src/components/FinancialCharts.tsx(129,44): error TS1005: '}' expected.
src/components/FinancialCharts.tsx(130,94): error TS1005: ',' expected.
src/components/FinancialCharts.tsx(130,96): error TS1005: '}' expected.
src/components/FinancialCharts.tsx(130,98): error TS1381: Unexpected token. Did you mean `{'}'}` or `&rbrace;`?
src/components/FinancialCharts.tsx(133,92): error TS1005: ',' expected.
src/components/FinancialCharts.tsx(133,94): error TS1005: '}' expected.
src/components/FinancialCharts.tsx(133,96): error TS1381: Unexpected token. Did you mean `{'}'}` or `&rbrace;`?
src/components/FinancialCharts.tsx(135,90): error TS1005: ',' expected.
src/components/FinancialCharts.tsx(139,49): error TS17002: Expected corresponding JSX closing tag for 'div'.
src/components/FinancialCharts.tsx(150,8): error TS1005: ')' expected.
src/components/FinancialCharts.tsx(156,8): error TS1005: ')' expected.
src/components/FinancialCharts.tsx(167,16): error TS17008: JSX element 'ResponsiveContainer' has no corresponding closing tag.
src/components/FinancialCharts.tsx(169,19): error TS2657: JSX expressions must have one parent element.
src/components/FinancialCharts.tsx(173,21): error TS1005: '}' expected.
src/components/FinancialCharts.tsx(173,34): error TS1003: Identifier expected.
src/components/FinancialCharts.tsx(173,35): error TS1003: Identifier expected.
src/components/FinancialCharts.tsx(174,20): error TS1382: Unexpected token. Did you mean `{'>'}` or `&gt;`?
src/components/FinancialCharts.tsx(175,50): error TS1109: Expression expected.
src/components/FinancialCharts.tsx(176,19): error TS2657: JSX expressions must have one parent element.
src/components/FinancialCharts.tsx(191,25): error TS1003: Identifier expected.
src/components/FinancialCharts.tsx(191,25): error TS1005: '}' expected.
src/components/FinancialCharts.tsx(208,45): error TS1005: ',' expected.
src/components/FinancialCharts.tsx(208,46): error TS1005: '}' expected.
src/components/FinancialCharts.tsx(208,49): error TS1382: Unexpected token. Did you mean `{'>'}` or `&gt;`?
src/components/FinancialCharts.tsx(208,94): error TS1005: ',' expected.
src/components/FinancialCharts.tsx(208,97): error TS1381: Unexpected token. Did you mean `{'}'}` or `&rbrace;`?
src/components/FinancialCharts.tsx(209,36): error TS1005: '}' expected.
src/components/FinancialCharts.tsx(212,23): error TS1381: Unexpected token. Did you mean `{'}'}` or `&rbrace;`?
src/components/FinancialCharts.tsx(212,26): error TS17002: Expected corresponding JSX closing tag for 'PieChart'.
src/components/FinancialCharts.tsx(213,77): error TS1005: ',' expected.
src/components/FinancialCharts.tsx(214,19): error TS17002: Expected corresponding JSX closing tag for 'ResponsiveContainer'.
src/components/FinancialCharts.tsx(215,17): error TS17002: Expected corresponding JSX closing tag for 'div'.
src/components/FinancialCharts.tsx(230,19): error TS2657: JSX expressions must have one parent element.
src/components/FinancialCharts.tsx(234,21): error TS1005: '}' expected.
src/components/FinancialCharts.tsx(234,34): error TS1003: Identifier expected.
src/components/FinancialCharts.tsx(234,35): error TS1003: Identifier expected.
src/components/FinancialCharts.tsx(235,20): error TS1382: Unexpected token. Did you mean `{'>'}` or `&gt;`?
src/components/FinancialCharts.tsx(236,50): error TS1109: Expression expected.
src/components/FinancialCharts.tsx(237,19): error TS2657: JSX expressions must have one parent element.
src/components/FinancialCharts.tsx(243,17): error TS1005: '}' expected.
src/components/FinancialCharts.tsx(243,19): error TS17002: Expected corresponding JSX closing tag for 'ResponsiveContainer'.
src/components/FinancialCharts.tsx(244,17): error TS17002: Expected corresponding JSX closing tag for 'div'.
src/components/FinancialCharts.tsx(250,1): error TS1128: Declaration or statement expected.
src/components/FinancialRecordModal.tsx(13,84): error TS1005: ',' expected.
src/components/FinancialRecordModal.tsx(13,112): error TS1144: '{' or ';' expected.
src/components/FinancialRecordModal.tsx(34,40): error TS1005: ',' expected.
src/components/FinancialRecordModal.tsx(36,14): error TS1005: ';' expected.
src/components/FinancialRecordModal.tsx(37,8): error TS1128: Declaration or statement expected.
src/components/FinancialRecordModal.tsx(38,7): error TS1128: Declaration or statement expected.
src/components/FinancialRecordModal.tsx(45,21): error TS1005: ',' expected.
src/components/FinancialRecordModal.tsx(47,14): error TS1005: ';' expected.
src/components/FinancialRecordModal.tsx(48,8): error TS1128: Declaration or statement expected.
src/components/FinancialRecordModal.tsx(49,5): error TS1128: Declaration or statement expected.
src/components/FinancialRecordModal.tsx(50,3): error TS1128: Declaration or statement expected.
src/components/FinancialRecordModal.tsx(50,4): error TS1128: Declaration or statement expected.
src/components/FinancialRecordModal.tsx(50,22): error TS1005: ';' expected.
src/components/FinancialRecordModal.tsx(81,52): error TS1005: ',' expected.
src/components/FinancialRecordModal.tsx(81,54): error TS1005: ';' expected.
src/components/FinancialRecordModal.tsx(81,55): error TS1128: Declaration or statement expected.
src/components/FinancialRecordModal.tsx(86,6): error TS17008: JSX element 'div' has no corresponding closing tag.
src/components/FinancialRecordModal.tsx(94,8): error TS17008: JSX element 'div' has no corresponding closing tag.
src/components/FinancialRecordModal.tsx(96,10): error TS17008: JSX element 'div' has no corresponding closing tag.
src/components/FinancialRecordModal.tsx(99,12): error TS17008: JSX element 'button' has no corresponding closing tag.
src/components/FinancialRecordModal.tsx(110,42): error TS1005: '}' expected.
src/components/FinancialRecordModal.tsx(114,13): error TS1382: Unexpected token. Did you mean `{'>'}` or `&gt;`?
src/components/FinancialRecordModal.tsx(119,15): error TS17002: Expected corresponding JSX closing tag for 'div'.
src/components/FinancialRecordModal.tsx(120,13): error TS17002: Expected corresponding JSX closing tag for 'form'.
src/components/FinancialRecordModal.tsx(132,93): error TS1005: ',' expected.
src/components/FinancialRecordModal.tsx(155,12): error TS17008: JSX element 'div' has no corresponding closing tag.
src/components/FinancialRecordModal.tsx(162,24): error TS1003: Identifier expected.
src/components/FinancialRecordModal.tsx(173,26): error TS1003: Identifier expected.
src/components/FinancialRecordModal.tsx(184,26): error TS1003: Identifier expected.
src/components/FinancialRecordModal.tsx(209,26): error TS1003: Identifier expected.
src/components/FinancialRecordModal.tsx(218,59): error TS1005: '}' expected.
src/components/FinancialRecordModal.tsx(220,11): error TS17002: Expected corresponding JSX closing tag for 'div'.
src/components/FinancialRecordModal.tsx(224,1): error TS1381: Unexpected token. Did you mean `{'}'}` or `&rbrace;`?
src/components/FinancialRecordModal.tsx(224,2): error TS1005: '</' expected.
src/components/FinancialReports.tsx(20,81): error TS1005: ',' expected.
src/components/FinancialReports.tsx(48,54): error TS1005: ',' expected.
src/components/FinancialReports.tsx(48,90): error TS1005: ',' expected.
src/components/FinancialReports.tsx(89,44): error TS1005: ',' expected.
src/components/FinancialReports.tsx(91,84): error TS1005: ',' expected.
src/components/FinancialReports.tsx(98,3): error TS1128: Declaration or statement expected.
src/components/FinancialReports.tsx(111,6): error TS17008: JSX element 'div' has no corresponding closing tag.
src/components/FinancialReports.tsx(113,8): error TS17008: JSX element 'div' has no corresponding closing tag.
src/components/FinancialReports.tsx(124,47): error TS1003: Identifier expected.
src/components/FinancialReports.tsx(131,31): error TS1003: Identifier expected.
src/components/FinancialReports.tsx(132,96): error TS1005: ',' expected.
src/components/FinancialReports.tsx(135,12): error TS17008: JSX element 'button' has no corresponding closing tag.
src/components/FinancialReports.tsx(146,61): error TS1005: ',' expected.
src/components/FinancialReports.tsx(157,62): error TS1005: ',' expected.
src/components/FinancialReports.tsx(170,59): error TS1005: ',' expected.
src/components/FinancialReports.tsx(188,53): error TS1005: ',' expected.
src/components/FinancialReports.tsx(191,18): error TS1005: ')' expected.
src/components/FinancialReports.tsx(205,53): error TS1005: ',' expected.
src/components/FinancialReports.tsx(208,18): error TS1005: ')' expected.
src/components/FinancialReports.tsx(242,55): error TS1005: ',' expected.
src/components/FinancialReports.tsx(244,56): error TS1005: ',' expected.
src/components/FinancialReports.tsx(248,55): error TS1005: ',' expected.
src/components/FinancialReports.tsx(260,8): error TS1381: Unexpected token. Did you mean `{'}'}` or `&rbrace;`?
src/components/FinancialReports.tsx(262,1): error TS1381: Unexpected token. Did you mean `{'}'}` or `&rbrace;`?
src/components/FinancialReports.tsx(262,3): error TS1005: '</' expected.
src/components/FinishedProductGrid.tsx(30,53): error TS1005: ',' expected.
src/components/FinishedProductGrid.tsx(30,54): error TS1144: '{' or ';' expected.
src/components/FinishedProductGrid.tsx(30,55): error TS1128: Declaration or statement expected.
src/components/FinishedProductGrid.tsx(30,69): error TS1005: ';' expected.
src/components/FinishedProductGrid.tsx(61,9): error TS1005: ',' expected.
src/components/FinishedProductGrid.tsx(61,10): error TS1005: ';' expected.
src/components/FinishedProductGrid.tsx(94,31): error TS1005: ',' expected.
src/components/FinishedProductGrid.tsx(95,3): error TS1128: Declaration or statement expected.
src/components/FinishedProductGrid.tsx(113,73): error TS1005: ',' expected.
src/components/FinishedProductGrid.tsx(145,68): error TS1136: Property assignment expected.
src/components/FinishedProductGrid.tsx(147,20): error TS1005: ')' expected.
src/components/FinishedProductGrid.tsx(148,5): error TS1005: ',' expected.
src/components/FinishedProductGrid.tsx(148,14): error TS1005: ',' expected.
src/components/FinishedProductGrid.tsx(148,117): error TS1005: ',' expected.
src/components/FinishedProductGrid.tsx(149,3): error TS1005: ',' expected.
src/components/FinishedProductGrid.tsx(187,90): error TS1005: ',' expected.
src/components/FinishedProductGrid.tsx(193,18): error TS1109: Expression expected.
src/components/FinishedProductGrid.tsx(197,61): error TS1003: Identifier expected.
src/components/FinishedProductGrid.tsx(198,22): error TS1381: Unexpected token. Did you mean `{'}'}` or `&rbrace;`?
src/components/FinishedProductGrid.tsx(199,54): error TS1005: ',' expected.
src/components/FinishedProductGrid.tsx(200,11): error TS1382: Unexpected token. Did you mean `{'>'}` or `&gt;`?
src/components/FinishedProductGrid.tsx(204,20): error TS1003: Identifier expected.
src/components/FinishedProductGrid.tsx(204,21): error TS1381: Unexpected token. Did you mean `{'}'}` or `&rbrace;`?
src/components/FinishedProductGrid.tsx(205,27): error TS1381: Unexpected token. Did you mean `{'}'}` or `&rbrace;`?
src/components/FinishedProductGrid.tsx(205,28): error TS1381: Unexpected token. Did you mean `{'}'}` or `&rbrace;`?
src/components/FinishedProductGrid.tsx(206,27): error TS1381: Unexpected token. Did you mean `{'}'}` or `&rbrace;`?
src/components/FinishedProductGrid.tsx(206,28): error TS1381: Unexpected token. Did you mean `{'}'}` or `&rbrace;`?
src/components/FinishedProductGrid.tsx(207,13): error TS1382: Unexpected token. Did you mean `{'>'}` or `&gt;`?
src/components/FinishedProductGrid.tsx(210,53): error TS1005: ',' expected.
src/components/FinishedProductGrid.tsx(213,46): error TS1005: '}' expected.
src/components/FinishedProductGrid.tsx(214,18): error TS1109: Expression expected.
src/components/FinishedProductGrid.tsx(215,15): error TS1109: Expression expected.
src/components/FinishedProductGrid.tsx(228,15): error TS1005: ')' expected.
src/components/FinishedProductGrid.tsx(232,140): error TS1005: ',' expected.
src/components/FinishedProductGrid.tsx(233,52): error TS1005: ',' expected.
src/components/FinishedProductGrid.tsx(235,16): error TS1005: '}' expected.
src/components/FinishedProductGrid.tsx(239,18): error TS17008: JSX element 'button' has no corresponding closing tag.
src/components/FinishedProductGrid.tsx(264,111): error TS1005: '}' expected.
src/components/FinishedProductGrid.tsx(266,18): error TS1005: ')' expected.
src/components/FinishedProductGrid.tsx(273,11): error TS1381: Unexpected token. Did you mean `{'}'}` or `&rbrace;`?
src/components/FinishedProductGrid.tsx(284,8): error TS1005: '}' expected.
src/components/FinishedProductGrid.tsx(294,47): error TS1135: Argument expression expected.
src/components/FinishedProductGrid.tsx(299,48): error TS1005: '}' expected.
src/components/FinishedProductGrid.tsx(300,18): error TS17008: JSX element 'button' has no corresponding closing tag.
src/components/FinishedProductGrid.tsx(302,19): error TS1005: '}' expected.
src/components/FinishedProductGrid.tsx(303,20): error TS1381: Unexpected token. Did you mean `{'}'}` or `&rbrace;`?
src/components/FinishedProductGrid.tsx(317,152): error TS1005: ',' expected.
src/components/FinishedProductGrid.tsx(318,65): error TS1005: '}' expected.
src/components/FinishedProductGrid.tsx(328,130): error TS1005: ',' expected.
src/components/FinishedProductGrid.tsx(336,85): error TS1005: '}' expected.
src/components/FinishedProductGrid.tsx(344,109): error TS1005: '}' expected.
src/components/FinishedProductGrid.tsx(350,93): error TS1005: '}' expected.
src/components/FinishedProductGrid.tsx(363,49): error TS1005: ',' expected.
src/components/FinishedProductGrid.tsx(366,54): error TS1005: '}' expected.
src/components/FinishedProductGrid.tsx(367,27): error TS1005: ',' expected.
src/components/FinishedProductGrid.tsx(367,36): error TS1136: Property assignment expected.
src/components/FinishedProductGrid.tsx(367,39): error TS1005: ',' expected.
src/components/FinishedProductGrid.tsx(367,40): error TS1382: Unexpected token. Did you mean `{'>'}` or `&gt;`?
src/components/FinishedProductGrid.tsx(368,26): error TS1382: Unexpected token. Did you mean `{'>'}` or `&gt;`?
src/components/FinishedProductGrid.tsx(369,25): error TS1381: Unexpected token. Did you mean `{'}'}` or `&rbrace;`?
src/components/FinishedProductGrid.tsx(373,11): error TS1005: '}' expected.
src/components/FinishedProductGrid.tsx(374,9): error TS1005: ')' expected.
src/components/FinishedProductGrid.tsx(375,7): error TS1109: Expression expected.
src/components/FinishedProductGrid.tsx(375,8): error TS1128: Declaration or statement expected.
src/components/FinishedProductGrid.tsx(375,9): error TS1128: Declaration or statement expected.
src/components/FinishedProductGrid.tsx(376,3): error TS1109: Expression expected.
src/components/FinishedProductGrid.tsx(377,1): error TS1128: Declaration or statement expected.
src/components/InventoryConsumptionChart.tsx(49,88): error TS1005: ',' expected.
src/components/InventoryConsumptionChart.tsx(54,7): error TS1005: ',' expected.
src/components/InventoryConsumptionChart.tsx(54,8): error TS1005: ',' expected.
src/components/InventoryConsumptionChart.tsx(54,9): error TS1134: Variable declaration expected.
src/components/InventoryConsumptionChart.tsx(73,76): error TS1005: '}' expected.
src/components/InventoryConsumptionChart.tsx(73,77): error TS1005: ',' expected.
src/components/InventoryConsumptionChart.tsx(121,26): error TS1005: ',' expected.
src/components/InventoryConsumptionChart.tsx(121,31): error TS1005: ',' expected.
src/components/InventoryConsumptionChart.tsx(121,44): error TS1005: ',' expected.
src/components/InventoryConsumptionChart.tsx(121,45): error TS1005: ',' expected.
src/components/InventoryConsumptionChart.tsx(121,58): error TS1005: ',' expected.
src/components/InventoryConsumptionChart.tsx(121,100): error TS1005: ',' expected.
src/components/InventoryConsumptionChart.tsx(122,27): error TS1005: ',' expected.
src/components/InventoryConsumptionChart.tsx(122,28): error TS1005: ',' expected.
src/components/InventoryConsumptionChart.tsx(122,41): error TS1005: ',' expected.
src/components/InventoryConsumptionChart.tsx(122,77): error TS1005: ',' expected.
src/components/InventoryConsumptionChart.tsx(122,91): error TS1005: ',' expected.
src/components/InventoryConsumptionChart.tsx(127,28): error TS1005: ',' expected.
src/components/InventoryConsumptionChart.tsx(127,33): error TS1005: ',' expected.
src/components/InventoryConsumptionChart.tsx(127,45): error TS1005: ',' expected.
src/components/InventoryConsumptionChart.tsx(127,56): error TS1005: ',' expected.
src/components/InventoryConsumptionChart.tsx(127,57): error TS1005: ',' expected.
src/components/InventoryConsumptionChart.tsx(127,70): error TS1005: ',' expected.
src/components/InventoryConsumptionChart.tsx(130,26): error TS1005: ',' expected.
src/components/InventoryConsumptionChart.tsx(131,13): error TS1109: Expression expected.
src/components/InventoryConsumptionChart.tsx(133,13): error TS1128: Declaration or statement expected.
src/components/InventoryConsumptionChart.tsx(136,15): error TS1005: '}' expected.
src/components/InventoryConsumptionChart.tsx(136,24): error TS1381: Unexpected token. Did you mean `{'}'}` or `&rbrace;`?
src/components/InventoryConsumptionChart.tsx(136,26): error TS1381: Unexpected token. Did you mean `{'}'}` or `&rbrace;`?
src/components/InventoryConsumptionChart.tsx(137,13): error TS1382: Unexpected token. Did you mean `{'>'}` or `&gt;`?
src/components/InventoryConsumptionChart.tsx(140,11): error TS1128: Declaration or statement expected.
src/components/InventoryConsumptionChart.tsx(141,9): error TS1109: Expression expected.
src/components/InventoryConsumptionChart.tsx(144,14): error TS1005: ';' expected.
src/components/InventoryConsumptionChart.tsx(144,25): error TS1136: Property assignment expected.
src/components/InventoryConsumptionChart.tsx(144,82): error TS1128: Declaration or statement expected.
src/components/InventoryConsumptionChart.tsx(144,83): error TS1109: Expression expected.
src/components/InventoryConsumptionChart.tsx(145,23): error TS1005: ',' expected.
src/components/InventoryConsumptionChart.tsx(147,29): error TS1005: '}' expected.
src/components/InventoryConsumptionChart.tsx(148,62): error TS1005: ',' expected.
src/components/InventoryConsumptionChart.tsx(149,24): error TS1381: Unexpected token. Did you mean `{'}'}` or `&rbrace;`?
src/components/InventoryConsumptionChart.tsx(149,26): error TS1381: Unexpected token. Did you mean `{'}'}` or `&rbrace;`?
src/components/InventoryConsumptionChart.tsx(150,13): error TS1382: Unexpected token. Did you mean `{'>'}` or `&gt;`?
src/components/InventoryConsumptionChart.tsx(151,27): error TS1005: '}' expected.
src/components/InventoryConsumptionChart.tsx(152,14): error TS1005: ';' expected.
src/components/InventoryConsumptionChart.tsx(156,152): error TS1005: '}' expected.
src/components/InventoryConsumptionChart.tsx(157,73): error TS1135: Argument expression expected.
src/components/InventoryConsumptionChart.tsx(159,56): error TS1005: '}' expected.
src/components/InventoryConsumptionChart.tsx(161,11): error TS1128: Declaration or statement expected.
src/components/InventoryConsumptionChart.tsx(164,9): error TS1003: Identifier expected.
src/components/InventoryConsumptionChart.tsx(164,14): error TS1005: ',' expected.
src/components/InventoryConsumptionChart.tsx(164,25): error TS1136: Property assignment expected.
src/components/InventoryConsumptionChart.tsx(164,90): error TS1005: ',' expected.
src/components/InventoryConsumptionChart.tsx(165,11): error TS2657: JSX expressions must have one parent element.
src/components/InventoryConsumptionChart.tsx(166,97): error TS1005: '}' expected.
src/components/InventoryConsumptionChart.tsx(167,9): error TS1128: Declaration or statement expected.
src/components/InventoryConsumptionChart.tsx(168,7): error TS1109: Expression expected.
src/components/InventoryConsumptionChart.tsx(168,9): error TS1128: Declaration or statement expected.
src/components/InventoryConsumptionChart.tsx(170,21): error TS1005: ',' expected.
src/components/InventoryConsumptionChart.tsx(172,15): error TS2657: JSX expressions must have one parent element.
src/components/InventoryConsumptionChart.tsx(173,41): error TS1135: Argument expression expected.
src/components/InventoryConsumptionChart.tsx(173,43): error TS1005: ')' expected.
src/components/InventoryConsumptionChart.tsx(174,23): error TS1003: Identifier expected.
src/components/InventoryConsumptionChart.tsx(174,24): error TS1003: Identifier expected.
src/components/InventoryConsumptionChart.tsx(183,18): error TS1109: Expression expected.
src/components/InventoryConsumptionChart.tsx(184,17): error TS2657: JSX expressions must have one parent element.
src/components/InventoryConsumptionChart.tsx(187,19): error TS1005: '}' expected.
src/components/InventoryConsumptionChart.tsx(190,17): error TS1005: '}' expected.
src/components/InventoryConsumptionChart.tsx(190,18): error TS1005: '...' expected.
src/components/InventoryConsumptionChart.tsx(191,17): error TS1003: Identifier expected.
src/components/InventoryConsumptionChart.tsx(197,33): error TS1005: '}' expected.
src/components/InventoryConsumptionChart.tsx(197,34): error TS1003: Identifier expected.
src/components/InventoryConsumptionChart.tsx(199,15): error TS1005: '}' expected.
src/components/InventoryConsumptionChart.tsx(202,75): error TS1005: '}' expected.
src/components/InventoryConsumptionChart.tsx(207,21): error TS2657: JSX expressions must have one parent element.
src/components/InventoryConsumptionChart.tsx(222,99): error TS1135: Argument expression expected.
src/components/InventoryConsumptionChart.tsx(226,84): error TS1005: '}' expected.
src/components/InventoryConsumptionChart.tsx(235,84): error TS1109: Expression expected.
src/components/InventoryConsumptionChart.tsx(241,27): error TS1381: Unexpected token. Did you mean `{'}'}` or `&rbrace;`?
src/components/InventoryConsumptionChart.tsx(241,29): error TS1381: Unexpected token. Did you mean `{'}'}` or `&rbrace;`?
src/components/InventoryConsumptionChart.tsx(241,30): error TS1382: Unexpected token. Did you mean `{'>'}` or `&gt;`?
src/components/InventoryConsumptionChart.tsx(242,54): error TS17002: Expected corresponding JSX closing tag for 'div'.
src/components/InventoryConsumptionChart.tsx(246,68): error TS1005: ',' expected.
src/components/InventoryConsumptionChart.tsx(247,79): error TS1005: '}' expected.
src/components/InventoryConsumptionChart.tsx(248,21): error TS1005: ')' expected.
src/components/InventoryConsumptionChart.tsx(249,20): error TS1005: ':' expected.
src/components/InventoryConsumptionChart.tsx(249,21): error TS1381: Unexpected token. Did you mean `{'}'}` or `&rbrace;`?
src/components/InventoryConsumptionChart.tsx(250,17): error TS1005: '}' expected.
src/components/InventoryConsumptionChart.tsx(250,19): error TS1003: Identifier expected.
src/components/InventoryConsumptionChart.tsx(279,24): error TS1005: '}' expected.
src/components/InventoryConsumptionChart.tsx(283,23): error TS2657: JSX expressions must have one parent element.
src/components/InventoryConsumptionChart.tsx(295,64): error TS1135: Argument expression expected.
src/components/InventoryConsumptionChart.tsx(297,49): error TS1005: '}' expected.
src/components/InventoryConsumptionChart.tsx(303,84): error TS1109: Expression expected.
src/components/InventoryConsumptionChart.tsx(309,27): error TS1381: Unexpected token. Did you mean `{'}'}` or `&rbrace;`?
src/components/InventoryConsumptionChart.tsx(309,29): error TS1381: Unexpected token. Did you mean `{'}'}` or `&rbrace;`?
src/components/InventoryConsumptionChart.tsx(309,30): error TS1382: Unexpected token. Did you mean `{'>'}` or `&gt;`?
src/components/InventoryConsumptionChart.tsx(310,54): error TS17002: Expected corresponding JSX closing tag for 'td'.
src/components/InventoryConsumptionChart.tsx(311,27): error TS17002: Expected corresponding JSX closing tag for 'tr'.
src/components/InventoryConsumptionChart.tsx(313,64): error TS1005: ',' expected.
src/components/InventoryConsumptionChart.tsx(314,25): error TS1005: ')' expected.
src/components/InventoryConsumptionChart.tsx(314,30): error TS1005: ',' expected.
src/components/InventoryConsumptionChart.tsx(316,48): error TS1005: '}' expected.
src/components/InventoryConsumptionChart.tsx(317,27): error TS1005: ',' expected.
src/components/InventoryConsumptionChart.tsx(317,29): error TS17002: Expected corresponding JSX closing tag for 'tbody'.
src/components/InventoryConsumptionChart.tsx(318,23): error TS1381: Unexpected token. Did you mean `{'}'}` or `&rbrace;`?
src/components/InventoryConsumptionChart.tsx(318,26): error TS17002: Expected corresponding JSX closing tag for 'table'.
src/components/InventoryConsumptionChart.tsx(319,17): error TS1005: ',' expected.
src/components/InventoryConsumptionChart.tsx(320,15): error TS1109: Expression expected.
src/components/InventoryConsumptionChart.tsx(320,16): error TS1005: ':' expected.
src/components/InventoryConsumptionChart.tsx(320,17): error TS1128: Declaration or statement expected.
src/components/InventoryConsumptionChart.tsx(321,11): error TS1109: Expression expected.
src/components/InventoryConsumptionChart.tsx(321,12): error TS1128: Declaration or statement expected.
src/components/InventoryConsumptionChart.tsx(321,13): error TS1128: Declaration or statement expected.
src/components/InventoryConsumptionChart.tsx(322,7): error TS1109: Expression expected.
src/components/InventoryConsumptionChart.tsx(322,9): error TS1128: Declaration or statement expected.
src/components/InventoryConsumptionChart.tsx(326,70): error TS1005: '}' expected.
src/components/InventoryConsumptionChart.tsx(326,71): error TS1382: Unexpected token. Did you mean `{'>'}` or `&gt;`?
src/components/InventoryConsumptionChart.tsx(326,89): error TS17002: Expected corresponding JSX closing tag for 'div'.
src/components/InventoryConsumptionChart.tsx(328,9): error TS1005: ')' expected.
src/components/InventoryConsumptionChart.tsx(329,7): error TS1109: Expression expected.
src/components/InventoryConsumptionChart.tsx(329,8): error TS1128: Declaration or statement expected.
src/components/InventoryConsumptionChart.tsx(329,9): error TS1128: Declaration or statement expected.
src/components/InventoryConsumptionChart.tsx(330,3): error TS1109: Expression expected.
src/components/InventoryConsumptionChart.tsx(331,1): error TS1128: Declaration or statement expected.
src/components/InventoryDashboard.tsx(114,72): error TS1005: '}' expected.
src/components/InventoryDashboard.tsx(114,73): error TS1382: Unexpected token. Did you mean `{'>'}` or `&gt;`?
src/components/InventoryDashboard.tsx(114,86): error TS17002: Expected corresponding JSX closing tag for 'div'.
src/components/InventoryDashboard.tsx(116,7): error TS1005: ')' expected.
src/components/InventoryDashboard.tsx(117,5): error TS1109: Expression expected.
src/components/InventoryDashboard.tsx(129,153): error TS1005: '}' expected.
src/components/InventoryDashboard.tsx(130,9): error TS1382: Unexpected token. Did you mean `{'>'}` or `&gt;`?
src/components/InventoryDashboard.tsx(142,13): error TS2657: JSX expressions must have one parent element.
src/components/InventoryDashboard.tsx(143,155): error TS1005: '}' expected.
src/components/InventoryDashboard.tsx(143,157): error TS17002: Expected corresponding JSX closing tag for 'div'.
src/components/InventoryDashboard.tsx(148,22): error TS1381: Unexpected token. Did you mean `{'}'}` or `&rbrace;`?
src/components/InventoryDashboard.tsx(149,11): error TS1382: Unexpected token. Did you mean `{'>'}` or `&gt;`?
src/components/InventoryDashboard.tsx(151,91): error TS1005: ',' expected.
src/components/InventoryDashboard.tsx(151,109): error TS1005: '}' expected.
src/components/InventoryDashboard.tsx(151,111): error TS17002: Expected corresponding JSX closing tag for 'button'.
src/components/InventoryDashboard.tsx(152,13): error TS17002: Expected corresponding JSX closing tag for 'div'.
src/components/InventoryDashboard.tsx(153,9): error TS1005: ')' expected.
src/components/InventoryDashboard.tsx(158,14): error TS1005: ';' expected.
src/components/InventoryDashboard.tsx(158,36): error TS1005: ',' expected.
src/components/InventoryDashboard.tsx(160,16): error TS1005: ';' expected.
src/components/InventoryDashboard.tsx(160,38): error TS1005: ',' expected.
src/components/InventoryDashboard.tsx(162,11): error TS1128: Declaration or statement expected.
src/components/InventoryDashboard.tsx(165,16): error TS1005: ';' expected.
src/components/InventoryDashboard.tsx(165,38): error TS1005: ',' expected.
src/components/InventoryDashboard.tsx(167,11): error TS1128: Declaration or statement expected.
src/components/InventoryDashboard.tsx(168,9): error TS1109: Expression expected.
src/components/InventoryDashboard.tsx(171,14): error TS1005: ';' expected.
src/components/InventoryDashboard.tsx(171,36): error TS1005: ',' expected.
src/components/InventoryDashboard.tsx(173,9): error TS1128: Declaration or statement expected.
src/components/InventoryDashboard.tsx(176,14): error TS1005: ';' expected.
src/components/InventoryDashboard.tsx(176,36): error TS1005: ',' expected.
src/components/InventoryDashboard.tsx(185,9): error TS1005: ')' expected.
src/components/InventoryDashboard.tsx(194,9): error TS1005: ')' expected.
src/components/InventoryDashboard.tsx(203,9): error TS1005: ')' expected.
src/components/InventoryDashboard.tsx(203,10): error TS1128: Declaration or statement expected.
src/components/InventoryDashboard.tsx(221,10): error TS1005: ';' expected.
src/components/InventoryDashboard.tsx(222,5): error TS1109: Expression expected.
src/components/InventoryDashboard.tsx(223,3): error TS1109: Expression expected.
src/components/InventoryDashboard.tsx(224,2): error TS1005: '}' expected.
src/components/InventoryPieChart.tsx(44,7): error TS1005: ',' expected.
src/components/InventoryPieChart.tsx(44,8): error TS1005: ',' expected.
src/components/InventoryPieChart.tsx(44,9): error TS1134: Variable declaration expected.
src/components/InventoryPieChart.tsx(52,37): error TS1005: ',' expected.
src/components/InventoryPieChart.tsx(52,38): error TS1005: ';' expected.
src/components/InventoryPieChart.tsx(52,40): error TS1434: Unexpected keyword or identifier.
src/components/InventoryPieChart.tsx(52,43): error TS1434: Unexpected keyword or identifier.
src/components/InventoryPieChart.tsx(52,66): error TS1128: Declaration or statement expected.
src/components/InventoryPieChart.tsx(68,65): error TS1109: Expression expected.
src/components/InventoryPieChart.tsx(69,23): error TS1005: ',' expected.
src/components/InventoryPieChart.tsx(69,61): error TS1109: Expression expected.
src/components/InventoryPieChart.tsx(70,23): error TS1005: ',' expected.
src/components/InventoryPieChart.tsx(70,66): error TS1109: Expression expected.
src/components/InventoryPieChart.tsx(71,23): error TS1005: ',' expected.
src/components/InventoryPieChart.tsx(72,13): error TS1005: ',' expected.
src/components/InventoryPieChart.tsx(81,73): error TS1109: Expression expected.
src/components/InventoryPieChart.tsx(82,30): error TS1005: ',' expected.
src/components/InventoryPieChart.tsx(82,68): error TS1109: Expression expected.
src/components/InventoryPieChart.tsx(83,30): error TS1005: ',' expected.
src/components/InventoryPieChart.tsx(83,73): error TS1109: Expression expected.
src/components/InventoryPieChart.tsx(84,30): error TS1005: ',' expected.
src/components/InventoryPieChart.tsx(85,13): error TS1005: ',' expected.
src/components/InventoryPieChart.tsx(86,58): error TS1005: ',' expected.
src/components/InventoryPieChart.tsx(86,59): error TS1005: ')' expected.
src/components/InventoryPieChart.tsx(88,12): error TS1005: ',' expected.
src/components/InventoryPieChart.tsx(88,13): error TS1134: Variable declaration expected.
src/components/InventoryPieChart.tsx(92,9): error TS1472: 'catch' or 'finally' expected.
src/components/InventoryPieChart.tsx(95,7): error TS1005: ',' expected.
src/components/InventoryPieChart.tsx(99,33): error TS1005: ',' expected.
src/components/InventoryPieChart.tsx(99,34): error TS1005: ';' expected.
src/components/InventoryPieChart.tsx(99,36): error TS1434: Unexpected keyword or identifier.
src/components/InventoryPieChart.tsx(99,39): error TS1434: Unexpected keyword or identifier.
src/components/InventoryPieChart.tsx(99,62): error TS1128: Declaration or statement expected.
src/components/InventoryPieChart.tsx(108,5): error TS1005: ',' expected.
src/components/InventoryPieChart.tsx(110,52): error TS1005: ',' expected.
src/components/InventoryPieChart.tsx(113,44): error TS1005: ',' expected.
src/components/InventoryPieChart.tsx(113,45): error TS1136: Property assignment expected.
src/components/InventoryPieChart.tsx(113,50): error TS1005: ',' expected.
src/components/InventoryPieChart.tsx(113,52): error TS1136: Property assignment expected.
src/components/InventoryPieChart.tsx(120,46): error TS1135: Argument expression expected.
src/components/InventoryPieChart.tsx(124,11): error TS1109: Expression expected.
src/components/InventoryPieChart.tsx(131,35): error TS1005: ',' expected.
src/components/InventoryPieChart.tsx(131,36): error TS1136: Property assignment expected.
src/components/InventoryPieChart.tsx(131,41): error TS1005: ',' expected.
src/components/InventoryPieChart.tsx(131,43): error TS1136: Property assignment expected.
src/components/InventoryPieChart.tsx(141,14): error TS1109: Expression expected.
src/components/InventoryPieChart.tsx(143,27): error TS1005: '}' expected.
src/components/InventoryPieChart.tsx(144,11): error TS1005: '}' expected.
src/components/InventoryPieChart.tsx(160,24): error TS1109: Expression expected.
src/components/InventoryPieChart.tsx(164,28): error TS1005: '}' expected.
src/components/InventoryPieChart.tsx(165,54): error TS1005: ',' expected.
src/components/InventoryPieChart.tsx(166,24): error TS1381: Unexpected token. Did you mean `{'}'}` or `&rbrace;`?
src/components/InventoryPieChart.tsx(166,26): error TS1381: Unexpected token. Did you mean `{'}'}` or `&rbrace;`?
src/components/InventoryPieChart.tsx(167,13): error TS1382: Unexpected token. Did you mean `{'>'}` or `&gt;`?
src/components/InventoryPieChart.tsx(168,26): error TS1005: '}' expected.
src/components/InventoryPieChart.tsx(177,8): error TS1005: ')' expected.
src/components/InventoryPieChart.tsx(186,44): error TS1005: ',' expected.
src/components/InventoryPieChart.tsx(186,45): error TS1005: '}' expected.
src/components/InventoryPieChart.tsx(186,48): error TS1382: Unexpected token. Did you mean `{'>'}` or `&gt;`?
src/components/InventoryPieChart.tsx(186,84): error TS1109: Expression expected.
src/components/InventoryPieChart.tsx(186,86): error TS1381: Unexpected token. Did you mean `{'}'}` or `&rbrace;`?
src/components/InventoryPieChart.tsx(190,19): error TS1381: Unexpected token. Did you mean `{'}'}` or `&rbrace;`?
src/components/InventoryPieChart.tsx(190,22): error TS17002: Expected corresponding JSX closing tag for 'PieChart'.
src/components/InventoryPieChart.tsx(193,15): error TS17002: Expected corresponding JSX closing tag for 'ResponsiveContainer'.
src/components/InventoryPieChart.tsx(194,13): error TS17002: Expected corresponding JSX closing tag for 'div'.
src/components/InventoryPieChart.tsx(195,9): error TS1005: ')' expected.
src/components/InventoryPieChart.tsx(196,8): error TS1005: ')' expected.
src/components/InventoryPieChart.tsx(203,8): error TS1005: ';' expected.
src/components/InventoryPieChart.tsx(211,74): error TS1005: '}' expected.
src/components/InventoryPieChart.tsx(217,72): error TS1135: Argument expression expected.
src/components/InventoryPieChart.tsx(222,9): error TS1128: Declaration or statement expected.
src/components/InventoryPieChart.tsx(223,3): error TS1109: Expression expected.
src/components/InventoryPieChart.tsx(224,1): error TS1128: Declaration or statement expected.
src/components/InventoryStatus.tsx(15,76): error TS1005: ',' expected.
src/components/InventoryStatus.tsx(15,77): error TS1136: Property assignment expected.
src/components/InventoryStatus.tsx(15,79): error TS1136: Property assignment expected.
src/components/InventoryStatus.tsx(16,9): error TS1005: ':' expected.
src/components/InventoryStatus.tsx(20,3): error TS1005: ',' expected.
src/components/InventoryStatus.tsx(20,4): error TS1005: ',' expected.
src/components/InventoryStatus.tsx(22,9): error TS1005: ':' expected.
src/components/InventoryStatus.tsx(25,3): error TS1005: ',' expected.
src/components/InventoryStatus.tsx(25,9): error TS1005: ':' expected.
src/components/InventoryStatus.tsx(27,63): error TS1005: ',' expected.
src/components/InventoryStatus.tsx(27,65): error TS1005: ';' expected.
src/components/InventoryStatus.tsx(27,66): error TS1128: Declaration or statement expected.
src/components/InventoryStatus.tsx(28,88): error TS1005: ',' expected.
src/components/InventoryStatus.tsx(28,89): error TS1005: ',' expected.
src/components/InventoryStatus.tsx(28,90): error TS1134: Variable declaration expected.
src/components/InventoryStatus.tsx(35,9): error TS1005: ',' expected.
src/components/InventoryStatus.tsx(35,11): error TS1005: ';' expected.
src/components/InventoryStatus.tsx(35,12): error TS1128: Declaration or statement expected.
src/components/InventoryStatus.tsx(40,9): error TS1005: ',' expected.
src/components/InventoryStatus.tsx(40,11): error TS1005: ';' expected.
src/components/InventoryStatus.tsx(40,12): error TS1128: Declaration or statement expected.
src/components/InventoryStatus.tsx(47,7): error TS1005: ',' expected.
src/components/InventoryStatus.tsx(47,9): error TS1005: ';' expected.
src/components/InventoryStatus.tsx(47,10): error TS1128: Declaration or statement expected.
src/components/InventoryStatus.tsx(49,51): error TS1005: ',' expected.
src/components/InventoryStatus.tsx(49,53): error TS1005: ';' expected.
src/components/InventoryStatus.tsx(49,54): error TS1128: Declaration or statement expected.
src/components/InventoryStatus.tsx(53,3): error TS1005: ',' expected.
src/components/InventoryStatus.tsx(53,9): error TS1005: ':' expected.
src/components/InventoryStatus.tsx(57,3): error TS1005: ',' expected.
src/components/InventoryStatus.tsx(57,12): error TS1005: ',' expected.
src/components/InventoryStatus.tsx(65,8): error TS17008: JSX element 'div' has no corresponding closing tag.
src/components/InventoryStatus.tsx(68,45): error TS1005: '}' expected.
src/components/InventoryStatus.tsx(70,17): error TS1003: Identifier expected.
src/components/InventoryStatus.tsx(72,20): error TS1381: Unexpected token. Did you mean `{'}'}` or `&rbrace;`?
src/components/InventoryStatus.tsx(74,6): error TS17008: JSX element 'div' has no corresponding closing tag.
src/components/InventoryStatus.tsx(82,24): error TS1109: Expression expected.
src/components/InventoryStatus.tsx(88,28): error TS1005: '}' expected.
src/components/InventoryStatus.tsx(89,59): error TS1005: ',' expected.
src/components/InventoryStatus.tsx(91,26): error TS1381: Unexpected token. Did you mean `{'}'}` or `&rbrace;`?
src/components/InventoryStatus.tsx(91,76): error TS1381: Unexpected token. Did you mean `{'}'}` or `&rbrace;`?
src/components/InventoryStatus.tsx(92,15): error TS1382: Unexpected token. Did you mean `{'>'}` or `&gt;`?
src/components/InventoryStatus.tsx(93,24): error TS1005: '}' expected.
src/components/InventoryStatus.tsx(97,12): error TS17008: JSX element 'button' has no corresponding closing tag.
src/components/InventoryStatus.tsx(114,74): error TS1005: '}' expected.
src/components/InventoryStatus.tsx(123,76): error TS1005: '}' expected.
src/components/InventoryStatus.tsx(131,74): error TS1005: ',' expected.
src/components/InventoryStatus.tsx(145,69): error TS1005: '}' expected.
src/components/InventoryStatus.tsx(154,71): error TS1005: '}' expected.
src/components/InventoryStatus.tsx(162,69): error TS1005: ',' expected.
src/components/InventoryStatus.tsx(173,71): error TS1005: '}' expected.
src/components/InventoryStatus.tsx(182,73): error TS1005: '}' expected.
src/components/InventoryStatus.tsx(211,8): error TS1381: Unexpected token. Did you mean `{'}'}` or `&rbrace;`?
src/components/InventoryStatus.tsx(213,1): error TS1381: Unexpected token. Did you mean `{'}'}` or `&rbrace;`?
src/components/InventoryStatus.tsx(214,31): error TS1005: '</' expected.
src/components/Layout.tsx(92,57): error TS1005: ',' expected.
src/components/Layout.tsx(93,9): error TS1005: ':' expected.
src/components/Layout.tsx(93,59): error TS1005: ',' expected.
src/components/Layout.tsx(94,3): error TS1005: ',' expected.
src/components/Layout.tsx(94,9): error TS1005: ',' expected.
src/components/Layout.tsx(95,3): error TS1005: ',' expected.
src/components/Layout.tsx(95,9): error TS1005: ',' expected.
src/components/Layout.tsx(96,3): error TS1005: ',' expected.
src/components/Layout.tsx(96,9): error TS1005: ',' expected.
src/components/Layout.tsx(96,33): error TS1005: ',' expected.
src/components/Layout.tsx(97,3): error TS1359: Identifier expected. 'const' is a reserved word that cannot be used here.
src/components/Layout.tsx(97,9): error TS1005: ',' expected.
src/components/Layout.tsx(97,33): error TS1005: ',' expected.
src/components/Layout.tsx(99,3): error TS1359: Identifier expected. 'const' is a reserved word that cannot be used here.
src/components/Layout.tsx(99,9): error TS1005: ',' expected.
src/components/Layout.tsx(101,22): error TS1005: ',' expected.
src/components/Layout.tsx(102,3): error TS1005: ',' expected.
src/components/Layout.tsx(103,3): error TS1359: Identifier expected. 'const' is a reserved word that cannot be used here.
src/components/Layout.tsx(103,9): error TS1005: ',' expected.
src/components/Layout.tsx(104,36): error TS1005: ',' expected.
src/components/Layout.tsx(105,3): error TS1005: ',' expected.
src/components/Layout.tsx(106,3): error TS1359: Identifier expected. 'const' is a reserved word that cannot be used here.
src/components/Layout.tsx(106,9): error TS1005: ',' expected.
src/components/Layout.tsx(107,27): error TS1005: ',' expected.
src/components/Layout.tsx(108,3): error TS1005: ',' expected.
src/components/Layout.tsx(110,3): error TS1359: Identifier expected. 'const' is a reserved word that cannot be used here.
src/components/Layout.tsx(110,9): error TS1005: ',' expected.
src/components/Layout.tsx(114,3): error TS1005: ',' expected.
src/components/Layout.tsx(126,15): error TS1382: Unexpected token. Did you mean `{'>'}` or `&gt;`?
src/components/Layout.tsx(155,15): error TS1382: Unexpected token. Did you mean `{'>'}` or `&gt;`?
src/components/Layout.tsx(176,13): error TS1382: Unexpected token. Did you mean `{'>'}` or `&gt;`?
src/components/Layout.tsx(181,22): error TS1109: Expression expected.
src/components/Layout.tsx(184,44): error TS1005: ')' expected.
src/components/Layout.tsx(184,47): error TS1382: Unexpected token. Did you mean `{'>'}` or `&gt;`?
src/components/Layout.tsx(185,17): error TS1109: Expression expected.
src/components/Layout.tsx(201,21): error TS2657: JSX expressions must have one parent element.
src/components/Layout.tsx(202,38): error TS1005: '}' expected.
src/components/Layout.tsx(203,19): error TS1005: '}' expected.
src/components/Layout.tsx(203,21): error TS17002: Expected corresponding JSX closing tag for 'div'.
src/components/Layout.tsx(204,17): error TS1381: Unexpected token. Did you mean `{'}'}` or `&rbrace;`?
src/components/Layout.tsx(205,15): error TS1381: Unexpected token. Did you mean `{'}'}` or `&rbrace;`?
src/components/Layout.tsx(206,15): error TS17002: Expected corresponding JSX closing tag for 'nav'.
src/components/Layout.tsx(207,13): error TS17002: Expected corresponding JSX closing tag for 'aside'.
src/components/Layout.tsx(224,11): error TS17002: Expected corresponding JSX closing tag for 'div'.
src/components/Layout.tsx(230,35): error TS1005: '}' expected.
src/components/Layout.tsx(231,13): error TS1005: '}' expected.
src/components/Layout.tsx(232,12): error TS1382: Unexpected token. Did you mean `{'>'}` or `&gt;`?
src/components/Layout.tsx(233,9): error TS1381: Unexpected token. Did you mean `{'}'}` or `&rbrace;`?
src/components/Layout.tsx(233,10): error TS1381: Unexpected token. Did you mean `{'}'}` or `&rbrace;`?
src/components/Layout.tsx(245,5): error TS1005: ')' expected.
src/components/Layout.tsx(246,3): error TS1109: Expression expected.
src/components/Layout.tsx(247,1): error TS1128: Declaration or statement expected.
src/components/MobileForm.tsx(11,36): error TS1005: ',' expected.
src/components/MobileForm.tsx(11,37): error TS1144: '{' or ';' expected.
src/components/MobileForm.tsx(11,38): error TS1128: Declaration or statement expected.
src/components/MobileForm.tsx(11,52): error TS1005: ';' expected.
src/components/MobileForm.tsx(19,16): error TS1005: '}' expected.
src/components/MobileForm.tsx(30,54): error TS1005: ',' expected.
src/components/MobileForm.tsx(30,57): error TS1359: Identifier expected. 'void' is a reserved word that cannot be used here.
src/components/MobileForm.tsx(31,51): error TS1005: ',' expected.
src/components/MobileForm.tsx(31,54): error TS1359: Identifier expected. 'void' is a reserved word that cannot be used here.
src/components/MobileForm.tsx(33,3): error TS1005: ',' expected.
src/components/MobileForm.tsx(34,3): error TS1005: ',' expected.
src/components/MobileForm.tsx(35,3): error TS1005: ',' expected.
src/components/MobileForm.tsx(36,3): error TS1005: ',' expected.
src/components/MobileForm.tsx(37,3): error TS1005: ',' expected.
src/components/MobileForm.tsx(38,1): error TS1005: ',' expected.
src/components/MobileForm.tsx(40,25): error TS1180: Property destructuring pattern expected.
src/components/MobileForm.tsx(42,17): error TS1180: Property destructuring pattern expected.
src/components/MobileForm.tsx(50,11): error TS1005: ',' expected.
src/components/MobileForm.tsx(51,9): error TS1180: Property destructuring pattern expected.
src/components/MobileForm.tsx(51,16): error TS1005: ',' expected.
src/components/MobileForm.tsx(51,23): error TS1005: ',' expected.
src/components/MobileForm.tsx(65,14): error TS1003: Identifier expected.
src/components/MobileForm.tsx(65,15): error TS1003: Identifier expected.
src/components/MobileForm.tsx(70,17): error TS1005: '}' expected.
src/components/MobileForm.tsx(71,9): error TS1128: Declaration or statement expected.
src/components/MobileForm.tsx(72,3): error TS1109: Expression expected.
src/components/MobileForm.tsx(73,1): error TS1128: Declaration or statement expected.
src/components/MobileForm.tsx(80,55): error TS1005: ',' expected.
src/components/MobileForm.tsx(80,58): error TS1359: Identifier expected. 'void' is a reserved word that cannot be used here.
src/components/MobileForm.tsx(82,3): error TS1005: ',' expected.
src/components/MobileForm.tsx(83,3): error TS1005: ',' expected.
src/components/MobileForm.tsx(84,1): error TS1005: ',' expected.
src/components/MobileForm.tsx(86,16): error TS1005: ',' expected.
src/components/MobileForm.tsx(87,9): error TS1180: Property destructuring pattern expected.
src/components/MobileForm.tsx(87,16): error TS1005: ',' expected.
src/components/MobileForm.tsx(87,23): error TS1005: ',' expected.
src/components/MobileForm.tsx(95,51): error TS1005: '}' expected.
src/components/MobileForm.tsx(97,26): error TS1005: '}' expected.
src/components/MobileForm.tsx(102,17): error TS1005: '}' expected.
src/components/MobileForm.tsx(103,9): error TS1128: Declaration or statement expected.
src/components/MobileForm.tsx(104,3): error TS1109: Expression expected.
src/components/MobileForm.tsx(105,1): error TS1128: Declaration or statement expected.
src/components/MobileForm.tsx(113,57): error TS1005: ',' expected.
src/components/MobileForm.tsx(113,60): error TS1359: Identifier expected. 'void' is a reserved word that cannot be used here.
src/components/MobileForm.tsx(115,3): error TS1005: ',' expected.
src/components/MobileForm.tsx(116,3): error TS1005: ',' expected.
src/components/MobileForm.tsx(117,1): error TS1005: ',' expected.
src/components/MobileForm.tsx(119,25): error TS1180: Property destructuring pattern expected.
src/components/MobileForm.tsx(124,12): error TS1180: Property destructuring pattern expected.
src/components/MobileForm.tsx(125,11): error TS1005: ',' expected.
src/components/MobileForm.tsx(126,9): error TS1180: Property destructuring pattern expected.
src/components/MobileForm.tsx(126,16): error TS1005: ',' expected.
src/components/MobileForm.tsx(126,23): error TS1005: ',' expected.
src/components/MobileForm.tsx(127,7): error TS2657: JSX expressions must have one parent element.
src/components/MobileForm.tsx(135,14): error TS1003: Identifier expected.
src/components/MobileForm.tsx(135,15): error TS1003: Identifier expected.
src/components/MobileForm.tsx(141,27): error TS1005: '}' expected.
src/components/MobileForm.tsx(143,45): error TS1005: '}' expected.
src/components/MobileForm.tsx(145,5): error TS1128: Declaration or statement expected.
src/components/MobileForm.tsx(146,3): error TS1109: Expression expected.
src/components/MobileForm.tsx(147,1): error TS1128: Declaration or statement expected.
src/components/MobileForm.tsx(156,53): error TS1005: ',' expected.
src/components/MobileForm.tsx(156,56): error TS1359: Identifier expected. 'void' is a reserved word that cannot be used here.
src/components/MobileForm.tsx(158,3): error TS1005: ',' expected.
src/components/MobileForm.tsx(159,1): error TS1005: ',' expected.
src/components/MobileForm.tsx(162,19): error TS1180: Property destructuring pattern expected.
src/components/MobileForm.tsx(163,23): error TS1180: Property destructuring pattern expected.
src/components/MobileForm.tsx(164,15): error TS1180: Property destructuring pattern expected.
src/components/MobileForm.tsx(165,20): error TS1180: Property destructuring pattern expected.
src/components/MobileForm.tsx(166,19): error TS1180: Property destructuring pattern expected.
src/components/MobileForm.tsx(168,12): error TS1005: ',' expected.
src/components/MobileForm.tsx(169,9): error TS1005: ':' expected.
src/components/MobileForm.tsx(169,51): error TS1005: ',' expected.
src/components/MobileForm.tsx(170,9): error TS1005: ':' expected.
src/components/MobileForm.tsx(176,3): error TS1005: ',' expected.
src/components/MobileForm.tsx(176,9): error TS1005: ':' expected.
src/components/MobileForm.tsx(181,3): error TS1005: ',' expected.
src/components/MobileForm.tsx(181,10): error TS1005: ':' expected.
src/components/MobileForm.tsx(194,5): error TS1382: Unexpected token. Did you mean `{'>'}` or `&gt;`?
src/components/MobileForm.tsx(200,8): error TS1005: ')' expected.
src/components/MobileForm.tsx(202,8): error TS1005: '}' expected.
src/components/MobileForm.tsx(204,1): error TS1128: Declaration or statement expected.
src/components/MobileForm.tsx(211,41): error TS1005: ',' expected.
src/components/MobileForm.tsx(211,42): error TS1144: '{' or ';' expected.
src/components/MobileForm.tsx(211,43): error TS1128: Declaration or statement expected.
src/components/MobileForm.tsx(211,57): error TS1005: ';' expected.
src/components/MobileForm.tsx(215,16): error TS1005: '}' expected.
src/components/MobileForm.tsx(224,39): error TS1005: ',' expected.
src/components/MobileForm.tsx(224,40): error TS1144: '{' or ';' expected.
src/components/MobileForm.tsx(224,41): error TS1128: Declaration or statement expected.
src/components/MobileForm.tsx(224,55): error TS1005: ';' expected.
src/components/MobileForm.tsx(229,16): error TS1005: '}' expected.
src/components/MobileTable.tsx(43,19): error TS1180: Property destructuring pattern expected.
src/components/MobileTable.tsx(44,22): error TS1180: Property destructuring pattern expected.
src/components/MobileTable.tsx(46,17): error TS1180: Property destructuring pattern expected.
src/components/MobileTable.tsx(47,18): error TS1180: Property destructuring pattern expected.
src/components/MobileTable.tsx(48,22): error TS1180: Property destructuring pattern expected.
src/components/MobileTable.tsx(49,20): error TS1005: ',' expected.
src/components/MobileTable.tsx(51,3): error TS1128: Declaration or statement expected.
src/components/MobileTable.tsx(72,70): error TS1005: '}' expected.
src/components/MobileTable.tsx(83,57): error TS1109: Expression expected.
src/components/MobileTable.tsx(85,11): error TS1128: Declaration or statement expected.
src/components/MobileTable.tsx(88,11): error TS1005: '}' expected.
src/components/MobileTable.tsx(88,57): error TS1382: Unexpected token. Did you mean `{'>'}` or `&gt;`?
src/components/MobileTable.tsx(92,54): error TS1382: Unexpected token. Did you mean `{'>'}` or `&gt;`?
src/components/MobileTable.tsx(97,23): error TS1005: '}' expected.
src/components/MobileTable.tsx(99,42): error TS1109: Expression expected.
src/components/MobileTable.tsx(99,43): error TS1003: Identifier expected.
src/components/MobileTable.tsx(101,26): error TS1136: Property assignment expected.
src/components/MobileTable.tsx(106,65): error TS1005: ',' expected.
src/components/MobileTable.tsx(107,58): error TS1005: ',' expected.
src/components/MobileTable.tsx(116,20): error TS1005: ';' expected.
src/components/MobileTable.tsx(116,21): error TS1005: '}' expected.
src/components/MobileTable.tsx(124,67): error TS1005: ',' expected.
src/components/MobileTable.tsx(125,60): error TS1005: ',' expected.
src/components/MobileTable.tsx(134,22): error TS1005: ';' expected.
src/components/MobileTable.tsx(134,23): error TS1005: '}' expected.
src/components/MobileTable.tsx(135,15): error TS1005: ')' expected.
src/components/MobileTable.tsx(142,28): error TS1381: Unexpected token. Did you mean `{'}'}` or `&rbrace;`?
src/components/MobileTable.tsx(142,29): error TS1381: Unexpected token. Did you mean `{'}'}` or `&rbrace;`?
src/components/MobileTable.tsx(143,19): error TS1382: Unexpected token. Did you mean `{'>'}` or `&gt;`?
src/components/MobileTable.tsx(149,22): error TS1005: ')' expected.
src/components/MobileTable.tsx(154,22): error TS1005: '}' expected.
src/components/MobileTable.tsx(161,71): error TS1005: ',' expected.
src/components/MobileTable.tsx(162,64): error TS1005: ',' expected.
src/components/MobileTable.tsx(171,26): error TS1005: ';' expected.
src/components/MobileTable.tsx(171,27): error TS1005: '}' expected.
src/components/MobileTable.tsx(174,11): error TS1005: ')' expected.
src/components/MobileTable.tsx(174,12): error TS1005: ',' expected.
src/components/MobileTable.tsx(174,13): error TS1134: Variable declaration expected.
src/components/MobileTable.tsx(174,18): error TS1005: ',' expected.
src/components/MobileTable.tsx(175,5): error TS1109: Expression expected.
src/components/MobileTable.tsx(176,3): error TS1128: Declaration or statement expected.
src/components/MobileTable.tsx(190,19): error TS1005: '}' expected.
src/components/MobileTable.tsx(192,32): error TS1005: '}' expected.
src/components/MobileTable.tsx(199,30): error TS1005: '}' expected.
src/components/MobileTable.tsx(201,14): error TS1005: ')' expected.
src/components/MobileTable.tsx(207,99): error TS1003: Identifier expected.
src/components/MobileTable.tsx(208,30): error TS1136: Property assignment expected.
src/components/MobileTable.tsx(208,33): error TS1005: ';' expected.
src/components/MobileTable.tsx(208,34): error TS1382: Unexpected token. Did you mean `{'>'}` or `&gt;`?
src/components/MobileTable.tsx(209,19): error TS1382: Unexpected token. Did you mean `{'>'}` or `&gt;`?
src/components/MobileTable.tsx(213,62): error TS1005: ',' expected.
src/components/MobileTable.tsx(219,27): error TS1005: '}' expected.
src/components/MobileTable.tsx(219,36): error TS1003: Identifier expected.
src/components/MobileTable.tsx(220,36): error TS1128: Declaration or statement expected.
src/components/MobileTable.tsx(220,38): error TS17002: Expected corresponding JSX closing tag for 'tbody'.
src/components/MobileTable.tsx(221,27): error TS17002: Expected corresponding JSX closing tag for 'table'.
src/components/MobileTable.tsx(222,17): error TS1381: Unexpected token. Did you mean `{'}'}` or `&rbrace;`?
src/components/MobileTable.tsx(223,14): error TS1381: Unexpected token. Did you mean `{'}'}` or `&rbrace;`?
src/components/MobileTable.tsx(223,17): error TS17002: Expected corresponding JSX closing tag for 'div'.
src/components/MobileTable.tsx(224,9): error TS1005: ')' expected.
src/components/MobileTable.tsx(225,7): error TS1109: Expression expected.
src/components/MobileTable.tsx(226,5): error TS1109: Expression expected.
src/components/MobileTable.tsx(227,3): error TS1128: Declaration or statement expected.
src/components/MobileTable.tsx(229,6): error TS17008: JSX element 'div' has no corresponding closing tag.
src/components/MobileTable.tsx(232,10): error TS17008: JSX element 'div' has no corresponding closing tag.
src/components/MobileTable.tsx(238,34): error TS1005: '}' expected.
src/components/MobileTable.tsx(240,24): error TS1381: Unexpected token. Did you mean `{'}'}` or `&rbrace;`?
src/components/MobileTable.tsx(248,8): error TS1005: ')' expected.
src/components/MobileTable.tsx(250,41): error TS1135: Argument expression expected.
src/components/MobileTable.tsx(251,7): error TS1005: ')' expected.
src/components/MobileTable.tsx(255,43): error TS1005: '}' expected.
src/components/MobileTable.tsx(255,46): error TS1382: Unexpected token. Did you mean `{'>'}` or `&gt;`?
src/components/MobileTable.tsx(259,1): error TS1381: Unexpected token. Did you mean `{'}'}` or `&rbrace;`?
src/components/MobileTable.tsx(262,10): error TS1005: '}' expected.
src/components/MobileTable.tsx(265,29): error TS1382: Unexpected token. Did you mean `{'>'}` or `&gt;`?
src/components/MobileTable.tsx(266,1): error TS1381: Unexpected token. Did you mean `{'}'}` or `&rbrace;`?
src/components/MobileTable.tsx(267,35): error TS1005: '}' expected.
src/components/MobileTable.tsx(268,3): error TS1109: Expression expected.
src/components/MobileTable.tsx(271,20): error TS1003: Identifier expected.
src/components/MobileTable.tsx(278,5): error TS1109: Expression expected.
src/components/MobileTable.tsx(279,8): error TS17008: JSX element 'div' has no corresponding closing tag.
src/components/MobileTable.tsx(281,33): error TS1005: '}' expected.
src/components/MobileTable.tsx(282,46): error TS1005: ',' expected.
src/components/MobileTable.tsx(284,46): error TS17002: Expected corresponding JSX closing tag for 'button'.
src/components/MobileTable.tsx(286,10): error TS17008: JSX element 'button' has no corresponding closing tag.
src/components/MobileTable.tsx(287,43): error TS1005: '}' expected.
src/components/MobileTable.tsx(288,46): error TS1005: ',' expected.
src/components/MobileTable.tsx(291,32): error TS1382: Unexpected token. Did you mean `{'>'}` or `&gt;`?
src/components/MobileTable.tsx(292,5): error TS1109: Expression expected.
src/components/MobileTable.tsx(297,37): error TS1003: Identifier expected.
src/components/MobileTable.tsx(299,27): error TS1003: Identifier expected.
src/components/MobileTable.tsx(303,3): error TS1381: Unexpected token. Did you mean `{'}'}` or `&rbrace;`?
src/components/MobileTable.tsx(305,6): error TS17008: JSX element 'div' has no corresponding closing tag.
src/components/MobileTable.tsx(310,8): error TS17008: JSX element 'div' has no corresponding closing tag.
src/components/MobileTable.tsx(312,33): error TS1005: '}' expected.
src/components/MobileTable.tsx(313,46): error TS1005: ',' expected.
src/components/MobileTable.tsx(314,29): error TS1005: '}' expected.
src/components/MobileTable.tsx(315,41): error TS1005: ',' expected.
src/components/MobileTable.tsx(316,22): error TS1381: Unexpected token. Did you mean `{'}'}` or `&rbrace;`?
src/components/MobileTable.tsx(316,24): error TS1381: Unexpected token. Did you mean `{'}'}` or `&rbrace;`?
src/components/MobileTable.tsx(317,11): error TS1382: Unexpected token. Did you mean `{'>'}` or `&gt;`?
src/components/MobileTable.tsx(318,18): error TS1005: '}' expected.
src/components/MobileTable.tsx(319,11): error TS1381: Unexpected token. Did you mean `{'}'}` or `&rbrace;`?
src/components/MobileTable.tsx(320,10): error TS17008: JSX element 'button' has no corresponding closing tag.
src/components/MobileTable.tsx(322,46): error TS1005: ',' expected.
src/components/MobileTable.tsx(324,28): error TS1005: '</' expected.
src/components/NetworkInfo.tsx(8,54): error TS1005: ',' expected.
src/components/NetworkInfo.tsx(8,73): error TS1144: '{' or ';' expected.
src/components/NetworkInfo.tsx(17,59): error TS1005: ',' expected.
src/components/NetworkInfo.tsx(17,60): error TS1005: ',' expected.
src/components/NetworkInfo.tsx(17,61): error TS1005: ';' expected.
src/components/NetworkInfo.tsx(43,9): error TS1005: ',' expected.
src/components/NetworkInfo.tsx(47,6): error TS1128: Declaration or statement expected.
src/components/NetworkInfo.tsx(48,3): error TS1128: Declaration or statement expected.
src/components/NetworkInfo.tsx(77,5): error TS1005: ',' expected.
src/components/NetworkInfo.tsx(99,6): error TS17008: JSX element 'div' has no corresponding closing tag.
src/components/NetworkInfo.tsx(122,14): error TS1005: ')' expected.
src/components/NetworkInfo.tsx(125,35): error TS1005: '}' expected.
src/components/NetworkInfo.tsx(128,70): error TS1005: '}' expected.
src/components/NetworkInfo.tsx(128,71): error TS1005: '}' expected.
src/components/NetworkInfo.tsx(128,78): error TS1381: Unexpected token. Did you mean `{'}'}` or `&rbrace;`?
src/components/NetworkInfo.tsx(130,24): error TS1381: Unexpected token. Did you mean `{'}'}` or `&rbrace;`?
src/components/NetworkInfo.tsx(135,18): error TS17008: JSX element 'button' has no corresponding closing tag.
src/components/NetworkInfo.tsx(136,38): error TS1005: '}' expected.
src/components/NetworkInfo.tsx(138,14): error TS1381: Unexpected token. Did you mean `{'}'}` or `&rbrace;`?
src/components/NetworkInfo.tsx(139,9): error TS1005: ')' expected.
src/components/NetworkInfo.tsx(148,1): error TS1381: Unexpected token. Did you mean `{'}'}` or `&rbrace;`?
src/components/NetworkInfo.tsx(150,62): error TS1003: Identifier expected.
src/components/NetworkInfo.tsx(150,68): error TS1382: Unexpected token. Did you mean `{'>'}` or `&gt;`?
src/components/NetworkInfo.tsx(150,71): error TS1382: Unexpected token. Did you mean `{'>'}` or `&gt;`?
src/components/NetworkInfo.tsx(151,3): error TS1109: Expression expected.
src/components/NetworkInfo.tsx(151,33): error TS1382: Unexpected token. Did you mean `{'>'}` or `&gt;`?
src/components/NetworkInfo.tsx(152,5): error TS1109: Expression expected.
src/components/NetworkInfo.tsx(153,7): error TS1109: Expression expected.
src/components/NetworkInfo.tsx(153,52): error TS1005: '}' expected.
src/components/NetworkInfo.tsx(156,36): error TS1382: Unexpected token. Did you mean `{'>'}` or `&gt;`?
src/components/NetworkInfo.tsx(157,9): error TS1109: Expression expected.
src/components/NetworkInfo.tsx(158,11): error TS1109: Expression expected.
src/components/NetworkInfo.tsx(159,91): error TS1005: '}' expected.
src/components/NetworkInfo.tsx(161,13): error TS1109: Expression expected.
src/components/NetworkInfo.tsx(163,70): error TS1382: Unexpected token. Did you mean `{'>'}` or `&gt;`?
src/components/NetworkInfo.tsx(163,107): error TS1003: Identifier expected.
src/components/NetworkInfo.tsx(165,15): error TS1005: '}' expected.
src/components/NetworkInfo.tsx(167,13): error TS1381: Unexpected token. Did you mean `{'}'}` or `&rbrace;`?
src/components/NetworkInfo.tsx(168,11): error TS1381: Unexpected token. Did you mean `{'}'}` or `&rbrace;`?
src/components/NetworkInfo.tsx(169,9): error TS1381: Unexpected token. Did you mean `{'}'}` or `&rbrace;`?
src/components/NetworkInfo.tsx(170,7): error TS1381: Unexpected token. Did you mean `{'}'}` or `&rbrace;`?
src/components/NetworkInfo.tsx(171,36): error TS1382: Unexpected token. Did you mean `{'>'}` or `&gt;`?
src/components/NetworkInfo.tsx(173,22): error TS1382: Unexpected token. Did you mean `{'>'}` or `&gt;`?
src/components/NetworkInfo.tsx(175,9): error TS1005: '}' expected.
src/components/NetworkInfo.tsx(176,7): error TS1381: Unexpected token. Did you mean `{'}'}` or `&rbrace;`?
src/components/NetworkInfo.tsx(177,5): error TS1381: Unexpected token. Did you mean `{'}'}` or `&rbrace;`?
src/components/NetworkInfo.tsx(179,7): error TS1005: '}' expected.
src/components/NetworkInfo.tsx(180,5): error TS1381: Unexpected token. Did you mean `{'}'}` or `&rbrace;`?
src/components/NetworkInfo.tsx(181,3): error TS1381: Unexpected token. Did you mean `{'}'}` or `&rbrace;`?
src/components/NetworkInfo.tsx(182,1): error TS1381: Unexpected token. Did you mean `{'}'}` or `&rbrace;`?
src/components/NetworkInfo.tsx(182,2): error TS1005: '</' expected.
src/components/PermissionWrapper.tsx(14,19): error TS1136: Property assignment expected.
src/components/PermissionWrapper.tsx(15,3): error TS1434: Unexpected keyword or identifier.
src/components/PermissionWrapper.tsx(15,20): error TS1128: Declaration or statement expected.
src/components/PermissionWrapper.tsx(21,1): error TS1128: Declaration or statement expected.
src/components/Portal.tsx(11,80): error TS1005: ',' expected.
src/components/Portal.tsx(11,81): error TS1136: Property assignment expected.
src/components/Portal.tsx(11,83): error TS1136: Property assignment expected.
src/components/Portal.tsx(12,9): error TS1005: ':' expected.
src/components/Portal.tsx(13,3): error TS1005: ',' expected.
src/components/Portal.tsx(13,9): error TS1005: ':' expected.
src/components/Portal.tsx(13,58): error TS1005: ',' expected.
src/components/Portal.tsx(61,1): error TS1128: Declaration or statement expected.
src/components/ProductDistributionPieChart.tsx(45,7): error TS1005: ',' expected.
src/components/ProductDistributionPieChart.tsx(45,8): error TS1005: ',' expected.
src/components/ProductDistributionPieChart.tsx(45,9): error TS1134: Variable declaration expected.
src/components/ProductDistributionPieChart.tsx(56,87): error TS1005: ',' expected.
src/components/ProductDistributionPieChart.tsx(60,39): error TS1128: Declaration or statement expected.
src/components/ProductDistributionPieChart.tsx(62,10): error TS1128: Declaration or statement expected.
src/components/ProductDistributionPieChart.tsx(65,9): error TS1472: 'catch' or 'finally' expected.
src/components/ProductDistributionPieChart.tsx(69,7): error TS1005: ',' expected.
src/components/ProductDistributionPieChart.tsx(96,44): error TS1005: ',' expected.
src/components/ProductDistributionPieChart.tsx(96,45): error TS1136: Property assignment expected.
src/components/ProductDistributionPieChart.tsx(96,50): error TS1005: ',' expected.
src/components/ProductDistributionPieChart.tsx(96,52): error TS1136: Property assignment expected.
src/components/ProductDistributionPieChart.tsx(103,46): error TS1135: Argument expression expected.
src/components/ProductDistributionPieChart.tsx(107,11): error TS1109: Expression expected.
src/components/ProductDistributionPieChart.tsx(127,84): error TS1005: '}' expected.
src/components/ProductDistributionPieChart.tsx(127,85): error TS1382: Unexpected token. Did you mean `{'>'}` or `&gt;`?
src/components/ProductDistributionPieChart.tsx(130,30): error TS1005: '}' expected.
src/components/ProductDistributionPieChart.tsx(131,57): error TS1005: ',' expected.
src/components/ProductDistributionPieChart.tsx(132,26): error TS1381: Unexpected token. Did you mean `{'}'}` or `&rbrace;`?
src/components/ProductDistributionPieChart.tsx(132,28): error TS1381: Unexpected token. Did you mean `{'}'}` or `&rbrace;`?
src/components/ProductDistributionPieChart.tsx(133,15): error TS1382: Unexpected token. Did you mean `{'>'}` or `&gt;`?
src/components/ProductDistributionPieChart.tsx(134,28): error TS1005: '}' expected.
src/components/ProductDistributionPieChart.tsx(141,99): error TS1005: '}' expected.
src/components/ProductDistributionPieChart.tsx(141,100): error TS1382: Unexpected token. Did you mean `{'>'}` or `&gt;`?
src/components/ProductDistributionPieChart.tsx(141,109): error TS17002: Expected corresponding JSX closing tag for 'div'.
src/components/ProductDistributionPieChart.tsx(142,11): error TS1005: ')' expected.
src/components/ProductDistributionPieChart.tsx(143,11): error TS1005: ';' expected.
src/components/ProductDistributionPieChart.tsx(147,17): error TS2657: JSX expressions must have one parent element.
src/components/ProductDistributionPieChart.tsx(155,57): error TS1005: ',' expected.
src/components/ProductDistributionPieChart.tsx(155,58): error TS1136: Property assignment expected.
src/components/ProductDistributionPieChart.tsx(155,60): error TS1136: Property assignment expected.
src/components/ProductDistributionPieChart.tsx(155,63): error TS1136: Property assignment expected.
src/components/ProductDistributionPieChart.tsx(155,87): error TS1005: ')' expected.
src/components/ProductDistributionPieChart.tsx(160,65): error TS1005: '}' expected.
src/components/ProductDistributionPieChart.tsx(160,68): error TS1109: Expression expected.
src/components/ProductDistributionPieChart.tsx(161,19): error TS1109: Expression expected.
src/components/ProductDistributionPieChart.tsx(161,20): error TS1005: '}' expected.
src/components/ProductDistributionPieChart.tsx(161,21): error TS1381: Unexpected token. Did you mean `{'}'}` or `&rbrace;`?
src/components/ProductDistributionPieChart.tsx(163,17): error TS1005: '}' expected.
src/components/ProductDistributionPieChart.tsx(163,18): error TS1005: '...' expected.
src/components/ProductDistributionPieChart.tsx(166,21): error TS1005: '}' expected.
src/components/ProductDistributionPieChart.tsx(166,30): error TS1003: Identifier expected.
src/components/ProductDistributionPieChart.tsx(167,26): error TS1005: '...' expected.
src/components/ProductDistributionPieChart.tsx(167,64): error TS1005: ',' expected.
src/components/ProductDistributionPieChart.tsx(174,28): error TS1005: ',' expected.
src/components/ProductDistributionPieChart.tsx(174,33): error TS1005: ',' expected.
src/components/ProductDistributionPieChart.tsx(174,46): error TS1005: ',' expected.
src/components/ProductDistributionPieChart.tsx(174,61): error TS1005: ',' expected.
src/components/ProductDistributionPieChart.tsx(174,62): error TS1005: ',' expected.
src/components/ProductDistributionPieChart.tsx(174,75): error TS1005: ',' expected.
src/components/ProductDistributionPieChart.tsx(174,92): error TS1005: ',' expected.
src/components/ProductDistributionPieChart.tsx(184,47): error TS1160: Unterminated template literal.
src/components/ProductPriceDistributionChart.tsx(83,63): error TS1005: ',' expected.
src/components/ProductPriceDistributionChart.tsx(83,64): error TS1005: ',' expected.
src/components/ProductPriceDistributionChart.tsx(83,65): error TS1134: Variable declaration expected.
src/components/ProductPriceDistributionChart.tsx(85,14): error TS1005: ',' expected.
src/components/ProductPriceDistributionChart.tsx(85,18): error TS1005: ',' expected.
src/components/ProductPriceDistributionChart.tsx(110,68): error TS1005: ',' expected.
src/components/ProductPriceDistributionChart.tsx(113,5): error TS1005: ',' expected.
src/components/ProductPriceDistributionChart.tsx(115,35): error TS1005: ',' expected.
src/components/ProductPriceDistributionChart.tsx(118,44): error TS1005: ',' expected.
src/components/ProductPriceDistributionChart.tsx(118,45): error TS1136: Property assignment expected.
src/components/ProductPriceDistributionChart.tsx(118,50): error TS1005: ',' expected.
src/components/ProductPriceDistributionChart.tsx(118,52): error TS1136: Property assignment expected.
src/components/ProductPriceDistributionChart.tsx(132,34): error TS1005: '}' expected.
src/components/ProductPriceDistributionChart.tsx(143,109): error TS1005: '}' expected.
src/components/ProductPriceDistributionChart.tsx(146,48): error TS1005: ',' expected.
src/components/ProductPriceDistributionChart.tsx(148,75): error TS1005: '}' expected.
src/components/ProductPriceDistributionChart.tsx(161,86): error TS1005: '}' expected.
src/components/ProductPriceDistributionChart.tsx(161,87): error TS1382: Unexpected token. Did you mean `{'>'}` or `&gt;`?
src/components/ProductPriceDistributionChart.tsx(161,102): error TS17002: Expected corresponding JSX closing tag for 'div'.
src/components/ProductPriceDistributionChart.tsx(164,7): error TS1005: ')' expected.
src/components/ProductPriceDistributionChart.tsx(165,5): error TS1109: Expression expected.
src/components/ProductPriceDistributionChart.tsx(179,11): error TS1382: Unexpected token. Did you mean `{'>'}` or `&gt;`?
src/components/ProductPriceDistributionChart.tsx(186,104): error TS1005: '}' expected.
src/components/ProductPriceDistributionChart.tsx(186,105): error TS1382: Unexpected token. Did you mean `{'>'}` or `&gt;`?
src/components/ProductPriceDistributionChart.tsx(188,13): error TS17002: Expected corresponding JSX closing tag for 'div'.
src/components/ProductPriceDistributionChart.tsx(190,7): error TS1005: ')' expected.
src/components/ProductPriceDistributionChart.tsx(191,5): error TS1109: Expression expected.
src/components/ProductPriceDistributionChart.tsx(201,7): error TS1005: ',' expected.
src/components/ProductPriceDistributionChart.tsx(201,9): error TS1005: ':' expected.
src/components/ProductPriceDistributionChart.tsx(201,11): error TS1134: Variable declaration expected.
src/components/ProductPriceDistributionChart.tsx(202,5): error TS1128: Declaration or statement expected.
src/components/ProductPriceDistributionChart.tsx(205,80): error TS1005: ',' expected.
src/components/ProductPriceDistributionChart.tsx(205,91): error TS1005: ')' expected.
src/components/ProductPriceDistributionChart.tsx(217,5): error TS2657: JSX expressions must have one parent element.
src/components/ProductPriceDistributionChart.tsx(228,24): error TS1109: Expression expected.
src/components/ProductPriceDistributionChart.tsx(230,23): error TS1005: '}' expected.
src/components/ProductPriceDistributionChart.tsx(231,50): error TS1005: ',' expected.
src/components/ProductPriceDistributionChart.tsx(232,24): error TS1381: Unexpected token. Did you mean `{'}'}` or `&rbrace;`?
src/components/ProductPriceDistributionChart.tsx(232,26): error TS1381: Unexpected token. Did you mean `{'}'}` or `&rbrace;`?
src/components/ProductPriceDistributionChart.tsx(233,13): error TS1382: Unexpected token. Did you mean `{'>'}` or `&gt;`?
src/components/ProductPriceDistributionChart.tsx(237,7): error TS1005: '}' expected.
src/components/ProductPriceDistributionChart.tsx(242,13): error TS1005: '}' expected.
src/components/ProductPriceDistributionChart.tsx(242,22): error TS1381: Unexpected token. Did you mean `{'}'}` or `&rbrace;`?
src/components/ProductPriceDistributionChart.tsx(242,24): error TS1381: Unexpected token. Did you mean `{'}'}` or `&rbrace;`?
src/components/ProductPriceDistributionChart.tsx(243,11): error TS1382: Unexpected token. Did you mean `{'>'}` or `&gt;`?
src/components/ProductPriceDistributionChart.tsx(248,13): error TS1005: '}' expected.
src/components/ProductPriceDistributionChart.tsx(248,22): error TS1381: Unexpected token. Did you mean `{'}'}` or `&rbrace;`?
src/components/ProductPriceDistributionChart.tsx(248,24): error TS1381: Unexpected token. Did you mean `{'}'}` or `&rbrace;`?
src/components/ProductPriceDistributionChart.tsx(249,11): error TS1382: Unexpected token. Did you mean `{'>'}` or `&gt;`?
src/components/ProductPriceDistributionChart.tsx(264,65): error TS1005: ',' expected.
src/components/ProductPriceDistributionChart.tsx(264,66): error TS1005: '}' expected.
src/components/ProductPriceDistributionChart.tsx(264,69): error TS1382: Unexpected token. Did you mean `{'>'}` or `&gt;`?
src/components/ProductPriceDistributionChart.tsx(265,26): error TS1381: Unexpected token. Did you mean `{'}'}` or `&rbrace;`?
src/components/ProductPriceDistributionChart.tsx(272,13): error TS1382: Unexpected token. Did you mean `{'>'}` or `&gt;`?
src/components/ProductPriceDistributionChart.tsx(274,80): error TS1005: '}' expected.
src/components/ProductPriceDistributionChart.tsx(274,83): error TS1109: Expression expected.
src/components/ProductPriceDistributionChart.tsx(275,15): error TS1109: Expression expected.
src/components/ProductPriceDistributionChart.tsx(275,16): error TS1005: '}' expected.
src/components/ProductPriceDistributionChart.tsx(275,17): error TS1381: Unexpected token. Did you mean `{'}'}` or `&rbrace;`?
src/components/ProductPriceDistributionChart.tsx(275,20): error TS17002: Expected corresponding JSX closing tag for 'div'.
src/components/ProductPriceDistributionChart.tsx(277,11): error TS1005: ')' expected.
src/components/ProductPriceDistributionChart.tsx(278,9): error TS1109: Expression expected.
src/components/ProductPriceDistributionChart.tsx(279,7): error TS1109: Expression expected.
src/components/ProductPriceDistributionChart.tsx(280,5): error TS1109: Expression expected.
src/components/ProductPriceDistributionChart.tsx(281,3): error TS1109: Expression expected.
src/components/ProductTypeTab.tsx(52,86): error TS1005: ',' expected.
src/components/ProductTypeTab.tsx(52,108): error TS1144: '{' or ';' expected.
src/components/ProductTypeTab.tsx(61,20): error TS1109: Expression expected.
src/components/ProductTypeTab.tsx(69,29): error TS1005: '}' expected.
src/components/ProductTypeTab.tsx(71,70): error TS1005: ',' expected.
src/components/ProductTypeTab.tsx(81,13): error TS1382: Unexpected token. Did you mean `{'>'}` or `&gt;`?
src/components/ProductTypeTab.tsx(96,15): error TS1005: ')' expected.
src/components/ProductTypeTab.tsx(97,12): error TS1005: ';' expected.
src/components/ProductTypeTab.tsx(97,13): error TS1005: '}' expected.
src/components/ProtectedRoute.tsx(10,66): error TS1005: ',' expected.
src/components/ProtectedRoute.tsx(10,88): error TS1144: '{' or ';' expected.
src/components/ProtectedRoute.tsx(10,89): error TS1128: Declaration or statement expected.
src/components/ProtectedRoute.tsx(10,103): error TS1005: ';' expected.
src/components/ProtectedRoute.tsx(31,43): error TS1005: '}' expected.
src/components/ProtectedRoute.tsx(48,56): error TS1005: '}' expected.
src/components/ProtectedRoute.tsx(53,13): error TS1382: Unexpected token. Did you mean `{'>'}` or `&gt;`?
src/components/PurchaseDetailModal.tsx(32,12): error TS1005: ',' expected.
src/components/PurchaseDetailModal.tsx(33,9): error TS1005: ':' expected.
src/components/PurchaseDetailModal.tsx(33,41): error TS1005: ',' expected.
src/components/PurchaseDetailModal.tsx(34,9): error TS1005: ':' expected.
src/components/PurchaseDetailModal.tsx(35,3): error TS1005: ',' expected.
src/components/PurchaseDetailModal.tsx(35,9): error TS1005: ':' expected.
src/components/PurchaseDetailModal.tsx(36,3): error TS1005: ',' expected.
src/components/PurchaseDetailModal.tsx(36,9): error TS1005: ':' expected.
src/components/PurchaseDetailModal.tsx(37,3): error TS1005: ',' expected.
src/components/PurchaseDetailModal.tsx(37,9): error TS1005: ':' expected.
src/components/PurchaseDetailModal.tsx(38,3): error TS1005: ',' expected.
src/components/PurchaseDetailModal.tsx(38,9): error TS1005: ':' expected.
src/components/PurchaseDetailModal.tsx(39,3): error TS1005: ',' expected.
src/components/PurchaseDetailModal.tsx(39,9): error TS1005: ':' expected.
src/components/PurchaseDetailModal.tsx(39,85): error TS1005: ';' expected.
src/components/PurchaseDetailModal.tsx(39,89): error TS1136: Property assignment expected.
src/components/PurchaseDetailModal.tsx(39,90): error TS1005: ',' expected.
src/components/PurchaseDetailModal.tsx(40,77): error TS1005: ';' expected.
src/components/PurchaseDetailModal.tsx(110,9): error TS1005: ',' expected.
src/components/PurchaseDetailModal.tsx(110,10): error TS1005: ';' expected.
src/components/PurchaseDetailModal.tsx(134,20): error TS1136: Property assignment expected.
src/components/PurchaseDetailModal.tsx(134,21): error TS1005: ';' expected.
src/components/PurchaseDetailModal.tsx(135,23): error TS1136: Property assignment expected.
src/components/PurchaseDetailModal.tsx(135,24): error TS1005: ';' expected.
src/components/PurchaseDetailModal.tsx(136,5): error TS1128: Declaration or statement expected.
src/components/PurchaseDetailModal.tsx(137,3): error TS1128: Declaration or statement expected.
src/components/PurchaseDetailModal.tsx(137,4): error TS1128: Declaration or statement expected.
src/components/PurchaseDetailModal.tsx(137,37): error TS1005: ';' expected.
src/components/PurchaseDetailModal.tsx(160,9): error TS1005: ',' expected.
src/components/PurchaseDetailModal.tsx(160,10): error TS1005: ';' expected.
src/components/PurchaseDetailModal.tsx(160,11): error TS1005: ';' expected.
src/components/PurchaseDetailModal.tsx(161,7): error TS1128: Declaration or statement expected.
src/components/PurchaseDetailModal.tsx(161,9): error TS1128: Declaration or statement expected.
src/components/PurchaseDetailModal.tsx(174,5): error TS1128: Declaration or statement expected.
src/components/PurchaseDetailModal.tsx(175,3): error TS1128: Declaration or statement expected.
src/components/PurchaseDetailModal.tsx(175,4): error TS1128: Declaration or statement expected.
src/components/PurchaseDetailModal.tsx(175,28): error TS1005: ';' expected.
src/components/PurchaseDetailModal.tsx(184,20): error TS1136: Property assignment expected.
src/components/PurchaseDetailModal.tsx(184,21): error TS1005: ';' expected.
src/components/PurchaseDetailModal.tsx(185,23): error TS1136: Property assignment expected.
src/components/PurchaseDetailModal.tsx(185,24): error TS1005: ';' expected.
src/components/PurchaseDetailModal.tsx(208,11): error TS1005: ',' expected.
src/components/PurchaseDetailModal.tsx(208,12): error TS1005: ';' expected.
src/components/PurchaseDetailModal.tsx(208,13): error TS1128: Declaration or statement expected.
src/components/PurchaseDetailModal.tsx(235,50): error TS1005: ',' expected.
src/components/PurchaseDetailModal.tsx(243,6): error TS1005: ',' expected.
src/components/PurchaseDetailModal.tsx(245,3): error TS1128: Declaration or statement expected.
src/components/PurchaseDetailModal.tsx(269,7): error TS1136: Property assignment expected.
src/components/PurchaseDetailModal.tsx(269,8): error TS1005: ',' expected.
src/components/PurchaseDetailModal.tsx(281,101): error TS1005: ',' expected.
src/components/PurchaseDetailModal.tsx(282,7): error TS1005: ',' expected.
src/components/PurchaseDetailModal.tsx(282,124): error TS1005: ',' expected.
src/components/PurchaseDetailModal.tsx(282,160): error TS1005: ')' expected.
src/components/PurchaseDetailModal.tsx(283,7): error TS1434: Unexpected keyword or identifier.
src/components/PurchaseDetailModal.tsx(283,24): error TS1128: Declaration or statement expected.
src/components/PurchaseDetailModal.tsx(284,129): error TS1005: ',' expected.
src/components/PurchaseDetailModal.tsx(284,170): error TS1005: ')' expected.
src/components/PurchaseDetailModal.tsx(285,114): error TS1005: ',' expected.
src/components/PurchaseDetailModal.tsx(285,150): error TS1005: ')' expected.
src/components/PurchaseDetailModal.tsx(286,114): error TS1005: ',' expected.
src/components/PurchaseDetailModal.tsx(286,150): error TS1005: ')' expected.
src/components/PurchaseDetailModal.tsx(287,99): error TS1005: ',' expected.
src/components/PurchaseDetailModal.tsx(287,130): error TS1005: ')' expected.
src/components/PurchaseDetailModal.tsx(288,123): error TS1005: ',' expected.
src/components/PurchaseDetailModal.tsx(288,162): error TS1005: ')' expected.
src/components/PurchaseDetailModal.tsx(289,120): error TS1005: ',' expected.
src/components/PurchaseDetailModal.tsx(295,5): error TS1005: ',' expected.
src/components/PurchaseDetailModal.tsx(344,45): error TS1005: '}' expected.
src/components/PurchaseDetailModal.tsx(344,46): error TS1136: Property assignment expected.
src/components/PurchaseDetailModal.tsx(344,53): error TS1005: ',' expected.
src/components/PurchaseDetailModal.tsx(344,76): error TS1005: ',' expected.
src/components/PurchaseDetailModal.tsx(344,77): error TS1005: '{' expected.
src/components/PurchaseDetailModal.tsx(344,80): error TS1005: ',' expected.
src/components/PurchaseDetailModal.tsx(509,42): error TS1005: ';' expected.
src/components/PurchaseDetailModal.tsx(509,62): error TS1005: ',' expected.
src/components/PurchaseDetailModal.tsx(509,71): error TS1005: ',' expected.
src/components/PurchaseDetailModal.tsx(509,74): error TS1005: ',' expected.
src/components/PurchaseDetailModal.tsx(509,87): error TS1005: ';' expected.
src/components/PurchaseDetailModal.tsx(533,14): error TS1005: ';' expected.
src/components/PurchaseDetailModal.tsx(533,23): error TS1127: Invalid character.
src/components/PurchaseDetailModal.tsx(533,37): error TS1127: Invalid character.
src/components/PurchaseDetailModal.tsx(533,38): error TS1434: Unexpected keyword or identifier.
src/components/PurchaseDetailModal.tsx(533,54): error TS1127: Invalid character.
src/components/PurchaseDetailModal.tsx(533,64): error TS1127: Invalid character.
src/components/PurchaseDetailModal.tsx(533,77): error TS1127: Invalid character.
src/components/PurchaseDetailModal.tsx(577,14): error TS1005: ';' expected.
src/components/PurchaseDetailModal.tsx(577,23): error TS1127: Invalid character.
src/components/PurchaseDetailModal.tsx(577,37): error TS1127: Invalid character.
src/components/PurchaseDetailModal.tsx(577,38): error TS1434: Unexpected keyword or identifier.
src/components/PurchaseDetailModal.tsx(577,54): error TS1127: Invalid character.
src/components/PurchaseDetailModal.tsx(577,64): error TS1127: Invalid character.
src/components/PurchaseDetailModal.tsx(577,77): error TS1127: Invalid character.
src/components/PurchaseDetailModal.tsx(617,13): error TS1127: Invalid character.
src/components/PurchaseDetailModal.tsx(617,14): error TS1434: Unexpected keyword or identifier.
src/components/PurchaseDetailModal.tsx(617,35): error TS1005: ',' expected.
src/components/PurchaseDetailModal.tsx(622,42): error TS1005: ';' expected.
src/components/PurchaseDetailModal.tsx(622,53): error TS1443: Module declaration names may only use ' or " quoted strings.
src/components/PurchaseDetailModal.tsx(633,67): error TS1434: Unexpected keyword or identifier.
src/components/PurchaseDetailModal.tsx(633,69): error TS1434: Unexpected keyword or identifier.
src/components/PurchaseDetailModal.tsx(633,81): error TS1128: Declaration or statement expected.
src/components/PurchaseDetailModal.tsx(633,83): error TS1443: Module declaration names may only use ' or " quoted strings.
src/components/PurchaseDetailModal.tsx(640,34): error TS1434: Unexpected keyword or identifier.
src/components/PurchaseDetailModal.tsx(640,52): error TS1443: Module declaration names may only use ' or " quoted strings.
src/components/PurchaseDetailModal.tsx(644,34): error TS1434: Unexpected keyword or identifier.
src/components/PurchaseDetailModal.tsx(644,53): error TS1443: Module declaration names may only use ' or " quoted strings.
src/components/PurchaseDetailModal.tsx(648,31): error TS1434: Unexpected keyword or identifier.
src/components/PurchaseDetailModal.tsx(648,46): error TS1443: Module declaration names may only use ' or " quoted strings.
src/components/PurchaseDetailModal.tsx(652,37): error TS1434: Unexpected keyword or identifier.
src/components/PurchaseDetailModal.tsx(652,58): error TS1443: Module declaration names may only use ' or " quoted strings.
src/components/PurchaseDetailModal.tsx(656,36): error TS1434: Unexpected keyword or identifier.
src/components/PurchaseDetailModal.tsx(669,18): error TS1127: Invalid character.
src/components/PurchaseDetailModal.tsx(669,41): error TS1005: ';' expected.
src/components/PurchaseDetailModal.tsx(669,45): error TS1434: Unexpected keyword or identifier.
src/components/PurchaseDetailModal.tsx(669,53): error TS1128: Declaration or statement expected.
src/components/PurchaseDetailModal.tsx(669,60): error TS1434: Unexpected keyword or identifier.
src/components/PurchaseDetailModal.tsx(669,68): error TS1128: Declaration or statement expected.
src/components/PurchaseDetailModal.tsx(669,75): error TS1434: Unexpected keyword or identifier.
src/components/PurchaseDetailModal.tsx(669,91): error TS1128: Declaration or statement expected.
src/components/PurchaseDetailModal.tsx(669,97): error TS1434: Unexpected keyword or identifier.
src/components/PurchaseDetailModal.tsx(669,119): error TS1005: ';' expected.
src/components/PurchaseDetailModal.tsx(801,35): error TS1005: ';' expected.
src/components/PurchaseDetailModal.tsx(801,66): error TS1005: ';' expected.
src/components/PurchaseDetailModal.tsx(973,37): error TS1005: ';' expected.
src/components/PurchaseDetailModal.tsx(973,68): error TS1005: ';' expected.
src/components/PurchaseDetailModal.tsx(991,33): error TS1109: Expression expected.
src/components/PurchaseDetailModal.tsx(996,44): error TS1003: Identifier expected.
src/components/PurchaseDetailModal.tsx(999,38): error TS1128: Declaration or statement expected.
src/components/PurchaseDetailModal.tsx(1000,35): error TS1161: Unterminated regular expression literal.
src/components/PurchaseDetailModal.tsx(1001,33): error TS1128: Declaration or statement expected.
src/components/PurchaseDetailModal.tsx(1002,31): error TS1109: Expression expected.
src/components/PurchaseDetailModal.tsx(1002,32): error TS1128: Declaration or statement expected.
src/components/PurchaseDetailModal.tsx(1002,33): error TS1128: Declaration or statement expected.
src/components/PurchaseDetailModal.tsx(1002,34): error TS1128: Declaration or statement expected.
src/components/PurchaseDetailModal.tsx(1003,27): error TS1109: Expression expected.
src/components/PurchaseDetailModal.tsx(1003,28): error TS1128: Declaration or statement expected.
src/components/PurchaseDetailModal.tsx(1003,29): error TS1128: Declaration or statement expected.
src/components/PurchaseDetailModal.tsx(1003,31): error TS1109: Expression expected.
src/components/PurchaseDetailModal.tsx(1004,23): error TS1109: Expression expected.
src/components/PurchaseDetailModal.tsx(1004,25): error TS1128: Declaration or statement expected.
src/components/PurchaseDetailModal.tsx(1011,24): error TS1128: Declaration or statement expected.
src/components/PurchaseDetailModal.tsx(1011,25): error TS1128: Declaration or statement expected.
src/components/PurchaseDetailModal.tsx(1014,26): error TS1005: ';' expected.
src/components/PurchaseDetailModal.tsx(1016,28): error TS1005: ';' expected.
src/components/PurchaseDetailModal.tsx(1017,25): error TS2657: JSX expressions must have one parent element.
src/components/PurchaseDetailModal.tsx(1025,97): error TS1005: ',' expected.
src/components/PurchaseDetailModal.tsx(1028,46): error TS1109: Expression expected.
src/components/PurchaseDetailModal.tsx(1032,83): error TS1109: Expression expected.
src/components/PurchaseDetailModal.tsx(1033,88): error TS1381: Unexpected token. Did you mean `{'}'}` or `&rbrace;`?
src/components/PurchaseDetailModal.tsx(1035,103): error TS1005: ',' expected.
src/components/PurchaseDetailModal.tsx(1037,28): error TS1005: '}' expected.
src/components/PurchaseDetailModal.tsx(1041,97): error TS1005: ',' expected.
src/components/PurchaseDetailModal.tsx(1043,28): error TS1005: '}' expected.
src/components/PurchaseDetailModal.tsx(1050,107): error TS1005: ',' expected.
src/components/PurchaseDetailModal.tsx(1052,28): error TS1005: '}' expected.
src/components/PurchaseDetailModal.tsx(1056,108): error TS1005: '}' expected.
src/components/PurchaseDetailModal.tsx(1062,122): error TS1005: ',' expected.
src/components/PurchaseDetailModal.tsx(1069,107): error TS1005: ',' expected.
src/components/PurchaseDetailModal.tsx(1073,77): error TS1005: ',' expected.
src/components/PurchaseDetailModal.tsx(1074,32): error TS1005: '}' expected.
src/components/PurchaseDetailModal.tsx(1080,104): error TS1005: '}' expected.
src/components/PurchaseDetailModal.tsx(1087,101): error TS1005: ',' expected.
src/components/PurchaseDetailModal.tsx(1091,74): error TS1005: ',' expected.
src/components/PurchaseDetailModal.tsx(1092,32): error TS1005: '}' expected.
src/components/PurchaseDetailModal.tsx(1098,101): error TS1005: '}' expected.
src/components/PurchaseDetailModal.tsx(1105,91): error TS1005: ',' expected.
src/components/PurchaseDetailModal.tsx(1109,68): error TS1005: ',' expected.
src/components/PurchaseDetailModal.tsx(1111,32): error TS1005: '}' expected.
src/components/PurchaseDetailModal.tsx(1117,95): error TS1005: '}' expected.
src/components/PurchaseDetailModal.tsx(1124,108): error TS1005: '}' expected.
src/components/PurchaseDetailModal.tsx(1140,147): error TS1005: '}' expected.
src/components/PurchaseDetailModal.tsx(1140,148): error TS1005: ':' expected.
src/components/PurchaseDetailModal.tsx(1141,122): error TS1005: ',' expected.
src/components/PurchaseDetailModal.tsx(1144,36): error TS1381: Unexpected token. Did you mean `{'}'}` or `&rbrace;`?
src/components/PurchaseDetailModal.tsx(1153,132): error TS1005: '}' expected.
src/components/PurchaseDetailModal.tsx(1153,133): error TS1005: ':' expected.
src/components/PurchaseDetailModal.tsx(1154,117): error TS1005: ',' expected.
src/components/PurchaseDetailModal.tsx(1162,41): error TS1109: Expression expected.
src/components/PurchaseDetailModal.tsx(1163,39): error TS1381: Unexpected token. Did you mean `{'}'}` or `&rbrace;`?
src/components/PurchaseDetailModal.tsx(1163,66): error TS1382: Unexpected token. Did you mean `{'>'}` or `&gt;`?
src/components/PurchaseDetailModal.tsx(1163,98): error TS1382: Unexpected token. Did you mean `{'>'}` or `&gt;`?
src/components/PurchaseDetailModal.tsx(1164,41): error TS1109: Expression expected.
src/components/PurchaseDetailModal.tsx(1165,39): error TS1381: Unexpected token. Did you mean `{'}'}` or `&rbrace;`?
src/components/PurchaseDetailModal.tsx(1167,37): error TS1381: Unexpected token. Did you mean `{'}'}` or `&rbrace;`?
src/components/PurchaseDetailModal.tsx(1168,36): error TS1381: Unexpected token. Did you mean `{'}'}` or `&rbrace;`?
src/components/PurchaseDetailModal.tsx(1172,65): error TS1005: '}' expected.
src/components/PurchaseDetailModal.tsx(1199,27): error TS1005: ')' expected.
src/components/PurchaseDetailModal.tsx(1206,94): error TS1005: '}' expected.
src/components/PurchaseDetailModal.tsx(1223,23): error TS1128: Declaration or statement expected.
src/components/PurchaseDetailModal.tsx(1224,21): error TS1109: Expression expected.
src/components/PurchaseDetailModal.tsx(1225,19): error TS1109: Expression expected.
src/components/PurchaseDetailModal.tsx(1226,17): error TS1109: Expression expected.
src/components/PurchaseDetailModal.tsx(1239,99): error TS1005: ')' expected.
src/components/PurchaseDetailModal.tsx(1242,18): error TS1005: ';' expected.
src/components/PurchaseDetailModal.tsx(1249,58): error TS1005: ',' expected.
src/components/PurchaseDetailModal.tsx(1252,28): error TS1128: Declaration or statement expected.
src/components/PurchaseDetailModal.tsx(1263,57): error TS1109: Expression expected.
src/components/PurchaseDetailModal.tsx(1266,105): error TS1005: ';' expected.
src/components/PurchaseDetailModal.tsx(1266,106): error TS1005: '=>' expected.
src/components/PurchaseDetailModal.tsx(1266,111): error TS1005: ',' expected.
src/components/PurchaseDetailModal.tsx(1266,119): error TS1382: Unexpected token. Did you mean `{'>'}` or `&gt;`?
src/components/PurchaseDetailModal.tsx(1268,31): error TS1109: Expression expected.
src/components/PurchaseDetailModal.tsx(1269,75): error TS1005: '}' expected.
src/components/PurchaseDetailModal.tsx(1274,29): error TS1381: Unexpected token. Did you mean `{'}'}` or `&rbrace;`?
src/components/PurchaseDetailModal.tsx(1278,49): error TS1382: Unexpected token. Did you mean `{'>'}` or `&gt;`?
src/components/PurchaseDetailModal.tsx(1279,33): error TS1109: Expression expected.
src/components/PurchaseDetailModal.tsx(1284,75): error TS1382: Unexpected token. Did you mean `{'>'}` or `&gt;`?
src/components/PurchaseDetailModal.tsx(1286,31): error TS1109: Expression expected.
src/components/PurchaseDetailModal.tsx(1291,37): error TS1005: '}' expected.
src/components/PurchaseDetailModal.tsx(1301,66): error TS1382: Unexpected token. Did you mean `{'>'}` or `&gt;`?
src/components/PurchaseDetailModal.tsx(1311,27): error TS1381: Unexpected token. Did you mean `{'}'}` or `&rbrace;`?
src/components/PurchaseDetailModal.tsx(1312,95): error TS1005: ';' expected.
src/components/PurchaseDetailModal.tsx(1312,96): error TS1005: '=>' expected.
src/components/PurchaseDetailModal.tsx(1312,101): error TS1005: ',' expected.
src/components/PurchaseDetailModal.tsx(1312,109): error TS1382: Unexpected token. Did you mean `{'>'}` or `&gt;`?
src/components/PurchaseDetailModal.tsx(1313,29): error TS1109: Expression expected.
src/components/PurchaseDetailModal.tsx(1317,27): error TS1381: Unexpected token. Did you mean `{'}'}` or `&rbrace;`?
src/components/PurchaseDetailModal.tsx(1317,42): error TS1382: Unexpected token. Did you mean `{'>'}` or `&gt;`?
src/components/PurchaseDetailModal.tsx(1321,28): error TS1381: Unexpected token. Did you mean `{'}'}` or `&rbrace;`?
src/components/PurchaseDetailModal.tsx(1330,64): error TS1005: '}' expected.
src/components/PurchaseDetailModal.tsx(1340,17): error TS1005: ')' expected.
src/components/PurchaseDetailModal.tsx(1340,18): error TS1128: Declaration or statement expected.
src/components/PurchaseDetailModal.tsx(1349,89): error TS1005: '}' expected.
src/components/PurchaseDetailModal.tsx(1351,19): error TS1128: Declaration or statement expected.
src/components/PurchaseDetailModal.tsx(1352,13): error TS1109: Expression expected.
src/components/PurchaseDetailModal.tsx(1352,15): error TS1128: Declaration or statement expected.
src/components/PurchaseDetailModal.tsx(1353,9): error TS1109: Expression expected.
src/components/PurchaseDetailModal.tsx(1354,7): error TS1109: Expression expected.
src/components/PurchaseDetailModal.tsx(1358,10): error TS17008: JSX element 'div' has no corresponding closing tag.
src/components/PurchaseDetailModal.tsx(1359,12): error TS17008: JSX element 'div' has no corresponding closing tag.
src/components/PurchaseDetailModal.tsx(1360,24): error TS1109: Expression expected.
src/components/PurchaseDetailModal.tsx(1363,56): error TS1005: ',' expected.
src/components/PurchaseDetailModal.tsx(1367,14): error TS17008: JSX element 'div' has no corresponding closing tag.
src/components/PurchaseDetailModal.tsx(1385,48): error TS1005: '}' expected.
src/components/PurchaseDetailModal.tsx(1387,99): error TS1005: ')' expected.
src/components/PurchaseDetailModal.tsx(1398,28): error TS1381: Unexpected token. Did you mean `{'}'}` or `&rbrace;`?
src/components/PurchaseDetailModal.tsx(1399,18): error TS17008: JSX element 'button' has no corresponding closing tag.
src/components/PurchaseDetailModal.tsx(1400,60): error TS1005: ',' expected.
src/components/PurchaseDetailModal.tsx(1401,36): error TS1005: '}' expected.
src/components/PurchaseDetailModal.tsx(1403,8): error TS1381: Unexpected token. Did you mean `{'}'}` or `&rbrace;`?
src/components/PurchaseDetailModal.tsx(1405,1): error TS1381: Unexpected token. Did you mean `{'}'}` or `&rbrace;`?
src/components/PurchaseDetailModal.tsx(1405,2): error TS1005: '</' expected.
src/components/RefundConfirmModal.tsx(33,10): error TS1005: ',' expected.
src/components/RefundConfirmModal.tsx(39,3): error TS1128: Declaration or statement expected.
src/components/RefundConfirmModal.tsx(67,54): error TS1005: ',' expected.
src/components/RefundConfirmModal.tsx(67,56): error TS1005: ';' expected.
src/components/RefundConfirmModal.tsx(67,57): error TS1128: Declaration or statement expected.
src/components/RefundConfirmModal.tsx(70,49): error TS1005: ',' expected.
src/components/RefundConfirmModal.tsx(70,51): error TS1005: ';' expected.
src/components/RefundConfirmModal.tsx(70,52): error TS1128: Declaration or statement expected.
src/components/RefundConfirmModal.tsx(96,11): error TS1382: Unexpected token. Did you mean `{'>'}` or `&gt;`?
src/components/RefundConfirmModal.tsx(102,10): error TS17008: JSX element 'form' has no corresponding closing tag.
src/components/RefundConfirmModal.tsx(122,63): error TS1005: '}' expected.
src/components/RefundConfirmModal.tsx(125,76): error TS1005: '}' expected.
src/components/RefundConfirmModal.tsx(141,95): error TS1005: ',' expected.
src/components/RefundConfirmModal.tsx(142,26): error TS1003: Identifier expected.
src/components/RefundConfirmModal.tsx(142,28): error TS1381: Unexpected token. Did you mean `{'}'}` or `&rbrace;`?
src/components/RefundConfirmModal.tsx(144,16): error TS1382: Unexpected token. Did you mean `{'>'}` or `&gt;`?
src/components/RefundConfirmModal.tsx(148,72): error TS1005: '}' expected.
src/components/RefundConfirmModal.tsx(159,24): error TS1003: Identifier expected.
src/components/RefundConfirmModal.tsx(159,26): error TS1381: Unexpected token. Did you mean `{'}'}` or `&rbrace;`?
src/components/RefundConfirmModal.tsx(161,13): error TS1382: Unexpected token. Did you mean `{'>'}` or `&gt;`?
src/components/RefundConfirmModal.tsx(164,32): error TS1005: '}' expected.
src/components/RefundConfirmModal.tsx(165,20): error TS17002: Expected corresponding JSX closing tag for 'div'.
src/components/RefundConfirmModal.tsx(167,70): error TS1005: '}' expected.
src/components/RefundConfirmModal.tsx(192,13): error TS1382: Unexpected token. Did you mean `{'>'}` or `&gt;`?
src/components/RefundConfirmModal.tsx(199,13): error TS1382: Unexpected token. Did you mean `{'>'}` or `&gt;`?
src/components/RefundConfirmModal.tsx(202,11): error TS17002: Expected corresponding JSX closing tag for 'div'.
src/components/RefundConfirmModal.tsx(203,7): error TS1005: ')' expected.
src/components/RefundConfirmModal.tsx(204,5): error TS1109: Expression expected.
src/components/RefundConfirmModal.tsx(205,3): error TS1109: Expression expected.
src/components/RefundConfirmModal.tsx(206,1): error TS1128: Declaration or statement expected.
src/components/ReverseSaleModal.tsx(38,82): error TS1005: ',' expected.
src/components/ReverseSaleModal.tsx(38,106): error TS1144: '{' or ';' expected.
src/components/ReverseSaleModal.tsx(53,3): error TS1005: ',' expected.
src/components/ReverseSaleModal.tsx(53,4): error TS1005: ',' expected.
src/components/ReverseSaleModal.tsx(58,63): error TS1005: ',' expected.
src/components/ReverseSaleModal.tsx(58,65): error TS1005: ';' expected.
src/components/ReverseSaleModal.tsx(58,66): error TS1128: Declaration or statement expected.
src/components/ReverseSaleModal.tsx(76,38): error TS1005: ',' expected.
src/components/ReverseSaleModal.tsx(84,9): error TS1005: ',' expected.
src/components/ReverseSaleModal.tsx(84,11): error TS1005: ';' expected.
src/components/ReverseSaleModal.tsx(84,12): error TS1128: Declaration or statement expected.
src/components/ReverseSaleModal.tsx(94,7): error TS1005: ',' expected.
src/components/ReverseSaleModal.tsx(94,9): error TS1005: ';' expected.
src/components/ReverseSaleModal.tsx(94,10): error TS1128: Declaration or statement expected.
src/components/ReverseSaleModal.tsx(115,7): error TS1005: ',' expected.
src/components/ReverseSaleModal.tsx(115,9): error TS1005: ';' expected.
src/components/ReverseSaleModal.tsx(117,3): error TS1128: Declaration or statement expected.
src/components/ReverseSaleModal.tsx(117,4): error TS1128: Declaration or statement expected.
src/components/ReverseSaleModal.tsx(117,14): error TS1005: ';' expected.
src/components/ReverseSaleModal.tsx(125,5): error TS1005: ',' expected.
src/components/ReverseSaleModal.tsx(125,7): error TS1005: ';' expected.
src/components/ReverseSaleModal.tsx(133,5): error TS1005: ',' expected.
src/components/ReverseSaleModal.tsx(133,7): error TS1005: ';' expected.
src/components/ReverseSaleModal.tsx(133,8): error TS1128: Declaration or statement expected.
src/components/ReverseSaleModal.tsx(141,5): error TS1005: ',' expected.
src/components/ReverseSaleModal.tsx(141,7): error TS1005: ';' expected.
src/components/ReverseSaleModal.tsx(141,8): error TS1128: Declaration or statement expected.
src/components/ReverseSaleModal.tsx(148,5): error TS1005: ',' expected.
src/components/ReverseSaleModal.tsx(148,7): error TS1005: ';' expected.
src/components/ReverseSaleModal.tsx(155,53): error TS1005: ',' expected.
src/components/ReverseSaleModal.tsx(155,55): error TS1005: ';' expected.
src/components/ReverseSaleModal.tsx(155,56): error TS1128: Declaration or statement expected.
src/components/ReverseSaleModal.tsx(166,7): error TS1005: ',' expected.
src/components/ReverseSaleModal.tsx(166,8): error TS1005: ',' expected.
src/components/ReverseSaleModal.tsx(179,54): error TS1005: ',' expected.
src/components/ReverseSaleModal.tsx(179,56): error TS1005: ';' expected.
src/components/ReverseSaleModal.tsx(179,57): error TS1128: Declaration or statement expected.
src/components/ReverseSaleModal.tsx(184,31): error TS1005: ',' expected.
src/components/ReverseSaleModal.tsx(185,3): error TS1128: Declaration or statement expected.
src/components/ReverseSaleModal.tsx(189,6): error TS17008: JSX element 'div' has no corresponding closing tag.
src/components/ReverseSaleModal.tsx(190,8): error TS17008: JSX element 'div' has no corresponding closing tag.
src/components/ReverseSaleModal.tsx(195,10): error TS17008: JSX element 'div' has no corresponding closing tag.
src/components/ReverseSaleModal.tsx(200,17): error TS2657: JSX expressions must have one parent element.
src/components/ReverseSaleModal.tsx(201,49): error TS1005: '}' expected.
src/components/ReverseSaleModal.tsx(203,16): error TS1381: Unexpected token. Did you mean `{'}'}` or `&rbrace;`?
src/components/ReverseSaleModal.tsx(209,54): error TS1005: '}' expected.
src/components/ReverseSaleModal.tsx(212,15): error TS17002: Expected corresponding JSX closing tag for 'button'.
src/components/ReverseSaleModal.tsx(225,43): error TS1005: '}' expected.
src/components/ReverseSaleModal.tsx(234,16): error TS1005: ')' expected.
src/components/ReverseSaleModal.tsx(235,17): error TS2657: JSX expressions must have one parent element.
src/components/ReverseSaleModal.tsx(240,22): error TS17008: JSX element 'button' has no corresponding closing tag.
src/components/ReverseSaleModal.tsx(243,33): error TS1109: Expression expected.
src/components/ReverseSaleModal.tsx(254,59): error TS1005: ',' expected.
src/components/ReverseSaleModal.tsx(256,36): error TS1005: ',' expected.
src/components/ReverseSaleModal.tsx(257,23): error TS1381: Unexpected token. Did you mean `{'}'}` or `&rbrace;`?
src/components/ReverseSaleModal.tsx(260,38): error TS1005: '}' expected.
src/components/ReverseSaleModal.tsx(262,27): error TS1005: '}' expected.
src/components/ReverseSaleModal.tsx(263,105): error TS1005: ',' expected.
src/components/ReverseSaleModal.tsx(263,108): error TS17002: Expected corresponding JSX closing tag for 'div'.
src/components/ReverseSaleModal.tsx(272,42): error TS1003: Identifier expected.
src/components/ReverseSaleModal.tsx(275,92): error TS1381: Unexpected token. Did you mean `{'}'}` or `&rbrace;`?
src/components/ReverseSaleModal.tsx(276,34): error TS1382: Unexpected token. Did you mean `{'>'}` or `&gt;`?
src/components/ReverseSaleModal.tsx(277,38): error TS1381: Unexpected token. Did you mean `{'}'}` or `&rbrace;`?
src/components/ReverseSaleModal.tsx(282,27): error TS1005: ')' expected.
src/components/ReverseSaleModal.tsx(284,23): error TS1005: ')' expected.
src/components/ReverseSaleModal.tsx(284,27): error TS17002: Expected corresponding JSX closing tag for 'button'.
src/components/ReverseSaleModal.tsx(286,19): error TS1005: ')' expected.
src/components/ReverseSaleModal.tsx(290,172): error TS1005: ',' expected.
src/components/ReverseSaleModal.tsx(290,201): error TS1005: '}' expected.
src/components/ReverseSaleModal.tsx(294,86): error TS1005: ',' expected.
src/components/ReverseSaleModal.tsx(295,63): error TS1005: '}' expected.
src/components/ReverseSaleModal.tsx(296,95): error TS1005: ',' expected.
src/components/ReverseSaleModal.tsx(297,90): error TS1005: '}' expected.
src/components/ReverseSaleModal.tsx(299,20): error TS1381: Unexpected token. Did you mean `{'}'}` or `&rbrace;`?
src/components/ReverseSaleModal.tsx(299,23): error TS1003: Identifier expected.
src/components/ReverseSaleModal.tsx(300,16): error TS1381: Unexpected token. Did you mean `{'}'}` or `&rbrace;`?
src/components/ReverseSaleModal.tsx(312,84): error TS1005: '}' expected.
src/components/ReverseSaleModal.tsx(329,12): error TS1381: Unexpected token. Did you mean `{'}'}` or `&rbrace;`?
src/components/ReverseSaleModal.tsx(330,7): error TS1005: ')' expected.
src/components/ReverseSaleModal.tsx(333,1): error TS1381: Unexpected token. Did you mean `{'}'}` or `&rbrace;`?
src/components/ReverseSaleModal.tsx(333,2): error TS1005: '</' expected.
src/components/SalesDetailModal.tsx(22,12): error TS1005: ',' expected.
src/components/SalesDetailModal.tsx(23,9): error TS1005: ':' expected.
src/components/SalesDetailModal.tsx(39,58): error TS1005: ',' expected.
src/components/SalesDetailModal.tsx(41,17): error TS1005: ';' expected.
src/components/SalesDetailModal.tsx(42,10): error TS1128: Declaration or statement expected.
src/components/SalesDetailModal.tsx(43,7): error TS1128: Declaration or statement expected.
src/components/SalesDetailModal.tsx(43,9): error TS1128: Declaration or statement expected.
src/components/SalesDetailModal.tsx(46,5): error TS1128: Declaration or statement expected.
src/components/SalesDetailModal.tsx(46,7): error TS1005: 'try' expected.
src/components/SalesDetailModal.tsx(50,3): error TS1128: Declaration or statement expected.
src/components/SalesDetailModal.tsx(124,7): error TS1005: ',' expected.
src/components/SalesDetailModal.tsx(124,16): error TS1005: ',' expected.
src/components/SalesDetailModal.tsx(134,5): error TS1005: ',' expected.
src/components/SalesDetailModal.tsx(134,6): error TS1005: ';' expected.
src/components/SalesDetailModal.tsx(134,7): error TS1128: Declaration or statement expected.
src/components/SalesDetailModal.tsx(149,31): error TS1005: ',' expected.
src/components/SalesDetailModal.tsx(150,3): error TS1128: Declaration or statement expected.
src/components/SalesDetailModal.tsx(154,31): error TS1005: ',' expected.
src/components/SalesDetailModal.tsx(155,3): error TS1128: Declaration or statement expected.
src/components/SalesDetailModal.tsx(177,6): error TS17008: JSX element 'Portal' has no corresponding closing tag.
src/components/SalesDetailModal.tsx(178,8): error TS17008: JSX element 'div' has no corresponding closing tag.
src/components/SalesDetailModal.tsx(179,10): error TS17008: JSX element 'div' has no corresponding closing tag.
src/components/SalesDetailModal.tsx(187,12): error TS17008: JSX element 'div' has no corresponding closing tag.
src/components/SalesDetailModal.tsx(189,14): error TS17008: JSX element 'div' has no corresponding closing tag.
src/components/SalesDetailModal.tsx(196,16): error TS17008: JSX element 'div' has no corresponding closing tag.
src/components/SalesDetailModal.tsx(197,28): error TS1109: Expression expected.
src/components/SalesDetailModal.tsx(200,28): error TS1003: Identifier expected.
src/components/SalesDetailModal.tsx(201,23): error TS1005: '}' expected.
src/components/SalesDetailModal.tsx(201,30): error TS1381: Unexpected token. Did you mean `{'}'}` or `&rbrace;`?
src/components/SalesDetailModal.tsx(202,32): error TS1381: Unexpected token. Did you mean `{'}'}` or `&rbrace;`?
src/components/SalesDetailModal.tsx(209,30): error TS1381: Unexpected token. Did you mean `{'}'}` or `&rbrace;`?
src/components/SalesDetailModal.tsx(212,18): error TS1005: '}' expected.
src/components/SalesDetailModal.tsx(216,20): error TS17008: JSX element 'button' has no corresponding closing tag.
src/components/SalesDetailModal.tsx(221,18): error TS17008: JSX element 'button' has no corresponding closing tag.
src/components/SalesDetailModal.tsx(231,15): error TS1005: ')' expected.
src/components/SalesDetailModal.tsx(239,16): error TS1005: '}' expected.
src/components/SalesDetailModal.tsx(265,60): error TS1005: '}' expected.
src/components/SalesDetailModal.tsx(265,61): error TS1005: ':' expected.
src/components/SalesDetailModal.tsx(266,110): error TS1005: ',' expected.
src/components/SalesDetailModal.tsx(266,112): error TS1005: '}' expected.
src/components/SalesDetailModal.tsx(266,114): error TS1381: Unexpected token. Did you mean `{'}'}` or `&rbrace;`?
src/components/SalesDetailModal.tsx(268,28): error TS1381: Unexpected token. Did you mean `{'}'}` or `&rbrace;`?
src/components/SalesDetailModal.tsx(279,60): error TS1005: '}' expected.
src/components/SalesDetailModal.tsx(279,61): error TS1005: ':' expected.
src/components/SalesDetailModal.tsx(280,110): error TS1005: ',' expected.
src/components/SalesDetailModal.tsx(280,112): error TS1005: '}' expected.
src/components/SalesDetailModal.tsx(280,114): error TS1381: Unexpected token. Did you mean `{'}'}` or `&rbrace;`?
src/components/SalesDetailModal.tsx(282,28): error TS1381: Unexpected token. Did you mean `{'}'}` or `&rbrace;`?
src/components/SalesDetailModal.tsx(292,58): error TS1005: '}' expected.
src/components/SalesDetailModal.tsx(292,59): error TS1005: ':' expected.
src/components/SalesDetailModal.tsx(293,108): error TS1005: ',' expected.
src/components/SalesDetailModal.tsx(293,110): error TS1005: '}' expected.
src/components/SalesDetailModal.tsx(293,112): error TS1381: Unexpected token. Did you mean `{'}'}` or `&rbrace;`?
src/components/SalesDetailModal.tsx(296,28): error TS1381: Unexpected token. Did you mean `{'}'}` or `&rbrace;`?
src/components/SalesDetailModal.tsx(306,53): error TS1005: '}' expected.
src/components/SalesDetailModal.tsx(306,54): error TS1005: ':' expected.
src/components/SalesDetailModal.tsx(307,110): error TS1005: ',' expected.
src/components/SalesDetailModal.tsx(307,112): error TS1005: '}' expected.
src/components/SalesDetailModal.tsx(307,114): error TS1381: Unexpected token. Did you mean `{'}'}` or `&rbrace;`?
src/components/SalesDetailModal.tsx(313,29): error TS1381: Unexpected token. Did you mean `{'}'}` or `&rbrace;`?
src/components/SalesDetailModal.tsx(313,31): error TS1381: Unexpected token. Did you mean `{'}'}` or `&rbrace;`?
src/components/SalesDetailModal.tsx(313,32): error TS1382: Unexpected token. Did you mean `{'>'}` or `&gt;`?
src/components/SalesDetailModal.tsx(314,61): error TS1005: '}' expected.
src/components/SalesDetailModal.tsx(314,63): error TS17002: Expected corresponding JSX closing tag for 'div'.
src/components/SalesDetailModal.tsx(315,28): error TS1381: Unexpected token. Did you mean `{'}'}` or `&rbrace;`?
src/components/SalesDetailModal.tsx(335,62): error TS1005: '}' expected.
src/components/SalesDetailModal.tsx(335,63): error TS1005: ':' expected.
src/components/SalesDetailModal.tsx(336,112): error TS1005: ',' expected.
src/components/SalesDetailModal.tsx(336,114): error TS1005: '}' expected.
src/components/SalesDetailModal.tsx(336,116): error TS1381: Unexpected token. Did you mean `{'}'}` or `&rbrace;`?
src/components/SalesDetailModal.tsx(338,30): error TS1381: Unexpected token. Did you mean `{'}'}` or `&rbrace;`?
src/components/SalesDetailModal.tsx(345,104): error TS1005: ',' expected.
src/components/SalesDetailModal.tsx(349,101): error TS1005: ',' expected.
src/components/SalesDetailModal.tsx(353,101): error TS1005: ',' expected.
src/components/SalesDetailModal.tsx(357,113): error TS1005: ',' expected.
src/components/SalesDetailModal.tsx(361,125): error TS1005: ',' expected.
src/components/SalesDetailModal.tsx(365,21): error TS1005: '}' expected.
src/components/SalesDetailModal.tsx(365,23): error TS17002: Expected corresponding JSX closing tag for 'div'.
src/components/SalesDetailModal.tsx(366,19): error TS1005: ')' expected.
src/components/SalesDetailModal.tsx(379,95): error TS1005: ',' expected.
src/components/SalesDetailModal.tsx(387,95): error TS1005: ',' expected.
src/components/SalesDetailModal.tsx(393,30): error TS1109: Expression expected.
src/components/SalesDetailModal.tsx(395,22): error TS17008: JSX element 'div' has no corresponding closing tag.
src/components/SalesDetailModal.tsx(400,24): error TS17008: JSX element 'div' has no corresponding closing tag.
src/components/SalesDetailModal.tsx(404,30): error TS17008: JSX element 'div' has no corresponding closing tag.
src/components/SalesDetailModal.tsx(407,82): error TS1005: '}' expected.
src/components/SalesDetailModal.tsx(409,120): error TS1005: '}' expected.
src/components/SalesDetailModal.tsx(443,2): error TS1005: '</' expected.
src/components/SalesDetailModal.tsx(443,2): error TS1160: Unterminated template literal.
src/components/SemiFinishedMatrixView.tsx(98,79): error TS1005: ',' expected.
src/components/SemiFinishedMatrixView.tsx(98,87): error TS1144: '{' or ';' expected.
src/components/SemiFinishedMatrixView.tsx(113,74): error TS1005: ',' expected.
src/components/SemiFinishedMatrixView.tsx(113,75): error TS1005: ',' expected.
src/components/SemiFinishedMatrixView.tsx(113,76): error TS1134: Variable declaration expected.
src/components/SemiFinishedMatrixView.tsx(122,7): error TS1005: ',' expected.
src/components/SemiFinishedMatrixView.tsx(122,8): error TS1005: ';' expected.
src/components/SemiFinishedMatrixView.tsx(122,9): error TS1128: Declaration or statement expected.
src/components/SemiFinishedMatrixView.tsx(151,52): error TS1109: Expression expected.
src/components/SemiFinishedMatrixView.tsx(152,78): error TS1005: ';' expected.
src/components/SemiFinishedMatrixView.tsx(161,63): error TS1128: Declaration or statement expected.
src/components/SemiFinishedMatrixView.tsx(169,15): error TS1128: Declaration or statement expected.
src/components/SemiFinishedMatrixView.tsx(182,87): error TS1109: Expression expected.
src/components/SemiFinishedMatrixView.tsx(183,44): error TS1005: ',' expected.
src/components/SemiFinishedMatrixView.tsx(183,83): error TS1109: Expression expected.
src/components/SemiFinishedMatrixView.tsx(184,45): error TS1005: ',' expected.
src/components/SemiFinishedMatrixView.tsx(185,19): error TS1005: ',' expected.
src/components/SemiFinishedMatrixView.tsx(205,14): error TS1005: ',' expected.
src/components/SemiFinishedMatrixView.tsx(206,11): error TS1128: Declaration or statement expected.
src/components/SemiFinishedMatrixView.tsx(209,53): error TS1128: Declaration or statement expected.
src/components/SemiFinishedMatrixView.tsx(214,27): error TS1005: ',' expected.
src/components/SemiFinishedMatrixView.tsx(228,15): error TS1128: Declaration or statement expected.
src/components/SemiFinishedMatrixView.tsx(236,13): error TS1128: Declaration or statement expected.
src/components/SemiFinishedMatrixView.tsx(237,11): error TS1128: Declaration or statement expected.
src/components/SemiFinishedMatrixView.tsx(237,12): error TS1128: Declaration or statement expected.
src/components/SemiFinishedMatrixView.tsx(248,9): error TS1128: Declaration or statement expected.
src/components/SemiFinishedMatrixView.tsx(248,10): error TS1128: Declaration or statement expected.
src/components/SemiFinishedMatrixView.tsx(248,11): error TS1128: Declaration or statement expected.
src/components/SemiFinishedMatrixView.tsx(253,22): error TS1005: ',' expected.
src/components/SemiFinishedMatrixView.tsx(254,22): error TS1005: ',' expected.
src/components/SemiFinishedMatrixView.tsx(255,7): error TS1005: ',' expected.
src/components/SemiFinishedMatrixView.tsx(256,5): error TS1128: Declaration or statement expected.
src/components/SemiFinishedMatrixView.tsx(256,7): error TS1128: Declaration or statement expected.
src/components/SemiFinishedMatrixView.tsx(266,54): error TS1128: Declaration or statement expected.
src/components/SemiFinishedMatrixView.tsx(273,15): error TS1128: Declaration or statement expected.
src/components/SemiFinishedMatrixView.tsx(287,87): error TS1109: Expression expected.
src/components/SemiFinishedMatrixView.tsx(288,44): error TS1005: ',' expected.
src/components/SemiFinishedMatrixView.tsx(288,83): error TS1109: Expression expected.
src/components/SemiFinishedMatrixView.tsx(289,45): error TS1005: ',' expected.
src/components/SemiFinishedMatrixView.tsx(290,19): error TS1005: ',' expected.
src/components/SemiFinishedMatrixView.tsx(302,67): error TS1005: ',' expected.
src/components/SemiFinishedMatrixView.tsx(302,71): error TS1005: ',' expected.
src/components/SemiFinishedMatrixView.tsx(302,91): error TS1005: ',' expected.
src/components/SemiFinishedMatrixView.tsx(308,14): error TS1005: ',' expected.
src/components/SemiFinishedMatrixView.tsx(309,10): error TS1128: Declaration or statement expected.
src/components/SemiFinishedMatrixView.tsx(309,11): error TS1128: Declaration or statement expected.
src/components/SemiFinishedMatrixView.tsx(312,47): error TS1128: Declaration or statement expected.
src/components/SemiFinishedMatrixView.tsx(316,49): error TS1128: Declaration or statement expected.
src/components/SemiFinishedMatrixView.tsx(333,9): error TS1128: Declaration or statement expected.
src/components/SemiFinishedMatrixView.tsx(333,10): error TS1128: Declaration or statement expected.
src/components/SemiFinishedMatrixView.tsx(333,11): error TS1128: Declaration or statement expected.
src/components/SemiFinishedMatrixView.tsx(336,53): error TS1128: Declaration or statement expected.
src/components/SemiFinishedMatrixView.tsx(343,27): error TS1005: ',' expected.
src/components/SemiFinishedMatrixView.tsx(357,48): error TS1109: Expression expected.
src/components/SemiFinishedMatrixView.tsx(359,17): error TS1128: Declaration or statement expected.
src/components/SemiFinishedMatrixView.tsx(362,71): error TS1005: ',' expected.
src/components/SemiFinishedMatrixView.tsx(368,13): error TS1128: Declaration or statement expected.
src/components/SemiFinishedMatrixView.tsx(369,11): error TS1128: Declaration or statement expected.
src/components/SemiFinishedMatrixView.tsx(369,12): error TS1128: Declaration or statement expected.
src/components/SemiFinishedMatrixView.tsx(377,9): error TS1128: Declaration or statement expected.
src/components/SemiFinishedMatrixView.tsx(377,10): error TS1128: Declaration or statement expected.
src/components/SemiFinishedMatrixView.tsx(377,11): error TS1128: Declaration or statement expected.
src/components/SemiFinishedMatrixView.tsx(385,5): error TS1128: Declaration or statement expected.
src/components/SemiFinishedMatrixView.tsx(386,3): error TS1128: Declaration or statement expected.
src/components/SemiFinishedMatrixView.tsx(386,4): error TS1128: Declaration or statement expected.
src/components/SemiFinishedMatrixView.tsx(386,22): error TS1005: ';' expected.
src/components/SemiFinishedMatrixView.tsx(397,13): error TS1005: ',' expected.
src/components/SemiFinishedMatrixView.tsx(398,10): error TS1005: ',' expected.
src/components/SemiFinishedMatrixView.tsx(409,43): error TS1109: Expression expected.
src/components/SemiFinishedMatrixView.tsx(411,7): error TS1128: Declaration or statement expected.
src/components/SemiFinishedMatrixView.tsx(412,5): error TS1128: Declaration or statement expected.
src/components/SemiFinishedMatrixView.tsx(417,3): error TS1128: Declaration or statement expected.
src/components/SemiFinishedMatrixView.tsx(417,4): error TS1128: Declaration or statement expected.
src/components/SemiFinishedMatrixView.tsx(417,58): error TS1005: ';' expected.
src/components/SemiFinishedMatrixView.tsx(421,39): error TS1128: Declaration or statement expected.
src/components/SemiFinishedMatrixView.tsx(427,6): error TS1005: ',' expected.
src/components/SemiFinishedMatrixView.tsx(428,3): error TS1128: Declaration or statement expected.
src/components/SemiFinishedMatrixView.tsx(430,63): error TS1109: Expression expected.
src/components/SemiFinishedMatrixView.tsx(432,5): error TS1128: Declaration or statement expected.
src/components/SemiFinishedMatrixView.tsx(434,3): error TS1128: Declaration or statement expected.
src/components/SemiFinishedMatrixView.tsx(483,26): error TS1109: Expression expected.
src/components/SemiFinishedMatrixView.tsx(486,22): error TS1003: Identifier expected.
src/components/SemiFinishedMatrixView.tsx(487,85): error TS1005: ',' expected.
src/components/SemiFinishedMatrixView.tsx(488,26): error TS1381: Unexpected token. Did you mean `{'}'}` or `&rbrace;`?
src/components/SemiFinishedMatrixView.tsx(488,28): error TS1381: Unexpected token. Did you mean `{'}'}` or `&rbrace;`?
src/components/SemiFinishedMatrixView.tsx(489,15): error TS1382: Unexpected token. Did you mean `{'>'}` or `&gt;`?
src/components/SemiFinishedMatrixView.tsx(495,18): error TS1005: ')' expected.
src/components/SemiFinishedMatrixView.tsx(500,17): error TS1005: ')' expected.
src/components/SemiFinishedMatrixView.tsx(500,20): error TS17002: Expected corresponding JSX closing tag for 'div'.
src/components/SemiFinishedMatrixView.tsx(529,90): error TS1005: '}' expected.
src/components/SemiFinishedMatrixView.tsx(537,17): error TS1005: ')' expected.
src/components/SemiFinishedMatrixView.tsx(546,17): error TS1005: ',' expected.
src/components/SemiFinishedMatrixView.tsx(552,7): error TS1005: ')' expected.
src/components/SemiFinishedMatrixView.tsx(559,20): error TS17008: JSX element 'div' has no corresponding closing tag.
src/components/SemiFinishedMatrixView.tsx(562,24): error TS17008: JSX element 'button' has no corresponding closing tag.
src/components/SemiFinishedMatrixView.tsx(564,32): error TS1381: Unexpected token. Did you mean `{'}'}` or `&rbrace;`?
src/components/SemiFinishedMatrixView.tsx(566,25): error TS1381: Unexpected token. Did you mean `{'}'}` or `&rbrace;`?
src/components/SemiFinishedMatrixView.tsx(566,26): error TS1381: Unexpected token. Did you mean `{'}'}` or `&rbrace;`?
src/components/SemiFinishedMatrixView.tsx(569,70): error TS1005: ',' expected.
src/components/SemiFinishedMatrixView.tsx(570,28): error TS1382: Unexpected token. Did you mean `{'>'}` or `&gt;`?
src/components/SemiFinishedMatrixView.tsx(574,34): error TS1003: Identifier expected.
src/components/SemiFinishedMatrixView.tsx(575,27): error TS1382: Unexpected token. Did you mean `{'>'}` or `&gt;`?
src/components/SemiFinishedMatrixView.tsx(578,32): error TS17008: JSX element 'button' has no corresponding closing tag.
src/components/SemiFinishedMatrixView.tsx(579,74): error TS1005: ',' expected.
src/components/SemiFinishedMatrixView.tsx(582,61): error TS1005: '}' expected.
src/components/SemiFinishedMatrixView.tsx(585,37): error TS1005: '}' expected.
src/components/SemiFinishedMatrixView.tsx(586,34): error TS1381: Unexpected token. Did you mean `{'}'}` or `&rbrace;`?
src/components/SemiFinishedMatrixView.tsx(596,91): error TS1005: '}' expected.
src/components/SemiFinishedMatrixView.tsx(598,39): error TS1005: '}' expected.
src/components/SemiFinishedMatrixView.tsx(599,55): error TS17002: Expected corresponding JSX closing tag for 'button'.
src/components/SemiFinishedMatrixView.tsx(600,37): error TS17002: Expected corresponding JSX closing tag for 'div'.
src/components/SemiFinishedMatrixView.tsx(601,35): error TS1381: Unexpected token. Did you mean `{'}'}` or `&rbrace;`?
src/components/SemiFinishedMatrixView.tsx(603,34): error TS17008: JSX element 'button' has no corresponding closing tag.
src/components/SemiFinishedMatrixView.tsx(607,25): error TS1381: Unexpected token. Did you mean `{'}'}` or `&rbrace;`?
src/components/SemiFinishedMatrixView.tsx(610,41): error TS1109: Expression expected.
src/components/SemiFinishedMatrixView.tsx(611,66): error TS1382: Unexpected token. Did you mean `{'>'}` or `&gt;`?
src/components/SemiFinishedMatrixView.tsx(613,28): error TS1005: '}' expected.
src/components/SemiFinishedMatrixView.tsx(617,73): error TS1382: Unexpected token. Did you mean `{'>'}` or `&gt;`?
src/components/SemiFinishedMatrixView.tsx(619,66): error TS1005: '}' expected.
src/components/SemiFinishedMatrixView.tsx(621,18): error TS1381: Unexpected token. Did you mean `{'}'}` or `&rbrace;`?
src/components/SemiFinishedMatrixView.tsx(628,36): error TS1005: '}' expected.
src/components/SemiFinishedMatrixView.tsx(630,43): error TS1109: Expression expected.
src/components/SemiFinishedMatrixView.tsx(631,66): error TS1382: Unexpected token. Did you mean `{'>'}` or `&gt;`?
src/components/SemiFinishedMatrixView.tsx(632,23): error TS1109: Expression expected.
src/components/SemiFinishedMatrixView.tsx(635,25): error TS1109: Expression expected.
src/components/SemiFinishedMatrixView.tsx(636,75): error TS1005: '}' expected.
src/components/SemiFinishedMatrixView.tsx(636,110): error TS1382: Unexpected token. Did you mean `{'>'}` or `&gt;`?
src/components/SemiFinishedMatrixView.tsx(638,29): error TS17002: Expected corresponding JSX closing tag for 'tr'.
src/components/SemiFinishedMatrixView.tsx(640,23): error TS1005: ',' expected.
src/components/SemiFinishedMatrixView.tsx(644,38): error TS1003: Identifier expected.
src/components/SemiFinishedMatrixView.tsx(645,77): error TS1381: Unexpected token. Did you mean `{'}'}` or `&rbrace;`?
src/components/SemiFinishedMatrixView.tsx(646,18): error TS1381: Unexpected token. Did you mean `{'}'}` or `&rbrace;`?
src/components/SemiFinishedMatrixView.tsx(646,19): error TS1381: Unexpected token. Did you mean `{'}'}` or `&rbrace;`?
src/components/SemiFinishedMatrixView.tsx(647,25): error TS1381: Unexpected token. Did you mean `{'}'}` or `&rbrace;`?
src/components/SemiFinishedMatrixView.tsx(647,26): error TS1381: Unexpected token. Did you mean `{'}'}` or `&rbrace;`?
src/components/SemiFinishedMatrixView.tsx(648,25): error TS1381: Unexpected token. Did you mean `{'}'}` or `&rbrace;`?
src/components/SemiFinishedMatrixView.tsx(649,66): error TS1005: ',' expected.
src/components/SemiFinishedMatrixView.tsx(650,27): error TS1382: Unexpected token. Did you mean `{'>'}` or `&gt;`?
src/components/SemiFinishedMatrixView.tsx(655,53): error TS1109: Expression expected.
src/components/SemiFinishedMatrixView.tsx(663,79): error TS1005: ';' expected.
src/components/SemiFinishedMatrixView.tsx(666,108): error TS1005: ',' expected.
src/components/SemiFinishedMatrixView.tsx(667,219): error TS1005: '}' expected.
src/components/SemiFinishedMatrixView.tsx(671,29): error TS1005: ')' expected.
src/components/SemiFinishedMatrixView.tsx(676,29): error TS1005: ')' expected.
src/components/SemiFinishedMatrixView.tsx(676,32): error TS17002: Expected corresponding JSX closing tag for 'td'.
src/components/SemiFinishedMatrixView.tsx(677,27): error TS17002: Expected corresponding JSX closing tag for 'tbody'.
src/components/SemiFinishedMatrixView.tsx(680,73): error TS1382: Unexpected token. Did you mean `{'>'}` or `&gt;`?
src/components/SemiFinishedMatrixView.tsx(681,23): error TS1109: Expression expected.
src/components/SemiFinishedMatrixView.tsx(684,25): error TS1109: Expression expected.
src/components/SemiFinishedMatrixView.tsx(685,78): error TS1005: '}' expected.
src/components/SemiFinishedMatrixView.tsx(685,113): error TS1382: Unexpected token. Did you mean `{'>'}` or `&gt;`?
src/components/SemiFinishedMatrixView.tsx(687,29): error TS17002: Expected corresponding JSX closing tag for 'table'.
src/components/SemiFinishedMatrixView.tsx(689,23): error TS1381: Unexpected token. Did you mean `{'}'}` or `&rbrace;`?
src/components/SemiFinishedMatrixView.tsx(691,26): error TS17008: JSX element 'td' has no corresponding closing tag.
src/components/SemiFinishedMatrixView.tsx(693,38): error TS1003: Identifier expected.
src/components/SemiFinishedMatrixView.tsx(694,93): error TS1381: Unexpected token. Did you mean `{'}'}` or `&rbrace;`?
src/components/SemiFinishedMatrixView.tsx(695,34): error TS1381: Unexpected token. Did you mean `{'}'}` or `&rbrace;`?
src/components/SemiFinishedMatrixView.tsx(695,35): error TS1381: Unexpected token. Did you mean `{'}'}` or `&rbrace;`?
src/components/SemiFinishedMatrixView.tsx(696,41): error TS1381: Unexpected token. Did you mean `{'}'}` or `&rbrace;`?
src/components/SemiFinishedMatrixView.tsx(696,42): error TS1381: Unexpected token. Did you mean `{'}'}` or `&rbrace;`?
src/components/SemiFinishedMatrixView.tsx(697,41): error TS1381: Unexpected token. Did you mean `{'}'}` or `&rbrace;`?
src/components/SemiFinishedMatrixView.tsx(698,66): error TS1005: ',' expected.
src/components/SemiFinishedMatrixView.tsx(699,27): error TS1382: Unexpected token. Did you mean `{'>'}` or `&gt;`?
src/components/SemiFinishedMatrixView.tsx(704,57): error TS1109: Expression expected.
src/components/SemiFinishedMatrixView.tsx(716,220): error TS1005: '}' expected.
src/components/SemiFinishedMatrixView.tsx(720,29): error TS1005: ')' expected.
src/components/SemiFinishedMatrixView.tsx(725,29): error TS1005: ')' expected.
src/components/SemiFinishedMatrixView.tsx(726,27): error TS17002: Expected corresponding JSX closing tag for 'div'.
src/components/SemiFinishedMatrixView.tsx(727,23): error TS1128: Declaration or statement expected.
src/components/SemiFinishedMatrixView.tsx(727,24): error TS1128: Declaration or statement expected.
src/components/SemiFinishedMatrixView.tsx(728,19): error TS1128: Declaration or statement expected.
src/components/SemiFinishedMatrixView.tsx(728,20): error TS1128: Declaration or statement expected.
src/components/SemiFinishedMatrixView.tsx(728,21): error TS1128: Declaration or statement expected.
src/components/SemiFinishedMatrixView.tsx(729,15): error TS1109: Expression expected.
src/components/SemiFinishedMatrixView.tsx(729,16): error TS1128: Declaration or statement expected.
src/components/SemiFinishedMatrixView.tsx(729,17): error TS1128: Declaration or statement expected.
src/components/SemiFinishedMatrixView.tsx(729,18): error TS1128: Declaration or statement expected.
src/components/SemiFinishedMatrixView.tsx(730,11): error TS1109: Expression expected.
src/components/SemiFinishedMatrixView.tsx(731,9): error TS1109: Expression expected.
src/components/SemiFinishedMatrixView.tsx(732,7): error TS1109: Expression expected.
src/components/SemiFinishedMatrixView.tsx(740,11): error TS2657: JSX expressions must have one parent element.
src/components/SemiFinishedMatrixView.tsx(742,47): error TS1135: Argument expression expected.
src/components/SemiFinishedMatrixView.tsx(747,126): error TS1005: '}' expected.
src/components/SemiFinishedMatrixView.tsx(748,18): error TS17008: JSX element 'button' has no corresponding closing tag.
src/components/SemiFinishedMatrixView.tsx(750,19): error TS1005: '}' expected.
src/components/SemiFinishedMatrixView.tsx(754,21): error TS1381: Unexpected token. Did you mean `{'}'}` or `&rbrace;`?
src/components/SemiFinishedMatrixView.tsx(760,112): error TS1005: ',' expected.
src/components/SemiFinishedMatrixView.tsx(761,28): error TS1005: ')' expected.
src/components/SemiFinishedMatrixView.tsx(776,92): error TS1005: ',' expected.
src/components/SemiFinishedMatrixView.tsx(777,102): error TS1005: '}' expected.
src/components/SemiFinishedMatrixView.tsx(782,75): error TS1005: '}' expected.
src/components/SemiFinishedMatrixView.tsx(787,81): error TS1109: Expression expected.
src/components/SemiFinishedMatrixView.tsx(793,27): error TS1381: Unexpected token. Did you mean `{'}'}` or `&rbrace;`?
src/components/SemiFinishedMatrixView.tsx(796,113): error TS1005: '}' expected.
src/components/SemiFinishedMatrixView.tsx(803,97): error TS1005: '}' expected.
src/components/SemiFinishedMatrixView.tsx(810,114): error TS1005: ',' expected.
src/components/SemiFinishedMatrixView.tsx(823,82): error TS1109: Expression expected.
src/components/SemiFinishedMatrixView.tsx(830,103): error TS1005: '}' expected.
src/components/SemiFinishedMatrixView.tsx(837,28): error TS1005: '}' expected.
src/components/SemiFinishedMatrixView.tsx(848,89): error TS1109: Expression expected.
src/components/SemiFinishedMatrixView.tsx(851,33): error TS1381: Unexpected token. Did you mean `{'}'}` or `&rbrace;`?
src/components/SemiFinishedMatrixView.tsx(852,74): error TS1005: '}' expected.
src/components/SemiFinishedMatrixView.tsx(856,25): error TS1005: '}' expected.
src/components/SemiFinishedMatrixView.tsx(860,15): error TS1005: '}' expected.
src/components/SemiFinishedMatrixView.tsx(862,11): error TS1005: ')' expected.
src/components/SemiFinishedMatrixView.tsx(863,9): error TS1109: Expression expected.
src/components/SemiFinishedMatrixView.tsx(864,7): error TS1109: Expression expected.
src/components/SemiFinishedMatrixView.tsx(864,9): error TS1128: Declaration or statement expected.
src/components/SemiFinishedMatrixView.tsx(865,3): error TS1109: Expression expected.
src/components/SemiFinishedMatrixView.tsx(866,1): error TS1128: Declaration or statement expected.
src/components/SkuAdjustForm.tsx(22,83): error TS1005: ',' expected.
src/components/SkuAdjustForm.tsx(22,104): error TS1144: '{' or ';' expected.
src/components/SkuAdjustForm.tsx(28,3): error TS1005: ',' expected.
src/components/SkuAdjustForm.tsx(28,4): error TS1005: ',' expected.
src/components/SkuAdjustForm.tsx(30,53): error TS1136: Property assignment expected.
src/components/SkuAdjustForm.tsx(30,54): error TS1005: ',' expected.
src/components/SkuAdjustForm.tsx(60,66): error TS1005: '}' expected.
src/components/SkuAdjustForm.tsx(60,67): error TS1434: Unexpected keyword or identifier.
src/components/SkuAdjustForm.tsx(60,68): error TS1128: Declaration or statement expected.
src/components/SkuAdjustForm.tsx(163,32): error TS1005: ',' expected.
src/components/SkuAdjustForm.tsx(163,33): error TS1136: Property assignment expected.
src/components/SkuAdjustForm.tsx(164,13): error TS1109: Expression expected.
src/components/SkuAdjustForm.tsx(167,13): error TS1128: Declaration or statement expected.
src/components/SkuAdjustForm.tsx(170,68): error TS1005: ',' expected.
src/components/SkuAdjustForm.tsx(171,24): error TS1381: Unexpected token. Did you mean `{'}'}` or `&rbrace;`?
src/components/SkuAdjustForm.tsx(171,26): error TS1381: Unexpected token. Did you mean `{'}'}` or `&rbrace;`?
src/components/SkuAdjustForm.tsx(173,13): error TS1382: Unexpected token. Did you mean `{'>'}` or `&gt;`?
src/components/SkuAdjustForm.tsx(177,11): error TS1128: Declaration or statement expected.
src/components/SkuAdjustForm.tsx(178,9): error TS1109: Expression expected.
src/components/SkuAdjustForm.tsx(182,11): error TS2657: JSX expressions must have one parent element.
src/components/SkuAdjustForm.tsx(190,39): error TS1005: '}' expected.
src/components/SkuAdjustForm.tsx(191,93): error TS1005: ',' expected.
src/components/SkuAdjustForm.tsx(192,24): error TS1381: Unexpected token. Did you mean `{'}'}` or `&rbrace;`?
src/components/SkuAdjustForm.tsx(192,26): error TS1381: Unexpected token. Did you mean `{'}'}` or `&rbrace;`?
src/components/SkuAdjustForm.tsx(195,14): error TS1382: Unexpected token. Did you mean `{'>'}` or `&gt;`?
src/components/SkuAdjustForm.tsx(204,12): error TS1005: ';' expected.
src/components/SkuAdjustForm.tsx(206,44): error TS1005: '}' expected.
src/components/SkuAdjustForm.tsx(208,13): error TS1128: Declaration or statement expected.
src/components/SkuAdjustForm.tsx(212,11): error TS2657: JSX expressions must have one parent element.
src/components/SkuAdjustForm.tsx(220,30): error TS1005: '}' expected.
src/components/SkuAdjustForm.tsx(222,70): error TS1005: ',' expected.
src/components/SkuAdjustForm.tsx(223,28): error TS1381: Unexpected token. Did you mean `{'}'}` or `&rbrace;`?
src/components/SkuAdjustForm.tsx(223,30): error TS1381: Unexpected token. Did you mean `{'}'}` or `&rbrace;`?
src/components/SkuAdjustForm.tsx(225,17): error TS1382: Unexpected token. Did you mean `{'>'}` or `&gt;`?
src/components/SkuAdjustForm.tsx(226,26): error TS1005: '}' expected.
src/components/SkuAdjustForm.tsx(234,24): error TS1003: Identifier expected.
src/components/SkuAdjustForm.tsx(234,26): error TS1381: Unexpected token. Did you mean `{'}'}` or `&rbrace;`?
src/components/SkuAdjustForm.tsx(237,14): error TS1382: Unexpected token. Did you mean `{'>'}` or `&gt;`?
src/components/SkuAdjustForm.tsx(242,29): error TS1005: '}' expected.
src/components/SkuAdjustForm.tsx(243,13): error TS1128: Declaration or statement expected.
src/components/SkuAdjustForm.tsx(256,48): error TS1005: '}' expected.
src/components/SkuAdjustForm.tsx(257,103): error TS1005: ',' expected.
src/components/SkuAdjustForm.tsx(258,26): error TS1381: Unexpected token. Did you mean `{'}'}` or `&rbrace;`?
src/components/SkuAdjustForm.tsx(258,28): error TS1381: Unexpected token. Did you mean `{'}'}` or `&rbrace;`?
src/components/SkuAdjustForm.tsx(261,16): error TS1382: Unexpected token. Did you mean `{'>'}` or `&gt;`?
src/components/SkuAdjustForm.tsx(269,40): error TS1005: '}' expected.
src/components/SkuAdjustForm.tsx(272,56): error TS1005: '}' expected.
src/components/SkuAdjustForm.tsx(274,10): error TS1005: ';' expected.
src/components/SkuAdjustForm.tsx(301,77): error TS1135: Argument expression expected.
src/components/SkuAdjustForm.tsx(305,83): error TS1005: '}' expected.
src/components/SkuAdjustForm.tsx(309,84): error TS1005: '}' expected.
src/components/SkuAdjustForm.tsx(321,11): error TS1382: Unexpected token. Did you mean `{'>'}` or `&gt;`?
src/components/SkuAdjustForm.tsx(326,22): error TS1381: Unexpected token. Did you mean `{'}'}` or `&rbrace;`?
src/components/SkuAdjustForm.tsx(326,24): error TS1381: Unexpected token. Did you mean `{'}'}` or `&rbrace;`?
src/components/SkuAdjustForm.tsx(327,162): error TS1005: ')' expected.
src/components/SkuAdjustForm.tsx(328,11): error TS1382: Unexpected token. Did you mean `{'>'}` or `&gt;`?
src/components/SkuAdjustForm.tsx(334,14): error TS1005: ')' expected.
src/components/SkuAdjustForm.tsx(335,62): error TS1005: '}' expected.
src/components/SkuAdjustForm.tsx(335,63): error TS1005: '}' expected.
src/components/SkuAdjustForm.tsx(336,14): error TS1381: Unexpected token. Did you mean `{'}'}` or `&rbrace;`?
src/components/SkuAdjustForm.tsx(338,7): error TS1128: Declaration or statement expected.
src/components/SkuAdjustForm.tsx(339,5): error TS1109: Expression expected.
src/components/SkuAdjustForm.tsx(340,3): error TS1109: Expression expected.
src/components/SkuAdjustForm.tsx(341,2): error TS1005: '}' expected.
src/components/SkuControlModal.tsx(38,12): error TS1005: ',' expected.
src/components/SkuControlModal.tsx(38,13): error TS1144: '{' or ';' expected.
src/components/SkuControlModal.tsx(38,14): error TS1128: Declaration or statement expected.
src/components/SkuControlModal.tsx(38,16): error TS1128: Declaration or statement expected.
src/components/SkuControlModal.tsx(47,3): error TS1005: ',' expected.
src/components/SkuControlModal.tsx(47,4): error TS1005: ',' expected.
src/components/SkuControlModal.tsx(49,65): error TS1136: Property assignment expected.
src/components/SkuControlModal.tsx(49,66): error TS1005: ',' expected.
src/components/SkuControlModal.tsx(50,77): error TS1136: Property assignment expected.
src/components/SkuControlModal.tsx(50,78): error TS1005: ',' expected.
src/components/SkuControlModal.tsx(63,93): error TS1005: ',' expected.
src/components/SkuControlModal.tsx(63,94): error TS1005: ',' expected.
src/components/SkuControlModal.tsx(66,72): error TS1005: ';' expected.
src/components/SkuControlModal.tsx(66,73): error TS1131: Property or signature expected.
src/components/SkuControlModal.tsx(66,74): error TS1131: Property or signature expected.
src/components/SkuControlModal.tsx(66,75): error TS1131: Property or signature expected.
src/components/SkuControlModal.tsx(66,79): error TS1005: ',' expected.
src/components/SkuControlModal.tsx(66,86): error TS1005: ',' expected.
src/components/SkuControlModal.tsx(66,110): error TS1109: Expression expected.
src/components/SkuControlModal.tsx(73,9): error TS1128: Declaration or statement expected.
src/components/SkuControlModal.tsx(75,9): error TS1128: Declaration or statement expected.
src/components/SkuControlModal.tsx(78,5): error TS1128: Declaration or statement expected.
src/components/SkuControlModal.tsx(78,7): error TS1005: 'try' expected.
src/components/SkuControlModal.tsx(84,3): error TS1128: Declaration or statement expected.
src/components/SkuControlModal.tsx(127,56): error TS1005: ',' expected.
src/components/SkuControlModal.tsx(128,7): error TS1472: 'catch' or 'finally' expected.
src/components/SkuControlModal.tsx(132,7): error TS1005: ',' expected.
src/components/SkuControlModal.tsx(132,8): error TS1005: ',' expected.
src/components/SkuControlModal.tsx(135,50): error TS1005: ',' expected.
src/components/SkuControlModal.tsx(135,51): error TS1005: ';' expected.
src/components/SkuControlModal.tsx(135,52): error TS1128: Declaration or statement expected.
src/components/SkuControlModal.tsx(136,20): error TS1136: Property assignment expected.
src/components/SkuControlModal.tsx(136,21): error TS1005: ';' expected.
src/components/SkuControlModal.tsx(140,58): error TS1005: ',' expected.
src/components/SkuControlModal.tsx(140,59): error TS1005: ';' expected.
src/components/SkuControlModal.tsx(140,60): error TS1128: Declaration or statement expected.
src/components/SkuControlModal.tsx(142,7): error TS1005: ',' expected.
src/components/SkuControlModal.tsx(144,40): error TS1005: ',' expected.
src/components/SkuControlModal.tsx(144,41): error TS1005: ';' expected.
src/components/SkuControlModal.tsx(144,42): error TS1128: Declaration or statement expected.
src/components/SkuControlModal.tsx(148,3): error TS1128: Declaration or statement expected.
src/components/SkuControlModal.tsx(159,7): error TS1005: ',' expected.
src/components/SkuControlModal.tsx(159,8): error TS1005: ',' expected.
src/components/SkuControlModal.tsx(162,96): error TS1005: ',' expected.
src/components/SkuControlModal.tsx(162,97): error TS1005: ';' expected.
src/components/SkuControlModal.tsx(162,98): error TS1128: Declaration or statement expected.
src/components/SkuControlModal.tsx(163,27): error TS1136: Property assignment expected.
src/components/SkuControlModal.tsx(163,28): error TS1005: ';' expected.
src/components/SkuControlModal.tsx(167,65): error TS1005: ',' expected.
src/components/SkuControlModal.tsx(167,66): error TS1005: ';' expected.
src/components/SkuControlModal.tsx(167,67): error TS1128: Declaration or statement expected.
src/components/SkuControlModal.tsx(171,47): error TS1005: ',' expected.
src/components/SkuControlModal.tsx(171,48): error TS1005: ';' expected.
src/components/SkuControlModal.tsx(171,49): error TS1128: Declaration or statement expected.
src/components/SkuControlModal.tsx(179,75): error TS1109: Expression expected.
src/components/SkuControlModal.tsx(181,68): error TS1005: ';' expected.
src/components/SkuControlModal.tsx(187,8): error TS17008: JSX element 'div' has no corresponding closing tag.
src/components/SkuControlModal.tsx(188,10): error TS17008: JSX element 'div' has no corresponding closing tag.
src/components/SkuControlModal.tsx(190,12): error TS17008: JSX element 'div' has no corresponding closing tag.
src/components/SkuControlModal.tsx(201,14): error TS17008: JSX element 'div' has no corresponding closing tag.
src/components/SkuControlModal.tsx(202,16): error TS17008: JSX element 'button' has no corresponding closing tag.
src/components/SkuControlModal.tsx(204,26): error TS1381: Unexpected token. Did you mean `{'}'}` or `&rbrace;`?
src/components/SkuControlModal.tsx(206,6): error TS17008: JSX element 'div' has no corresponding closing tag.
src/components/SkuControlModal.tsx(236,74): error TS1005: ',' expected.
src/components/SkuControlModal.tsx(250,23): error TS1109: Expression expected.
src/components/SkuControlModal.tsx(255,17): error TS1005: '}' expected.
src/components/SkuControlModal.tsx(255,26): error TS1381: Unexpected token. Did you mean `{'}'}` or `&rbrace;`?
src/components/SkuControlModal.tsx(255,28): error TS1381: Unexpected token. Did you mean `{'}'}` or `&rbrace;`?
src/components/SkuControlModal.tsx(256,15): error TS1382: Unexpected token. Did you mean `{'>'}` or `&gt;`?
src/components/SkuControlModal.tsx(263,17): error TS1005: '}' expected.
src/components/SkuControlModal.tsx(263,26): error TS1381: Unexpected token. Did you mean `{'}'}` or `&rbrace;`?
src/components/SkuControlModal.tsx(263,28): error TS1381: Unexpected token. Did you mean `{'}'}` or `&rbrace;`?
src/components/SkuControlModal.tsx(264,15): error TS1382: Unexpected token. Did you mean `{'>'}` or `&gt;`?
src/components/SkuControlModal.tsx(271,17): error TS1005: '}' expected.
src/components/SkuControlModal.tsx(271,26): error TS1381: Unexpected token. Did you mean `{'}'}` or `&rbrace;`?
src/components/SkuControlModal.tsx(271,28): error TS1381: Unexpected token. Did you mean `{'}'}` or `&rbrace;`?
src/components/SkuControlModal.tsx(272,15): error TS1382: Unexpected token. Did you mean `{'>'}` or `&gt;`?
src/components/SkuControlModal.tsx(292,47): error TS1005: '}' expected.
src/components/SkuControlModal.tsx(293,94): error TS1005: ',' expected.
src/components/SkuControlModal.tsx(293,95): error TS1005: '}' expected.
src/components/SkuControlModal.tsx(293,97): error TS1381: Unexpected token. Did you mean `{'}'}` or `&rbrace;`?
src/components/SkuControlModal.tsx(294,30): error TS1381: Unexpected token. Did you mean `{'}'}` or `&rbrace;`?
src/components/SkuControlModal.tsx(294,32): error TS1381: Unexpected token. Did you mean `{'}'}` or `&rbrace;`?
src/components/SkuControlModal.tsx(296,18): error TS1381: Unexpected token. Did you mean `{'}'}` or `&rbrace;`?
src/components/SkuControlModal.tsx(304,98): error TS1109: Expression expected.
src/components/SkuControlModal.tsx(310,23): error TS1005: '}' expected.
src/components/SkuControlModal.tsx(310,41): error TS1003: Identifier expected.
src/components/SkuControlModal.tsx(310,65): error TS1003: Identifier expected.
src/components/SkuControlModal.tsx(311,21): error TS1381: Unexpected token. Did you mean `{'}'}` or `&rbrace;`?
src/components/SkuControlModal.tsx(311,23): error TS1381: Unexpected token. Did you mean `{'}'}` or `&rbrace;`?
src/components/SkuControlModal.tsx(311,24): error TS1382: Unexpected token. Did you mean `{'>'}` or `&gt;`?
src/components/SkuControlModal.tsx(313,42): error TS1005: ',' expected.
src/components/SkuControlModal.tsx(315,81): error TS1005: '}' expected.
src/components/SkuControlModal.tsx(315,138): error TS1109: Expression expected.
src/components/SkuControlModal.tsx(321,51): error TS1005: ',' expected.
src/components/SkuControlModal.tsx(321,101): error TS1005: ',' expected.
src/components/SkuControlModal.tsx(330,42): error TS1005: '}' expected.
src/components/SkuControlModal.tsx(331,89): error TS1005: ',' expected.
src/components/SkuControlModal.tsx(331,90): error TS1005: '}' expected.
src/components/SkuControlModal.tsx(331,92): error TS1381: Unexpected token. Did you mean `{'}'}` or `&rbrace;`?
src/components/SkuControlModal.tsx(332,28): error TS1381: Unexpected token. Did you mean `{'}'}` or `&rbrace;`?
src/components/SkuControlModal.tsx(332,30): error TS1381: Unexpected token. Did you mean `{'}'}` or `&rbrace;`?
src/components/SkuControlModal.tsx(335,18): error TS1381: Unexpected token. Did you mean `{'}'}` or `&rbrace;`?
src/components/SkuControlModal.tsx(347,11): error TS1005: ')' expected.
src/components/SkuControlModal.tsx(355,20): error TS17008: JSX element 'label' has no corresponding closing tag.
src/components/SkuControlModal.tsx(360,65): error TS1005: '}' expected.
src/components/SkuControlModal.tsx(361,123): error TS1005: ',' expected.
src/components/SkuControlModal.tsx(361,124): error TS1005: '}' expected.
src/components/SkuControlModal.tsx(361,126): error TS1381: Unexpected token. Did you mean `{'}'}` or `&rbrace;`?
src/components/SkuControlModal.tsx(366,123): error TS1005: ',' expected.
src/components/SkuControlModal.tsx(366,124): error TS1005: '}' expected.
src/components/SkuControlModal.tsx(366,126): error TS1381: Unexpected token. Did you mean `{'}'}` or `&rbrace;`?
src/components/SkuControlModal.tsx(375,91): error TS1005: ',' expected.
src/components/SkuControlModal.tsx(375,92): error TS1005: '}' expected.
src/components/SkuControlModal.tsx(375,94): error TS1381: Unexpected token. Did you mean `{'}'}` or `&rbrace;`?
src/components/SkuControlModal.tsx(376,28): error TS1381: Unexpected token. Did you mean `{'}'}` or `&rbrace;`?
src/components/SkuControlModal.tsx(376,30): error TS1381: Unexpected token. Did you mean `{'}'}` or `&rbrace;`?
src/components/SkuControlModal.tsx(379,18): error TS1381: Unexpected token. Did you mean `{'}'}` or `&rbrace;`?
src/components/SkuControlModal.tsx(391,11): error TS1381: Unexpected token. Did you mean `{'}'}` or `&rbrace;`?
src/components/SkuControlModal.tsx(409,15): error TS1005: ')' expected.
src/components/SkuControlModal.tsx(415,16): error TS1005: '}' expected.
src/components/SkuControlModal.tsx(425,20): error TS1005: ')' expected.
src/components/SkuControlModal.tsx(427,39): error TS1005: '}' expected.
src/components/SkuControlModal.tsx(427,41): error TS1005: ',' expected.
src/components/SkuControlModal.tsx(444,33): error TS1005: ',' expected.
src/components/SkuControlModal.tsx(444,34): error TS1005: '}' expected.
src/components/SkuControlModal.tsx(451,23): error TS1005: ',' expected.
src/components/SkuControlModal.tsx(452,22): error TS1005: '}' expected.
src/components/SkuControlModal.tsx(453,20): error TS1381: Unexpected token. Did you mean `{'}'}` or `&rbrace;`?
src/components/SkuControlModal.tsx(455,11): error TS1381: Unexpected token. Did you mean `{'}'}` or `&rbrace;`?
src/components/SkuControlModal.tsx(460,88): error TS1005: '}' expected.
src/components/SkuControlModal.tsx(463,7): error TS1005: ')' expected.
src/components/SkuControlModal.tsx(466,1): error TS1381: Unexpected token. Did you mean `{'}'}` or `&rbrace;`?
src/components/SkuControlModal.tsx(466,2): error TS1005: '</' expected.
src/components/SkuDestroyForm.tsx(24,84): error TS1005: ',' expected.
src/components/SkuDestroyForm.tsx(24,106): error TS1144: '{' or ';' expected.
src/components/SkuDestroyForm.tsx(32,3): error TS1005: ',' expected.
src/components/SkuDestroyForm.tsx(32,4): error TS1005: ',' expected.
src/components/SkuDestroyForm.tsx(34,53): error TS1136: Property assignment expected.
src/components/SkuDestroyForm.tsx(34,54): error TS1005: ',' expected.
src/components/SkuDestroyForm.tsx(42,65): error TS1005: ',' expected.
src/components/SkuDestroyForm.tsx(42,67): error TS1005: ';' expected.
src/components/SkuDestroyForm.tsx(42,68): error TS1005: ';' expected.
src/components/SkuDestroyForm.tsx(43,7): error TS1128: Declaration or statement expected.
src/components/SkuDestroyForm.tsx(45,64): error TS1005: ',' expected.
src/components/SkuDestroyForm.tsx(45,66): error TS1005: ';' expected.
src/components/SkuDestroyForm.tsx(45,67): error TS1128: Declaration or statement expected.
src/components/SkuDestroyForm.tsx(49,65): error TS1005: ',' expected.
src/components/SkuDestroyForm.tsx(49,67): error TS1005: ';' expected.
src/components/SkuDestroyForm.tsx(49,68): error TS1128: Declaration or statement expected.
src/components/SkuDestroyForm.tsx(51,3): error TS1128: Declaration or statement expected.
src/components/SkuDestroyForm.tsx(51,4): error TS1128: Declaration or statement expected.
src/components/SkuDestroyForm.tsx(51,23): error TS1005: ';' expected.
src/components/SkuDestroyForm.tsx(57,41): error TS1005: ',' expected.
src/components/SkuDestroyForm.tsx(57,42): error TS1005: ';' expected.
src/components/SkuDestroyForm.tsx(62,48): error TS1005: ',' expected.
src/components/SkuDestroyForm.tsx(62,49): error TS1005: ';' expected.
src/components/SkuDestroyForm.tsx(64,57): error TS1005: ',' expected.
src/components/SkuDestroyForm.tsx(64,58): error TS1472: 'catch' or 'finally' expected.
src/components/SkuDestroyForm.tsx(83,9): error TS1005: ',' expected.
src/components/SkuDestroyForm.tsx(83,10): error TS1005: ';' expected.
src/components/SkuDestroyForm.tsx(87,31): error TS1005: ',' expected.
src/components/SkuDestroyForm.tsx(88,11): error TS1005: ',' expected.
src/components/SkuDestroyForm.tsx(88,29): error TS1005: ',' expected.
src/components/SkuDestroyForm.tsx(89,35): error TS1005: ',' expected.
src/components/SkuDestroyForm.tsx(90,9): error TS1005: ',' expected.
src/components/SkuDestroyForm.tsx(90,10): error TS1128: Declaration or statement expected.
src/components/SkuDestroyForm.tsx(90,11): error TS1128: Declaration or statement expected.
src/components/SkuDestroyForm.tsx(91,9): error TS1005: ',' expected.
src/components/SkuDestroyForm.tsx(92,15): error TS1005: ':' expected.
src/components/SkuDestroyForm.tsx(92,19): error TS1005: ':' expected.
src/components/SkuDestroyForm.tsx(92,24): error TS1005: ',' expected.
src/components/SkuDestroyForm.tsx(93,7): error TS1128: Declaration or statement expected.
src/components/SkuDestroyForm.tsx(94,5): error TS1128: Declaration or statement expected.
src/components/SkuDestroyForm.tsx(94,7): error TS1005: 'try' expected.
src/components/SkuDestroyForm.tsx(99,7): error TS1005: ',' expected.
src/components/SkuDestroyForm.tsx(99,8): error TS1005: ';' expected.
src/components/SkuDestroyForm.tsx(106,7): error TS1005: ',' expected.
src/components/SkuDestroyForm.tsx(106,9): error TS1005: ';' expected.
src/components/SkuDestroyForm.tsx(106,10): error TS1128: Declaration or statement expected.
src/components/SkuDestroyForm.tsx(110,3): error TS1128: Declaration or statement expected.
src/components/SkuDestroyForm.tsx(125,66): error TS1005: '}' expected.
src/components/SkuDestroyForm.tsx(125,67): error TS1434: Unexpected keyword or identifier.
src/components/SkuDestroyForm.tsx(125,68): error TS1128: Declaration or statement expected.
src/components/SkuDestroyForm.tsx(327,14): error TS1109: Expression expected.
src/components/SkuDestroyForm.tsx(328,11): error TS1109: Expression expected.
src/components/SkuDestroyForm.tsx(329,18): error TS1005: ',' expected.
src/components/SkuDestroyForm.tsx(332,31): error TS1005: '}' expected.
src/components/SkuDestroyForm.tsx(333,13): error TS1005: ';' expected.
src/components/SkuDestroyForm.tsx(337,11): error TS2657: JSX expressions must have one parent element.
src/components/SkuDestroyForm.tsx(345,30): error TS1005: '}' expected.
src/components/SkuDestroyForm.tsx(347,70): error TS1005: ',' expected.
src/components/SkuDestroyForm.tsx(348,28): error TS1381: Unexpected token. Did you mean `{'}'}` or `&rbrace;`?
src/components/SkuDestroyForm.tsx(348,30): error TS1381: Unexpected token. Did you mean `{'}'}` or `&rbrace;`?
src/components/SkuDestroyForm.tsx(350,17): error TS1382: Unexpected token. Did you mean `{'>'}` or `&gt;`?
src/components/SkuDestroyForm.tsx(351,26): error TS1005: '}' expected.
src/components/SkuDestroyForm.tsx(359,24): error TS1003: Identifier expected.
src/components/SkuDestroyForm.tsx(359,26): error TS1381: Unexpected token. Did you mean `{'}'}` or `&rbrace;`?
src/components/SkuDestroyForm.tsx(362,14): error TS1382: Unexpected token. Did you mean `{'>'}` or `&gt;`?
src/components/SkuDestroyForm.tsx(367,29): error TS1005: '}' expected.
src/components/SkuDestroyForm.tsx(368,13): error TS1128: Declaration or statement expected.
src/components/SkuDestroyForm.tsx(372,11): error TS2657: JSX expressions must have one parent element.
src/components/SkuDestroyForm.tsx(381,77): error TS1005: ',' expected.
src/components/SkuDestroyForm.tsx(383,95): error TS1005: ')' expected.
src/components/SkuDestroyForm.tsx(394,63): error TS1005: '}' expected.
src/components/SkuDestroyForm.tsx(395,78): error TS1005: ',' expected.
src/components/SkuDestroyForm.tsx(398,16): error TS1382: Unexpected token. Did you mean `{'>'}` or `&gt;`?
src/components/SkuDestroyForm.tsx(406,22): error TS1128: Declaration or statement expected.
src/components/SkuDestroyForm.tsx(411,12): error TS1005: ';' expected.
src/components/SkuDestroyForm.tsx(415,11): error TS1005: ')' expected.
src/components/SkuDestroyForm.tsx(415,12): error TS1128: Declaration or statement expected.
src/components/SkuDestroyForm.tsx(417,38): error TS1136: Property assignment expected.
src/components/SkuDestroyForm.tsx(417,39): error TS1136: Property assignment expected.
src/components/SkuDestroyForm.tsx(418,9): error TS1136: Property assignment expected.
src/components/SkuDestroyForm.tsx(427,16): error TS1005: ')' expected.
src/components/SkuDestroyForm.tsx(431,68): error TS1005: ',' expected.
src/components/SkuDestroyForm.tsx(433,38): error TS1005: '}' expected.
src/components/SkuDestroyForm.tsx(434,19): error TS1382: Unexpected token. Did you mean `{'>'}` or `&gt;`?
src/components/SkuDestroyForm.tsx(440,69): error TS1005: ',' expected.
src/components/SkuDestroyForm.tsx(442,38): error TS1005: '}' expected.
src/components/SkuDestroyForm.tsx(443,19): error TS1382: Unexpected token. Did you mean `{'>'}` or `&gt;`?
src/components/SkuDestroyForm.tsx(454,14): error TS1005: ')' expected.
src/components/SkuDestroyForm.tsx(460,18): error TS1005: ')' expected.
src/components/SkuDestroyForm.tsx(465,92): error TS1005: '}' expected.
src/components/SkuDestroyForm.tsx(466,106): error TS1005: ',' expected.
src/components/SkuDestroyForm.tsx(469,24): error TS1382: Unexpected token. Did you mean `{'>'}` or `&gt;`?
src/components/SkuDestroyForm.tsx(483,68): error TS1005: ',' expected.
src/components/SkuDestroyForm.tsx(484,98): error TS1005: '}' expected.
src/components/SkuDestroyForm.tsx(485,129): error TS1005: ',' expected.
src/components/SkuDestroyForm.tsx(487,110): error TS1005: ',' expected.
src/components/SkuDestroyForm.tsx(488,30): error TS1382: Unexpected token. Did you mean `{'>'}` or `&gt;`?
src/components/SkuDestroyForm.tsx(489,104): error TS1005: ',' expected.
src/components/SkuDestroyForm.tsx(492,42): error TS1109: Expression expected.
src/components/SkuDestroyForm.tsx(501,75): error TS1005: ',' expected.
src/components/SkuDestroyForm.tsx(503,31): error TS1128: Declaration or statement expected.
src/components/SkuDestroyForm.tsx(503,32): error TS1005: '}' expected.
src/components/SkuDestroyForm.tsx(515,9): error TS1005: ')' expected.
src/components/SkuDestroyForm.tsx(515,10): error TS1128: Declaration or statement expected.
src/components/SkuDestroyForm.tsx(524,11): error TS1382: Unexpected token. Did you mean `{'>'}` or `&gt;`?
src/components/SkuDestroyForm.tsx(530,128): error TS1135: Argument expression expected.
src/components/SkuDestroyForm.tsx(531,11): error TS1382: Unexpected token. Did you mean `{'>'}` or `&gt;`?
src/components/SkuDestroyForm.tsx(535,7): error TS1128: Declaration or statement expected.
src/components/SkuDestroyForm.tsx(536,5): error TS1109: Expression expected.
src/components/SkuDestroyForm.tsx(537,3): error TS1109: Expression expected.
src/components/SkuDestroyForm.tsx(538,2): error TS1005: '}' expected.
src/components/SkuDetailModal.tsx(51,48): error TS1005: ',' expected.
src/components/SkuDetailModal.tsx(51,49): error TS1144: '{' or ';' expected.
src/components/SkuDetailModal.tsx(51,50): error TS1128: Declaration or statement expected.
src/components/SkuDetailModal.tsx(51,64): error TS1005: ';' expected.
src/components/SkuDetailModal.tsx(66,3): error TS1005: ',' expected.
src/components/SkuDetailModal.tsx(66,4): error TS1005: ',' expected.
src/components/SkuDetailModal.tsx(71,31): error TS1005: ',' expected.
src/components/SkuDetailModal.tsx(72,3): error TS1128: Declaration or statement expected.
src/components/SkuDetailModal.tsx(76,31): error TS1005: ',' expected.
src/components/SkuDetailModal.tsx(77,3): error TS1128: Declaration or statement expected.
src/components/SkuDetailModal.tsx(104,3): error TS1472: 'catch' or 'finally' expected.
src/components/SkuDetailModal.tsx(107,61): error TS1005: ',' expected.
src/components/SkuDetailModal.tsx(107,63): error TS1005: ';' expected.
src/components/SkuDetailModal.tsx(107,64): error TS1128: Declaration or statement expected.
src/components/SkuDetailModal.tsx(113,68): error TS1005: ',' expected.
src/components/SkuDetailModal.tsx(113,70): error TS1005: ';' expected.
src/components/SkuDetailModal.tsx(113,71): error TS1128: Declaration or statement expected.
src/components/SkuDetailModal.tsx(115,77): error TS1005: ',' expected.
src/components/SkuDetailModal.tsx(115,79): error TS1005: ';' expected.
src/components/SkuDetailModal.tsx(115,80): error TS1128: Declaration or statement expected.
src/components/SkuDetailModal.tsx(119,59): error TS1005: ',' expected.
src/components/SkuDetailModal.tsx(119,61): error TS1005: ';' expected.
src/components/SkuDetailModal.tsx(119,62): error TS1128: Declaration or statement expected.
src/components/SkuDetailModal.tsx(121,51): error TS1005: ',' expected.
src/components/SkuDetailModal.tsx(121,53): error TS1005: ';' expected.
src/components/SkuDetailModal.tsx(121,54): error TS1128: Declaration or statement expected.
src/components/SkuDetailModal.tsx(132,7): error TS1005: ',' expected.
src/components/SkuDetailModal.tsx(132,8): error TS1005: ',' expected.
src/components/SkuDetailModal.tsx(137,18): error TS1005: ',' expected.
src/components/SkuDetailModal.tsx(138,11): error TS1005: ',' expected.
src/components/SkuDetailModal.tsx(138,24): error TS1005: ',' expected.
src/components/SkuDetailModal.tsx(139,28): error TS1005: ',' expected.
src/components/SkuDetailModal.tsx(145,9): error TS1005: ',' expected.
src/components/SkuDetailModal.tsx(145,10): error TS1128: Declaration or statement expected.
src/components/SkuDetailModal.tsx(145,11): error TS1128: Declaration or statement expected.
src/components/SkuDetailModal.tsx(147,5): error TS1472: 'catch' or 'finally' expected.
src/components/SkuDetailModal.tsx(147,7): error TS1005: ',' expected.
src/components/SkuDetailModal.tsx(153,50): error TS1005: ',' expected.
src/components/SkuDetailModal.tsx(153,52): error TS1005: ';' expected.
src/components/SkuDetailModal.tsx(153,53): error TS1128: Declaration or statement expected.
src/components/SkuDetailModal.tsx(176,7): error TS1005: ',' expected.
src/components/SkuDetailModal.tsx(176,9): error TS1005: ';' expected.
src/components/SkuDetailModal.tsx(177,7): error TS1005: ',' expected.
src/components/SkuDetailModal.tsx(178,15): error TS1005: ',' expected.
src/components/SkuDetailModal.tsx(193,7): error TS1005: ',' expected.
src/components/SkuDetailModal.tsx(193,8): error TS1136: Property assignment expected.
src/components/SkuDetailModal.tsx(193,9): error TS1136: Property assignment expected.
src/components/SkuDetailModal.tsx(195,3): error TS1005: ')' expected.
src/components/SkuDetailModal.tsx(195,4): error TS1128: Declaration or statement expected.
src/components/SkuDetailModal.tsx(195,22): error TS1005: ';' expected.
src/components/SkuDetailModal.tsx(218,14): error TS17008: JSX element 'button' has no corresponding closing tag.
src/components/SkuDetailModal.tsx(227,11): error TS1005: ')' expected.
src/components/SkuDetailModal.tsx(232,12): error TS1005: '}' expected.
src/components/SkuDetailModal.tsx(237,31): error TS1109: Expression expected.
src/components/SkuDetailModal.tsx(245,34): error TS1003: Identifier expected.
src/components/SkuDetailModal.tsx(246,76): error TS1381: Unexpected token. Did you mean `{'}'}` or `&rbrace;`?
src/components/SkuDetailModal.tsx(246,77): error TS1381: Unexpected token. Did you mean `{'}'}` or `&rbrace;`?
src/components/SkuDetailModal.tsx(247,26): error TS1382: Unexpected token. Did you mean `{'>'}` or `&gt;`?
src/components/SkuDetailModal.tsx(252,24): error TS1381: Unexpected token. Did you mean `{'}'}` or `&rbrace;`?
src/components/SkuDetailModal.tsx(266,162): error TS1005: ',' expected.
src/components/SkuDetailModal.tsx(266,190): error TS1005: '}' expected.
src/components/SkuDetailModal.tsx(266,191): error TS1005: ':' expected.
src/components/SkuDetailModal.tsx(266,203): error TS1381: Unexpected token. Did you mean `{'}'}` or `&rbrace;`?
src/components/SkuDetailModal.tsx(281,29): error TS1005: '}' expected.
src/components/SkuDetailModal.tsx(282,27): error TS1381: Unexpected token. Did you mean `{'}'}` or `&rbrace;`?
src/components/SkuDetailModal.tsx(282,29): error TS1381: Unexpected token. Did you mean `{'}'}` or `&rbrace;`?
src/components/SkuDetailModal.tsx(282,30): error TS1382: Unexpected token. Did you mean `{'>'}` or `&gt;`?
src/components/SkuDetailModal.tsx(283,76): error TS17002: Expected corresponding JSX closing tag for 'div'.
src/components/SkuDetailModal.tsx(292,119): error TS1005: ',' expected.
src/components/SkuDetailModal.tsx(296,117): error TS1005: ',' expected.
src/components/SkuDetailModal.tsx(301,120): error TS1005: '}' expected.
src/components/SkuDetailModal.tsx(306,92): error TS1005: '}' expected.
src/components/SkuDetailModal.tsx(314,15): error TS1005: ')' expected.
src/components/SkuDetailModal.tsx(317,31): error TS1109: Expression expected.
src/components/SkuDetailModal.tsx(322,25): error TS1005: '}' expected.
src/components/SkuDetailModal.tsx(322,34): error TS1381: Unexpected token. Did you mean `{'}'}` or `&rbrace;`?
src/components/SkuDetailModal.tsx(322,36): error TS1381: Unexpected token. Did you mean `{'}'}` or `&rbrace;`?
src/components/SkuDetailModal.tsx(323,23): error TS1382: Unexpected token. Did you mean `{'>'}` or `&gt;`?
src/components/SkuDetailModal.tsx(331,27): error TS1005: '}' expected.
src/components/SkuDetailModal.tsx(331,36): error TS1381: Unexpected token. Did you mean `{'}'}` or `&rbrace;`?
src/components/SkuDetailModal.tsx(331,38): error TS1381: Unexpected token. Did you mean `{'}'}` or `&rbrace;`?
src/components/SkuDetailModal.tsx(332,25): error TS1382: Unexpected token. Did you mean `{'>'}` or `&gt;`?
src/components/SkuDetailModal.tsx(339,25): error TS1005: '}' expected.
src/components/SkuDetailModal.tsx(339,34): error TS1381: Unexpected token. Did you mean `{'}'}` or `&rbrace;`?
src/components/SkuDetailModal.tsx(339,36): error TS1381: Unexpected token. Did you mean `{'}'}` or `&rbrace;`?
src/components/SkuDetailModal.tsx(340,23): error TS1382: Unexpected token. Did you mean `{'>'}` or `&gt;`?
src/components/SkuDetailModal.tsx(360,102): error TS1005: ',' expected.
src/components/SkuDetailModal.tsx(364,99): error TS1005: ',' expected.
src/components/SkuDetailModal.tsx(368,99): error TS1005: ',' expected.
src/components/SkuDetailModal.tsx(372,112): error TS1005: ',' expected.
src/components/SkuDetailModal.tsx(376,24): error TS1005: '}' expected.
src/components/SkuDetailModal.tsx(383,51): error TS1005: '}' expected.
src/components/SkuDetailModal.tsx(386,19): error TS1005: ')' expected.
src/components/SkuDetailModal.tsx(391,20): error TS1005: '}' expected.
src/components/SkuDetailModal.tsx(394,37): error TS1005: '}' expected.
src/components/SkuDetailModal.tsx(394,38): error TS1005: '}' expected.
src/components/SkuDetailModal.tsx(395,22): error TS1382: Unexpected token. Did you mean `{'>'}` or `&gt;`?
src/components/SkuDetailModal.tsx(396,20): error TS1381: Unexpected token. Did you mean `{'}'}` or `&rbrace;`?
src/components/SkuDetailModal.tsx(397,15): error TS1005: ')' expected.
src/components/SkuDetailModal.tsx(399,33): error TS1005: '}' expected.
src/components/SkuDetailModal.tsx(399,34): error TS1005: '}' expected.
src/components/SkuDetailModal.tsx(400,65): error TS1005: ',' expected.
src/components/SkuDetailModal.tsx(401,36): error TS1005: '}' expected.
src/components/SkuDetailModal.tsx(402,18): error TS1382: Unexpected token. Did you mean `{'>'}` or `&gt;`?
src/components/SkuDetailModal.tsx(405,33): error TS1005: '}' expected.
src/components/SkuDetailModal.tsx(405,34): error TS1005: '}' expected.
src/components/SkuDetailModal.tsx(406,68): error TS1005: ',' expected.
src/components/SkuDetailModal.tsx(407,36): error TS1005: '}' expected.
src/components/SkuDetailModal.tsx(408,18): error TS1382: Unexpected token. Did you mean `{'>'}` or `&gt;`?
src/components/SkuDetailModal.tsx(411,33): error TS1005: '}' expected.
src/components/SkuDetailModal.tsx(411,34): error TS1005: '}' expected.
src/components/SkuDetailModal.tsx(412,67): error TS1005: ',' expected.
src/components/SkuDetailModal.tsx(413,36): error TS1005: '}' expected.
src/components/SkuDetailModal.tsx(414,18): error TS1382: Unexpected token. Did you mean `{'>'}` or `&gt;`?
src/components/SkuDetailModal.tsx(415,16): error TS1381: Unexpected token. Did you mean `{'}'}` or `&rbrace;`?
src/components/SkuDetailModal.tsx(416,12): error TS1381: Unexpected token. Did you mean `{'}'}` or `&rbrace;`?
src/components/SkuDetailModal.tsx(420,1): error TS1128: Declaration or statement expected.
src/components/SkuHistoryView.tsx(16,63): error TS1005: ',' expected.
src/components/SkuHistoryView.tsx(16,85): error TS1144: '{' or ';' expected.
src/components/SkuHistoryView.tsx(24,3): error TS1005: ',' expected.
src/components/SkuHistoryView.tsx(24,4): error TS1005: ',' expected.
src/components/SkuHistoryView.tsx(38,9): error TS1005: ',' expected.
src/components/SkuHistoryView.tsx(38,10): error TS1005: ',' expected.
src/components/SkuHistoryView.tsx(64,47): error TS1109: Expression expected.
src/components/SkuHistoryView.tsx(65,50): error TS1109: Expression expected.
src/components/SkuHistoryView.tsx(67,76): error TS1005: ';' expected.
src/components/SkuHistoryView.tsx(111,9): error TS1005: 'try' expected.
src/components/SkuHistoryView.tsx(118,5): error TS1128: Declaration or statement expected.
src/components/SkuHistoryView.tsx(120,3): error TS1128: Declaration or statement expected.
src/components/SkuHistoryView.tsx(120,4): error TS1128: Declaration or statement expected.
src/components/SkuHistoryView.tsx(120,28): error TS1005: ';' expected.
src/components/SkuHistoryView.tsx(128,41): error TS1109: Expression expected.
src/components/SkuHistoryView.tsx(132,7): error TS1128: Declaration or statement expected.
src/components/SkuHistoryView.tsx(133,5): error TS1128: Declaration or statement expected.
src/components/SkuHistoryView.tsx(147,49): error TS1135: Argument expression expected.
src/components/SkuHistoryView.tsx(147,64): error TS1135: Argument expression expected.
src/components/SkuHistoryView.tsx(147,80): error TS1005: ')' expected.
src/components/SkuHistoryView.tsx(153,49): error TS1135: Argument expression expected.
src/components/SkuHistoryView.tsx(153,64): error TS1135: Argument expression expected.
src/components/SkuHistoryView.tsx(153,68): error TS1005: ',' expected.
src/components/SkuHistoryView.tsx(155,9): error TS1128: Declaration or statement expected.
src/components/SkuHistoryView.tsx(155,16): error TS1128: Declaration or statement expected.
src/components/SkuHistoryView.tsx(157,7): error TS1434: Unexpected keyword or identifier.
src/components/SkuHistoryView.tsx(157,15): error TS1128: Declaration or statement expected.
src/components/SkuHistoryView.tsx(160,3): error TS1128: Declaration or statement expected.
src/components/SkuHistoryView.tsx(160,4): error TS1128: Declaration or statement expected.
src/components/SkuHistoryView.tsx(160,40): error TS1005: ';' expected.
src/components/SkuHistoryView.tsx(188,5): error TS1005: ',' expected.
src/components/SkuHistoryView.tsx(188,6): error TS1005: ';' expected.
src/components/SkuHistoryView.tsx(198,18): error TS1005: ',' expected.
src/components/SkuHistoryView.tsx(199,3): error TS1128: Declaration or statement expected.
src/components/SkuHistoryView.tsx(212,6): error TS17008: JSX element 'div' has no corresponding closing tag.
src/components/SkuHistoryView.tsx(229,8): error TS17008: JSX element 'div' has no corresponding closing tag.
src/components/SkuHistoryView.tsx(231,10): error TS17008: JSX element 'div' has no corresponding closing tag.
src/components/SkuHistoryView.tsx(235,31): error TS1005: '}' expected.
src/components/SkuHistoryView.tsx(240,10): error TS17008: JSX element 'div' has no corresponding closing tag.
src/components/SkuHistoryView.tsx(241,12): error TS17008: JSX element 'button' has no corresponding closing tag.
src/components/SkuHistoryView.tsx(242,55): error TS1005: ',' expected.
src/components/SkuHistoryView.tsx(252,37): error TS1005: '}' expected.
src/components/SkuHistoryView.tsx(253,87): error TS1005: ',' expected.
src/components/SkuHistoryView.tsx(253,89): error TS1005: '}' expected.
src/components/SkuHistoryView.tsx(260,93): error TS1005: ',' expected.
src/components/SkuHistoryView.tsx(260,95): error TS1005: '}' expected.
src/components/SkuHistoryView.tsx(267,91): error TS1005: ',' expected.
src/components/SkuHistoryView.tsx(267,93): error TS1005: '}' expected.
src/components/SkuHistoryView.tsx(269,21): error TS1381: Unexpected token. Did you mean `{'}'}` or `&rbrace;`?
src/components/SkuHistoryView.tsx(269,24): error TS17002: Expected corresponding JSX closing tag for 'div'.
src/components/SkuHistoryView.tsx(273,10): error TS1381: Unexpected token. Did you mean `{'}'}` or `&rbrace;`?
src/components/SkuHistoryView.tsx(275,7): error TS1005: ')' expected.
src/components/SkuHistoryView.tsx(282,10): error TS1005: ')' expected.
src/components/SkuHistoryView.tsx(284,74): error TS1005: ',' expected.
src/components/SkuHistoryView.tsx(286,13): error TS1005: ',' expected.
src/components/SkuHistoryView.tsx(307,76): error TS1005: '}' expected.
src/components/SkuHistoryView.tsx(311,103): error TS1005: ',' expected.
src/components/SkuHistoryView.tsx(311,114): error TS1005: '}' expected.
src/components/SkuHistoryView.tsx(316,54): error TS1005: ',' expected.
src/components/SkuHistoryView.tsx(324,61): error TS1005: '}' expected.
src/components/SkuHistoryView.tsx(330,13): error TS1381: Unexpected token. Did you mean `{'}'}` or `&rbrace;`?
src/components/SkuHistoryView.tsx(331,10): error TS1381: Unexpected token. Did you mean `{'}'}` or `&rbrace;`?
src/components/SkuHistoryView.tsx(335,10): error TS17008: JSX element 'div' has no corresponding closing tag.
src/components/SkuHistoryView.tsx(337,110): error TS1005: ',' expected.
src/components/SkuHistoryView.tsx(338,35): error TS1005: '}' expected.
src/components/SkuHistoryView.tsx(343,74): error TS1005: ',' expected.
src/components/SkuHistoryView.tsx(346,44): error TS1005: '}' expected.
src/components/SkuHistoryView.tsx(346,47): error TS17002: Expected corresponding JSX closing tag for 'button'.
src/components/SkuHistoryView.tsx(348,14): error TS17008: JSX element 'button' has no corresponding closing tag.
src/components/SkuHistoryView.tsx(349,84): error TS1005: ',' expected.
src/components/SkuHistoryView.tsx(350,53): error TS1005: '}' expected.
src/components/SkuHistoryView.tsx(352,8): error TS1381: Unexpected token. Did you mean `{'}'}` or `&rbrace;`?
src/components/SkuHistoryView.tsx(354,1): error TS1381: Unexpected token. Did you mean `{'}'}` or `&rbrace;`?
src/components/SkuHistoryView.tsx(354,2): error TS1005: '</' expected.
src/components/SkuRestockForm.tsx(12,75): error TS1005: ',' expected.
src/components/SkuRestockForm.tsx(12,97): error TS1144: '{' or ';' expected.
src/components/SkuRestockForm.tsx(15,3): error TS1005: ',' expected.
src/components/SkuRestockForm.tsx(15,4): error TS1005: ',' expected.
src/components/SkuRestockForm.tsx(30,50): error TS1135: Argument expression expected.
src/components/SkuRestockForm.tsx(31,7): error TS1472: 'catch' or 'finally' expected.
src/components/SkuRestockForm.tsx(34,45): error TS1005: ',' expected.
src/components/SkuRestockForm.tsx(35,26): error TS1005: ';' expected.
src/components/SkuRestockForm.tsx(79,37): error TS1005: '}' expected.
src/components/SkuRestockForm.tsx(79,80): error TS1005: ';' expected.
src/components/SkuRestockForm.tsx(79,88): error TS1161: Unterminated regular expression literal.
src/components/SkuRestockForm.tsx(81,16): error TS1005: ';' expected.
src/components/SkuRestockForm.tsx(82,25): error TS1005: ';' expected.
src/components/SkuRestockForm.tsx(82,45): error TS1005: ';' expected.
src/components/SkuRestockForm.tsx(83,26): error TS1005: ';' expected.
src/components/SkuRestockForm.tsx(172,32): error TS1005: '}' expected.
src/components/SkuRestockForm.tsx(172,43): error TS1005: ';' expected.
src/components/SkuRestockForm.tsx(172,47): error TS1005: ';' expected.
src/components/SkuRestockForm.tsx(172,52): error TS1005: ';' expected.
src/components/SkuRestockForm.tsx(183,37): error TS1005: ';' expected.
src/components/SkuRestockForm.tsx(183,49): error TS1005: ';' expected.
src/components/SkuRestockForm.tsx(327,2): error TS1160: Unterminated template literal.
src/components/SkuSellForm.tsx(119,59): error TS1005: ';' expected.
src/components/SkuSellForm.tsx(129,55): error TS1005: ',' expected.
src/components/SkuSellForm.tsx(148,8): error TS17008: JSX element 'form' has no corresponding closing tag.
src/components/SkuSellForm.tsx(156,47): error TS1003: Identifier expected.
src/components/SkuSellForm.tsx(158,93): error TS1005: ',' expected.
src/components/SkuSellForm.tsx(159,24): error TS1381: Unexpected token. Did you mean `{'}'}` or `&rbrace;`?
src/components/SkuSellForm.tsx(159,26): error TS1381: Unexpected token. Did you mean `{'}'}` or `&rbrace;`?
src/components/SkuSellForm.tsx(161,14): error TS1382: Unexpected token. Did you mean `{'>'}` or `&gt;`?
src/components/SkuSellForm.tsx(184,13): error TS1005: ')' expected.
src/components/SkuSellForm.tsx(192,49): error TS1003: Identifier expected.
src/components/SkuSellForm.tsx(194,24): error TS1381: Unexpected token. Did you mean `{'}'}` or `&rbrace;`?
src/components/SkuSellForm.tsx(194,93): error TS1381: Unexpected token. Did you mean `{'}'}` or `&rbrace;`?
src/components/SkuSellForm.tsx(195,93): error TS1005: ')' expected.
src/components/SkuSellForm.tsx(196,71): error TS1005: ')' expected.
src/components/SkuSellForm.tsx(197,14): error TS1382: Unexpected token. Did you mean `{'>'}` or `&gt;`?
src/components/SkuSellForm.tsx(210,50): error TS1003: Identifier expected.
src/components/SkuSellForm.tsx(212,24): error TS1381: Unexpected token. Did you mean `{'}'}` or `&rbrace;`?
src/components/SkuSellForm.tsx(212,93): error TS1381: Unexpected token. Did you mean `{'}'}` or `&rbrace;`?
src/components/SkuSellForm.tsx(213,93): error TS1005: ')' expected.
src/components/SkuSellForm.tsx(214,71): error TS1005: ')' expected.
src/components/SkuSellForm.tsx(215,14): error TS1382: Unexpected token. Did you mean `{'>'}` or `&gt;`?
src/components/SkuSellForm.tsx(228,52): error TS1003: Identifier expected.
src/components/SkuSellForm.tsx(230,24): error TS1381: Unexpected token. Did you mean `{'}'}` or `&rbrace;`?
src/components/SkuSellForm.tsx(230,113): error TS1381: Unexpected token. Did you mean `{'}'}` or `&rbrace;`?
src/components/SkuSellForm.tsx(232,91): error TS1005: ')' expected.
src/components/SkuSellForm.tsx(233,14): error TS1382: Unexpected token. Did you mean `{'>'}` or `&gt;`?
src/components/SkuSellForm.tsx(247,42): error TS1003: Identifier expected.
src/components/SkuSellForm.tsx(250,11): error TS1382: Unexpected token. Did you mean `{'>'}` or `&gt;`?
src/components/SkuSellForm.tsx(260,13): error TS17002: Expected corresponding JSX closing tag for 'div'.
src/components/SkuSellForm.tsx(263,9): error TS1005: ')' expected.
src/components/SkuSellForm.tsx(269,35): error TS1003: Identifier expected.
src/components/SkuSellForm.tsx(273,12): error TS1382: Unexpected token. Did you mean `{'>'}` or `&gt;`?
src/components/SkuSellForm.tsx(283,54): error TS1003: Identifier expected.
src/components/SkuSellForm.tsx(284,105): error TS1005: ',' expected.
src/components/SkuSellForm.tsx(285,24): error TS1381: Unexpected token. Did you mean `{'}'}` or `&rbrace;`?
src/components/SkuSellForm.tsx(285,26): error TS1381: Unexpected token. Did you mean `{'}'}` or `&rbrace;`?
src/components/SkuSellForm.tsx(287,14): error TS1382: Unexpected token. Did you mean `{'>'}` or `&gt;`?
src/components/SkuSellForm.tsx(298,60): error TS1005: ',' expected.
src/components/SkuSellForm.tsx(300,83): error TS1005: ',' expected.
src/components/SkuSellForm.tsx(301,13): error TS1005: ')' expected.
src/components/SkuSellForm.tsx(302,92): error TS1005: ',' expected.
src/components/SkuSellForm.tsx(311,67): error TS1005: ',' expected.
src/components/SkuSellForm.tsx(315,145): error TS1005: ',' expected.
src/components/SkuSellForm.tsx(324,11): error TS1382: Unexpected token. Did you mean `{'>'}` or `&gt;`?
src/components/SkuSellForm.tsx(329,11): error TS1382: Unexpected token. Did you mean `{'>'}` or `&gt;`?
src/components/SkuSellForm.tsx(335,14): error TS1005: ')' expected.
src/components/SkuSellForm.tsx(337,13): error TS1005: ')' expected.
src/components/SkuSellForm.tsx(339,7): error TS1128: Declaration or statement expected.
src/components/SkuSellForm.tsx(340,5): error TS1109: Expression expected.
src/components/SkuSellForm.tsx(341,3): error TS1109: Expression expected.
src/components/SkuSellForm.tsx(342,1): error TS1128: Declaration or statement expected.
src/components/SkuTraceView.tsx(10,61): error TS1005: ',' expected.
src/components/SkuTraceView.tsx(10,81): error TS1144: '{' or ';' expected.
src/components/SkuTraceView.tsx(67,5): error TS1005: ',' expected.
src/components/SkuTraceView.tsx(67,6): error TS1005: ';' expected.
src/components/SkuTraceView.tsx(83,20): error TS1109: Expression expected.
src/components/SkuTraceView.tsx(90,10): error TS1005: ')' expected.
src/components/SkuTraceView.tsx(97,38): error TS1109: Expression expected.
src/components/SkuTraceView.tsx(99,84): error TS1003: Identifier expected.
src/components/SkuTraceView.tsx(100,72): error TS1005: ',' expected.
src/components/SkuTraceView.tsx(101,17): error TS1382: Unexpected token. Did you mean `{'>'}` or `&gt;`?
src/components/SkuTraceView.tsx(116,50): error TS1005: '}' expected.
src/components/SkuTraceView.tsx(133,24): error TS1005: ')' expected.
src/components/SkuTraceView.tsx(135,23): error TS1005: ')' expected.
src/components/SkuTraceView.tsx(139,17): error TS1005: ')' expected.
src/components/SkuTraceView.tsx(176,108): error TS1005: '}' expected.
src/components/SkuTraceView.tsx(188,92): error TS1005: ',' expected.
src/components/SkuTraceView.tsx(198,91): error TS1005: '}' expected.
src/components/SkuTraceView.tsx(202,19): error TS1128: Declaration or statement expected.
src/components/SkuTraceView.tsx(203,13): error TS1381: Unexpected token. Did you mean `{'}'}` or `&rbrace;`?
src/components/SkuTraceView.tsx(204,10): error TS1381: Unexpected token. Did you mean `{'}'}` or `&rbrace;`?
src/components/SkuTraceView.tsx(205,5): error TS1005: ')' expected.
src/components/SkuTraceView.tsx(206,3): error TS1109: Expression expected.
src/components/TotalPriceInput.tsx(20,16): error TS1005: ',' expected.
src/components/TotalPriceInput.tsx(21,11): error TS1005: ':' expected.
src/components/TotalPriceInput.tsx(22,5): error TS1005: ',' expected.
src/components/TotalPriceInput.tsx(22,13): error TS1005: ',' expected.
src/components/TotalPriceInput.tsx(23,3): error TS1128: Declaration or statement expected.
src/components/TotalPriceInput.tsx(37,14): error TS1003: Identifier expected.
src/components/TotalPriceInput.tsx(37,15): error TS1381: Unexpected token. Did you mean `{'}'}` or `&rbrace;`?
src/components/TotalPriceInput.tsx(39,25): error TS1005: ';' expected.
src/components/TotalPriceInput.tsx(45,89): error TS1005: ',' expected.
src/components/TotalPriceInput.tsx(46,82): error TS1005: ',' expected.
src/components/TotalPriceInput.tsx(47,85): error TS1005: ',' expected.
src/components/TotalPriceInput.tsx(48,82): error TS1005: ',' expected.
src/components/TotalPriceInput.tsx(53,64): error TS1005: ',' expected.
src/components/TotalPriceInput.tsx(55,12): error TS1005: '}' expected.
src/components/TotalPriceInput.tsx(60,47): error TS1005: '}' expected.
src/components/TotalPriceInput.tsx(63,9): error TS1128: Declaration or statement expected.
src/components/TotalPriceInput.tsx(64,3): error TS1109: Expression expected.
src/components/TotalPriceInput.tsx(65,1): error TS1128: Declaration or statement expected.
src/components/TransactionLog.tsx(60,3): error TS1005: ',' expected.
src/components/TransactionLog.tsx(60,4): error TS1005: ',' expected.
src/components/TransactionLog.tsx(67,3): error TS1005: ',' expected.
src/components/TransactionLog.tsx(67,4): error TS1005: ',' expected.
src/components/TransactionLog.tsx(74,63): error TS1005: ',' expected.
src/components/TransactionLog.tsx(74,65): error TS1005: ';' expected.
src/components/TransactionLog.tsx(74,66): error TS1128: Declaration or statement expected.
src/components/TransactionLog.tsx(100,9): error TS1005: ',' expected.
src/components/TransactionLog.tsx(100,11): error TS1005: ';' expected.
src/components/TransactionLog.tsx(100,12): error TS1128: Declaration or statement expected.
src/components/TransactionLog.tsx(105,9): error TS1005: ',' expected.
src/components/TransactionLog.tsx(105,11): error TS1005: ';' expected.
src/components/TransactionLog.tsx(105,12): error TS1128: Declaration or statement expected.
src/components/TransactionLog.tsx(112,7): error TS1005: ',' expected.
src/components/TransactionLog.tsx(112,9): error TS1005: ';' expected.
src/components/TransactionLog.tsx(112,10): error TS1128: Declaration or statement expected.
src/components/TransactionLog.tsx(114,51): error TS1005: ',' expected.
src/components/TransactionLog.tsx(114,53): error TS1005: ';' expected.
src/components/TransactionLog.tsx(114,54): error TS1128: Declaration or statement expected.
src/components/TransactionLog.tsx(118,66): error TS1005: ',' expected.
src/components/TransactionLog.tsx(119,50): error TS1005: ',' expected.
src/components/TransactionLog.tsx(119,52): error TS1005: ';' expected.
src/components/TransactionLog.tsx(119,53): error TS1128: Declaration or statement expected.
src/components/TransactionLog.tsx(126,5): error TS1005: ',' expected.
src/components/TransactionLog.tsx(126,7): error TS1005: ';' expected.
src/components/TransactionLog.tsx(136,5): error TS1005: ',' expected.
src/components/TransactionLog.tsx(136,6): error TS1005: ';' expected.
src/components/TransactionLog.tsx(136,7): error TS1128: Declaration or statement expected.
src/components/TransactionLog.tsx(146,5): error TS1005: ',' expected.
src/components/TransactionLog.tsx(146,7): error TS1005: ';' expected.
src/components/TransactionLog.tsx(158,5): error TS1005: ',' expected.
src/components/TransactionLog.tsx(158,7): error TS1005: ';' expected.
src/components/TransactionLog.tsx(165,6): error TS1005: ')' expected.
src/components/TransactionLog.tsx(188,15): error TS1005: '}' expected.
src/components/TransactionLog.tsx(188,16): error TS1382: Unexpected token. Did you mean `{'>'}` or `&gt;`?
src/components/TransactionLog.tsx(189,49): error TS1005: '}' expected.
src/components/TransactionLog.tsx(192,62): error TS1005: ',' expected.
src/components/TransactionLog.tsx(195,11): error TS1382: Unexpected token. Did you mean `{'>'}` or `&gt;`?
src/components/TransactionLog.tsx(202,7): error TS1005: ')' expected.
src/components/TransactionLog.tsx(209,52): error TS1005: ',' expected.
src/components/TransactionLog.tsx(220,53): error TS1005: ',' expected.
src/components/TransactionLog.tsx(241,51): error TS1005: '}' expected.
src/components/TransactionLog.tsx(245,14): error TS1005: ')' expected.
src/components/TransactionLog.tsx(247,13): error TS1005: ')' expected.
src/components/TransactionLog.tsx(252,8): error TS17008: JSX element 'div' has no corresponding closing tag.
src/components/TransactionLog.tsx(256,57): error TS1005: ',' expected.
src/components/TransactionLog.tsx(262,10): error TS17008: JSX element 'div' has no corresponding closing tag.
src/components/TransactionLog.tsx(263,12): error TS17008: JSX element 'div' has no corresponding closing tag.
src/components/TransactionLog.tsx(266,34): error TS1005: '}' expected.
src/components/TransactionLog.tsx(267,83): error TS1005: ',' expected.
src/components/TransactionLog.tsx(267,84): error TS1005: '}' expected.
src/components/TransactionLog.tsx(267,86): error TS1381: Unexpected token. Did you mean `{'}'}` or `&rbrace;`?
src/components/TransactionLog.tsx(271,78): error TS1005: ',' expected.
src/components/TransactionLog.tsx(271,79): error TS1005: '}' expected.
src/components/TransactionLog.tsx(271,81): error TS1381: Unexpected token. Did you mean `{'}'}` or `&rbrace;`?
src/components/TransactionLog.tsx(277,12): error TS17008: JSX element 'div' has no corresponding closing tag.
src/components/TransactionLog.tsx(283,42): error TS1005: '}' expected.
src/components/TransactionLog.tsx(284,84): error TS1005: ',' expected.
src/components/TransactionLog.tsx(284,85): error TS1005: '}' expected.
src/components/TransactionLog.tsx(284,87): error TS1381: Unexpected token. Did you mean `{'}'}` or `&rbrace;`?
src/components/TransactionLog.tsx(287,82): error TS1005: ',' expected.
src/components/TransactionLog.tsx(287,83): error TS1005: '}' expected.
src/components/TransactionLog.tsx(287,85): error TS1381: Unexpected token. Did you mean `{'}'}` or `&rbrace;`?
src/components/TransactionLog.tsx(289,10): error TS1381: Unexpected token. Did you mean `{'}'}` or `&rbrace;`?
src/components/TransactionLog.tsx(296,8): error TS1005: '}' expected.
src/components/TransactionLog.tsx(299,8): error TS17008: JSX element 'div' has no corresponding closing tag.
src/components/TransactionLog.tsx(302,37): error TS1005: '}' expected.
src/components/TransactionLog.tsx(311,10): error TS1005: ')' expected.
src/components/TransactionLog.tsx(315,10): error TS1005: ')' expected.
src/components/TransactionLog.tsx(321,59): error TS1005: ',' expected.
src/components/TransactionLog.tsx(332,118): error TS1005: ',' expected.
src/components/TransactionLog.tsx(334,60): error TS1005: ',' expected.
src/components/TransactionLog.tsx(341,100): error TS1005: '}' expected.
src/components/TransactionLog.tsx(346,9): error TS1005: ')' expected.
src/components/TransactionLog.tsx(350,12): error TS17008: JSX element 'div' has no corresponding closing tag.
src/components/TransactionLog.tsx(351,14): error TS17008: JSX element 'div' has no corresponding closing tag.
src/components/TransactionLog.tsx(353,16): error TS17008: JSX element 'div' has no corresponding closing tag.
src/components/TransactionLog.tsx(357,18): error TS17008: JSX element 'div' has no corresponding closing tag.
src/components/TransactionLog.tsx(360,44): error TS1005: '}' expected.
src/components/TransactionLog.tsx(361,80): error TS1005: ',' expected.
src/components/TransactionLog.tsx(365,17): error TS2657: JSX expressions must have one parent element.
src/components/TransactionLog.tsx(366,20): error TS17008: JSX element 'button' has no corresponding closing tag.
src/components/TransactionLog.tsx(367,74): error TS1005: ',' expected.
src/components/TransactionLog.tsx(368,51): error TS1005: '}' expected.
src/components/TransactionLog.tsx(369,83): error TS1005: ',' expected.
src/components/TransactionLog.tsx(370,72): error TS1005: '}' expected.
src/components/TransactionLog.tsx(372,16): error TS1381: Unexpected token. Did you mean `{'}'}` or `&rbrace;`?
src/components/TransactionLog.tsx(373,14): error TS17008: JSX element 'div' has no corresponding closing tag.
src/components/TransactionLog.tsx(374,16): error TS17008: JSX element 'div' has no corresponding closing tag.
src/components/TransactionLog.tsx(378,83): error TS1005: ',' expected.
src/components/TransactionLog.tsx(384,44): error TS1005: '}' expected.
src/components/TransactionLog.tsx(385,80): error TS1005: ',' expected.
src/components/TransactionLog.tsx(390,20): error TS17008: JSX element 'nav' has no corresponding closing tag.
src/components/TransactionLog.tsx(392,76): error TS1005: ',' expected.
src/components/TransactionLog.tsx(393,53): error TS1005: '}' expected.
src/components/TransactionLog.tsx(402,72): error TS1003: Identifier expected.
src/components/TransactionLog.tsx(405,50): error TS1003: Identifier expected.
src/components/TransactionLog.tsx(408,46): error TS1382: Unexpected token. Did you mean `{'>'}` or `&gt;`?
src/components/TransactionLog.tsx(410,36): error TS1005: '}' expected.
src/components/TransactionLog.tsx(411,65): error TS1005: ',' expected.
src/components/TransactionLog.tsx(412,36): error TS1381: Unexpected token. Did you mean `{'}'}` or `&rbrace;`?
src/components/TransactionLog.tsx(412,38): error TS1381: Unexpected token. Did you mean `{'}'}` or `&rbrace;`?
src/components/TransactionLog.tsx(413,25): error TS1382: Unexpected token. Did you mean `{'>'}` or `&gt;`?
src/components/TransactionLog.tsx(418,76): error TS1005: ',' expected.
src/components/TransactionLog.tsx(419,74): error TS1005: '}' expected.
src/components/TransactionLog.tsx(421,16): error TS1381: Unexpected token. Did you mean `{'}'}` or `&rbrace;`?
src/components/TransactionLog.tsx(421,19): error TS17002: Expected corresponding JSX closing tag for 'button'.
src/components/TransactionLog.tsx(422,13): error TS17002: Expected corresponding JSX closing tag for 'button'.
src/components/TransactionLog.tsx(423,10): error TS1381: Unexpected token. Did you mean `{'}'}` or `&rbrace;`?
src/components/TransactionLog.tsx(424,5): error TS1005: ')' expected.
src/components/TransactionLog.tsx(426,1): error TS1381: Unexpected token. Did you mean `{'}'}` or `&rbrace;`?
src/components/TransactionLog.tsx(427,30): error TS1005: ')' expected.
src/components/TransactionLog.tsx(427,30): error TS1005: '</' expected.
src/hooks/__tests__/useAuth.test.tsx(11,21): error TS1135: Argument expression expected.
src/hooks/__tests__/useAuth.test.tsx(12,10): error TS1005: ',' expected.
src/hooks/__tests__/useAuth.test.tsx(12,20): error TS1135: Argument expression expected.
src/hooks/__tests__/useAuth.test.tsx(13,13): error TS1005: ',' expected.
src/hooks/__tests__/useAuth.test.tsx(13,23): error TS1135: Argument expression expected.
src/hooks/__tests__/useAuth.test.tsx(14,8): error TS1005: ',' expected.
src/hooks/__tests__/useAuth.test.tsx(14,19): error TS1135: Argument expression expected.
src/hooks/__tests__/useAuth.test.tsx(17,1): error TS1005: ',' expected.
src/hooks/__tests__/useAuth.test.tsx(17,2): error TS1005: ';' expected.
src/hooks/__tests__/useAuth.test.tsx(48,22): error TS1005: ',' expected.
src/hooks/__tests__/useAuth.test.tsx(51,53): error TS1005: ';' expected.
src/hooks/__tests__/useAuth.test.tsx(57,7): error TS1005: ',' expected.
src/hooks/__tests__/useAuth.test.tsx(57,8): error TS1005: ';' expected.
src/hooks/__tests__/useAuth.test.tsx(57,9): error TS1005: ';' expected.
src/hooks/__tests__/useAuth.test.tsx(70,61): error TS1005: ';' expected.
src/hooks/__tests__/useAuth.test.tsx(76,7): error TS1005: ',' expected.
src/hooks/__tests__/useAuth.test.tsx(76,8): error TS1005: ';' expected.
src/hooks/__tests__/useAuth.test.tsx(95,7): error TS1005: ',' expected.
src/hooks/__tests__/useAuth.test.tsx(95,8): error TS1005: ';' expected.
src/hooks/__tests__/useAuth.test.tsx(100,83): error TS1005: ';' expected.
src/hooks/__tests__/useAuth.test.tsx(105,7): error TS1005: ',' expected.
src/hooks/__tests__/useAuth.test.tsx(105,8): error TS1005: ';' expected.
src/hooks/__tests__/useAuth.test.tsx(105,9): error TS1005: ';' expected.
src/hooks/__tests__/useAuth.test.tsx(107,59): error TS1005: ';' expected.
src/hooks/__tests__/useAuth.test.tsx(116,7): error TS1005: ',' expected.
src/hooks/__tests__/useAuth.test.tsx(116,8): error TS1005: ';' expected.
src/hooks/__tests__/useAuth.test.tsx(121,87): error TS1005: ';' expected.
src/hooks/__tests__/useAuth.test.tsx(124,58): error TS1005: ';' expected.
src/hooks/__tests__/useAuth.test.tsx(133,7): error TS1005: ',' expected.
src/hooks/__tests__/useAuth.test.tsx(133,8): error TS1005: ';' expected.
src/hooks/__tests__/useAuth.test.tsx(139,78): error TS1005: ',' expected.
src/hooks/__tests__/useAuth.test.tsx(139,79): error TS1005: ';' expected.
src/hooks/__tests__/useAuth.test.tsx(139,80): error TS1005: ';' expected.
src/hooks/__tests__/useAuth.test.tsx(139,81): error TS1128: Declaration or statement expected.
src/hooks/__tests__/useAuth.test.tsx(139,83): error TS1005: 'try' expected.
src/hooks/__tests__/useAuth.test.tsx(142,8): error TS1128: Declaration or statement expected.
src/hooks/__tests__/useAuth.test.tsx(145,68): error TS1005: ';' expected.
src/hooks/__tests__/useAuth.test.tsx(153,7): error TS1005: ',' expected.
src/hooks/__tests__/useAuth.test.tsx(157,76): error TS1005: ',' expected.
src/hooks/__tests__/useAuth.test.tsx(157,77): error TS1005: ';' expected.
src/hooks/__tests__/useAuth.test.tsx(157,78): error TS1005: ';' expected.
src/hooks/__tests__/useAuth.test.tsx(157,79): error TS1128: Declaration or statement expected.
src/hooks/__tests__/useAuth.test.tsx(157,81): error TS1005: 'try' expected.
src/hooks/__tests__/useAuth.test.tsx(159,8): error TS1128: Declaration or statement expected.
src/hooks/__tests__/useAuth.test.tsx(169,7): error TS1005: ',' expected.
src/hooks/__tests__/useAuth.test.tsx(169,8): error TS1005: ';' expected.
src/hooks/__tests__/useAuth.test.tsx(169,9): error TS1005: ';' expected.
src/hooks/__tests__/useAuth.test.tsx(170,65): error TS1136: Property assignment expected.
src/hooks/__tests__/useAuth.test.tsx(170,66): error TS1005: ';' expected.
src/hooks/__tests__/useAuth.test.tsx(186,47): error TS1005: ';' expected.
src/hooks/__tests__/useAuth.test.tsx(192,7): error TS1005: ',' expected.
src/hooks/__tests__/useAuth.test.tsx(192,8): error TS1005: ';' expected.
src/hooks/__tests__/useAuth.test.tsx(192,9): error TS1005: ';' expected.
src/hooks/__tests__/useAuth.test.tsx(195,7): error TS1128: Declaration or statement expected.
src/hooks/__tests__/useAuth.test.tsx(214,7): error TS1005: ',' expected.
src/hooks/__tests__/useAuth.test.tsx(214,8): error TS1005: ';' expected.
src/hooks/__tests__/useAuth.test.tsx(214,9): error TS1005: ';' expected.
src/hooks/__tests__/useAuth.test.tsx(222,59): error TS1005: ';' expected.
src/hooks/__tests__/useAuth.test.tsx(228,7): error TS1005: ',' expected.
src/hooks/__tests__/useAuth.test.tsx(228,8): error TS1005: ';' expected.
src/hooks/__tests__/useAuth.test.tsx(228,9): error TS1005: ';' expected.
src/hooks/__tests__/useAuth.test.tsx(246,7): error TS1005: ',' expected.
src/hooks/__tests__/useAuth.test.tsx(246,8): error TS1005: ';' expected.
src/hooks/__tests__/useAuth.test.tsx(264,7): error TS1005: ',' expected.
src/hooks/__tests__/useAuth.test.tsx(264,8): error TS1005: ';' expected.
src/hooks/__tests__/useAuth.test.tsx(270,27): error TS1137: Expression or comma expected.
src/hooks/__tests__/useAuth.test.tsx(271,74): error TS1005: ',' expected.
src/hooks/__tests__/useAuth.test.tsx(271,75): error TS1005: ';' expected.
src/hooks/__tests__/useAuth.test.tsx(272,74): error TS1005: ',' expected.
src/hooks/__tests__/useAuth.test.tsx(272,75): error TS1005: ';' expected.
src/hooks/__tests__/useAuth.test.tsx(273,74): error TS1005: ',' expected.
src/hooks/__tests__/useAuth.test.tsx(273,75): error TS1005: ';' expected.
src/hooks/__tests__/useAuth.test.tsx(273,76): error TS1005: ';' expected.
src/hooks/__tests__/useAuth.test.tsx(274,9): error TS1128: Declaration or statement expected.
src/hooks/__tests__/useAuth.test.tsx(276,36): error TS1005: ';' expected.
src/hooks/__tests__/useAuth.test.tsx(280,59): error TS1005: ';' expected.
src/hooks/__tests__/useAuth.test.tsx(280,60): error TS1128: Declaration or statement expected.
src/hooks/useAuth.tsx(10,12): error TS1110: Type expected.
src/hooks/useAuth.tsx(10,14): error TS1128: Declaration or statement expected.
src/hooks/useAuth.tsx(11,19): error TS1005: ';' expected.
src/hooks/useAuth.tsx(13,1): error TS1128: Declaration or statement expected.
src/hooks/useAuth.tsx(19,42): error TS1005: ',' expected.
src/hooks/useAuth.tsx(19,43): error TS1138: Parameter declaration expected.
src/hooks/useAuth.tsx(19,48): error TS1005: ',' expected.
src/hooks/useAuth.tsx(19,57): error TS1005: ',' expected.
src/hooks/useAuth.tsx(20,9): error TS1005: ':' expected.
src/hooks/useAuth.tsx(21,3): error TS1005: ',' expected.
src/hooks/useAuth.tsx(21,9): error TS1005: ':' expected.
src/hooks/useAuth.tsx(22,3): error TS1005: ',' expected.
src/hooks/useAuth.tsx(22,9): error TS1005: ':' expected.
src/hooks/useAuth.tsx(25,3): error TS1005: ',' expected.
src/hooks/useAuth.tsx(25,12): error TS1005: ',' expected.
src/hooks/useAuth.tsx(36,10): error TS1005: ',' expected.
src/hooks/useAuth.tsx(38,9): error TS1472: 'catch' or 'finally' expected.
src/hooks/useAuth.tsx(40,54): error TS1005: ',' expected.
src/hooks/useAuth.tsx(40,55): error TS1472: 'catch' or 'finally' expected.
src/hooks/useAuth.tsx(53,47): error TS1005: ',' expected.
src/hooks/useAuth.tsx(54,17): error TS1472: 'catch' or 'finally' expected.
src/hooks/useAuth.tsx(56,155): error TS1005: ',' expected.
src/hooks/useAuth.tsx(56,157): error TS1128: Declaration or statement expected.
src/hooks/useAuth.tsx(61,54): error TS1005: ',' expected.
src/hooks/useAuth.tsx(62,19): error TS1005: ',' expected.
src/hooks/useAuth.tsx(63,26): error TS1005: ',' expected.
src/hooks/useAuth.tsx(63,31): error TS1005: ',' expected.
src/hooks/useAuth.tsx(63,83): error TS1005: ')' expected.
src/hooks/useAuth.tsx(65,17): error TS1005: ')' expected.
src/hooks/useAuth.tsx(66,15): error TS1128: Declaration or statement expected.
src/hooks/useAuth.tsx(67,13): error TS1128: Declaration or statement expected.
src/hooks/useAuth.tsx(67,15): error TS1005: 'try' expected.
src/hooks/useAuth.tsx(75,52): error TS1005: ',' expected.
src/hooks/useAuth.tsx(76,17): error TS1128: Declaration or statement expected.
src/hooks/useAuth.tsx(77,55): error TS1005: ',' expected.
src/hooks/useAuth.tsx(79,15): error TS1128: Declaration or statement expected.
src/hooks/useAuth.tsx(80,13): error TS1128: Declaration or statement expected.
src/hooks/useAuth.tsx(81,11): error TS1128: Declaration or statement expected.
src/hooks/useAuth.tsx(81,13): error TS1005: 'try' expected.
src/hooks/useAuth.tsx(85,48): error TS1005: ',' expected.
src/hooks/useAuth.tsx(86,11): error TS1128: Declaration or statement expected.
src/hooks/useAuth.tsx(87,9): error TS1128: Declaration or statement expected.
src/hooks/useAuth.tsx(87,11): error TS1128: Declaration or statement expected.
src/hooks/useAuth.tsx(88,46): error TS1005: ',' expected.
src/hooks/useAuth.tsx(89,9): error TS1128: Declaration or statement expected.
src/hooks/useAuth.tsx(90,7): error TS1128: Declaration or statement expected.
src/hooks/useAuth.tsx(90,9): error TS1005: 'try' expected.
src/hooks/useAuth.tsx(95,44): error TS1005: ',' expected.
src/hooks/useAuth.tsx(96,7): error TS1128: Declaration or statement expected.
src/hooks/useAuth.tsx(96,9): error TS1005: 'try' expected.
src/hooks/useAuth.tsx(98,29): error TS1005: ',' expected.
src/hooks/useAuth.tsx(99,7): error TS1128: Declaration or statement expected.
src/hooks/useAuth.tsx(100,5): error TS1128: Declaration or statement expected.
src/hooks/useAuth.tsx(102,3): error TS1128: Declaration or statement expected.
src/hooks/useAuth.tsx(102,4): error TS1128: Declaration or statement expected.
src/hooks/useAuth.tsx(102,8): error TS1005: ';' expected.
src/hooks/useAuth.tsx(110,45): error TS1135: Argument expression expected.
src/hooks/useAuth.tsx(111,9): error TS1005: ',' expected.
src/hooks/useAuth.tsx(111,10): error TS1472: 'catch' or 'finally' expected.
src/hooks/useAuth.tsx(122,68): error TS1005: ',' expected.
src/hooks/useAuth.tsx(125,7): error TS1128: Declaration or statement expected.
src/hooks/useAuth.tsx(125,9): error TS1128: Declaration or statement expected.
src/hooks/useAuth.tsx(127,34): error TS1005: ',' expected.
src/hooks/useAuth.tsx(128,7): error TS1128: Declaration or statement expected.
src/hooks/useAuth.tsx(129,5): error TS1128: Declaration or statement expected.
src/hooks/useAuth.tsx(129,7): error TS1005: 'try' expected.
src/hooks/useAuth.tsx(131,79): error TS1005: ',' expected.
src/hooks/useAuth.tsx(132,5): error TS1128: Declaration or statement expected.
src/hooks/useAuth.tsx(132,7): error TS1005: 'try' expected.
src/hooks/useAuth.tsx(133,27): error TS1005: ',' expected.
src/hooks/useAuth.tsx(134,5): error TS1128: Declaration or statement expected.
src/hooks/useAuth.tsx(135,3): error TS1128: Declaration or statement expected.
src/hooks/useAuth.tsx(135,4): error TS1128: Declaration or statement expected.
src/hooks/useAuth.tsx(135,8): error TS1005: ';' expected.
src/hooks/useAuth.tsx(139,29): error TS1135: Argument expression expected.
src/hooks/useAuth.tsx(140,5): error TS1472: 'catch' or 'finally' expected.
src/hooks/useAuth.tsx(140,7): error TS1005: ',' expected.
src/hooks/useAuth.tsx(141,37): error TS1005: ',' expected.
src/hooks/useAuth.tsx(142,5): error TS1128: Declaration or statement expected.
src/hooks/useAuth.tsx(142,7): error TS1005: 'try' expected.
src/hooks/useAuth.tsx(147,28): error TS1005: ',' expected.
src/hooks/useAuth.tsx(148,5): error TS1128: Declaration or statement expected.
src/hooks/useAuth.tsx(149,3): error TS1128: Declaration or statement expected.
src/hooks/useAuth.tsx(149,4): error TS1128: Declaration or statement expected.
src/hooks/useAuth.tsx(149,8): error TS1005: ';' expected.
src/hooks/useAuth.tsx(159,3): error TS1005: ',' expected.
src/hooks/useAuth.tsx(159,46): error TS1005: ',' expected.
src/hooks/useAuth.tsx(163,16): error TS1005: '}' expected.
src/hooks/useAuth.tsx(165,3): error TS1005: ')' expected.
src/hooks/useAuth.tsx(166,1): error TS1128: Declaration or statement expected.
src/hooks/useAuth.tsx(170,67): error TS1005: ',' expected.
src/hooks/useAuth.tsx(173,1): error TS1128: Declaration or statement expected.
src/hooks/useAuth.tsx(181,33): error TS1005: ')' expected.
src/hooks/useAuth.tsx(181,35): error TS1005: ',' expected.
src/hooks/useAuth.tsx(211,29): error TS1005: ',' expected.
src/hooks/useAuth.tsx(211,32): error TS1005: ',' expected.
src/hooks/useAuth.tsx(212,7): error TS1005: ',' expected.
src/hooks/useAuth.tsx(216,42): error TS1005: ',' expected.
src/hooks/useAuth.tsx(216,43): error TS1005: ',' expected.
src/hooks/useAuth.tsx(217,19): error TS1005: ',' expected.
src/hooks/useAuth.tsx(217,25): error TS1005: ':' expected.
src/hooks/useAuth.tsx(218,11): error TS1005: ',' expected.
src/hooks/useAuth.tsx(218,16): error TS1135: Argument expression expected.
src/hooks/useAuth.tsx(219,47): error TS1005: ',' expected.
src/hooks/useAuth.tsx(220,9): error TS1128: Declaration or statement expected.
src/hooks/useAuth.tsx(221,7): error TS1128: Declaration or statement expected.
src/hooks/useAuth.tsx(221,8): error TS1128: Declaration or statement expected.
src/hooks/useAuth.tsx(223,5): error TS1128: Declaration or statement expected.
src/hooks/useAuth.tsx(225,3): error TS1128: Declaration or statement expected.
src/hooks/useAuth.tsx(236,1): error TS1128: Declaration or statement expected.
src/hooks/useDeviceDetection.tsx(24,29): error TS1109: Expression expected.
src/hooks/useDeviceDetection.tsx(28,5): error TS1128: Declaration or statement expected.
src/hooks/useDeviceDetection.tsx(36,6): error TS1005: ')' expected.
src/hooks/useDeviceDetection.tsx(48,5): error TS1005: ',' expected.
src/hooks/useDeviceDetection.tsx(48,7): error TS1128: Declaration or statement expected.
src/hooks/useDeviceDetection.tsx(48,8): error TS1128: Declaration or statement expected.
src/hooks/useDeviceDetection.tsx(58,41): error TS1005: ',' expected.
src/hooks/useDeviceDetection.tsx(58,42): error TS1128: Declaration or statement expected.
src/hooks/useDeviceDetection.tsx(73,7): error TS1005: ',' expected.
src/hooks/useDeviceDetection.tsx(74,5): error TS1128: Declaration or statement expected.
src/hooks/useDeviceDetection.tsx(74,6): error TS1128: Declaration or statement expected.
src/hooks/useDeviceDetection.tsx(90,6): error TS1128: Declaration or statement expected.
src/hooks/useDeviceDetection.tsx(118,16): error TS1005: ')' expected.
src/hooks/useDeviceDetection.tsx(118,18): error TS1136: Property assignment expected.
src/hooks/useDeviceDetection.tsx(118,19): error TS1005: ';' expected.
src/hooks/useDeviceDetection.tsx(121,25): error TS1005: ';' expected.
src/hooks/useDeviceDetection.tsx(122,17): error TS1005: ';' expected.
src/hooks/useDeviceDetection.tsx(123,19): error TS1005: ';' expected.
src/hooks/useDeviceDetection.tsx(124,21): error TS1005: ';' expected.
src/hooks/useDeviceDetection.tsx(126,3): error TS1128: Declaration or statement expected.
src/hooks/useDeviceDetection.tsx(133,1): error TS1128: Declaration or statement expected.
src/hooks/useSkuPermissions.ts(65,3): error TS1005: ',' expected.
src/hooks/useSkuPermissions.ts(93,40): error TS1005: '}' expected.
src/hooks/useSkuPermissions.ts(93,41): error TS1127: Invalid character.
src/hooks/useSkuPermissions.ts(156,35): error TS1160: Unterminated template literal.
src/pages/__tests__/InventoryList.test.tsx(13,18): error TS1135: Argument expression expected.
src/pages/__tests__/InventoryList.test.tsx(14,9): error TS1005: ',' expected.
src/pages/__tests__/InventoryList.test.tsx(14,19): error TS1135: Argument expression expected.
src/pages/__tests__/InventoryList.test.tsx(15,8): error TS1005: ',' expected.
src/pages/__tests__/InventoryList.test.tsx(15,18): error TS1135: Argument expression expected.
src/pages/__tests__/InventoryList.test.tsx(16,11): error TS1109: Expression expected.
src/pages/__tests__/InventoryList.test.tsx(16,21): error TS1135: Argument expression expected.
src/pages/__tests__/InventoryList.test.tsx(17,11): error TS1005: ',' expected.
src/pages/__tests__/InventoryList.test.tsx(20,1): error TS1005: ',' expected.
src/pages/__tests__/InventoryList.test.tsx(20,7): error TS1005: ':' expected.
src/pages/__tests__/InventoryList.test.tsx(23,1): error TS1005: ',' expected.
src/pages/__tests__/InventoryList.test.tsx(23,5): error TS1005: ',' expected.
src/pages/__tests__/InventoryList.test.tsx(24,1): error TS1005: ',' expected.
src/pages/__tests__/InventoryList.test.tsx(24,5): error TS1005: ',' expected.
src/pages/__tests__/InventoryList.test.tsx(26,22): error TS1135: Argument expression expected.
src/pages/__tests__/InventoryList.test.tsx(27,10): error TS1005: ',' expected.
src/pages/__tests__/InventoryList.test.tsx(27,20): error TS1135: Argument expression expected.
src/pages/__tests__/InventoryList.test.tsx(28,9): error TS1005: ',' expected.
src/pages/__tests__/InventoryList.test.tsx(29,3): error TS1005: ',' expected.
src/pages/__tests__/InventoryList.test.tsx(30,4): error TS1005: ',' expected.
src/pages/__tests__/InventoryList.test.tsx(32,7): error TS1005: ':' expected.
src/pages/__tests__/InventoryList.test.tsx(32,69): error TS1005: ',' expected.
src/pages/__tests__/InventoryList.test.tsx(35,7): error TS1005: ':' expected.
src/pages/__tests__/InventoryList.test.tsx(35,19): error TS1005: ',' expected.
src/pages/__tests__/InventoryList.test.tsx(35,26): error TS1005: ',' expected.
src/pages/__tests__/InventoryList.test.tsx(35,75): error TS1005: ',' expected.
src/pages/__tests__/InventoryList.test.tsx(35,76): error TS1005: ',' expected.
src/pages/__tests__/InventoryList.test.tsx(35,78): error TS1005: ',' expected.
src/pages/__tests__/InventoryList.test.tsx(37,14): error TS1005: '}' expected.
src/pages/__tests__/InventoryList.test.tsx(38,2): error TS1005: ')' expected.
src/pages/__tests__/InventoryList.test.tsx(109,85): error TS1005: ',' expected.
src/pages/__tests__/InventoryList.test.tsx(109,86): error TS1005: ';' expected.
src/pages/__tests__/InventoryList.test.tsx(109,87): error TS1005: ';' expected.
src/pages/__tests__/InventoryList.test.tsx(115,7): error TS1005: ';' expected.
src/pages/__tests__/InventoryList.test.tsx(122,9): error TS1005: ',' expected.
src/pages/__tests__/InventoryList.test.tsx(122,14): error TS1005: ',' expected.
src/pages/__tests__/InventoryList.test.tsx(122,24): error TS1135: Argument expression expected.
src/pages/__tests__/InventoryList.test.tsx(123,15): error TS1005: ',' expected.
src/pages/__tests__/InventoryList.test.tsx(123,25): error TS1135: Argument expression expected.
src/pages/__tests__/InventoryList.test.tsx(124,19): error TS1005: ',' expected.
src/pages/__tests__/InventoryList.test.tsx(125,25): error TS1005: ',' expected.
src/pages/__tests__/InventoryList.test.tsx(126,12): error TS1005: ',' expected.
src/pages/__tests__/InventoryList.test.tsx(127,9): error TS1005: ')' expected.
src/pages/__tests__/InventoryList.test.tsx(132,9): error TS1128: Declaration or statement expected.
src/pages/__tests__/InventoryList.test.tsx(133,7): error TS1109: Expression expected.
src/pages/__tests__/InventoryList.test.tsx(143,8): error TS1005: ',' expected.
src/pages/__tests__/InventoryList.test.tsx(149,9): error TS1005: ',' expected.
src/pages/__tests__/InventoryList.test.tsx(149,14): error TS1005: ',' expected.
src/pages/__tests__/InventoryList.test.tsx(149,24): error TS1135: Argument expression expected.
src/pages/__tests__/InventoryList.test.tsx(150,15): error TS1005: ',' expected.
src/pages/__tests__/InventoryList.test.tsx(150,25): error TS1135: Argument expression expected.
src/pages/__tests__/InventoryList.test.tsx(151,19): error TS1005: ',' expected.
src/pages/__tests__/InventoryList.test.tsx(152,25): error TS1005: ',' expected.
src/pages/__tests__/InventoryList.test.tsx(153,12): error TS1005: ',' expected.
src/pages/__tests__/InventoryList.test.tsx(154,9): error TS1005: ')' expected.
src/pages/__tests__/InventoryList.test.tsx(159,9): error TS1128: Declaration or statement expected.
src/pages/__tests__/InventoryList.test.tsx(160,7): error TS1109: Expression expected.
src/pages/__tests__/InventoryList.test.tsx(170,8): error TS1005: ',' expected.
src/pages/__tests__/InventoryList.test.tsx(170,9): error TS1005: ',' expected.
src/pages/__tests__/InventoryList.test.tsx(177,9): error TS1005: ',' expected.
src/pages/__tests__/InventoryList.test.tsx(177,14): error TS1005: ',' expected.
src/pages/__tests__/InventoryList.test.tsx(177,24): error TS1135: Argument expression expected.
src/pages/__tests__/InventoryList.test.tsx(178,15): error TS1005: ',' expected.
src/pages/__tests__/InventoryList.test.tsx(178,25): error TS1135: Argument expression expected.
src/pages/__tests__/InventoryList.test.tsx(179,19): error TS1005: ',' expected.
src/pages/__tests__/InventoryList.test.tsx(180,25): error TS1005: ',' expected.
src/pages/__tests__/InventoryList.test.tsx(181,17): error TS1005: ',' expected.
src/pages/__tests__/InventoryList.test.tsx(182,7): error TS1005: ',' expected.
src/pages/__tests__/InventoryList.test.tsx(182,9): error TS1005: ';' expected.
src/pages/__tests__/InventoryList.test.tsx(188,9): error TS1128: Declaration or statement expected.
src/pages/__tests__/InventoryList.test.tsx(189,7): error TS1109: Expression expected.
src/pages/__tests__/InventoryList.test.tsx(205,11): error TS1005: ',' expected.
src/pages/__tests__/InventoryList.test.tsx(205,13): error TS1005: ';' expected.
src/pages/__tests__/InventoryList.test.tsx(206,10): error TS1005: ',' expected.
src/pages/__tests__/InventoryList.test.tsx(212,9): error TS1128: Declaration or statement expected.
src/pages/__tests__/InventoryList.test.tsx(213,7): error TS1109: Expression expected.
src/pages/__tests__/InventoryList.test.tsx(235,15): error TS1005: ',' expected.
src/pages/__tests__/InventoryList.test.tsx(236,9): error TS1005: ',' expected.
src/pages/__tests__/InventoryList.test.tsx(236,10): error TS1005: ',' expected.
src/pages/__tests__/InventoryList.test.tsx(242,9): error TS1128: Declaration or statement expected.
src/pages/__tests__/InventoryList.test.tsx(243,7): error TS1109: Expression expected.
src/pages/__tests__/InventoryList.test.tsx(258,15): error TS1005: ',' expected.
src/pages/__tests__/InventoryList.test.tsx(259,9): error TS1005: ',' expected.
src/pages/__tests__/InventoryList.test.tsx(259,11): error TS1005: ';' expected.
src/pages/__tests__/InventoryList.test.tsx(266,9): error TS1005: ',' expected.
src/pages/__tests__/InventoryList.test.tsx(266,14): error TS1005: ',' expected.
src/pages/__tests__/InventoryList.test.tsx(266,24): error TS1135: Argument expression expected.
src/pages/__tests__/InventoryList.test.tsx(267,15): error TS1005: ',' expected.
src/pages/__tests__/InventoryList.test.tsx(267,25): error TS1135: Argument expression expected.
src/pages/__tests__/InventoryList.test.tsx(268,19): error TS1005: ',' expected.
src/pages/__tests__/InventoryList.test.tsx(269,25): error TS1005: ',' expected.
src/pages/__tests__/InventoryList.test.tsx(270,16): error TS1005: ',' expected.
src/pages/__tests__/InventoryList.test.tsx(271,7): error TS1005: ',' expected.
src/pages/__tests__/InventoryList.test.tsx(271,9): error TS1005: ';' expected.
src/pages/__tests__/InventoryList.test.tsx(277,9): error TS1128: Declaration or statement expected.
src/pages/__tests__/InventoryList.test.tsx(278,7): error TS1109: Expression expected.
src/pages/__tests__/InventoryList.test.tsx(293,72): error TS1135: Argument expression expected.
src/pages/__tests__/InventoryList.test.tsx(293,74): error TS1005: ';' expected.
src/pages/__tests__/InventoryList.test.tsx(299,9): error TS1128: Declaration or statement expected.
src/pages/__tests__/InventoryList.test.tsx(300,7): error TS1109: Expression expected.
src/pages/__tests__/InventoryList.test.tsx(312,72): error TS1135: Argument expression expected.
src/pages/__tests__/InventoryList.test.tsx(319,9): error TS1005: ',' expected.
src/pages/__tests__/InventoryList.test.tsx(319,14): error TS1005: ',' expected.
src/pages/__tests__/InventoryList.test.tsx(319,24): error TS1135: Argument expression expected.
src/pages/__tests__/InventoryList.test.tsx(320,15): error TS1005: ',' expected.
src/pages/__tests__/InventoryList.test.tsx(320,25): error TS1135: Argument expression expected.
src/pages/__tests__/InventoryList.test.tsx(321,19): error TS1005: ',' expected.
src/pages/__tests__/InventoryList.test.tsx(322,25): error TS1005: ',' expected.
src/pages/__tests__/InventoryList.test.tsx(323,16): error TS1005: ',' expected.
src/pages/__tests__/InventoryList.test.tsx(324,7): error TS1005: ',' expected.
src/pages/__tests__/InventoryList.test.tsx(324,9): error TS1005: ';' expected.
src/pages/__tests__/InventoryList.test.tsx(330,9): error TS1128: Declaration or statement expected.
src/pages/__tests__/InventoryList.test.tsx(331,7): error TS1109: Expression expected.
src/pages/__tests__/InventoryList.test.tsx(347,11): error TS1005: ',' expected.
src/pages/__tests__/InventoryList.test.tsx(347,13): error TS1005: ';' expected.
src/pages/__tests__/InventoryList.test.tsx(348,10): error TS1005: ',' expected.
src/pages/__tests__/InventoryList.test.tsx(354,9): error TS1005: ',' expected.
src/pages/__tests__/InventoryList.test.tsx(354,14): error TS1005: ',' expected.
src/pages/__tests__/InventoryList.test.tsx(354,24): error TS1135: Argument expression expected.
src/pages/__tests__/InventoryList.test.tsx(355,15): error TS1005: ',' expected.
src/pages/__tests__/InventoryList.test.tsx(355,25): error TS1135: Argument expression expected.
src/pages/__tests__/InventoryList.test.tsx(356,19): error TS1005: ',' expected.
src/pages/__tests__/InventoryList.test.tsx(357,25): error TS1005: ',' expected.
src/pages/__tests__/InventoryList.test.tsx(358,17): error TS1005: ',' expected.
src/pages/__tests__/InventoryList.test.tsx(359,9): error TS1005: ')' expected.
src/pages/__tests__/InventoryList.test.tsx(364,9): error TS1128: Declaration or statement expected.
src/pages/__tests__/InventoryList.test.tsx(365,7): error TS1109: Expression expected.
src/pages/__tests__/InventoryList.test.tsx(377,11): error TS1005: ',' expected.
src/pages/__tests__/InventoryList.test.tsx(377,13): error TS1005: ';' expected.
src/pages/__tests__/InventoryList.test.tsx(378,11): error TS1005: ';' expected.
src/pages/__tests__/InventoryList.test.tsx(385,9): error TS1005: ',' expected.
src/pages/__tests__/InventoryList.test.tsx(385,14): error TS1005: ',' expected.
src/pages/__tests__/InventoryList.test.tsx(385,24): error TS1135: Argument expression expected.
src/pages/__tests__/InventoryList.test.tsx(386,15): error TS1005: ',' expected.
src/pages/__tests__/InventoryList.test.tsx(386,25): error TS1135: Argument expression expected.
src/pages/__tests__/InventoryList.test.tsx(387,19): error TS1005: ',' expected.
src/pages/__tests__/InventoryList.test.tsx(388,25): error TS1005: ',' expected.
src/pages/__tests__/InventoryList.test.tsx(389,16): error TS1005: ',' expected.
src/pages/__tests__/InventoryList.test.tsx(390,7): error TS1005: ',' expected.
src/pages/__tests__/InventoryList.test.tsx(390,9): error TS1005: ';' expected.
src/pages/__tests__/InventoryList.test.tsx(397,19): error TS1005: ',' expected.
src/pages/__tests__/InventoryList.test.tsx(397,20): error TS1005: ';' expected.
src/pages/__tests__/InventoryList.test.tsx(402,9): error TS1128: Declaration or statement expected.
src/pages/__tests__/InventoryList.test.tsx(403,7): error TS1109: Expression expected.
src/pages/__tests__/InventoryList.test.tsx(417,9): error TS1005: ',' expected.
src/pages/__tests__/InventoryList.test.tsx(417,14): error TS1005: ',' expected.
src/pages/__tests__/InventoryList.test.tsx(417,24): error TS1135: Argument expression expected.
src/pages/__tests__/InventoryList.test.tsx(418,15): error TS1005: ',' expected.
src/pages/__tests__/InventoryList.test.tsx(418,25): error TS1135: Argument expression expected.
src/pages/__tests__/InventoryList.test.tsx(419,19): error TS1005: ',' expected.
src/pages/__tests__/InventoryList.test.tsx(420,25): error TS1005: ',' expected.
src/pages/__tests__/InventoryList.test.tsx(421,16): error TS1005: ',' expected.
src/pages/__tests__/InventoryList.test.tsx(422,7): error TS1005: ',' expected.
src/pages/__tests__/InventoryList.test.tsx(422,9): error TS1005: ';' expected.
src/pages/__tests__/InventoryList.test.tsx(431,7): error TS1005: ',' expected.
src/pages/__tests__/InventoryList.test.tsx(431,8): error TS1005: ';' expected.
src/pages/__tests__/InventoryList.test.tsx(436,9): error TS1128: Declaration or statement expected.
src/pages/__tests__/InventoryList.test.tsx(437,7): error TS1109: Expression expected.
src/pages/__tests__/InventoryList.test.tsx(440,70): error TS1135: Argument expression expected.
src/pages/__tests__/InventoryList.test.tsx(440,72): error TS1005: ';' expected.
src/pages/__tests__/InventoryList.test.tsx(446,7): error TS1128: Declaration or statement expected.
src/pages/__tests__/InventoryList.test.tsx(451,9): error TS1128: Declaration or statement expected.
src/pages/__tests__/InventoryList.test.tsx(452,8): error TS1109: Expression expected.
src/pages/__tests__/InventoryList.test.tsx(455,68): error TS1135: Argument expression expected.
src/pages/__tests__/InventoryList.test.tsx(455,70): error TS1005: ';' expected.
src/pages/__tests__/InventoryList.test.tsx(455,71): error TS1128: Declaration or statement expected.
src/pages/__tests__/PurchaseEntry.test.tsx(13,18): error TS1135: Argument expression expected.
src/pages/__tests__/PurchaseEntry.test.tsx(14,9): error TS1005: ',' expected.
src/pages/__tests__/PurchaseEntry.test.tsx(14,19): error TS1135: Argument expression expected.
src/pages/__tests__/PurchaseEntry.test.tsx(15,8): error TS1005: ',' expected.
src/pages/__tests__/PurchaseEntry.test.tsx(15,18): error TS1135: Argument expression expected.
src/pages/__tests__/PurchaseEntry.test.tsx(16,11): error TS1109: Expression expected.
src/pages/__tests__/PurchaseEntry.test.tsx(16,21): error TS1135: Argument expression expected.
src/pages/__tests__/PurchaseEntry.test.tsx(17,11): error TS1005: ',' expected.
src/pages/__tests__/PurchaseEntry.test.tsx(20,1): error TS1005: ',' expected.
src/pages/__tests__/PurchaseEntry.test.tsx(20,7): error TS1005: ':' expected.
src/pages/__tests__/PurchaseEntry.test.tsx(23,1): error TS1005: ',' expected.
src/pages/__tests__/PurchaseEntry.test.tsx(23,5): error TS1005: ',' expected.
src/pages/__tests__/PurchaseEntry.test.tsx(24,1): error TS1005: ',' expected.
src/pages/__tests__/PurchaseEntry.test.tsx(24,5): error TS1005: ',' expected.
src/pages/__tests__/PurchaseEntry.test.tsx(26,22): error TS1135: Argument expression expected.
src/pages/__tests__/PurchaseEntry.test.tsx(27,10): error TS1005: ',' expected.
src/pages/__tests__/PurchaseEntry.test.tsx(27,20): error TS1135: Argument expression expected.
src/pages/__tests__/PurchaseEntry.test.tsx(28,9): error TS1005: ',' expected.
src/pages/__tests__/PurchaseEntry.test.tsx(29,3): error TS1005: ',' expected.
src/pages/__tests__/PurchaseEntry.test.tsx(30,4): error TS1005: ',' expected.
src/pages/__tests__/PurchaseEntry.test.tsx(32,7): error TS1005: ':' expected.
src/pages/__tests__/PurchaseEntry.test.tsx(32,69): error TS1005: ',' expected.
src/pages/__tests__/PurchaseEntry.test.tsx(35,7): error TS1005: ':' expected.
src/pages/__tests__/PurchaseEntry.test.tsx(35,19): error TS1005: ',' expected.
src/pages/__tests__/PurchaseEntry.test.tsx(35,26): error TS1005: ',' expected.
src/pages/__tests__/PurchaseEntry.test.tsx(35,75): error TS1005: ',' expected.
src/pages/__tests__/PurchaseEntry.test.tsx(35,76): error TS1005: ',' expected.
src/pages/__tests__/PurchaseEntry.test.tsx(35,78): error TS1005: ',' expected.
src/pages/__tests__/PurchaseEntry.test.tsx(37,14): error TS1005: '}' expected.
src/pages/__tests__/PurchaseEntry.test.tsx(38,2): error TS1005: ')' expected.
src/pages/__tests__/PurchaseEntry.test.tsx(54,43): error TS1135: Argument expression expected.
src/pages/__tests__/PurchaseEntry.test.tsx(55,18): error TS1005: ',' expected.
src/pages/__tests__/PurchaseEntry.test.tsx(56,6): error TS1005: ',' expected.
src/pages/__tests__/PurchaseEntry.test.tsx(66,38): error TS1135: Argument expression expected.
src/pages/__tests__/PurchaseEntry.test.tsx(67,13): error TS1005: ',' expected.
src/pages/__tests__/PurchaseEntry.test.tsx(68,1): error TS1005: ',' expected.
src/pages/__tests__/PurchaseEntry.test.tsx(75,80): error TS1005: ',' expected.
src/pages/__tests__/PurchaseEntry.test.tsx(75,81): error TS1005: ';' expected.
src/pages/__tests__/PurchaseEntry.test.tsx(75,82): error TS1005: ';' expected.
src/pages/__tests__/PurchaseEntry.test.tsx(76,80): error TS1005: ';' expected.
src/pages/__tests__/PurchaseEntry.test.tsx(83,9): error TS1005: ',' expected.
src/pages/__tests__/PurchaseEntry.test.tsx(83,14): error TS1005: ',' expected.
src/pages/__tests__/PurchaseEntry.test.tsx(83,24): error TS1135: Argument expression expected.
src/pages/__tests__/PurchaseEntry.test.tsx(84,15): error TS1005: ',' expected.
src/pages/__tests__/PurchaseEntry.test.tsx(84,25): error TS1135: Argument expression expected.
src/pages/__tests__/PurchaseEntry.test.tsx(85,19): error TS1005: ',' expected.
src/pages/__tests__/PurchaseEntry.test.tsx(86,25): error TS1005: ',' expected.
src/pages/__tests__/PurchaseEntry.test.tsx(87,16): error TS1005: ',' expected.
src/pages/__tests__/PurchaseEntry.test.tsx(88,9): error TS1005: ')' expected.
src/pages/__tests__/PurchaseEntry.test.tsx(93,9): error TS1128: Declaration or statement expected.
src/pages/__tests__/PurchaseEntry.test.tsx(94,7): error TS1109: Expression expected.
src/pages/__tests__/PurchaseEntry.test.tsx(105,5): error TS1005: ',' expected.
src/pages/__tests__/PurchaseEntry.test.tsx(109,9): error TS1005: ',' expected.
src/pages/__tests__/PurchaseEntry.test.tsx(109,14): error TS1005: ',' expected.
src/pages/__tests__/PurchaseEntry.test.tsx(109,24): error TS1135: Argument expression expected.
src/pages/__tests__/PurchaseEntry.test.tsx(110,15): error TS1005: ',' expected.
src/pages/__tests__/PurchaseEntry.test.tsx(110,25): error TS1135: Argument expression expected.
src/pages/__tests__/PurchaseEntry.test.tsx(111,19): error TS1005: ',' expected.
src/pages/__tests__/PurchaseEntry.test.tsx(112,25): error TS1005: ',' expected.
src/pages/__tests__/PurchaseEntry.test.tsx(113,16): error TS1005: ',' expected.
src/pages/__tests__/PurchaseEntry.test.tsx(114,9): error TS1005: ')' expected.
src/pages/__tests__/PurchaseEntry.test.tsx(119,7): error TS1005: ',' expected.
src/pages/__tests__/PurchaseEntry.test.tsx(119,8): error TS1005: ';' expected.
src/pages/__tests__/PurchaseEntry.test.tsx(119,9): error TS1005: ')' expected.
src/pages/__tests__/PurchaseEntry.test.tsx(124,9): error TS1128: Declaration or statement expected.
src/pages/__tests__/PurchaseEntry.test.tsx(125,7): error TS1109: Expression expected.
src/pages/__tests__/PurchaseEntry.test.tsx(132,66): error TS1135: Argument expression expected.
src/pages/__tests__/PurchaseEntry.test.tsx(132,68): error TS1005: ';' expected.
src/pages/__tests__/PurchaseEntry.test.tsx(132,69): error TS1005: ';' expected.
src/pages/__tests__/PurchaseEntry.test.tsx(139,9): error TS1005: ',' expected.
src/pages/__tests__/PurchaseEntry.test.tsx(139,14): error TS1005: ',' expected.
src/pages/__tests__/PurchaseEntry.test.tsx(139,24): error TS1135: Argument expression expected.
src/pages/__tests__/PurchaseEntry.test.tsx(140,15): error TS1005: ',' expected.
src/pages/__tests__/PurchaseEntry.test.tsx(140,25): error TS1135: Argument expression expected.
src/pages/__tests__/PurchaseEntry.test.tsx(141,19): error TS1005: ',' expected.
src/pages/__tests__/PurchaseEntry.test.tsx(142,25): error TS1005: ',' expected.
src/pages/__tests__/PurchaseEntry.test.tsx(143,16): error TS1005: ',' expected.
src/pages/__tests__/PurchaseEntry.test.tsx(144,8): error TS1005: ',' expected.
src/pages/__tests__/PurchaseEntry.test.tsx(150,9): error TS1128: Declaration or statement expected.
src/pages/__tests__/PurchaseEntry.test.tsx(151,7): error TS1109: Expression expected.
src/pages/__tests__/PurchaseEntry.test.tsx(161,70): error TS1135: Argument expression expected.
src/pages/__tests__/PurchaseEntry.test.tsx(161,72): error TS1005: ';' expected.
src/pages/__tests__/PurchaseEntry.test.tsx(167,9): error TS1128: Declaration or statement expected.
src/pages/__tests__/PurchaseEntry.test.tsx(168,7): error TS1109: Expression expected.
src/pages/__tests__/PurchaseEntry.test.tsx(188,83): error TS1135: Argument expression expected.
src/pages/__tests__/PurchaseEntry.test.tsx(188,85): error TS1005: ';' expected.
src/pages/__tests__/PurchaseEntry.test.tsx(194,9): error TS1128: Declaration or statement expected.
src/pages/__tests__/PurchaseEntry.test.tsx(195,7): error TS1109: Expression expected.
src/pages/__tests__/PurchaseEntry.test.tsx(215,69): error TS1135: Argument expression expected.
src/pages/__tests__/PurchaseEntry.test.tsx(215,71): error TS1005: ';' expected.
src/pages/__tests__/PurchaseEntry.test.tsx(215,72): error TS1005: ';' expected.
src/pages/__tests__/PurchaseEntry.test.tsx(222,9): error TS1005: ',' expected.
src/pages/__tests__/PurchaseEntry.test.tsx(222,14): error TS1005: ',' expected.
src/pages/__tests__/PurchaseEntry.test.tsx(222,24): error TS1135: Argument expression expected.
src/pages/__tests__/PurchaseEntry.test.tsx(223,15): error TS1005: ',' expected.
src/pages/__tests__/PurchaseEntry.test.tsx(223,25): error TS1135: Argument expression expected.
src/pages/__tests__/PurchaseEntry.test.tsx(224,19): error TS1005: ',' expected.
src/pages/__tests__/PurchaseEntry.test.tsx(225,25): error TS1005: ',' expected.
src/pages/__tests__/PurchaseEntry.test.tsx(226,16): error TS1005: ',' expected.
src/pages/__tests__/PurchaseEntry.test.tsx(227,8): error TS1005: ',' expected.
src/pages/__tests__/PurchaseEntry.test.tsx(233,9): error TS1128: Declaration or statement expected.
src/pages/__tests__/PurchaseEntry.test.tsx(234,7): error TS1109: Expression expected.
src/pages/__tests__/PurchaseEntry.test.tsx(244,68): error TS1135: Argument expression expected.
src/pages/__tests__/PurchaseEntry.test.tsx(244,70): error TS1005: ';' expected.
src/pages/__tests__/PurchaseEntry.test.tsx(250,9): error TS1128: Declaration or statement expected.
src/pages/__tests__/PurchaseEntry.test.tsx(251,7): error TS1109: Expression expected.
src/pages/__tests__/PurchaseEntry.test.tsx(263,52): error TS1005: ',' expected.
src/pages/__tests__/PurchaseEntry.test.tsx(265,7): error TS1005: ',' expected.
src/pages/__tests__/PurchaseEntry.test.tsx(266,57): error TS1005: ')' expected.
src/pages/__tests__/PurchaseEntry.test.tsx(272,9): error TS1128: Declaration or statement expected.
src/pages/__tests__/PurchaseEntry.test.tsx(273,7): error TS1109: Expression expected.
src/pages/__tests__/PurchaseEntry.test.tsx(286,11): error TS1005: ';' expected.
src/pages/__tests__/PurchaseEntry.test.tsx(286,12): error TS1005: ';' expected.
src/pages/__tests__/PurchaseEntry.test.tsx(293,9): error TS1005: ',' expected.
src/pages/__tests__/PurchaseEntry.test.tsx(293,14): error TS1005: ',' expected.
src/pages/__tests__/PurchaseEntry.test.tsx(293,24): error TS1135: Argument expression expected.
src/pages/__tests__/PurchaseEntry.test.tsx(294,15): error TS1005: ',' expected.
src/pages/__tests__/PurchaseEntry.test.tsx(294,25): error TS1135: Argument expression expected.
src/pages/__tests__/PurchaseEntry.test.tsx(295,19): error TS1005: ',' expected.
src/pages/__tests__/PurchaseEntry.test.tsx(296,25): error TS1005: ',' expected.
src/pages/__tests__/PurchaseEntry.test.tsx(297,16): error TS1005: ',' expected.
src/pages/__tests__/PurchaseEntry.test.tsx(298,8): error TS1005: ',' expected.
src/pages/__tests__/PurchaseEntry.test.tsx(304,9): error TS1128: Declaration or statement expected.
src/pages/__tests__/PurchaseEntry.test.tsx(305,7): error TS1109: Expression expected.
src/pages/__tests__/PurchaseEntry.test.tsx(315,88): error TS1005: ',' expected.
src/pages/__tests__/PurchaseEntry.test.tsx(322,9): error TS1005: ',' expected.
src/pages/__tests__/PurchaseEntry.test.tsx(322,14): error TS1005: ',' expected.
src/pages/__tests__/PurchaseEntry.test.tsx(322,24): error TS1135: Argument expression expected.
src/pages/__tests__/PurchaseEntry.test.tsx(323,15): error TS1005: ',' expected.
src/pages/__tests__/PurchaseEntry.test.tsx(323,25): error TS1135: Argument expression expected.
src/pages/__tests__/PurchaseEntry.test.tsx(324,19): error TS1005: ',' expected.
src/pages/__tests__/PurchaseEntry.test.tsx(325,25): error TS1005: ',' expected.
src/pages/__tests__/PurchaseEntry.test.tsx(326,16): error TS1005: ',' expected.
src/pages/__tests__/PurchaseEntry.test.tsx(327,8): error TS1005: ',' expected.
src/pages/__tests__/PurchaseEntry.test.tsx(333,9): error TS1128: Declaration or statement expected.
src/pages/__tests__/PurchaseEntry.test.tsx(334,7): error TS1109: Expression expected.
src/pages/__tests__/PurchaseEntry.test.tsx(358,11): error TS1005: ',' expected.
src/pages/__tests__/PurchaseEntry.test.tsx(358,13): error TS1005: ';' expected.
src/pages/__tests__/PurchaseEntry.test.tsx(359,11): error TS1128: Declaration or statement expected.
src/pages/__tests__/PurchaseEntry.test.tsx(359,12): error TS1128: Declaration or statement expected.
src/pages/CustomerManagement.tsx(30,60): error TS1005: ';' expected.
src/pages/CustomerManagement.tsx(30,70): error TS1005: ';' expected.
src/pages/CustomerManagement.tsx(30,84): error TS1005: ';' expected.
src/pages/CustomerManagement.tsx(217,18): error TS1128: Declaration or statement expected.
src/pages/CustomerManagement.tsx(303,56): error TS1005: ',' expected.
src/pages/CustomerManagement.tsx(314,1): error TS1128: Declaration or statement expected.
src/pages/CustomerManagement.tsx(413,3): error TS1005: ',' expected.
src/pages/CustomerManagement.tsx(413,4): error TS1005: ',' expected.
src/pages/CustomerManagement.tsx(416,68): error TS1136: Property assignment expected.
src/pages/CustomerManagement.tsx(416,69): error TS1005: ',' expected.
src/pages/CustomerManagement.tsx(455,51): error TS1005: ',' expected.
src/pages/CustomerManagement.tsx(456,7): error TS1005: ',' expected.
src/pages/CustomerManagement.tsx(459,7): error TS1005: ',' expected.
src/pages/CustomerManagement.tsx(459,10): error TS1005: ';' expected.
src/pages/CustomerManagement.tsx(460,6): error TS1128: Declaration or statement expected.
src/pages/CustomerManagement.tsx(460,10): error TS1005: ';' expected.
src/pages/CustomerManagement.tsx(461,3): error TS1128: Declaration or statement expected.
src/pages/CustomerManagement.tsx(461,4): error TS1128: Declaration or statement expected.
src/pages/CustomerManagement.tsx(461,25): error TS1005: ';' expected.
src/pages/CustomerManagement.tsx(473,52): error TS1005: ',' expected.
src/pages/CustomerManagement.tsx(473,53): error TS1005: ')' expected.
src/pages/CustomerManagement.tsx(476,5): error TS1128: Declaration or statement expected.
src/pages/CustomerManagement.tsx(476,6): error TS1128: Declaration or statement expected.
src/pages/CustomerManagement.tsx(476,7): error TS1128: Declaration or statement expected.
src/pages/CustomerManagement.tsx(482,3): error TS1128: Declaration or statement expected.
src/pages/CustomerManagement.tsx(523,9): error TS1005: ',' expected.
src/pages/CustomerManagement.tsx(523,11): error TS1005: ';' expected.
src/pages/CustomerManagement.tsx(524,7): error TS1128: Declaration or statement expected.
src/pages/CustomerManagement.tsx(525,5): error TS1128: Declaration or statement expected.
src/pages/CustomerManagement.tsx(528,3): error TS1128: Declaration or statement expected.
src/pages/CustomerManagement.tsx(528,4): error TS1128: Declaration or statement expected.
src/pages/CustomerManagement.tsx(528,36): error TS1005: ';' expected.
src/pages/CustomerManagement.tsx(560,82): error TS1005: '}' expected.
src/pages/CustomerManagement.tsx(561,19): error TS1003: Identifier expected.
src/pages/CustomerManagement.tsx(563,14): error TS1381: Unexpected token. Did you mean `{'}'}` or `&rbrace;`?
src/pages/CustomerManagement.tsx(563,17): error TS1381: Unexpected token. Did you mean `{'}'}` or `&rbrace;`?
src/pages/CustomerManagement.tsx(565,73): error TS1005: ',' expected.
src/pages/CustomerManagement.tsx(566,84): error TS1005: ',' expected.
src/pages/CustomerManagement.tsx(567,71): error TS1005: ',' expected.
src/pages/CustomerManagement.tsx(568,87): error TS1005: ',' expected.
src/pages/CustomerManagement.tsx(570,15): error TS1005: '}' expected.
src/pages/CustomerManagement.tsx(570,88): error TS1382: Unexpected token. Did you mean `{'>'}` or `&gt;`?
src/pages/CustomerManagement.tsx(571,13): error TS17008: JSX element 'button' has no corresponding closing tag.
src/pages/CustomerManagement.tsx(572,55): error TS1005: ',' expected.
src/pages/CustomerManagement.tsx(576,5): error TS1381: Unexpected token. Did you mean `{'}'}` or `&rbrace;`?
src/pages/CustomerManagement.tsx(578,51): error TS1382: Unexpected token. Did you mean `{'>'}` or `&gt;`?
src/pages/CustomerManagement.tsx(579,6): error TS1109: Expression expected.
src/pages/CustomerManagement.tsx(579,35): error TS1382: Unexpected token. Did you mean `{'>'}` or `&gt;`?
src/pages/CustomerManagement.tsx(580,8): error TS1109: Expression expected.
src/pages/CustomerManagement.tsx(581,10): error TS1109: Expression expected.
src/pages/CustomerManagement.tsx(585,8): error TS1381: Unexpected token. Did you mean `{'}'}` or `&rbrace;`?
src/pages/CustomerManagement.tsx(586,6): error TS1381: Unexpected token. Did you mean `{'}'}` or `&rbrace;`?
src/pages/CustomerManagement.tsx(587,48): error TS1382: Unexpected token. Did you mean `{'>'}` or `&gt;`?
src/pages/CustomerManagement.tsx(592,76): error TS1005: ',' expected.
src/pages/CustomerManagement.tsx(592,77): error TS1005: ',' expected.
src/pages/CustomerManagement.tsx(594,12): error TS1109: Expression expected.
src/pages/CustomerManagement.tsx(594,60): error TS1005: ',' expected.
src/pages/CustomerManagement.tsx(596,8): error TS1381: Unexpected token. Did you mean `{'}'}` or `&rbrace;`?
src/pages/CustomerManagement.tsx(597,6): error TS1381: Unexpected token. Did you mean `{'}'}` or `&rbrace;`?
src/pages/CustomerManagement.tsx(599,57): error TS1382: Unexpected token. Did you mean `{'>'}` or `&gt;`?
src/pages/CustomerManagement.tsx(601,8): error TS1109: Expression expected.
src/pages/CustomerManagement.tsx(603,17): error TS1005: '}' expected.
src/pages/CustomerManagement.tsx(605,49): error TS1005: '}' expected.
src/pages/CustomerManagement.tsx(605,53): error TS1381: Unexpected token. Did you mean `{'}'}` or `&rbrace;`?
src/pages/CustomerManagement.tsx(606,8): error TS1381: Unexpected token. Did you mean `{'}'}` or `&rbrace;`?
src/pages/CustomerManagement.tsx(608,23): error TS1382: Unexpected token. Did you mean `{'>'}` or `&gt;`?
src/pages/CustomerManagement.tsx(610,17): error TS1005: '}' expected.
src/pages/CustomerManagement.tsx(612,48): error TS1005: '}' expected.
src/pages/CustomerManagement.tsx(612,52): error TS1381: Unexpected token. Did you mean `{'}'}` or `&rbrace;`?
src/pages/CustomerManagement.tsx(616,23): error TS1382: Unexpected token. Did you mean `{'>'}` or `&gt;`?
src/pages/CustomerManagement.tsx(619,6): error TS1381: Unexpected token. Did you mean `{'}'}` or `&rbrace;`?
src/pages/CustomerManagement.tsx(622,21): error TS1109: Expression expected.
src/pages/CustomerManagement.tsx(626,21): error TS1003: Identifier expected.
src/pages/CustomerManagement.tsx(628,16): error TS1005: '}' expected.
src/pages/CustomerManagement.tsx(629,16): error TS1381: Unexpected token. Did you mean `{'}'}` or `&rbrace;`?
src/pages/CustomerManagement.tsx(629,18): error TS1381: Unexpected token. Did you mean `{'}'}` or `&rbrace;`?
src/pages/CustomerManagement.tsx(630,14): error TS1382: Unexpected token. Did you mean `{'>'}` or `&gt;`?
src/pages/CustomerManagement.tsx(632,16): error TS17002: Expected corresponding JSX closing tag for 'div'.
src/pages/CustomerManagement.tsx(635,16): error TS1005: '}' expected.
src/pages/CustomerManagement.tsx(636,16): error TS1381: Unexpected token. Did you mean `{'}'}` or `&rbrace;`?
src/pages/CustomerManagement.tsx(636,18): error TS1381: Unexpected token. Did you mean `{'}'}` or `&rbrace;`?
src/pages/CustomerManagement.tsx(637,14): error TS1382: Unexpected token. Did you mean `{'>'}` or `&gt;`?
src/pages/CustomerManagement.tsx(649,38): error TS1135: Argument expression expected.
src/pages/CustomerManagement.tsx(652,4): error TS1003: Identifier expected.
src/pages/CustomerManagement.tsx(654,57): error TS1382: Unexpected token. Did you mean `{'>'}` or `&gt;`?
src/pages/CustomerManagement.tsx(656,6): error TS1109: Expression expected.
src/pages/CustomerManagement.tsx(656,57): error TS1382: Unexpected token. Did you mean `{'>'}` or `&gt;`?
src/pages/CustomerManagement.tsx(658,8): error TS1109: Expression expected.
src/pages/CustomerManagement.tsx(660,17): error TS1005: '}' expected.
src/pages/CustomerManagement.tsx(662,49): error TS1005: '}' expected.
src/pages/CustomerManagement.tsx(662,53): error TS1381: Unexpected token. Did you mean `{'}'}` or `&rbrace;`?
src/pages/CustomerManagement.tsx(663,8): error TS1381: Unexpected token. Did you mean `{'}'}` or `&rbrace;`?
src/pages/CustomerManagement.tsx(665,23): error TS1382: Unexpected token. Did you mean `{'>'}` or `&gt;`?
src/pages/CustomerManagement.tsx(667,17): error TS1005: '}' expected.
src/pages/CustomerManagement.tsx(669,48): error TS1005: '}' expected.
src/pages/CustomerManagement.tsx(669,52): error TS1381: Unexpected token. Did you mean `{'}'}` or `&rbrace;`?
src/pages/CustomerManagement.tsx(673,23): error TS1382: Unexpected token. Did you mean `{'>'}` or `&gt;`?
src/pages/CustomerManagement.tsx(676,6): error TS1381: Unexpected token. Did you mean `{'}'}` or `&rbrace;`?
src/pages/CustomerManagement.tsx(679,32): error TS1109: Expression expected.
src/pages/CustomerManagement.tsx(684,23): error TS1003: Identifier expected.
src/pages/CustomerManagement.tsx(686,18): error TS1005: '}' expected.
src/pages/CustomerManagement.tsx(687,18): error TS1381: Unexpected token. Did you mean `{'}'}` or `&rbrace;`?
src/pages/CustomerManagement.tsx(687,20): error TS1381: Unexpected token. Did you mean `{'}'}` or `&rbrace;`?
src/pages/CustomerManagement.tsx(688,16): error TS1382: Unexpected token. Did you mean `{'>'}` or `&gt;`?
src/pages/CustomerManagement.tsx(690,18): error TS17002: Expected corresponding JSX closing tag for 'div'.
src/pages/CustomerManagement.tsx(693,18): error TS1005: '}' expected.
src/pages/CustomerManagement.tsx(694,18): error TS1381: Unexpected token. Did you mean `{'}'}` or `&rbrace;`?
src/pages/CustomerManagement.tsx(694,20): error TS1381: Unexpected token. Did you mean `{'}'}` or `&rbrace;`?
src/pages/CustomerManagement.tsx(695,16): error TS1382: Unexpected token. Did you mean `{'>'}` or `&gt;`?
src/pages/CustomerManagement.tsx(699,12): error TS1005: ')' expected.
src/pages/CustomerManagement.tsx(700,10): error TS1381: Unexpected token. Did you mean `{'}'}` or `&rbrace;`?
src/pages/CustomerManagement.tsx(705,53): error TS1135: Argument expression expected.
src/pages/CustomerManagement.tsx(707,10): error TS1005: '}' expected.
src/pages/CustomerManagement.tsx(710,4): error TS1381: Unexpected token. Did you mean `{'}'}` or `&rbrace;`?
src/pages/CustomerManagement.tsx(712,35): error TS1382: Unexpected token. Did you mean `{'>'}` or `&gt;`?
src/pages/CustomerManagement.tsx(714,6): error TS1109: Expression expected.
src/pages/CustomerManagement.tsx(715,44): error TS1382: Unexpected token. Did you mean `{'>'}` or `&gt;`?
src/pages/CustomerManagement.tsx(724,41): error TS1005: '}' expected.
src/pages/CustomerManagement.tsx(725,91): error TS1005: ',' expected.
src/pages/CustomerManagement.tsx(725,93): error TS1005: '}' expected.
src/pages/CustomerManagement.tsx(725,95): error TS1381: Unexpected token. Did you mean `{'}'}` or `&rbrace;`?
src/pages/CustomerManagement.tsx(729,20): error TS1005: '}' expected.
src/pages/CustomerManagement.tsx(730,62): error TS1382: Unexpected token. Did you mean `{'>'}` or `&gt;`?
src/pages/CustomerManagement.tsx(731,37): error TS1382: Unexpected token. Did you mean `{'>'}` or `&gt;`?
src/pages/CustomerManagement.tsx(733,31): error TS1005: '}' expected.
src/pages/CustomerManagement.tsx(733,63): error TS1005: '}' expected.
src/pages/CustomerManagement.tsx(733,76): error TS1381: Unexpected token. Did you mean `{'}'}` or `&rbrace;`?
src/pages/CustomerManagement.tsx(735,20): error TS1381: Unexpected token. Did you mean `{'}'}` or `&rbrace;`?
src/pages/CustomerManagement.tsx(735,21): error TS1381: Unexpected token. Did you mean `{'}'}` or `&rbrace;`?
src/pages/CustomerManagement.tsx(739,75): error TS1005: '}' expected.
src/pages/CustomerManagement.tsx(740,24): error TS17002: Expected corresponding JSX closing tag for 'div'.
src/pages/CustomerManagement.tsx(742,16): error TS17002: Expected corresponding JSX closing tag for 'div'.
src/pages/CustomerManagement.tsx(743,13): error TS1005: ';' expected.
src/pages/CustomerManagement.tsx(743,15): error TS1005: ',' expected.
src/pages/CustomerManagement.tsx(743,20): error TS1005: ',' expected.
src/pages/CustomerManagement.tsx(744,8): error TS1109: Expression expected.
src/pages/CustomerManagement.tsx(745,6): error TS1109: Expression expected.
src/pages/CustomerManagement.tsx(746,4): error TS1128: Declaration or statement expected.
src/pages/CustomerManagement.tsx(763,60): error TS1005: ',' expected.
src/pages/CustomerManagement.tsx(764,18): error TS1005: '}' expected.
src/pages/CustomerManagement.tsx(769,153): error TS1005: '}' expected.
src/pages/CustomerManagement.tsx(769,154): error TS1382: Unexpected token. Did you mean `{'>'}` or `&gt;`?
src/pages/CustomerManagement.tsx(771,39): error TS1003: Identifier expected.
src/pages/CustomerManagement.tsx(773,24): error TS1005: '}' expected.
src/pages/CustomerManagement.tsx(774,68): error TS1382: Unexpected token. Did you mean `{'>'}` or `&gt;`?
src/pages/CustomerManagement.tsx(776,41): error TS1382: Unexpected token. Did you mean `{'>'}` or `&gt;`?
src/pages/CustomerManagement.tsx(778,35): error TS1005: '}' expected.
src/pages/CustomerManagement.tsx(778,69): error TS1005: '}' expected.
src/pages/CustomerManagement.tsx(778,81): error TS1381: Unexpected token. Did you mean `{'}'}` or `&rbrace;`?
src/pages/CustomerManagement.tsx(780,24): error TS1381: Unexpected token. Did you mean `{'}'}` or `&rbrace;`?
src/pages/CustomerManagement.tsx(780,25): error TS1381: Unexpected token. Did you mean `{'}'}` or `&rbrace;`?
src/pages/CustomerManagement.tsx(782,16): error TS1381: Unexpected token. Did you mean `{'}'}` or `&rbrace;`?
src/pages/CustomerManagement.tsx(782,17): error TS1381: Unexpected token. Did you mean `{'}'}` or `&rbrace;`?
src/pages/CustomerManagement.tsx(785,65): error TS1109: Expression expected.
src/pages/CustomerManagement.tsx(786,37): error TS1005: '}' expected.
src/pages/CustomerManagement.tsx(786,76): error TS1382: Unexpected token. Did you mean `{'>'}` or `&gt;`?
src/pages/CustomerManagement.tsx(787,111): error TS1005: '}' expected.
src/pages/CustomerManagement.tsx(787,112): error TS1382: Unexpected token. Did you mean `{'>'}` or `&gt;`?
src/pages/CustomerManagement.tsx(789,17): error TS1381: Unexpected token. Did you mean `{'}'}` or `&rbrace;`?
src/pages/CustomerManagement.tsx(790,12): error TS1005: ')' expected.
src/pages/CustomerManagement.tsx(791,11): error TS1005: ';' expected.
src/pages/CustomerManagement.tsx(791,13): error TS1005: ',' expected.
src/pages/CustomerManagement.tsx(791,18): error TS1005: ',' expected.
src/pages/CustomerManagement.tsx(792,6): error TS1109: Expression expected.
src/pages/CustomerManagement.tsx(793,4): error TS1128: Declaration or statement expected.
src/pages/CustomerManagement.tsx(816,12): error TS1005: ',' expected.
src/pages/CustomerManagement.tsx(816,13): error TS1005: ',' expected.
src/pages/CustomerManagement.tsx(821,12): error TS1109: Expression expected.
src/pages/CustomerManagement.tsx(824,12): error TS1005: ',' expected.
src/pages/CustomerManagement.tsx(826,9): error TS1005: ',' expected.
src/pages/CustomerManagement.tsx(826,10): error TS1134: Variable declaration expected.
src/pages/CustomerManagement.tsx(827,6): error TS1128: Declaration or statement expected.
src/pages/CustomerManagement.tsx(831,9): error TS17008: JSX element 'div' has no corresponding closing tag.
src/pages/CustomerManagement.tsx(832,11): error TS17008: JSX element 'div' has no corresponding closing tag.
src/pages/CustomerManagement.tsx(837,24): error TS1005: '}' expected.
src/pages/CustomerManagement.tsx(838,66): error TS1005: ',' expected.
src/pages/CustomerManagement.tsx(842,24): error TS1005: '}' expected.
src/pages/CustomerManagement.tsx(845,4): error TS1381: Unexpected token. Did you mean `{'}'}` or `&rbrace;`?
src/pages/CustomerManagement.tsx(847,59): error TS1382: Unexpected token. Did you mean `{'>'}` or `&gt;`?
src/pages/CustomerManagement.tsx(848,6): error TS1109: Expression expected.
src/pages/CustomerManagement.tsx(848,35): error TS1382: Unexpected token. Did you mean `{'>'}` or `&gt;`?
src/pages/CustomerManagement.tsx(849,8): error TS1109: Expression expected.
src/pages/CustomerManagement.tsx(850,10): error TS1109: Expression expected.
src/pages/CustomerManagement.tsx(851,24): error TS1005: '}' expected.
src/pages/CustomerManagement.tsx(851,94): error TS1381: Unexpected token. Did you mean `{'}'}` or `&rbrace;`?
src/pages/CustomerManagement.tsx(853,24): error TS1005: '}' expected.
src/pages/CustomerManagement.tsx(853,102): error TS1381: Unexpected token. Did you mean `{'}'}` or `&rbrace;`?
src/pages/CustomerManagement.tsx(855,24): error TS1005: '}' expected.
src/pages/CustomerManagement.tsx(855,100): error TS1381: Unexpected token. Did you mean `{'}'}` or `&rbrace;`?
src/pages/CustomerManagement.tsx(857,24): error TS1005: '}' expected.
src/pages/CustomerManagement.tsx(857,38): error TS1381: Unexpected token. Did you mean `{'}'}` or `&rbrace;`?
src/pages/CustomerManagement.tsx(858,8): error TS1381: Unexpected token. Did you mean `{'}'}` or `&rbrace;`?
src/pages/CustomerManagement.tsx(859,6): error TS1381: Unexpected token. Did you mean `{'}'}` or `&rbrace;`?
src/pages/CustomerManagement.tsx(860,59): error TS1382: Unexpected token. Did you mean `{'>'}` or `&gt;`?
src/pages/CustomerManagement.tsx(868,12): error TS1005: ',' expected.
src/pages/CustomerManagement.tsx(868,13): error TS1005: ',' expected.
src/pages/CustomerManagement.tsx(873,12): error TS1109: Expression expected.
src/pages/CustomerManagement.tsx(876,12): error TS1005: ',' expected.
src/pages/CustomerManagement.tsx(878,48): error TS1005: '}' expected.
src/pages/CustomerManagement.tsx(878,52): error TS1381: Unexpected token. Did you mean `{'}'}` or `&rbrace;`?
src/pages/CustomerManagement.tsx(879,8): error TS1381: Unexpected token. Did you mean `{'}'}` or `&rbrace;`?
src/pages/CustomerManagement.tsx(880,6): error TS1381: Unexpected token. Did you mean `{'}'}` or `&rbrace;`?
src/pages/CustomerManagement.tsx(882,57): error TS1382: Unexpected token. Did you mean `{'>'}` or `&gt;`?
src/pages/CustomerManagement.tsx(884,8): error TS1109: Expression expected.
src/pages/CustomerManagement.tsx(886,17): error TS1005: '}' expected.
src/pages/CustomerManagement.tsx(888,49): error TS1005: '}' expected.
src/pages/CustomerManagement.tsx(888,53): error TS1381: Unexpected token. Did you mean `{'}'}` or `&rbrace;`?
src/pages/CustomerManagement.tsx(889,8): error TS1381: Unexpected token. Did you mean `{'}'}` or `&rbrace;`?
src/pages/CustomerManagement.tsx(891,23): error TS1382: Unexpected token. Did you mean `{'>'}` or `&gt;`?
src/pages/CustomerManagement.tsx(893,17): error TS1005: '}' expected.
src/pages/CustomerManagement.tsx(895,48): error TS1005: '}' expected.
src/pages/CustomerManagement.tsx(895,52): error TS1381: Unexpected token. Did you mean `{'}'}` or `&rbrace;`?
src/pages/CustomerManagement.tsx(902,23): error TS1382: Unexpected token. Did you mean `{'>'}` or `&gt;`?
src/pages/CustomerManagement.tsx(904,24): error TS1005: '}' expected.
src/pages/CustomerManagement.tsx(904,59): error TS1005: '}' expected.
src/pages/CustomerManagement.tsx(904,67): error TS1381: Unexpected token. Did you mean `{'}'}` or `&rbrace;`?
src/pages/CustomerManagement.tsx(906,6): error TS1381: Unexpected token. Did you mean `{'}'}` or `&rbrace;`?
src/pages/CustomerManagement.tsx(911,21): error TS1109: Expression expected.
src/pages/CustomerManagement.tsx(915,21): error TS1003: Identifier expected.
src/pages/CustomerManagement.tsx(917,16): error TS1005: '}' expected.
src/pages/CustomerManagement.tsx(918,16): error TS1381: Unexpected token. Did you mean `{'}'}` or `&rbrace;`?
src/pages/CustomerManagement.tsx(918,18): error TS1381: Unexpected token. Did you mean `{'}'}` or `&rbrace;`?
src/pages/CustomerManagement.tsx(919,14): error TS1382: Unexpected token. Did you mean `{'>'}` or `&gt;`?
src/pages/CustomerManagement.tsx(921,16): error TS17002: Expected corresponding JSX closing tag for 'div'.
src/pages/CustomerManagement.tsx(924,16): error TS1005: '}' expected.
src/pages/CustomerManagement.tsx(925,16): error TS1381: Unexpected token. Did you mean `{'}'}` or `&rbrace;`?
src/pages/CustomerManagement.tsx(925,18): error TS1381: Unexpected token. Did you mean `{'}'}` or `&rbrace;`?
src/pages/CustomerManagement.tsx(926,14): error TS1382: Unexpected token. Did you mean `{'>'}` or `&gt;`?
src/pages/CustomerManagement.tsx(933,11): error TS17008: JSX element 'div' has no corresponding closing tag.
src/pages/CustomerManagement.tsx(935,13): error TS17008: JSX element 'div' has no corresponding closing tag.
src/pages/CustomerManagement.tsx(940,68): error TS1005: ',' expected.
src/pages/CustomerManagement.tsx(944,26): error TS1005: '}' expected.
src/pages/CustomerManagement.tsx(947,16): error TS1381: Unexpected token. Did you mean `{'}'}` or `&rbrace;`?
src/pages/CustomerManagement.tsx(947,17): error TS1381: Unexpected token. Did you mean `{'}'}` or `&rbrace;`?
src/pages/CustomerManagement.tsx(949,16): error TS1381: Unexpected token. Did you mean `{'}'}` or `&rbrace;`?
src/pages/CustomerManagement.tsx(949,17): error TS1381: Unexpected token. Did you mean `{'}'}` or `&rbrace;`?
src/pages/CustomerManagement.tsx(951,4): error TS1381: Unexpected token. Did you mean `{'}'}` or `&rbrace;`?
src/pages/CustomerManagement.tsx(953,55): error TS1382: Unexpected token. Did you mean `{'>'}` or `&gt;`?
src/pages/CustomerManagement.tsx(954,6): error TS1109: Expression expected.
src/pages/CustomerManagement.tsx(957,57): error TS1382: Unexpected token. Did you mean `{'>'}` or `&gt;`?
src/pages/CustomerManagement.tsx(959,8): error TS1109: Expression expected.
src/pages/CustomerManagement.tsx(961,17): error TS1005: '}' expected.
src/pages/CustomerManagement.tsx(963,49): error TS1005: '}' expected.
src/pages/CustomerManagement.tsx(963,53): error TS1381: Unexpected token. Did you mean `{'}'}` or `&rbrace;`?
src/pages/CustomerManagement.tsx(964,8): error TS1381: Unexpected token. Did you mean `{'}'}` or `&rbrace;`?
src/pages/CustomerManagement.tsx(966,23): error TS1382: Unexpected token. Did you mean `{'>'}` or `&gt;`?
src/pages/CustomerManagement.tsx(968,17): error TS1005: '}' expected.
src/pages/CustomerManagement.tsx(970,48): error TS1005: '}' expected.
src/pages/CustomerManagement.tsx(970,52): error TS1381: Unexpected token. Did you mean `{'}'}` or `&rbrace;`?
src/pages/CustomerManagement.tsx(974,23): error TS1382: Unexpected token. Did you mean `{'>'}` or `&gt;`?
src/pages/CustomerManagement.tsx(977,6): error TS1381: Unexpected token. Did you mean `{'}'}` or `&rbrace;`?
src/pages/CustomerManagement.tsx(980,21): error TS1109: Expression expected.
src/pages/CustomerManagement.tsx(984,21): error TS1003: Identifier expected.
src/pages/CustomerManagement.tsx(986,16): error TS1005: '}' expected.
src/pages/CustomerManagement.tsx(987,16): error TS1381: Unexpected token. Did you mean `{'}'}` or `&rbrace;`?
src/pages/CustomerManagement.tsx(987,18): error TS1381: Unexpected token. Did you mean `{'}'}` or `&rbrace;`?
src/pages/CustomerManagement.tsx(988,14): error TS1382: Unexpected token. Did you mean `{'>'}` or `&gt;`?
src/pages/CustomerManagement.tsx(990,16): error TS17002: Expected corresponding JSX closing tag for 'div'.
src/pages/CustomerManagement.tsx(993,16): error TS1005: '}' expected.
src/pages/CustomerManagement.tsx(994,16): error TS1381: Unexpected token. Did you mean `{'}'}` or `&rbrace;`?
src/pages/CustomerManagement.tsx(994,18): error TS1381: Unexpected token. Did you mean `{'}'}` or `&rbrace;`?
src/pages/CustomerManagement.tsx(995,14): error TS1382: Unexpected token. Did you mean `{'>'}` or `&gt;`?
src/pages/CustomerManagement.tsx(1002,11): error TS17008: JSX element 'div' has no corresponding closing tag.
src/pages/CustomerManagement.tsx(1004,13): error TS17008: JSX element 'div' has no corresponding closing tag.
src/pages/CustomerManagement.tsx(1005,15): error TS17008: JSX element 'div' has no corresponding closing tag.
src/pages/CustomerManagement.tsx(1011,24): error TS1003: Identifier expected.
src/pages/CustomerManagement.tsx(1011,48): error TS1005: '}' expected.
src/pages/CustomerManagement.tsx(1011,65): error TS1381: Unexpected token. Did you mean `{'}'}` or `&rbrace;`?
src/pages/CustomerManagement.tsx(1012,47): error TS1005: '}' expected.
src/pages/CustomerManagement.tsx(1012,64): error TS1381: Unexpected token. Did you mean `{'}'}` or `&rbrace;`?
src/pages/CustomerManagement.tsx(1014,20): error TS1381: Unexpected token. Did you mean `{'}'}` or `&rbrace;`?
src/pages/CustomerManagement.tsx(1015,18): error TS1381: Unexpected token. Did you mean `{'}'}` or `&rbrace;`?
src/pages/CustomerManagement.tsx(1015,21): error TS1381: Unexpected token. Did you mean `{'}'}` or `&rbrace;`?
src/pages/CustomerManagement.tsx(1020,46): error TS1005: '}' expected.
src/pages/CustomerManagement.tsx(1020,63): error TS1381: Unexpected token. Did you mean `{'}'}` or `&rbrace;`?
src/pages/CustomerManagement.tsx(1021,45): error TS1005: '}' expected.
src/pages/CustomerManagement.tsx(1021,62): error TS1381: Unexpected token. Did you mean `{'}'}` or `&rbrace;`?
src/pages/CustomerManagement.tsx(1023,20): error TS1381: Unexpected token. Did you mean `{'}'}` or `&rbrace;`?
src/pages/CustomerManagement.tsx(1024,18): error TS1381: Unexpected token. Did you mean `{'}'}` or `&rbrace;`?
src/pages/CustomerManagement.tsx(1024,21): error TS1381: Unexpected token. Did you mean `{'}'}` or `&rbrace;`?
src/pages/CustomerManagement.tsx(1026,4): error TS1381: Unexpected token. Did you mean `{'}'}` or `&rbrace;`?
src/pages/CustomerManagement.tsx(1028,50): error TS1382: Unexpected token. Did you mean `{'>'}` or `&gt;`?
src/pages/CustomerManagement.tsx(1030,46): error TS1005: ',' expected.
src/pages/CustomerManagement.tsx(1031,8): error TS1005: '}' expected.
src/pages/CustomerManagement.tsx(1032,10): error TS1109: Expression expected.
src/pages/CustomerManagement.tsx(1067,8): error TS1381: Unexpected token. Did you mean `{'}'}` or `&rbrace;`?
src/pages/CustomerManagement.tsx(1070,17): error TS1005: '}' expected.
src/pages/CustomerManagement.tsx(1072,8): error TS1381: Unexpected token. Did you mean `{'}'}` or `&rbrace;`?
src/pages/CustomerManagement.tsx(1073,6): error TS1381: Unexpected token. Did you mean `{'}'}` or `&rbrace;`?
src/pages/CustomerManagement.tsx(1074,4): error TS1381: Unexpected token. Did you mean `{'}'}` or `&rbrace;`?
src/pages/CustomerManagement.tsx(1076,56): error TS17008: JSX element 'CustomerManagementState' has no corresponding closing tag.
src/pages/CustomerManagement.tsx(1076,82): error TS1382: Unexpected token. Did you mean `{'>'}` or `&gt;`?
src/pages/CustomerManagement.tsx(1077,5): error TS1109: Expression expected.
src/pages/CustomerManagement.tsx(1079,7): error TS1109: Expression expected.
src/pages/CustomerManagement.tsx(1079,55): error TS1109: Expression expected.
src/pages/CustomerManagement.tsx(1079,71): error TS1381: Unexpected token. Did you mean `{'}'}` or `&rbrace;`?
src/pages/CustomerManagement.tsx(1082,22): error TS1382: Unexpected token. Did you mean `{'>'}` or `&gt;`?
src/pages/CustomerManagement.tsx(1084,16): error TS1005: '}' expected.
src/pages/CustomerManagement.tsx(1088,16): error TS1005: '}' expected.
src/pages/CustomerManagement.tsx(1094,13): error TS1005: '}' expected.
src/pages/CustomerManagement.tsx(1099,7): error TS1381: Unexpected token. Did you mean `{'}'}` or `&rbrace;`?
src/pages/CustomerManagement.tsx(1106,54): error TS1382: Unexpected token. Did you mean `{'>'}` or `&gt;`?
src/pages/CustomerManagement.tsx(1108,9): error TS1005: '}' expected.
src/pages/CustomerManagement.tsx(1109,7): error TS1381: Unexpected token. Did you mean `{'}'}` or `&rbrace;`?
src/pages/CustomerManagement.tsx(1123,52): error TS1382: Unexpected token. Did you mean `{'>'}` or `&gt;`?
src/pages/CustomerManagement.tsx(1161,9): error TS1109: Expression expected.
src/pages/CustomerManagement.tsx(1163,25): error TS1005: '}' expected.
src/pages/CustomerManagement.tsx(1167,24): error TS1382: Unexpected token. Did you mean `{'>'}` or `&gt;`?
src/pages/CustomerManagement.tsx(1169,20): error TS1005: '}' expected.
src/pages/CustomerManagement.tsx(1170,48): error TS1005: '}' expected.
src/pages/CustomerManagement.tsx(1170,89): error TS1381: Unexpected token. Did you mean `{'}'}` or `&rbrace;`?
src/pages/CustomerManagement.tsx(1174,7): error TS1381: Unexpected token. Did you mean `{'}'}` or `&rbrace;`?
src/pages/CustomerManagement.tsx(1176,9): error TS1005: '}' expected.
src/pages/CustomerManagement.tsx(1177,7): error TS1381: Unexpected token. Did you mean `{'}'}` or `&rbrace;`?
src/pages/CustomerManagement.tsx(1178,5): error TS1381: Unexpected token. Did you mean `{'}'}` or `&rbrace;`?
src/pages/CustomerManagement.tsx(1182,7): error TS1005: '}' expected.
src/pages/CustomerManagement.tsx(1186,9): error TS1005: '}' expected.
src/pages/CustomerManagement.tsx(1187,7): error TS1381: Unexpected token. Did you mean `{'}'}` or `&rbrace;`?
src/pages/CustomerManagement.tsx(1188,22): error TS1382: Unexpected token. Did you mean `{'>'}` or `&gt;`?
src/pages/CustomerManagement.tsx(1190,16): error TS1005: '}' expected.
src/pages/CustomerManagement.tsx(1192,27): error TS1005: '}' expected.
src/pages/CustomerManagement.tsx(1195,5): error TS1381: Unexpected token. Did you mean `{'}'}` or `&rbrace;`?
src/pages/CustomerManagement.tsx(1196,3): error TS1381: Unexpected token. Did you mean `{'}'}` or `&rbrace;`?
src/pages/CustomerManagement.tsx(1198,37): error TS1382: Unexpected token. Did you mean `{'>'}` or `&gt;`?
src/pages/CustomerManagement.tsx(1199,5): error TS1109: Expression expected.
src/pages/CustomerManagement.tsx(1200,7): error TS1109: Expression expected.
src/pages/CustomerManagement.tsx(1200,70): error TS1005: '}' expected.
src/pages/CustomerManagement.tsx(1202,84): error TS1005: ',' expected.
src/pages/CustomerManagement.tsx(1202,86): error TS1005: '}' expected.
src/pages/CustomerManagement.tsx(1203,7): error TS1381: Unexpected token. Did you mean `{'}'}` or `&rbrace;`?
src/pages/CustomerManagement.tsx(1219,9): error TS1005: ',' expected.
src/pages/CustomerManagement.tsx(1219,11): error TS1005: '}' expected.
src/pages/CustomerManagement.tsx(1220,7): error TS1381: Unexpected token. Did you mean `{'}'}` or `&rbrace;`?
src/pages/CustomerManagement.tsx(1221,5): error TS1381: Unexpected token. Did you mean `{'}'}` or `&rbrace;`?
src/pages/CustomerManagement.tsx(1238,7): error TS1005: ',' expected.
src/pages/CustomerManagement.tsx(1238,9): error TS1005: '}' expected.
src/pages/CustomerManagement.tsx(1239,5): error TS1381: Unexpected token. Did you mean `{'}'}` or `&rbrace;`?
src/pages/CustomerManagement.tsx(1240,3): error TS1381: Unexpected token. Did you mean `{'}'}` or `&rbrace;`?
src/pages/CustomerManagement.tsx(1242,17): error TS1382: Unexpected token. Did you mean `{'>'}` or `&gt;`?
src/pages/CustomerManagement.tsx(1243,5): error TS1109: Expression expected.
src/pages/CustomerManagement.tsx(1245,7): error TS1005: '}' expected.
src/pages/CustomerManagement.tsx(1248,44): error TS1382: Unexpected token. Did you mean `{'>'}` or `&gt;`?
src/pages/CustomerManagement.tsx(1249,9): error TS1109: Expression expected.
src/pages/CustomerManagement.tsx(1252,11): error TS1005: '}' expected.
src/pages/CustomerManagement.tsx(1253,9): error TS1381: Unexpected token. Did you mean `{'}'}` or `&rbrace;`?
src/pages/CustomerManagement.tsx(1254,7): error TS1381: Unexpected token. Did you mean `{'}'}` or `&rbrace;`?
src/pages/CustomerManagement.tsx(1258,18): error TS1382: Unexpected token. Did you mean `{'>'}` or `&gt;`?
src/pages/CustomerManagement.tsx(1261,5): error TS1381: Unexpected token. Did you mean `{'}'}` or `&rbrace;`?
src/pages/CustomerManagement.tsx(1262,3): error TS1381: Unexpected token. Did you mean `{'}'}` or `&rbrace;`?
src/pages/CustomerManagement.tsx(1273,17): error TS1382: Unexpected token. Did you mean `{'>'}` or `&gt;`?
src/pages/CustomerManagement.tsx(1274,5): error TS1109: Expression expected.
src/pages/CustomerManagement.tsx(1281,7): error TS1005: ',' expected.
src/pages/CustomerManagement.tsx(1281,8): error TS1005: '}' expected.
src/pages/CustomerManagement.tsx(1283,36): error TS1382: Unexpected token. Did you mean `{'>'}` or `&gt;`?
src/pages/CustomerManagement.tsx(1285,9): error TS1005: '}' expected.
src/pages/CustomerManagement.tsx(1286,7): error TS1381: Unexpected token. Did you mean `{'}'}` or `&rbrace;`?
src/pages/CustomerManagement.tsx(1287,18): error TS1382: Unexpected token. Did you mean `{'>'}` or `&gt;`?
src/pages/CustomerManagement.tsx(1289,9): error TS1005: '}' expected.
src/pages/CustomerManagement.tsx(1290,7): error TS1381: Unexpected token. Did you mean `{'}'}` or `&rbrace;`?
src/pages/CustomerManagement.tsx(1291,5): error TS1381: Unexpected token. Did you mean `{'}'}` or `&rbrace;`?
src/pages/CustomerManagement.tsx(1292,3): error TS1381: Unexpected token. Did you mean `{'}'}` or `&rbrace;`?
src/pages/CustomerManagement.tsx(1309,17): error TS1382: Unexpected token. Did you mean `{'>'}` or `&gt;`?
src/pages/CustomerManagement.tsx(1313,5): error TS1109: Expression expected.
src/pages/CustomerManagement.tsx(1313,68): error TS1382: Unexpected token. Did you mean `{'>'}` or `&gt;`?
src/pages/CustomerManagement.tsx(1317,30): error TS1382: Unexpected token. Did you mean `{'>'}` or `&gt;`?
src/pages/CustomerManagement.tsx(1320,3): error TS1381: Unexpected token. Did you mean `{'}'}` or `&rbrace;`?
src/pages/CustomerManagement.tsx(1327,46): error TS1382: Unexpected token. Did you mean `{'>'}` or `&gt;`?
src/pages/CustomerManagement.tsx(1331,5): error TS1005: ',' expected.
src/pages/CustomerManagement.tsx(1331,7): error TS1005: '}' expected.
src/pages/CustomerManagement.tsx(1332,3): error TS1381: Unexpected token. Did you mean `{'}'}` or `&rbrace;`?
src/pages/CustomerManagement.tsx(1334,51): error TS1382: Unexpected token. Did you mean `{'>'}` or `&gt;`?
src/pages/CustomerManagement.tsx(1342,5): error TS1005: ',' expected.
src/pages/CustomerManagement.tsx(1342,7): error TS1005: '}' expected.
src/pages/CustomerManagement.tsx(1344,20): error TS1382: Unexpected token. Did you mean `{'>'}` or `&gt;`?
src/pages/CustomerManagement.tsx(1349,40): error TS1005: ',' expected.
src/pages/CustomerManagement.tsx(1349,41): error TS1005: '}' expected.
src/pages/CustomerManagement.tsx(1351,9): error TS1381: Unexpected token. Did you mean `{'}'}` or `&rbrace;`?
src/pages/CustomerManagement.tsx(1355,7): error TS1381: Unexpected token. Did you mean `{'}'}` or `&rbrace;`?
src/pages/CustomerManagement.tsx(1356,5): error TS1381: Unexpected token. Did you mean `{'}'}` or `&rbrace;`?
src/pages/CustomerManagement.tsx(1357,3): error TS1381: Unexpected token. Did you mean `{'}'}` or `&rbrace;`?
src/pages/CustomerManagement.tsx(1359,33): error TS1382: Unexpected token. Did you mean `{'>'}` or `&gt;`?
src/pages/CustomerManagement.tsx(1361,5): error TS1109: Expression expected.
src/pages/CustomerManagement.tsx(1364,8): error TS17008: JSX element 'div' has no corresponding closing tag.
src/pages/CustomerManagement.tsx(1365,10): error TS17008: JSX element 'div' has no corresponding closing tag.
src/pages/CustomerManagement.tsx(1367,12): error TS17008: JSX element 'div' has no corresponding closing tag.
src/pages/CustomerManagement.tsx(1371,14): error TS17008: JSX element 'div' has no corresponding closing tag.
src/pages/CustomerManagement.tsx(1374,46): error TS1005: '}' expected.
src/pages/CustomerManagement.tsx(1375,76): error TS1005: ',' expected.
src/pages/CustomerManagement.tsx(1379,13): error TS2657: JSX expressions must have one parent element.
src/pages/CustomerManagement.tsx(1380,16): error TS17008: JSX element 'button' has no corresponding closing tag.
src/pages/CustomerManagement.tsx(1381,76): error TS1005: ',' expected.
src/pages/CustomerManagement.tsx(1382,53): error TS1005: '}' expected.
src/pages/CustomerManagement.tsx(1384,76): error TS1005: ',' expected.
src/pages/CustomerManagement.tsx(1385,80): error TS1005: '}' expected.
src/pages/CustomerManagement.tsx(1387,12): error TS1381: Unexpected token. Did you mean `{'}'}` or `&rbrace;`?
src/pages/CustomerManagement.tsx(1388,10): error TS17008: JSX element 'div' has no corresponding closing tag.
src/pages/CustomerManagement.tsx(1393,97): error TS1005: ',' expected.
src/pages/CustomerManagement.tsx(1400,46): error TS1005: '}' expected.
src/pages/CustomerManagement.tsx(1401,76): error TS1005: ',' expected.
src/pages/CustomerManagement.tsx(1406,16): error TS17008: JSX element 'nav' has no corresponding closing tag.
src/pages/CustomerManagement.tsx(1408,78): error TS1005: ',' expected.
src/pages/CustomerManagement.tsx(1409,55): error TS1005: '}' expected.
src/pages/CustomerManagement.tsx(1419,68): error TS1003: Identifier expected.
src/pages/CustomerManagement.tsx(1423,45): error TS1003: Identifier expected.
src/pages/CustomerManagement.tsx(1426,42): error TS1382: Unexpected token. Did you mean `{'>'}` or `&gt;`?
src/pages/CustomerManagement.tsx(1428,32): error TS1005: '}' expected.
src/pages/CustomerManagement.tsx(1429,61): error TS1005: ',' expected.
src/pages/CustomerManagement.tsx(1431,23): error TS1381: Unexpected token. Did you mean `{'}'}` or `&rbrace;`?
src/pages/CustomerManagement.tsx(1431,25): error TS1381: Unexpected token. Did you mean `{'}'}` or `&rbrace;`?
src/pages/CustomerManagement.tsx(1432,21): error TS1382: Unexpected token. Did you mean `{'>'}` or `&gt;`?
src/pages/CustomerManagement.tsx(1438,78): error TS1005: ',' expected.
src/pages/CustomerManagement.tsx(1439,82): error TS1005: '}' expected.
src/pages/CustomerManagement.tsx(1441,12): error TS1381: Unexpected token. Did you mean `{'}'}` or `&rbrace;`?
src/pages/CustomerManagement.tsx(1441,15): error TS17002: Expected corresponding JSX closing tag for 'button'.
src/pages/CustomerManagement.tsx(1442,9): error TS17002: Expected corresponding JSX closing tag for 'button'.
src/pages/CustomerManagement.tsx(1444,3): error TS1381: Unexpected token. Did you mean `{'}'}` or `&rbrace;`?
src/pages/CustomerManagement.tsx(1446,54): error TS1382: Unexpected token. Did you mean `{'>'}` or `&gt;`?
src/pages/CustomerManagement.tsx(1451,5): error TS1005: ',' expected.
src/pages/CustomerManagement.tsx(1451,7): error TS1005: '}' expected.
src/pages/CustomerManagement.tsx(1452,3): error TS1381: Unexpected token. Did you mean `{'}'}` or `&rbrace;`?
src/pages/CustomerManagement.tsx(1454,53): error TS1382: Unexpected token. Did you mean `{'>'}` or `&gt;`?
src/pages/CustomerManagement.tsx(1459,5): error TS1005: ',' expected.
src/pages/CustomerManagement.tsx(1459,7): error TS1005: '}' expected.
src/pages/CustomerManagement.tsx(1460,3): error TS1381: Unexpected token. Did you mean `{'}'}` or `&rbrace;`?
src/pages/CustomerManagement.tsx(1462,47): error TS1382: Unexpected token. Did you mean `{'>'}` or `&gt;`?
src/pages/CustomerManagement.tsx(1467,5): error TS1005: ',' expected.
src/pages/CustomerManagement.tsx(1467,7): error TS1005: '}' expected.
src/pages/CustomerManagement.tsx(1468,3): error TS1381: Unexpected token. Did you mean `{'}'}` or `&rbrace;`?
src/pages/CustomerManagement.tsx(1470,43): error TS1382: Unexpected token. Did you mean `{'>'}` or `&gt;`?
src/pages/CustomerManagement.tsx(1473,5): error TS1005: '}' expected.
src/pages/CustomerManagement.tsx(1474,3): error TS1381: Unexpected token. Did you mean `{'}'}` or `&rbrace;`?
src/pages/CustomerManagement.tsx(1476,37): error TS1382: Unexpected token. Did you mean `{'>'}` or `&gt;`?
src/pages/CustomerManagement.tsx(1479,5): error TS1005: '}' expected.
src/pages/CustomerManagement.tsx(1480,3): error TS1381: Unexpected token. Did you mean `{'}'}` or `&rbrace;`?
src/pages/CustomerManagement.tsx(1482,42): error TS1382: Unexpected token. Did you mean `{'>'}` or `&gt;`?
src/pages/CustomerManagement.tsx(1484,5): error TS1109: Expression expected.
src/pages/CustomerManagement.tsx(1485,7): error TS1109: Expression expected.
src/pages/CustomerManagement.tsx(1486,5): error TS1381: Unexpected token. Did you mean `{'}'}` or `&rbrace;`?
src/pages/CustomerManagement.tsx(1492,7): error TS1109: Expression expected.
src/pages/CustomerManagement.tsx(1493,5): error TS1381: Unexpected token. Did you mean `{'}'}` or `&rbrace;`?
src/pages/CustomerManagement.tsx(1494,36): error TS1005: ',' expected.
src/pages/CustomerManagement.tsx(1497,45): error TS1382: Unexpected token. Did you mean `{'>'}` or `&gt;`?
src/pages/CustomerManagement.tsx(1498,5): error TS1109: Expression expected.
src/pages/CustomerManagement.tsx(1499,16): error TS1005: '}' expected.
src/pages/CustomerManagement.tsx(1501,3): error TS1381: Unexpected token. Did you mean `{'}'}` or `&rbrace;`?
src/pages/CustomerManagement.tsx(1503,5): error TS1109: Expression expected.
src/pages/CustomerManagement.tsx(1512,3): error TS1381: Unexpected token. Did you mean `{'}'}` or `&rbrace;`?
src/pages/CustomerManagement.tsx(1515,18): error TS1109: Expression expected.
src/pages/CustomerManagement.tsx(1525,18): error TS1003: Identifier expected.
src/pages/CustomerManagement.tsx(1526,81): error TS1005: ',' expected.
src/pages/CustomerManagement.tsx(1526,83): error TS1005: '}' expected.
src/pages/CustomerManagement.tsx(1526,85): error TS1381: Unexpected token. Did you mean `{'}'}` or `&rbrace;`?
src/pages/CustomerManagement.tsx(1538,97): error TS1005: '}' expected.
src/pages/CustomerManagement.tsx(1574,118): error TS1005: '}' expected.
src/pages/CustomerManagement.tsx(1591,7): error TS1005: ')' expected.
src/pages/CustomerManagement.tsx(1600,61): error TS1005: '}' expected.
src/pages/CustomerManagement.tsx(1604,85): error TS1005: ',' expected.
src/pages/CustomerManagement.tsx(1604,87): error TS1005: '}' expected.
src/pages/CustomerManagement.tsx(1604,89): error TS1381: Unexpected token. Did you mean `{'}'}` or `&rbrace;`?
src/pages/CustomerManagement.tsx(1612,23): error TS2657: JSX expressions must have one parent element.
src/pages/CustomerManagement.tsx(1613,25): error TS2657: JSX expressions must have one parent element.
src/pages/CustomerManagement.tsx(1616,27): error TS1381: Unexpected token. Did you mean `{'}'}` or `&rbrace;`?
src/pages/CustomerManagement.tsx(1616,28): error TS1381: Unexpected token. Did you mean `{'}'}` or `&rbrace;`?
src/pages/CustomerManagement.tsx(1617,82): error TS1005: ',' expected.
src/pages/CustomerManagement.tsx(1619,27): error TS1381: Unexpected token. Did you mean `{'}'}` or `&rbrace;`?
src/pages/CustomerManagement.tsx(1620,73): error TS1005: ',' expected.
src/pages/CustomerManagement.tsx(1622,27): error TS1381: Unexpected token. Did you mean `{'}'}` or `&rbrace;`?
src/pages/CustomerManagement.tsx(1623,74): error TS1005: ',' expected.
src/pages/CustomerManagement.tsx(1625,27): error TS1381: Unexpected token. Did you mean `{'}'}` or `&rbrace;`?
src/pages/CustomerManagement.tsx(1626,73): error TS1005: ',' expected.
src/pages/CustomerManagement.tsx(1628,27): error TS1381: Unexpected token. Did you mean `{'}'}` or `&rbrace;`?
src/pages/CustomerManagement.tsx(1629,81): error TS1005: ',' expected.
src/pages/CustomerManagement.tsx(1631,27): error TS1381: Unexpected token. Did you mean `{'}'}` or `&rbrace;`?
src/pages/CustomerManagement.tsx(1632,85): error TS1005: ',' expected.
src/pages/CustomerManagement.tsx(1634,27): error TS1381: Unexpected token. Did you mean `{'}'}` or `&rbrace;`?
src/pages/CustomerManagement.tsx(1635,84): error TS1005: ',' expected.
src/pages/CustomerManagement.tsx(1637,27): error TS1381: Unexpected token. Did you mean `{'}'}` or `&rbrace;`?
src/pages/CustomerManagement.tsx(1638,88): error TS1005: ',' expected.
src/pages/CustomerManagement.tsx(1640,27): error TS1381: Unexpected token. Did you mean `{'}'}` or `&rbrace;`?
src/pages/CustomerManagement.tsx(1641,87): error TS1005: ',' expected.
src/pages/CustomerManagement.tsx(1643,27): error TS1381: Unexpected token. Did you mean `{'}'}` or `&rbrace;`?
src/pages/CustomerManagement.tsx(1645,27): error TS1005: '}' expected.
src/pages/CustomerManagement.tsx(1652,25): error TS1005: '}' expected.
src/pages/CustomerManagement.tsx(1652,27): error TS17002: Expected corresponding JSX closing tag for 'tr'.
src/pages/CustomerManagement.tsx(1657,25): error TS1005: '}' expected.
src/pages/CustomerManagement.tsx(1657,27): error TS17002: Expected corresponding JSX closing tag for 'button'.
src/pages/CustomerManagement.tsx(1659,25): error TS1005: '}' expected.
src/pages/CustomerManagement.tsx(1659,35): error TS1005: '...' expected.
src/pages/CustomerManagement.tsx(1660,25): error TS1003: Identifier expected.
src/pages/CustomerManagement.tsx(1662,25): error TS1005: '}' expected.
src/pages/CustomerManagement.tsx(1662,27): error TS17002: Expected corresponding JSX closing tag for 'tr'.
src/pages/CustomerManagement.tsx(1666,62): error TS1005: ',' expected.
src/pages/CustomerManagement.tsx(1667,25): error TS1005: '}' expected.
src/pages/CustomerManagement.tsx(1667,27): error TS17002: Expected corresponding JSX closing tag for 'thead'.
src/pages/CustomerManagement.tsx(1669,25): error TS1005: '}' expected.
src/pages/CustomerManagement.tsx(1669,36): error TS1005: '...' expected.
src/pages/CustomerManagement.tsx(1670,25): error TS1003: Identifier expected.
src/pages/CustomerManagement.tsx(1671,36): error TS1005: ',' expected.
src/pages/CustomerManagement.tsx(1671,51): error TS1005: '}' expected.
src/pages/CustomerManagement.tsx(1672,25): error TS1003: Identifier expected.
src/pages/CustomerManagement.tsx(1672,27): error TS17002: Expected corresponding JSX closing tag for 'div'.
src/pages/CustomerManagement.tsx(1676,36): error TS1005: ',' expected.
src/pages/CustomerManagement.tsx(1676,60): error TS1005: '}' expected.
src/pages/CustomerManagement.tsx(1677,25): error TS1003: Identifier expected.
src/pages/CustomerManagement.tsx(1677,27): error TS17002: Expected corresponding JSX closing tag for 'button'.
src/pages/CustomerManagement.tsx(1681,94): error TS1005: ',' expected.
src/pages/CustomerManagement.tsx(1682,25): error TS1005: '}' expected.
src/pages/CustomerManagement.tsx(1682,27): error TS17002: Expected corresponding JSX closing tag for 'div'.
src/pages/CustomerManagement.tsx(1686,126): error TS1005: ',' expected.
src/pages/CustomerManagement.tsx(1687,25): error TS1005: '}' expected.
src/pages/CustomerManagement.tsx(1687,27): error TS17002: Expected corresponding JSX closing tag for 'div'.
src/pages/CustomerManagement.tsx(1689,25): error TS1005: ')' expected.
src/pages/CustomerManagement.tsx(1691,124): error TS1005: ',' expected.
src/pages/CustomerManagement.tsx(1692,25): error TS1005: '}' expected.
src/pages/CustomerManagement.tsx(1692,27): error TS17002: Expected corresponding JSX closing tag for 'div'.
src/pages/CustomerManagement.tsx(1695,93): error TS1005: '}' expected.
src/pages/CustomerManagement.tsx(1695,94): error TS1382: Unexpected token. Did you mean `{'>'}` or `&gt;`?
src/pages/CustomerManagement.tsx(1709,32): error TS1005: ';' expected.
src/pages/CustomerManagement.tsx(1709,33): error TS1005: '}' expected.
src/pages/CustomerManagement.tsx(1710,27): error TS17002: Expected corresponding JSX closing tag for 'div'.
src/pages/CustomerManagement.tsx(1717,31): error TS1005: '}' expected.
src/pages/CustomerManagement.tsx(1720,31): error TS1005: '}' expected.
src/pages/CustomerManagement.tsx(1723,31): error TS1005: '}' expected.
src/pages/CustomerManagement.tsx(1725,31): error TS1005: '}' expected.
src/pages/CustomerManagement.tsx(1728,21): error TS1381: Unexpected token. Did you mean `{'}'}` or `&rbrace;`?
src/pages/CustomerManagement.tsx(1728,25): error TS17002: Expected corresponding JSX closing tag for 'button'.
src/pages/CustomerManagement.tsx(1729,17): error TS17002: Expected corresponding JSX closing tag for 'div'.
src/pages/CustomerManagement.tsx(1730,13): error TS1005: '}' expected.
src/pages/CustomerManagement.tsx(1733,32): error TS1135: Argument expression expected.
src/pages/CustomerManagement.tsx(1734,13): error TS1003: Identifier expected.
src/pages/CustomerManagement.tsx(1735,10): error TS1381: Unexpected token. Did you mean `{'}'}` or `&rbrace;`?
src/pages/CustomerManagement.tsx(1737,7): error TS1005: ')' expected.
src/pages/CustomerManagement.tsx(1741,49): error TS1005: '}' expected.
src/pages/CustomerManagement.tsx(1742,11): error TS1005: '}' expected.
src/pages/CustomerManagement.tsx(1742,111): error TS1005: ',' expected.
src/pages/CustomerManagement.tsx(1742,113): error TS1005: '}' expected.
src/pages/CustomerManagement.tsx(1742,115): error TS1381: Unexpected token. Did you mean `{'}'}` or `&rbrace;`?
src/pages/CustomerManagement.tsx(1744,10): error TS1382: Unexpected token. Did you mean `{'>'}` or `&gt;`?
src/pages/CustomerManagement.tsx(1745,7): error TS1381: Unexpected token. Did you mean `{'}'}` or `&rbrace;`?
src/pages/CustomerManagement.tsx(1751,45): error TS1005: '}' expected.
src/pages/CustomerManagement.tsx(1752,13): error TS1005: '}' expected.
src/pages/CustomerManagement.tsx(1752,107): error TS1005: ',' expected.
src/pages/CustomerManagement.tsx(1752,109): error TS1005: '}' expected.
src/pages/CustomerManagement.tsx(1752,111): error TS1381: Unexpected token. Did you mean `{'}'}` or `&rbrace;`?
src/pages/CustomerManagement.tsx(1755,9): error TS1381: Unexpected token. Did you mean `{'}'}` or `&rbrace;`?
src/pages/CustomerManagement.tsx(1761,43): error TS1005: '}' expected.
src/pages/CustomerManagement.tsx(1762,11): error TS1005: '}' expected.
src/pages/CustomerManagement.tsx(1762,105): error TS1005: ',' expected.
src/pages/CustomerManagement.tsx(1762,107): error TS1005: '}' expected.
src/pages/CustomerManagement.tsx(1762,109): error TS1381: Unexpected token. Did you mean `{'}'}` or `&rbrace;`?
src/pages/CustomerManagement.tsx(1764,10): error TS1382: Unexpected token. Did you mean `{'>'}` or `&gt;`?
src/pages/CustomerManagement.tsx(1765,7): error TS1381: Unexpected token. Did you mean `{'}'}` or `&rbrace;`?
src/pages/CustomerManagement.tsx(1770,78): error TS1005: ',' expected.
src/pages/CustomerManagement.tsx(1770,80): error TS1005: '}' expected.
src/pages/CustomerManagement.tsx(1770,82): error TS1381: Unexpected token. Did you mean `{'}'}` or `&rbrace;`?
src/pages/CustomerManagement.tsx(1772,8): error TS1382: Unexpected token. Did you mean `{'>'}` or `&gt;`?
src/pages/CustomerManagement.tsx(1780,13): error TS1003: Identifier expected.
src/pages/CustomerManagement.tsx(1781,51): error TS1135: Argument expression expected.
src/pages/CustomerManagement.tsx(1782,53): error TS1135: Argument expression expected.
src/pages/CustomerManagement.tsx(1783,11): error TS1382: Unexpected token. Did you mean `{'>'}` or `&gt;`?
src/pages/CustomerManagement.tsx(1785,11): error TS1005: '}' expected.
src/pages/CustomerManagement.tsx(1785,13): error TS17002: Expected corresponding JSX closing tag for 'Portal'.
src/pages/CustomerManagement.tsx(1786,9): error TS1005: ')' expected.
src/pages/CustomerManagement.tsx(1786,11): error TS17002: Expected corresponding JSX closing tag for 'div'.
src/pages/CustomerManagement.tsx(1787,8): error TS1381: Unexpected token. Did you mean `{'}'}` or `&rbrace;`?
src/pages/CustomerManagement.tsx(1789,1): error TS1381: Unexpected token. Did you mean `{'}'}` or `&rbrace;`?
src/pages/CustomerManagement.tsx(1789,2): error TS1005: ')' expected.
src/pages/CustomerManagement.tsx(1789,2): error TS1005: '</' expected.
src/pages/Financial.tsx(30,3): error TS1005: ',' expected.
src/pages/Financial.tsx(30,4): error TS1005: ',' expected.
src/pages/Financial.tsx(37,54): error TS1005: ',' expected.
src/pages/Financial.tsx(37,56): error TS1005: ';' expected.
src/pages/Financial.tsx(44,9): error TS1005: ',' expected.
src/pages/Financial.tsx(44,11): error TS1005: ';' expected.
src/pages/Financial.tsx(49,9): error TS1005: ',' expected.
src/pages/Financial.tsx(49,11): error TS1005: ';' expected.
src/pages/Financial.tsx(56,7): error TS1005: ',' expected.
src/pages/Financial.tsx(56,9): error TS1005: ';' expected.
src/pages/Financial.tsx(58,55): error TS1005: ',' expected.
src/pages/Financial.tsx(58,57): error TS1005: ';' expected.
src/pages/Financial.tsx(94,11): error TS1382: Unexpected token. Did you mean `{'>'}` or `&gt;`?
src/pages/Financial.tsx(108,45): error TS1005: '}' expected.
src/pages/Financial.tsx(181,28): error TS1005: '}' expected.
src/pages/Financial.tsx(188,15): error TS1382: Unexpected token. Did you mean `{'>'}` or `&gt;`?
src/pages/Financial.tsx(193,11): error TS1005: '}' expected.
src/pages/Financial.tsx(206,26): error TS1109: Expression expected.
src/pages/Financial.tsx(213,19): error TS1382: Unexpected token. Did you mean `{'>'}` or `&gt;`?
src/pages/Financial.tsx(220,19): error TS1382: Unexpected token. Did you mean `{'>'}` or `&gt;`?
src/pages/Financial.tsx(227,19): error TS1382: Unexpected token. Did you mean `{'>'}` or `&gt;`?
src/pages/Financial.tsx(241,19): error TS1382: Unexpected token. Did you mean `{'>'}` or `&gt;`?
src/pages/Home.tsx(173,6): error TS17008: JSX element 'div' has no corresponding closing tag.
src/pages/Home.tsx(232,76): error TS1005: '}' expected.
src/pages/Home.tsx(237,19): error TS1005: '}' expected.
src/pages/Home.tsx(249,8): error TS17008: JSX element 'div' has no corresponding closing tag.
src/pages/Home.tsx(266,33): error TS1005: '}' expected.
src/pages/Home.tsx(272,10): error TS17008: JSX element 'div' has no corresponding closing tag.
src/pages/Home.tsx(283,1): error TS1003: Identifier expected.
src/pages/Home.tsx(283,2): error TS1005: '</' expected.
src/pages/InventoryList.tsx(69,10): error TS1005: ',' expected.
src/pages/InventoryList.tsx(69,11): error TS1005: ';' expected.
src/pages/InventoryList.tsx(70,10): error TS1128: Declaration or statement expected.
src/pages/InventoryList.tsx(74,5): error TS1128: Declaration or statement expected.
src/pages/InventoryList.tsx(74,7): error TS1005: 'try' expected.
src/pages/InventoryList.tsx(80,3): error TS1128: Declaration or statement expected.
src/pages/InventoryList.tsx(80,4): error TS1128: Declaration or statement expected.
src/pages/InventoryList.tsx(83,4): error TS1005: ';' expected.
src/pages/InventoryList.tsx(149,47): error TS1005: '}' expected.
src/pages/InventoryList.tsx(149,49): error TS1005: ';' expected.
src/pages/InventoryList.tsx(170,11): error TS1109: Expression expected.
src/pages/InventoryList.tsx(171,13): error TS2657: JSX expressions must have one parent element.
src/pages/InventoryList.tsx(173,11): error TS1128: Declaration or statement expected.
src/pages/InventoryList.tsx(174,11): error TS2657: JSX expressions must have one parent element.
src/pages/InventoryList.tsx(176,13): error TS1005: '}' expected.
src/pages/InventoryList.tsx(177,13): error TS1381: Unexpected token. Did you mean `{'}'}` or `&rbrace;`?
src/pages/InventoryList.tsx(177,15): error TS1381: Unexpected token. Did you mean `{'}'}` or `&rbrace;`?
src/pages/InventoryList.tsx(178,11): error TS1382: Unexpected token. Did you mean `{'>'}` or `&gt;`?
src/pages/InventoryList.tsx(184,13): error TS1005: '}' expected.
src/pages/InventoryList.tsx(185,13): error TS1381: Unexpected token. Did you mean `{'}'}` or `&rbrace;`?
src/pages/InventoryList.tsx(185,15): error TS1381: Unexpected token. Did you mean `{'}'}` or `&rbrace;`?
src/pages/InventoryList.tsx(186,11): error TS1382: Unexpected token. Did you mean `{'>'}` or `&gt;`?
src/pages/InventoryList.tsx(192,13): error TS1005: '}' expected.
src/pages/InventoryList.tsx(193,13): error TS1381: Unexpected token. Did you mean `{'}'}` or `&rbrace;`?
src/pages/InventoryList.tsx(193,15): error TS1381: Unexpected token. Did you mean `{'}'}` or `&rbrace;`?
src/pages/InventoryList.tsx(194,11): error TS1382: Unexpected token. Did you mean `{'>'}` or `&gt;`?
src/pages/InventoryList.tsx(198,9): error TS1128: Declaration or statement expected.
src/pages/InventoryList.tsx(199,7): error TS1109: Expression expected.
src/pages/InventoryList.tsx(206,12): error TS1005: ';' expected.
src/pages/InventoryList.tsx(207,20): error TS1005: ',' expected.
src/pages/InventoryList.tsx(219,10): error TS1005: ';' expected.
src/pages/InventoryList.tsx(231,10): error TS1005: ';' expected.
src/pages/InventoryList.tsx(241,10): error TS1005: ';' expected.
src/pages/InventoryList.tsx(246,9): error TS1005: ')' expected.
src/pages/InventoryList.tsx(247,7): error TS1128: Declaration or statement expected.
src/pages/InventoryList.tsx(249,16): error TS1136: Property assignment expected.
src/pages/InventoryList.tsx(249,17): error TS1136: Property assignment expected.
src/pages/InventoryList.tsx(250,7): error TS1136: Property assignment expected.
src/pages/InventoryList.tsx(251,9): error TS2657: JSX expressions must have one parent element.
src/pages/InventoryList.tsx(252,12): error TS17008: JSX element 'button' has no corresponding closing tag.
src/pages/InventoryList.tsx(253,72): error TS1005: ',' expected.
src/pages/InventoryList.tsx(259,28): error TS1005: '}' expected.
src/pages/InventoryList.tsx(260,54): error TS1005: ',' expected.
src/pages/InventoryList.tsx(262,19): error TS1381: Unexpected token. Did you mean `{'}'}` or `&rbrace;`?
src/pages/InventoryList.tsx(262,21): error TS1381: Unexpected token. Did you mean `{'}'}` or `&rbrace;`?
src/pages/InventoryList.tsx(263,17): error TS1382: Unexpected token. Did you mean `{'>'}` or `&gt;`?
src/pages/InventoryList.tsx(269,82): error TS1005: ',' expected.
src/pages/InventoryList.tsx(270,51): error TS1005: '}' expected.
src/pages/InventoryList.tsx(272,8): error TS1381: Unexpected token. Did you mean `{'}'}` or `&rbrace;`?
src/pages/InventoryList.tsx(272,11): error TS17002: Expected corresponding JSX closing tag for 'button'.
src/pages/InventoryList.tsx(274,2): error TS1005: '}' expected.
src/pages/Login.tsx(13,87): error TS1005: ',' expected.
src/pages/Login.tsx(13,88): error TS1005: ',' expected.
src/pages/Login.tsx(13,89): error TS1134: Variable declaration expected.
src/pages/Login.tsx(32,45): error TS1005: ',' expected.
src/pages/Login.tsx(32,46): error TS1005: ';' expected.
src/pages/Login.tsx(34,3): error TS1128: Declaration or statement expected.
src/pages/Login.tsx(34,4): error TS1128: Declaration or statement expected.
src/pages/Login.tsx(34,47): error TS1005: ';' expected.
src/pages/Login.tsx(97,12): error TS17008: JSX element 'form' has no corresponding closing tag.
src/pages/Login.tsx(102,22): error TS1005: '}' expected.
src/pages/Login.tsx(116,17): error TS1003: Identifier expected.
src/pages/Login.tsx(116,19): error TS1381: Unexpected token. Did you mean `{'}'}` or `&rbrace;`?
src/pages/Login.tsx(118,16): error TS1381: Unexpected token. Did you mean `{'}'}` or `&rbrace;`?
src/pages/Login.tsx(133,19): error TS1003: Identifier expected.
src/pages/Login.tsx(133,21): error TS1381: Unexpected token. Did you mean `{'}'}` or `&rbrace;`?
src/pages/Login.tsx(138,17): error TS1382: Unexpected token. Did you mean `{'>'}` or `&gt;`?
src/pages/Login.tsx(141,20): error TS1005: ')' expected.
src/pages/Login.tsx(143,19): error TS1005: ')' expected.
src/pages/Login.tsx(144,19): error TS17002: Expected corresponding JSX closing tag for 'div'.
src/pages/Login.tsx(147,82): error TS1005: '}' expected.
src/pages/Login.tsx(156,17): error TS1381: Unexpected token. Did you mean `{'}'}` or `&rbrace;`?
src/pages/Login.tsx(158,13): error TS17002: Expected corresponding JSX closing tag for 'div'.
src/pages/Login.tsx(172,9): error TS1005: ')' expected.
src/pages/Login.tsx(176,7): error TS1128: Declaration or statement expected.
src/pages/Login.tsx(177,5): error TS1109: Expression expected.
src/pages/Login.tsx(178,3): error TS1109: Expression expected.
src/pages/Login.tsx(179,1): error TS1128: Declaration or statement expected.
src/pages/ProductEntry.tsx(52,1): error TS1472: 'catch' or 'finally' expected.
src/pages/ProductEntry.tsx(79,3): error TS1005: ',' expected.
src/pages/ProductEntry.tsx(79,4): error TS1005: ',' expected.
src/pages/ProductEntry.tsx(85,7): error TS1005: ',' expected.
src/pages/ProductEntry.tsx(87,9): error TS1005: ',' expected.
src/pages/ProductEntry.tsx(88,9): error TS1005: ',' expected.
src/pages/ProductEntry.tsx(89,9): error TS1005: ',' expected.
src/pages/ProductEntry.tsx(90,9): error TS1005: ',' expected.
src/pages/ProductEntry.tsx(91,9): error TS1005: ',' expected.
src/pages/ProductEntry.tsx(92,9): error TS1005: ',' expected.
src/pages/ProductEntry.tsx(92,24): error TS1011: An element access expression should take an argument.
src/pages/ProductEntry.tsx(93,9): error TS1005: ',' expected.
src/pages/ProductEntry.tsx(94,9): error TS1005: ',' expected.
src/pages/ProductEntry.tsx(95,9): error TS1005: ',' expected.
src/pages/ProductEntry.tsx(97,5): error TS1005: ',' expected.
src/pages/ProductEntry.tsx(97,6): error TS1005: ',' expected.
src/pages/ProductEntry.tsx(97,8): error TS1109: Expression expected.
src/pages/ProductEntry.tsx(98,3): error TS1005: ':' expected.
src/pages/ProductEntry.tsx(100,3): error TS1005: ',' expected.
src/pages/ProductEntry.tsx(100,4): error TS1005: ',' expected.
src/pages/ProductEntry.tsx(156,51): error TS1005: '}' expected.
src/pages/ProductEntry.tsx(156,52): error TS1134: Variable declaration expected.
src/pages/ProductEntry.tsx(156,56): error TS1005: ',' expected.
src/pages/ProductEntry.tsx(189,65): error TS1005: ';' expected.
src/pages/ProductEntry.tsx(236,67): error TS1005: ';' expected.
src/pages/ProductEntry.tsx(236,81): error TS1005: ';' expected.
src/pages/ProductEntry.tsx(236,92): error TS1434: Unexpected keyword or identifier.
src/pages/ProductEntry.tsx(303,7): error TS1472: 'catch' or 'finally' expected.
src/pages/ProductEntry.tsx(304,9): error TS2657: JSX expressions must have one parent element.
src/pages/ProductEntry.tsx(304,36): error TS1135: Argument expression expected.
src/pages/ProductEntry.tsx(307,50): error TS1005: '}' expected.
src/pages/ProductEntry.tsx(309,7): error TS1128: Declaration or statement expected.
src/pages/ProductEntry.tsx(310,5): error TS1109: Expression expected.
src/pages/ProductEntry.tsx(311,3): error TS1128: Declaration or statement expected.
src/pages/ProductEntry.tsx(323,67): error TS1109: Expression expected.
src/pages/ProductEntry.tsx(327,7): error TS1128: Declaration or statement expected.
src/pages/ProductEntry.tsx(328,5): error TS1128: Declaration or statement expected.
src/pages/ProductEntry.tsx(330,3): error TS1128: Declaration or statement expected.
src/pages/ProductEntry.tsx(339,80): error TS1005: ',' expected.
src/pages/ProductEntry.tsx(339,82): error TS1005: ';' expected.
src/pages/ProductEntry.tsx(339,89): error TS1109: Expression expected.
src/pages/ProductEntry.tsx(341,8): error TS1472: 'catch' or 'finally' expected.
src/pages/ProductEntry.tsx(362,7): error TS1005: ',' expected.
src/pages/ProductEntry.tsx(362,8): error TS1005: ',' expected.
src/pages/ProductEntry.tsx(362,9): error TS1134: Variable declaration expected.
src/pages/ProductEntry.tsx(368,89): error TS1005: ',' expected.
src/pages/ProductEntry.tsx(371,9): error TS1005: ',' expected.
src/pages/ProductEntry.tsx(372,31): error TS1005: ',' expected.
src/pages/ProductEntry.tsx(373,7): error TS1128: Declaration or statement expected.
src/pages/ProductEntry.tsx(374,5): error TS1128: Declaration or statement expected.
src/pages/ProductEntry.tsx(374,7): error TS1005: 'try' expected.
src/pages/ProductEntry.tsx(381,3): error TS1128: Declaration or statement expected.
src/pages/ProductEntry.tsx(396,7): error TS1005: ',' expected.
src/pages/ProductEntry.tsx(396,9): error TS1005: ',' expected.
src/pages/ProductEntry.tsx(396,10): error TS1134: Variable declaration expected.
src/pages/ProductEntry.tsx(403,7): error TS1005: ',' expected.
src/pages/ProductEntry.tsx(403,8): error TS1005: ',' expected.
src/pages/ProductEntry.tsx(403,9): error TS1134: Variable declaration expected.
src/pages/ProductEntry.tsx(421,75): error TS1005: ')' expected.
src/pages/ProductEntry.tsx(436,51): error TS1005: ',' expected.
src/pages/ProductEntry.tsx(438,26): error TS1005: ';' expected.
src/pages/ProductEntry.tsx(440,9): error TS1128: Declaration or statement expected.
src/pages/ProductEntry.tsx(444,7): error TS1128: Declaration or statement expected.
src/pages/ProductEntry.tsx(444,8): error TS1128: Declaration or statement expected.
src/pages/ProductEntry.tsx(445,5): error TS1128: Declaration or statement expected.
src/pages/ProductEntry.tsx(445,7): error TS1128: Declaration or statement expected.
src/pages/ProductEntry.tsx(447,69): error TS1005: ')' expected.
src/pages/ProductEntry.tsx(455,11): error TS1005: ',' expected.
src/pages/ProductEntry.tsx(457,7): error TS1005: ',' expected.
src/pages/ProductEntry.tsx(457,9): error TS1005: ';' expected.
src/pages/ProductEntry.tsx(458,5): error TS1128: Declaration or statement expected.
src/pages/ProductEntry.tsx(459,3): error TS1128: Declaration or statement expected.
src/pages/ProductEntry.tsx(463,67): error TS1109: Expression expected.
src/pages/ProductEntry.tsx(464,17): error TS1005: ',' expected.
src/pages/ProductEntry.tsx(475,11): error TS1005: ',' expected.
src/pages/ProductEntry.tsx(478,3): error TS1005: ')' expected.
src/pages/ProductEntry.tsx(478,78): error TS1136: Property assignment expected.
src/pages/ProductEntry.tsx(478,79): error TS1005: ',' expected.
src/pages/ProductEntry.tsx(486,65): error TS1109: Expression expected.
src/pages/ProductEntry.tsx(487,15): error TS1005: ',' expected.
src/pages/ProductEntry.tsx(490,9): error TS1005: ',' expected.
src/pages/ProductEntry.tsx(500,60): error TS1005: '}' expected.
src/pages/ProductEntry.tsx(500,62): error TS1005: ';' expected.
src/pages/ProductEntry.tsx(500,63): error TS1443: Module declaration names may only use ' or " quoted strings.
src/pages/ProductEntry.tsx(508,18): error TS1434: Unexpected keyword or identifier.
src/pages/ProductEntry.tsx(508,34): error TS1434: Unexpected keyword or identifier.
src/pages/ProductEntry.tsx(508,57): error TS1127: Invalid character.
src/pages/ProductEntry.tsx(508,70): error TS1434: Unexpected keyword or identifier.
src/pages/ProductEntry.tsx(508,77): error TS2809: Declaration or statement expected. This '=' follows a block of statements, so if you intended to write a destructuring assignment, you might need to wrap the whole assignment in parentheses.
src/pages/ProductEntry.tsx(508,97): error TS1443: Module declaration names may only use ' or " quoted strings.
src/pages/ProductEntry.tsx(516,18): error TS1434: Unexpected keyword or identifier.
src/pages/ProductEntry.tsx(516,34): error TS1434: Unexpected keyword or identifier.
src/pages/ProductEntry.tsx(517,20): error TS1127: Invalid character.
src/pages/ProductEntry.tsx(517,30): error TS1434: Unexpected keyword or identifier.
src/pages/ProductEntry.tsx(517,37): error TS2809: Declaration or statement expected. This '=' follows a block of statements, so if you intended to write a destructuring assignment, you might need to wrap the whole assignment in parentheses.
src/pages/ProductEntry.tsx(517,66): error TS1005: ',' expected.
src/pages/ProductEntry.tsx(517,69): error TS1005: ',' expected.
src/pages/ProductEntry.tsx(517,81): error TS1005: ',' expected.
src/pages/ProductEntry.tsx(517,82): error TS1005: ';' expected.
src/pages/ProductEntry.tsx(517,83): error TS1443: Module declaration names may only use ' or " quoted strings.
src/pages/ProductEntry.tsx(521,18): error TS1127: Invalid character.
src/pages/ProductEntry.tsx(521,18): error TS1128: Declaration or statement expected.
src/pages/ProductEntry.tsx(521,28): error TS1434: Unexpected keyword or identifier.
src/pages/ProductEntry.tsx(521,35): error TS2809: Declaration or statement expected. This '=' follows a block of statements, so if you intended to write a destructuring assignment, you might need to wrap the whole assignment in parentheses.
src/pages/ProductEntry.tsx(521,60): error TS1005: ',' expected.
src/pages/ProductEntry.tsx(521,63): error TS1005: ',' expected.
src/pages/ProductEntry.tsx(521,75): error TS1005: ',' expected.
src/pages/ProductEntry.tsx(521,76): error TS1005: ';' expected.
src/pages/ProductEntry.tsx(560,22): error TS1005: ';' expected.
src/pages/ProductEntry.tsx(560,26): error TS1127: Invalid character.
src/pages/ProductEntry.tsx(560,27): error TS1434: Unexpected keyword or identifier.
src/pages/ProductEntry.tsx(560,34): error TS1434: Unexpected keyword or identifier.
src/pages/ProductEntry.tsx(560,36): error TS1434: Unexpected keyword or identifier.
src/pages/ProductEntry.tsx(560,48): error TS1128: Declaration or statement expected.
src/pages/ProductEntry.tsx(560,53): error TS1443: Module declaration names may only use ' or " quoted strings.
src/pages/ProductEntry.tsx(600,24): error TS1434: Unexpected keyword or identifier.
src/pages/ProductEntry.tsx(600,32): error TS1005: ';' expected.
src/pages/ProductEntry.tsx(600,41): error TS1443: Module declaration names may only use ' or " quoted strings.
src/pages/ProductEntry.tsx(604,24): error TS1434: Unexpected keyword or identifier.
src/pages/ProductEntry.tsx(604,32): error TS1005: ';' expected.
src/pages/ProductEntry.tsx(604,43): error TS1443: Module declaration names may only use ' or " quoted strings.
src/pages/ProductEntry.tsx(616,103): error TS1005: ';' expected.
src/pages/ProductEntry.tsx(616,109): error TS1005: ';' expected.
src/pages/ProductEntry.tsx(616,110): error TS1128: Declaration or statement expected.
src/pages/ProductEntry.tsx(633,24): error TS1005: ';' expected.
src/pages/ProductEntry.tsx(633,30): error TS1127: Invalid character.
src/pages/ProductEntry.tsx(633,31): error TS1434: Unexpected keyword or identifier.
src/pages/ProductEntry.tsx(633,56): error TS1434: Unexpected keyword or identifier.
src/pages/ProductEntry.tsx(633,108): error TS1005: '}' expected.
src/pages/ProductEntry.tsx(633,110): error TS1443: Module declaration names may only use ' or " quoted strings.
src/pages/ProductEntry.tsx(633,119): error TS1128: Declaration or statement expected.
src/pages/ProductEntry.tsx(638,9): error TS1005: ',' expected.
src/pages/ProductEntry.tsx(638,10): error TS1005: ';' expected.
src/pages/ProductEntry.tsx(638,11): error TS1128: Declaration or statement expected.
src/pages/ProductEntry.tsx(640,9): error TS1128: Declaration or statement expected.
src/pages/ProductEntry.tsx(643,7): error TS1005: 'try' expected.
src/pages/ProductEntry.tsx(681,48): error TS1005: '}' expected.
src/pages/ProductEntry.tsx(681,50): error TS1005: ';' expected.
src/pages/ProductEntry.tsx(681,53): error TS1443: Module declaration names may only use ' or " quoted strings.
src/pages/ProductEntry.tsx(722,95): error TS1005: ';' expected.
src/pages/ProductEntry.tsx(722,101): error TS1005: ';' expected.
src/pages/ProductEntry.tsx(722,102): error TS1128: Declaration or statement expected.
src/pages/ProductEntry.tsx(734,26): error TS1005: ';' expected.
src/pages/ProductEntry.tsx(734,34): error TS1005: ';' expected.
src/pages/ProductEntry.tsx(734,47): error TS1434: Unexpected keyword or identifier.
src/pages/ProductEntry.tsx(738,24): error TS1005: ';' expected.
src/pages/ProductEntry.tsx(738,30): error TS1127: Invalid character.
src/pages/ProductEntry.tsx(738,31): error TS1434: Unexpected keyword or identifier.
src/pages/ProductEntry.tsx(738,36): error TS1434: Unexpected keyword or identifier.
src/pages/ProductEntry.tsx(738,67): error TS1005: ';' expected.
src/pages/ProductEntry.tsx(790,9): error TS1109: Expression expected.
src/pages/ProductEntry.tsx(798,9): error TS1128: Declaration or statement expected.
src/pages/ProductEntry.tsx(803,11): error TS1128: Declaration or statement expected.
src/pages/ProductEntry.tsx(874,42): error TS1005: ';' expected.
src/pages/ProductEntry.tsx(874,90): error TS1443: Module declaration names may only use ' or " quoted strings.
src/pages/ProductEntry.tsx(902,42): error TS1434: Unexpected keyword or identifier.
src/pages/ProductEntry.tsx(937,19): error TS1128: Declaration or statement expected.
src/pages/ProductEntry.tsx(938,15): error TS1109: Expression expected.
src/pages/ProductEntry.tsx(940,15): error TS1128: Declaration or statement expected.
src/pages/ProductEntry.tsx(941,15): error TS2657: JSX expressions must have one parent element.
src/pages/ProductEntry.tsx(943,17): error TS1005: '}' expected.
src/pages/ProductEntry.tsx(944,17): error TS1381: Unexpected token. Did you mean `{'}'}` or `&rbrace;`?
src/pages/ProductEntry.tsx(944,19): error TS1381: Unexpected token. Did you mean `{'}'}` or `&rbrace;`?
src/pages/ProductEntry.tsx(945,15): error TS1382: Unexpected token. Did you mean `{'>'}` or `&gt;`?
src/pages/ProductEntry.tsx(950,17): error TS1005: '}' expected.
src/pages/ProductEntry.tsx(951,17): error TS1381: Unexpected token. Did you mean `{'}'}` or `&rbrace;`?
src/pages/ProductEntry.tsx(951,19): error TS1381: Unexpected token. Did you mean `{'}'}` or `&rbrace;`?
src/pages/ProductEntry.tsx(952,15): error TS1382: Unexpected token. Did you mean `{'>'}` or `&gt;`?
src/pages/ProductEntry.tsx(955,13): error TS1128: Declaration or statement expected.
src/pages/ProductEntry.tsx(956,11): error TS1109: Expression expected.
src/pages/ProductEntry.tsx(956,12): error TS1128: Declaration or statement expected.
src/pages/ProductEntry.tsx(956,13): error TS1128: Declaration or statement expected.
src/pages/ProductEntry.tsx(960,12): error TS1005: ')' expected.
src/pages/ProductEntry.tsx(967,17): error TS1005: '}' expected.
src/pages/ProductEntry.tsx(986,48): error TS1003: Identifier expected.
src/pages/ProductEntry.tsx(988,22): error TS1005: ',' expected.
src/pages/ProductEntry.tsx(1026,45): error TS1005: ',' expected.
src/pages/ProductEntry.tsx(1026,57): error TS1005: ',' expected.
src/pages/ProductEntry.tsx(1026,70): error TS1005: ',' expected.
src/pages/ProductEntry.tsx(1026,75): error TS1005: ',' expected.
src/pages/ProductEntry.tsx(1026,80): error TS1005: ',' expected.
src/pages/ProductEntry.tsx(1026,93): error TS1005: ',' expected.
src/pages/ProductEntry.tsx(1026,101): error TS1005: ',' expected.
src/pages/ProductEntry.tsx(1026,113): error TS1005: ',' expected.
src/pages/ProductEntry.tsx(1026,114): error TS1005: ',' expected.
src/pages/ProductEntry.tsx(1026,141): error TS1005: ',' expected.
src/pages/ProductEntry.tsx(1048,54): error TS1005: ',' expected.
src/pages/ProductEntry.tsx(1048,55): error TS1005: ',' expected.
src/pages/ProductEntry.tsx(1048,64): error TS1005: ',' expected.
src/pages/ProductEntry.tsx(1048,79): error TS1005: ',' expected.
src/pages/ProductEntry.tsx(1139,43): error TS1005: ',' expected.
src/pages/ProductEntry.tsx(1139,55): error TS1005: ',' expected.
src/pages/ProductEntry.tsx(1139,68): error TS1005: ',' expected.
src/pages/ProductEntry.tsx(1139,73): error TS1005: ',' expected.
src/pages/ProductEntry.tsx(1139,80): error TS1005: ',' expected.
src/pages/ProductEntry.tsx(1139,93): error TS1005: ',' expected.
src/pages/ProductEntry.tsx(1139,101): error TS1005: ',' expected.
src/pages/ProductEntry.tsx(1139,113): error TS1005: ',' expected.
src/pages/ProductEntry.tsx(1139,114): error TS1005: ',' expected.
src/pages/ProductEntry.tsx(1139,141): error TS1005: ',' expected.
src/pages/ProductEntry.tsx(1146,56): error TS1005: ',' expected.
src/pages/ProductEntry.tsx(1146,57): error TS1005: ',' expected.
src/pages/ProductEntry.tsx(1146,66): error TS1005: ',' expected.
src/pages/ProductEntry.tsx(1146,81): error TS1005: ',' expected.
src/pages/ProductEntry.tsx(1197,42): error TS1005: ',' expected.
src/pages/ProductEntry.tsx(1197,43): error TS1005: ',' expected.
src/pages/ProductEntry.tsx(1197,52): error TS1005: ',' expected.
src/pages/ProductEntry.tsx(1197,65): error TS1005: ',' expected.
src/pages/ProductEntry.tsx(1225,42): error TS1005: ',' expected.
src/pages/ProductEntry.tsx(1225,43): error TS1005: ',' expected.
src/pages/ProductEntry.tsx(1225,52): error TS1005: ',' expected.
src/pages/ProductEntry.tsx(1225,65): error TS1005: ',' expected.
src/pages/ProductEntry.tsx(1372,49): error TS1005: ',' expected.
src/pages/ProductEntry.tsx(1372,61): error TS1005: ',' expected.
src/pages/ProductEntry.tsx(1372,62): error TS1005: ',' expected.
src/pages/ProductEntry.tsx(1373,47): error TS1005: ',' expected.
src/pages/ProductEntry.tsx(1374,33): error TS1005: ',' expected.
src/pages/ProductEntry.tsx(1375,31): error TS1005: ',' expected.
src/pages/ProductEntry.tsx(1375,33): error TS1381: Unexpected token. Did you mean `{'}'}` or `&rbrace;`?
src/pages/ProductEntry.tsx(1375,34): error TS1382: Unexpected token. Did you mean `{'>'}` or `&gt;`?
src/pages/ProductEntry.tsx(1376,57): error TS1005: ',' expected.
src/pages/ProductEntry.tsx(1377,33): error TS17002: Expected corresponding JSX closing tag for 'div'.
src/pages/ProductEntry.tsx(1378,29): error TS1005: ')' expected.
src/pages/ProductEntry.tsx(1379,27): error TS1128: Declaration or statement expected.
src/pages/ProductEntry.tsx(1379,29): error TS1109: Expression expected.
src/pages/ProductEntry.tsx(1380,25): error TS1109: Expression expected.
src/pages/ProductEntry.tsx(1380,26): error TS1128: Declaration or statement expected.
src/pages/ProductEntry.tsx(1380,28): error TS1109: Expression expected.
src/pages/ProductEntry.tsx(1381,21): error TS1128: Declaration or statement expected.
src/pages/ProductEntry.tsx(1382,19): error TS1109: Expression expected.
src/pages/ProductEntry.tsx(1382,20): error TS1128: Declaration or statement expected.
src/pages/ProductEntry.tsx(1382,21): error TS1128: Declaration or statement expected.
src/pages/ProductEntry.tsx(1383,15): error TS1109: Expression expected.
src/pages/ProductEntry.tsx(1384,13): error TS1109: Expression expected.
src/pages/ProductEntry.tsx(1385,11): error TS1109: Expression expected.
src/pages/ProductEntry.tsx(1385,12): error TS1128: Declaration or statement expected.
src/pages/ProductEntry.tsx(1388,12): error TS17008: JSX element 'div' has no corresponding closing tag.
src/pages/ProductEntry.tsx(1389,14): error TS17008: JSX element 'button' has no corresponding closing tag.
src/pages/ProductEntry.tsx(1391,15): error TS1005: '}' expected.
src/pages/ProductEntry.tsx(1392,7): error TS1381: Unexpected token. Did you mean `{'}'}` or `&rbrace;`?
src/pages/ProductEntry.tsx(1396,10): error TS17008: JSX element 'div' has no corresponding closing tag.
src/pages/ProductEntry.tsx(1398,12): error TS17008: JSX element 'div' has no corresponding closing tag.
src/pages/ProductEntry.tsx(1400,14): error TS17008: JSX element 'div' has no corresponding closing tag.
src/pages/ProductEntry.tsx(1406,25): error TS17008: JSX element 'button' has no corresponding closing tag.
src/pages/ProductEntry.tsx(1409,46): error TS1382: Unexpected token. Did you mean `{'>'}` or `&gt;`?
src/pages/ProductEntry.tsx(1409,66): error TS1005: '}' expected.
src/pages/ProductEntry.tsx(1411,26): error TS1381: Unexpected token. Did you mean `{'}'}` or `&rbrace;`?
src/pages/ProductEntry.tsx(1411,27): error TS1381: Unexpected token. Did you mean `{'}'}` or `&rbrace;`?
src/pages/ProductEntry.tsx(1418,28): error TS1005: '}' expected.
src/pages/ProductEntry.tsx(1421,28): error TS1005: '}' expected.
src/pages/ProductEntry.tsx(1422,28): error TS1003: Identifier expected.
src/pages/ProductEntry.tsx(1423,27): error TS1382: Unexpected token. Did you mean `{'>'}` or `&gt;`?
src/pages/ProductEntry.tsx(1424,27): error TS17008: JSX element 'button' has no corresponding closing tag.
src/pages/ProductEntry.tsx(1426,66): error TS1005: ',' expected.
src/pages/ProductEntry.tsx(1434,26): error TS1005: ')' expected.
src/pages/ProductEntry.tsx(1439,26): error TS1005: ')' expected.
src/pages/ProductEntry.tsx(1447,98): error TS1005: '}' expected.
src/pages/ProductEntry.tsx(1457,45): error TS1005: '}' expected.
src/pages/ProductEntry.tsx(1458,25): error TS1109: Expression expected.
src/pages/ProductEntry.tsx(1459,22): error TS1109: Expression expected.
src/pages/ProductEntry.tsx(1459,23): error TS1381: Unexpected token. Did you mean `{'}'}` or `&rbrace;`?
src/pages/ProductEntry.tsx(1459,26): error TS17002: Expected corresponding JSX closing tag for 'button'.
src/pages/ProductEntry.tsx(1472,29): error TS17008: JSX element 'button' has no corresponding closing tag.
src/pages/ProductEntry.tsx(1476,28): error TS1381: Unexpected token. Did you mean `{'}'}` or `&rbrace;`?
src/pages/ProductEntry.tsx(1476,29): error TS1381: Unexpected token. Did you mean `{'}'}` or `&rbrace;`?
src/pages/ProductEntry.tsx(1478,28): error TS1381: Unexpected token. Did you mean `{'}'}` or `&rbrace;`?
src/pages/ProductEntry.tsx(1478,29): error TS1381: Unexpected token. Did you mean `{'}'}` or `&rbrace;`?
src/pages/ProductEntry.tsx(1481,28): error TS1005: '}' expected.
src/pages/ProductEntry.tsx(1490,28): error TS1381: Unexpected token. Did you mean `{'}'}` or `&rbrace;`?
src/pages/ProductEntry.tsx(1490,29): error TS1381: Unexpected token. Did you mean `{'}'}` or `&rbrace;`?
src/pages/ProductEntry.tsx(1492,28): error TS1381: Unexpected token. Did you mean `{'}'}` or `&rbrace;`?
src/pages/ProductEntry.tsx(1492,29): error TS1381: Unexpected token. Did you mean `{'}'}` or `&rbrace;`?
src/pages/ProductEntry.tsx(1493,27): error TS1382: Unexpected token. Did you mean `{'>'}` or `&gt;`?
src/pages/ProductEntry.tsx(1507,19): error TS1005: '}' expected.
src/pages/ProductEntry.tsx(1518,19): error TS1005: ')' expected.
src/pages/ProductEntry.tsx(1520,12): error TS1005: ')' expected.
src/pages/ProductEntry.tsx(1522,12): error TS1005: ')' expected.
src/pages/ProductEntry.tsx(1523,13): error TS17008: JSX element 'div' has no corresponding closing tag.
src/pages/ProductEntry.tsx(1525,15): error TS17008: JSX element 'div' has no corresponding closing tag.
src/pages/ProductEntry.tsx(1526,17): error TS17008: JSX element 'div' has no corresponding closing tag.
src/pages/ProductEntry.tsx(1530,50): error TS1005: '}' expected.
src/pages/ProductEntry.tsx(1531,99): error TS1005: ',' expected.
src/pages/ProductEntry.tsx(1531,101): error TS1005: '}' expected.
src/pages/ProductEntry.tsx(1531,103): error TS1381: Unexpected token. Did you mean `{'}'}` or `&rbrace;`?
src/pages/ProductEntry.tsx(1535,97): error TS1005: ',' expected.
src/pages/ProductEntry.tsx(1535,99): error TS1005: '}' expected.
src/pages/ProductEntry.tsx(1535,101): error TS1381: Unexpected token. Did you mean `{'}'}` or `&rbrace;`?
src/pages/ProductEntry.tsx(1541,99): error TS1005: ',' expected.
src/pages/ProductEntry.tsx(1541,101): error TS1005: '}' expected.
src/pages/ProductEntry.tsx(1541,103): error TS1381: Unexpected token. Did you mean `{'}'}` or `&rbrace;`?
src/pages/ProductEntry.tsx(1551,72): error TS1005: ',' expected.
src/pages/ProductEntry.tsx(1551,74): error TS1005: '}' expected.
src/pages/ProductEntry.tsx(1552,24): error TS1381: Unexpected token. Did you mean `{'}'}` or `&rbrace;`?
src/pages/ProductEntry.tsx(1553,26): error TS1109: Expression expected.
src/pages/ProductEntry.tsx(1555,82): error TS1005: ',' expected.
src/pages/ProductEntry.tsx(1555,84): error TS1005: '}' expected.
src/pages/ProductEntry.tsx(1556,26): error TS1381: Unexpected token. Did you mean `{'}'}` or `&rbrace;`?
src/pages/ProductEntry.tsx(1557,24): error TS1381: Unexpected token. Did you mean `{'}'}` or `&rbrace;`?
src/pages/ProductEntry.tsx(1558,22): error TS1381: Unexpected token. Did you mean `{'}'}` or `&rbrace;`?
src/pages/ProductEntry.tsx(1558,23): error TS1381: Unexpected token. Did you mean `{'}'}` or `&rbrace;`?
src/pages/ProductEntry.tsx(1567,72): error TS1005: ',' expected.
src/pages/ProductEntry.tsx(1567,74): error TS1005: '}' expected.
src/pages/ProductEntry.tsx(1568,24): error TS1381: Unexpected token. Did you mean `{'}'}` or `&rbrace;`?
src/pages/ProductEntry.tsx(1569,26): error TS1109: Expression expected.
src/pages/ProductEntry.tsx(1571,82): error TS1005: ',' expected.
src/pages/ProductEntry.tsx(1571,84): error TS1005: '}' expected.
src/pages/ProductEntry.tsx(1572,26): error TS1381: Unexpected token. Did you mean `{'}'}` or `&rbrace;`?
src/pages/ProductEntry.tsx(1573,24): error TS1381: Unexpected token. Did you mean `{'}'}` or `&rbrace;`?
src/pages/ProductEntry.tsx(1574,22): error TS1381: Unexpected token. Did you mean `{'}'}` or `&rbrace;`?
src/pages/ProductEntry.tsx(1574,23): error TS1381: Unexpected token. Did you mean `{'}'}` or `&rbrace;`?
src/pages/ProductEntry.tsx(1583,91): error TS1005: ',' expected.
src/pages/ProductEntry.tsx(1583,93): error TS1005: '}' expected.
src/pages/ProductEntry.tsx(1584,22): error TS1381: Unexpected token. Did you mean `{'}'}` or `&rbrace;`?
src/pages/ProductEntry.tsx(1585,24): error TS1109: Expression expected.
src/pages/ProductEntry.tsx(1588,26): error TS1109: Expression expected.
src/pages/ProductEntry.tsx(1589,58): error TS1382: Unexpected token. Did you mean `{'>'}` or `&gt;`?
src/pages/ProductEntry.tsx(1593,44): error TS1382: Unexpected token. Did you mean `{'>'}` or `&gt;`?
src/pages/ProductEntry.tsx(1595,41): error TS1005: '}' expected.
src/pages/ProductEntry.tsx(1597,26): error TS1381: Unexpected token. Did you mean `{'}'}` or `&rbrace;`?
src/pages/ProductEntry.tsx(1598,24): error TS1381: Unexpected token. Did you mean `{'}'}` or `&rbrace;`?
src/pages/ProductEntry.tsx(1599,22): error TS1381: Unexpected token. Did you mean `{'}'}` or `&rbrace;`?
src/pages/ProductEntry.tsx(1600,20): error TS1381: Unexpected token. Did you mean `{'}'}` or `&rbrace;`?
src/pages/ProductEntry.tsx(1600,21): error TS1381: Unexpected token. Did you mean `{'}'}` or `&rbrace;`?
src/pages/ProductEntry.tsx(1603,17): error TS17008: JSX element 'div' has no corresponding closing tag.
src/pages/ProductEntry.tsx(1607,66): error TS1005: '}' expected.
src/pages/ProductEntry.tsx(1613,59): error TS1135: Argument expression expected.
src/pages/ProductEntry.tsx(1614,56): error TS1005: '}' expected.
src/pages/ProductEntry.tsx(1615,93): error TS1005: ',' expected.
src/pages/ProductEntry.tsx(1619,13): error TS17008: JSX element 'div' has no corresponding closing tag.
src/pages/ProductEntry.tsx(1625,97): error TS1005: ',' expected.
src/pages/ProductEntry.tsx(1625,99): error TS1005: '}' expected.
src/pages/ProductEntry.tsx(1625,101): error TS1381: Unexpected token. Did you mean `{'}'}` or `&rbrace;`?
src/pages/ProductEntry.tsx(1629,95): error TS1005: ',' expected.
src/pages/ProductEntry.tsx(1629,97): error TS1005: '}' expected.
src/pages/ProductEntry.tsx(1629,99): error TS1381: Unexpected token. Did you mean `{'}'}` or `&rbrace;`?
src/pages/ProductEntry.tsx(1635,97): error TS1005: ',' expected.
src/pages/ProductEntry.tsx(1635,99): error TS1005: '}' expected.
src/pages/ProductEntry.tsx(1635,101): error TS1381: Unexpected token. Did you mean `{'}'}` or `&rbrace;`?
src/pages/ProductEntry.tsx(1649,36): error TS1145: '{' or JSX element expected.
src/pages/ProductEntry.tsx(1649,37): error TS1003: Identifier expected.
src/pages/ProductEntry.tsx(1651,70): error TS1005: ',' expected.
src/pages/ProductEntry.tsx(1651,72): error TS1005: '}' expected.
src/pages/ProductEntry.tsx(1652,22): error TS1381: Unexpected token. Did you mean `{'}'}` or `&rbrace;`?
src/pages/ProductEntry.tsx(1653,24): error TS1109: Expression expected.
src/pages/ProductEntry.tsx(1655,80): error TS1005: ',' expected.
src/pages/ProductEntry.tsx(1655,82): error TS1005: '}' expected.
src/pages/ProductEntry.tsx(1656,24): error TS1381: Unexpected token. Did you mean `{'}'}` or `&rbrace;`?
src/pages/ProductEntry.tsx(1657,22): error TS1381: Unexpected token. Did you mean `{'}'}` or `&rbrace;`?
src/pages/ProductEntry.tsx(1658,20): error TS1381: Unexpected token. Did you mean `{'}'}` or `&rbrace;`?
src/pages/ProductEntry.tsx(1658,21): error TS1381: Unexpected token. Did you mean `{'}'}` or `&rbrace;`?
src/pages/ProductEntry.tsx(1667,70): error TS1005: ',' expected.
src/pages/ProductEntry.tsx(1667,72): error TS1005: '}' expected.
src/pages/ProductEntry.tsx(1668,22): error TS1381: Unexpected token. Did you mean `{'}'}` or `&rbrace;`?
src/pages/ProductEntry.tsx(1669,24): error TS1109: Expression expected.
src/pages/ProductEntry.tsx(1671,80): error TS1005: ',' expected.
src/pages/ProductEntry.tsx(1671,82): error TS1005: '}' expected.
src/pages/ProductEntry.tsx(1672,24): error TS1381: Unexpected token. Did you mean `{'}'}` or `&rbrace;`?
src/pages/ProductEntry.tsx(1673,22): error TS1381: Unexpected token. Did you mean `{'}'}` or `&rbrace;`?
src/pages/ProductEntry.tsx(1674,20): error TS1381: Unexpected token. Did you mean `{'}'}` or `&rbrace;`?
src/pages/ProductEntry.tsx(1674,21): error TS1381: Unexpected token. Did you mean `{'}'}` or `&rbrace;`?
src/pages/ProductEntry.tsx(1683,89): error TS1005: ',' expected.
src/pages/ProductEntry.tsx(1683,91): error TS1005: '}' expected.
src/pages/ProductEntry.tsx(1684,20): error TS1381: Unexpected token. Did you mean `{'}'}` or `&rbrace;`?
src/pages/ProductEntry.tsx(1685,22): error TS1109: Expression expected.
src/pages/ProductEntry.tsx(1690,24): error TS1005: ',' expected.
src/pages/ProductEntry.tsx(1690,26): error TS1005: '}' expected.
src/pages/ProductEntry.tsx(1691,22): error TS1381: Unexpected token. Did you mean `{'}'}` or `&rbrace;`?
src/pages/ProductEntry.tsx(1692,20): error TS1381: Unexpected token. Did you mean `{'}'}` or `&rbrace;`?
src/pages/ProductEntry.tsx(1693,18): error TS1381: Unexpected token. Did you mean `{'}'}` or `&rbrace;`?
src/pages/ProductEntry.tsx(1693,19): error TS1381: Unexpected token. Did you mean `{'}'}` or `&rbrace;`?
src/pages/ProductEntry.tsx(1700,58): error TS1109: Expression expected.
src/pages/ProductEntry.tsx(1704,80): error TS1005: '}' expected.
src/pages/ProductEntry.tsx(1706,20): error TS1005: ')' expected.
src/pages/ProductEntry.tsx(1711,100): error TS1005: '}' expected.
src/pages/ProductEntry.tsx(1717,100): error TS1005: '}' expected.
src/pages/ProductEntry.tsx(1730,55): error TS1005: '}' expected.
src/pages/ProductEntry.tsx(1732,22): error TS1005: ')' expected.
src/pages/ProductEntry.tsx(1734,20): error TS1005: '}' expected.
src/pages/ProductEntry.tsx(1739,20): error TS1005: ')' expected.
src/pages/ProductEntry.tsx(1740,42): error TS1109: Expression expected.
src/pages/ProductEntry.tsx(1753,92): error TS1005: '}' expected.
src/pages/ProductEntry.tsx(1753,93): error TS1382: Unexpected token. Did you mean `{'>'}` or `&gt;`?
src/pages/ProductEntry.tsx(1755,28): error TS1005: '}' expected.
src/pages/ProductEntry.tsx(1755,30): error TS17002: Expected corresponding JSX closing tag for 'div'.
src/pages/ProductEntry.tsx(1756,28): error TS17015: Expected corresponding closing tag for JSX fragment.
src/pages/ProductEntry.tsx(1761,30): error TS1005: '}' expected.
src/pages/ProductEntry.tsx(1762,28): error TS1381: Unexpected token. Did you mean `{'}'}` or `&rbrace;`?
src/pages/ProductEntry.tsx(1762,30): error TS1381: Unexpected token. Did you mean `{'}'}` or `&rbrace;`?
src/pages/ProductEntry.tsx(1762,31): error TS1382: Unexpected token. Did you mean `{'>'}` or `&gt;`?
src/pages/ProductEntry.tsx(1763,54): error TS1005: ',' expected.
src/pages/ProductEntry.tsx(1766,24): error TS1128: Declaration or statement expected.
src/pages/ProductEntry.tsx(1766,26): error TS1003: Identifier expected.
src/pages/ProductEntry.tsx(1767,22): error TS1381: Unexpected token. Did you mean `{'}'}` or `&rbrace;`?
src/pages/ProductEntry.tsx(1769,16): error TS1005: ')' expected.
src/pages/ProductEntry.tsx(1770,15): error TS1381: Unexpected token. Did you mean `{'}'}` or `&rbrace;`?
src/pages/ProductEntry.tsx(1772,9): error TS1381: Unexpected token. Did you mean `{'}'}` or `&rbrace;`?
src/pages/ProductEntry.tsx(1785,36): error TS1382: Unexpected token. Did you mean `{'>'}` or `&gt;`?
src/pages/ProductEntry.tsx(1785,39): error TS1109: Expression expected.
src/pages/ProductEntry.tsx(1785,86): error TS1382: Unexpected token. Did you mean `{'>'}` or `&gt;`?
src/pages/ProductEntry.tsx(1786,7): error TS1109: Expression expected.
src/pages/ProductEntry.tsx(1793,5): error TS1381: Unexpected token. Did you mean `{'}'}` or `&rbrace;`?
src/pages/ProductEntry.tsx(1795,20): error TS1005: '}' expected.
src/pages/ProductEntry.tsx(1800,7): error TS1109: Expression expected.
src/pages/ProductEntry.tsx(1802,51): error TS1382: Unexpected token. Did you mean `{'>'}` or `&gt;`?
src/pages/ProductEntry.tsx(1807,5): error TS1381: Unexpected token. Did you mean `{'}'}` or `&rbrace;`?
src/pages/ProductEntry.tsx(1809,8): error TS17008: JSX element 'div' has no corresponding closing tag.
src/pages/ProductEntry.tsx(1818,10): error TS17008: JSX element 'div' has no corresponding closing tag.
src/pages/ProductEntry.tsx(1826,31): error TS1109: Expression expected.
src/pages/ProductEntry.tsx(1828,94): error TS1003: Identifier expected.
src/pages/ProductEntry.tsx(1831,19): error TS2657: JSX expressions must have one parent element.
src/pages/ProductEntry.tsx(1833,72): error TS1003: Identifier expected.
src/pages/ProductEntry.tsx(1837,23): error TS1381: Unexpected token. Did you mean `{'}'}` or `&rbrace;`?
src/pages/ProductEntry.tsx(1837,24): error TS1381: Unexpected token. Did you mean `{'}'}` or `&rbrace;`?
src/pages/ProductEntry.tsx(1838,22): error TS1382: Unexpected token. Did you mean `{'>'}` or `&gt;`?
src/pages/ProductEntry.tsx(1858,25): error TS1005: '}' expected.
src/pages/ProductEntry.tsx(1859,23): error TS1381: Unexpected token. Did you mean `{'}'}` or `&rbrace;`?
src/pages/ProductEntry.tsx(1859,25): error TS1381: Unexpected token. Did you mean `{'}'}` or `&rbrace;`?
src/pages/ProductEntry.tsx(1859,26): error TS1382: Unexpected token. Did you mean `{'>'}` or `&gt;`?
src/pages/ProductEntry.tsx(1860,49): error TS1005: ',' expected.
src/pages/ProductEntry.tsx(1867,17): error TS1005: '}' expected.
src/pages/ProductEntry.tsx(1869,17): error TS1005: ')' expected.
src/pages/ProductEntry.tsx(1871,20): error TS17008: JSX element 'div' has no corresponding closing tag.
src/pages/ProductEntry.tsx(1872,22): error TS17008: JSX element 'div' has no corresponding closing tag.
src/pages/ProductEntry.tsx(1881,57): error TS1005: '}' expected.
src/pages/ProductEntry.tsx(1903,47): error TS1145: '{' or JSX element expected.
src/pages/ProductEntry.tsx(1903,48): error TS1003: Identifier expected.
src/pages/ProductEntry.tsx(1907,35): error TS1109: Expression expected.
src/pages/ProductEntry.tsx(1911,33): error TS1381: Unexpected token. Did you mean `{'}'}` or `&rbrace;`?
src/pages/ProductEntry.tsx(1912,31): error TS1381: Unexpected token. Did you mean `{'}'}` or `&rbrace;`?
src/pages/ProductEntry.tsx(1912,32): error TS1381: Unexpected token. Did you mean `{'}'}` or `&rbrace;`?
src/pages/ProductEntry.tsx(1923,35): error TS1109: Expression expected.
src/pages/ProductEntry.tsx(1927,33): error TS1381: Unexpected token. Did you mean `{'}'}` or `&rbrace;`?
src/pages/ProductEntry.tsx(1928,31): error TS1381: Unexpected token. Did you mean `{'}'}` or `&rbrace;`?
src/pages/ProductEntry.tsx(1928,32): error TS1381: Unexpected token. Did you mean `{'}'}` or `&rbrace;`?
src/pages/ProductEntry.tsx(1939,33): error TS1109: Expression expected.
src/pages/ProductEntry.tsx(1943,31): error TS1381: Unexpected token. Did you mean `{'}'}` or `&rbrace;`?
src/pages/ProductEntry.tsx(1944,29): error TS1381: Unexpected token. Did you mean `{'}'}` or `&rbrace;`?
src/pages/ProductEntry.tsx(1944,30): error TS1381: Unexpected token. Did you mean `{'}'}` or `&rbrace;`?
src/pages/ProductEntry.tsx(1964,60): error TS1005: '}' expected.
src/pages/ProductEntry.tsx(1970,31): error TS1005: '}' expected.
src/pages/ProductEntry.tsx(1977,18): error TS1381: Unexpected token. Did you mean `{'}'}` or `&rbrace;`?
src/pages/ProductEntry.tsx(1978,13): error TS1381: Unexpected token. Did you mean `{'}'}` or `&rbrace;`?
src/pages/ProductEntry.tsx(1984,12): error TS17008: JSX element 'button' has no corresponding closing tag.
src/pages/ProductEntry.tsx(1988,3): error TS1381: Unexpected token. Did you mean `{'}'}` or `&rbrace;`?
src/pages/ProductEntry.tsx(1990,48): error TS1382: Unexpected token. Did you mean `{'>'}` or `&gt;`?
src/pages/ProductEntry.tsx(1991,5): error TS1109: Expression expected.
src/pages/ProductEntry.tsx(1992,7): error TS1109: Expression expected.
src/pages/ProductEntry.tsx(1998,5): error TS1381: Unexpected token. Did you mean `{'}'}` or `&rbrace;`?
src/pages/ProductEntry.tsx(1999,3): error TS1381: Unexpected token. Did you mean `{'}'}` or `&rbrace;`?
src/pages/ProductEntry.tsx(2001,45): error TS1382: Unexpected token. Did you mean `{'>'}` or `&gt;`?
src/pages/ProductEntry.tsx(2002,5): error TS1109: Expression expected.
src/pages/ProductEntry.tsx(2003,3): error TS1381: Unexpected token. Did you mean `{'}'}` or `&rbrace;`?
src/pages/ProductEntry.tsx(2005,71): error TS1003: Identifier expected.
src/pages/ProductEntry.tsx(2005,78): error TS1382: Unexpected token. Did you mean `{'>'}` or `&gt;`?
src/pages/ProductEntry.tsx(2005,81): error TS1382: Unexpected token. Did you mean `{'>'}` or `&gt;`?
src/pages/ProductEntry.tsx(2016,19): error TS1109: Expression expected.
src/pages/ProductEntry.tsx(2040,81): error TS1005: ',' expected.
src/pages/ProductEntry.tsx(2041,15): error TS1005: ',' expected.
src/pages/ProductEntry.tsx(2046,35): error TS1005: '}' expected.
src/pages/ProductEntry.tsx(2046,37): error TS1005: ';' expected.
src/pages/ProductEntry.tsx(2047,26): error TS1003: Identifier expected.
src/pages/ProductEntry.tsx(2048,21): error TS1005: '}' expected.
src/pages/ProductEntry.tsx(2048,69): error TS1005: ',' expected.
src/pages/ProductEntry.tsx(2051,21): error TS1381: Unexpected token. Did you mean `{'}'}` or `&rbrace;`?
src/pages/ProductEntry.tsx(2051,23): error TS1381: Unexpected token. Did you mean `{'}'}` or `&rbrace;`?
src/pages/ProductEntry.tsx(2052,19): error TS1382: Unexpected token. Did you mean `{'>'}` or `&gt;`?
src/pages/ProductEntry.tsx(2067,21): error TS17002: Expected corresponding JSX closing tag for 'div'.
src/pages/ProductEntry.tsx(2073,23): error TS1005: '}' expected.
src/pages/ProductEntry.tsx(2073,26): error TS1109: Expression expected.
src/pages/ProductEntry.tsx(2074,19): error TS1109: Expression expected.
src/pages/ProductEntry.tsx(2074,20): error TS1381: Unexpected token. Did you mean `{'}'}` or `&rbrace;`?
src/pages/ProductEntry.tsx(2075,15): error TS1381: Unexpected token. Did you mean `{'}'}` or `&rbrace;`?
src/pages/ProductEntry.tsx(2076,11): error TS1381: Unexpected token. Did you mean `{'}'}` or `&rbrace;`?
src/pages/ProductEntry.tsx(2078,9): error TS17015: Expected corresponding closing tag for JSX fragment.
src/pages/ProductEntry.tsx(2078,12): error TS1382: Unexpected token. Did you mean `{'>'}` or `&gt;`?
src/pages/ProductEntry.tsx(2082,59): error TS1135: Argument expression expected.
src/pages/ProductEntry.tsx(2083,68): error TS1135: Argument expression expected.
src/pages/ProductEntry.tsx(2084,57): error TS1135: Argument expression expected.
src/pages/ProductEntry.tsx(2085,67): error TS1135: Argument expression expected.
src/pages/ProductEntry.tsx(2091,8): error TS17008: JSX element 'div' has no corresponding closing tag.
src/pages/ProductEntry.tsx(2092,10): error TS17008: JSX element 'div' has no corresponding closing tag.
src/pages/ProductEntry.tsx(2093,12): error TS17008: JSX element 'div' has no corresponding closing tag.
src/pages/ProductEntry.tsx(2096,56): error TS1005: '}' expected.
src/pages/ProductEntry.tsx(2098,16): error TS17008: JSX element 'button' has no corresponding closing tag.
src/pages/ProductEntry.tsx(2100,17): error TS1005: '}' expected.
src/pages/ProductEntry.tsx(2101,18): error TS1381: Unexpected token. Did you mean `{'}'}` or `&rbrace;`?
src/pages/ProductEntry.tsx(2109,22): error TS1005: '}' expected.
src/pages/ProductEntry.tsx(2109,109): error TS1381: Unexpected token. Did you mean `{'}'}` or `&rbrace;`?
src/pages/ProductEntry.tsx(2116,157): error TS1005: ',' expected.
src/pages/ProductEntry.tsx(2118,19): error TS1005: '}' expected.
src/pages/ProductEntry.tsx(2128,91): error TS1109: Expression expected.
src/pages/ProductEntry.tsx(2130,94): error TS1381: Unexpected token. Did you mean `{'}'}` or `&rbrace;`?
src/pages/ProductEntry.tsx(2139,148): error TS1005: ',' expected.
src/pages/ProductEntry.tsx(2144,96): error TS1005: '}' expected.
src/pages/ProductEntry.tsx(2157,47): error TS1005: ',' expected.
src/pages/ProductEntry.tsx(2160,52): error TS1005: '}' expected.
src/pages/ProductEntry.tsx(2161,25): error TS1005: ',' expected.
src/pages/ProductEntry.tsx(2161,34): error TS1136: Property assignment expected.
src/pages/ProductEntry.tsx(2161,37): error TS1005: ',' expected.
src/pages/ProductEntry.tsx(2161,38): error TS1382: Unexpected token. Did you mean `{'>'}` or `&gt;`?
src/pages/ProductEntry.tsx(2162,24): error TS1382: Unexpected token. Did you mean `{'>'}` or `&gt;`?
src/pages/ProductEntry.tsx(2163,23): error TS1381: Unexpected token. Did you mean `{'}'}` or `&rbrace;`?
src/pages/ProductEntry.tsx(2165,15): error TS1005: ')' expected.
src/pages/ProductEntry.tsx(2168,16): error TS17008: JSX element 'div' has no corresponding closing tag.
src/pages/ProductEntry.tsx(2171,19): error TS1381: Unexpected token. Did you mean `{'}'}` or `&rbrace;`?
src/pages/ProductEntry.tsx(2171,20): error TS1381: Unexpected token. Did you mean `{'}'}` or `&rbrace;`?
src/pages/ProductEntry.tsx(2173,6): error TS1381: Unexpected token. Did you mean `{'}'}` or `&rbrace;`?
src/pages/ProductEntry.tsx(2173,9): error TS1003: Identifier expected.
src/pages/ProductEntry.tsx(2175,1): error TS1381: Unexpected token. Did you mean `{'}'}` or `&rbrace;`?
src/pages/ProductEntry.tsx(2175,2): error TS1005: '</' expected.
src/pages/PurchaseEntry.tsx(35,23): error TS1005: ';' expected.
src/pages/PurchaseEntry.tsx(37,50): error TS1005: ';' expected.
src/pages/PurchaseEntry.tsx(37,52): error TS1144: '{' or ';' expected.
src/pages/PurchaseEntry.tsx(37,85): error TS1128: Declaration or statement expected.
src/pages/PurchaseEntry.tsx(41,3): error TS1128: Declaration or statement expected.
src/pages/PurchaseEntry.tsx(41,40): error TS1005: ',' expected.
src/pages/PurchaseEntry.tsx(41,49): error TS1005: ';' expected.
src/pages/PurchaseEntry.tsx(44,26): error TS1005: ',' expected.
src/pages/PurchaseEntry.tsx(44,44): error TS1005: ',' expected.
src/pages/PurchaseEntry.tsx(44,57): error TS1005: ';' expected.
src/pages/PurchaseEntry.tsx(48,12): error TS1005: ';' expected.
src/pages/PurchaseEntry.tsx(51,10): error TS17008: JSX element 'div' has no corresponding closing tag.
src/pages/PurchaseEntry.tsx(52,12): error TS17008: JSX element 'div' has no corresponding closing tag.
src/pages/PurchaseEntry.tsx(55,76): error TS1005: '}' expected.
src/pages/PurchaseEntry.tsx(56,14): error TS17008: JSX element 'button' has no corresponding closing tag.
src/pages/PurchaseEntry.tsx(59,15): error TS1381: Unexpected token. Did you mean `{'}'}` or `&rbrace;`?
src/pages/PurchaseEntry.tsx(59,16): error TS1381: Unexpected token. Did you mean `{'}'}` or `&rbrace;`?
src/pages/PurchaseEntry.tsx(61,5): error TS1381: Unexpected token. Did you mean `{'}'}` or `&rbrace;`?
src/pages/PurchaseEntry.tsx(63,1): error TS1381: Unexpected token. Did you mean `{'}'}` or `&rbrace;`?
src/pages/PurchaseEntry.tsx(66,16): error TS1005: '}' expected.
src/pages/PurchaseEntry.tsx(81,1): error TS1381: Unexpected token. Did you mean `{'}'}` or `&rbrace;`?
src/pages/PurchaseEntry.tsx(86,3): error TS1109: Expression expected.
src/pages/PurchaseEntry.tsx(86,19): error TS1005: '}' expected.
src/pages/PurchaseEntry.tsx(86,30): error TS1381: Unexpected token. Did you mean `{'}'}` or `&rbrace;`?
src/pages/PurchaseEntry.tsx(92,79): error TS1005: '}' expected.
src/pages/PurchaseEntry.tsx(92,92): error TS1381: Unexpected token. Did you mean `{'}'}` or `&rbrace;`?
src/pages/PurchaseEntry.tsx(92,104): error TS17008: JSX element 'PurchaseFormData' has no corresponding closing tag.
src/pages/PurchaseEntry.tsx(93,18): error TS1005: '}' expected.
src/pages/PurchaseEntry.tsx(94,20): error TS1005: '}' expected.
src/pages/PurchaseEntry.tsx(97,5): error TS1381: Unexpected token. Did you mean `{'}'}` or `&rbrace;`?
src/pages/PurchaseEntry.tsx(102,73): error TS17008: JSX element 'ProductType' has no corresponding closing tag.
src/pages/PurchaseEntry.tsx(103,65): error TS17008: JSX element 'UnitType' has no corresponding closing tag.
src/pages/PurchaseEntry.tsx(122,34): error TS1382: Unexpected token. Did you mean `{'>'}` or `&gt;`?
src/pages/PurchaseEntry.tsx(123,5): error TS1109: Expression expected.
src/pages/PurchaseEntry.tsx(126,7): error TS1109: Expression expected.
src/pages/PurchaseEntry.tsx(136,5): error TS1381: Unexpected token. Did you mean `{'}'}` or `&rbrace;`?
src/pages/PurchaseEntry.tsx(137,3): error TS1381: Unexpected token. Did you mean `{'}'}` or `&rbrace;`?
src/pages/PurchaseEntry.tsx(140,38): error TS1382: Unexpected token. Did you mean `{'>'}` or `&gt;`?
src/pages/PurchaseEntry.tsx(141,5): error TS1109: Expression expected.
src/pages/PurchaseEntry.tsx(144,7): error TS1109: Expression expected.
src/pages/PurchaseEntry.tsx(145,5): error TS1381: Unexpected token. Did you mean `{'}'}` or `&rbrace;`?
src/pages/PurchaseEntry.tsx(146,7): error TS1109: Expression expected.
src/pages/PurchaseEntry.tsx(147,5): error TS1381: Unexpected token. Did you mean `{'}'}` or `&rbrace;`?
src/pages/PurchaseEntry.tsx(149,3): error TS1381: Unexpected token. Did you mean `{'}'}` or `&rbrace;`?
src/pages/PurchaseEntry.tsx(156,60): error TS1003: Identifier expected.
src/pages/PurchaseEntry.tsx(156,66): error TS1382: Unexpected token. Did you mean `{'>'}` or `&gt;`?
src/pages/PurchaseEntry.tsx(161,11): error TS1005: '}' expected.
src/pages/PurchaseEntry.tsx(166,3): error TS1381: Unexpected token. Did you mean `{'}'}` or `&rbrace;`?
src/pages/PurchaseEntry.tsx(169,20): error TS1005: '}' expected.
src/pages/PurchaseEntry.tsx(169,41): error TS1382: Unexpected token. Did you mean `{'>'}` or `&gt;`?
src/pages/PurchaseEntry.tsx(171,3): error TS1381: Unexpected token. Did you mean `{'}'}` or `&rbrace;`?
src/pages/PurchaseEntry.tsx(172,87): error TS1005: '}' expected.
src/pages/PurchaseEntry.tsx(173,5): error TS1109: Expression expected.
src/pages/PurchaseEntry.tsx(173,58): error TS1382: Unexpected token. Did you mean `{'>'}` or `&gt;`?
src/pages/PurchaseEntry.tsx(174,7): error TS1109: Expression expected.
src/pages/PurchaseEntry.tsx(174,32): error TS1382: Unexpected token. Did you mean `{'>'}` or `&gt;`?
src/pages/PurchaseEntry.tsx(176,9): error TS1109: Expression expected.
src/pages/PurchaseEntry.tsx(177,17): error TS1005: '}' expected.
src/pages/PurchaseEntry.tsx(178,34): error TS1382: Unexpected token. Did you mean `{'>'}` or `&gt;`?
src/pages/PurchaseEntry.tsx(180,13): error TS1109: Expression expected.
src/pages/PurchaseEntry.tsx(180,52): error TS1003: Identifier expected.
src/pages/PurchaseEntry.tsx(183,11): error TS1381: Unexpected token. Did you mean `{'}'}` or `&rbrace;`?
src/pages/PurchaseEntry.tsx(184,9): error TS1381: Unexpected token. Did you mean `{'}'}` or `&rbrace;`?
src/pages/PurchaseEntry.tsx(187,46): error TS1382: Unexpected token. Did you mean `{'>'}` or `&gt;`?
src/pages/PurchaseEntry.tsx(192,7): error TS1381: Unexpected token. Did you mean `{'}'}` or `&rbrace;`?
src/pages/PurchaseEntry.tsx(193,5): error TS1381: Unexpected token. Did you mean `{'}'}` or `&rbrace;`?
src/pages/PurchaseEntry.tsx(196,14): error TS1005: '}' expected.
src/pages/PurchaseEntry.tsx(198,21): error TS1005: '}' expected.
src/pages/PurchaseEntry.tsx(202,7): error TS1381: Unexpected token. Did you mean `{'}'}` or `&rbrace;`?
src/pages/PurchaseEntry.tsx(210,11): error TS1003: Identifier expected.
src/pages/PurchaseEntry.tsx(211,28): error TS1135: Argument expression expected.
src/pages/PurchaseEntry.tsx(213,9): error TS1381: Unexpected token. Did you mean `{'}'}` or `&rbrace;`?
src/pages/PurchaseEntry.tsx(213,11): error TS1381: Unexpected token. Did you mean `{'}'}` or `&rbrace;`?
src/pages/PurchaseEntry.tsx(215,9): error TS1381: Unexpected token. Did you mean `{'}'}` or `&rbrace;`?
src/pages/PurchaseEntry.tsx(215,10): error TS1381: Unexpected token. Did you mean `{'}'}` or `&rbrace;`?
src/pages/PurchaseEntry.tsx(216,7): error TS1382: Unexpected token. Did you mean `{'>'}` or `&gt;`?
src/pages/PurchaseEntry.tsx(217,36): error TS1135: Argument expression expected.
src/pages/PurchaseEntry.tsx(220,44): error TS1005: '}' expected.
src/pages/PurchaseEntry.tsx(222,9): error TS17002: Expected corresponding JSX closing tag for 'DropzoneUploadProps'.
src/pages/PurchaseEntry.tsx(224,3): error TS1381: Unexpected token. Did you mean `{'}'}` or `&rbrace;`?
src/pages/PurchaseEntry.tsx(226,47): error TS1003: Identifier expected.
src/pages/PurchaseEntry.tsx(226,49): error TS1382: Unexpected token. Did you mean `{'>'}` or `&gt;`?
src/pages/PurchaseEntry.tsx(226,55): error TS1382: Unexpected token. Did you mean `{'>'}` or `&gt;`?
src/pages/PurchaseEntry.tsx(227,5): error TS1109: Expression expected.
src/pages/PurchaseEntry.tsx(228,7): error TS1109: Expression expected.
src/pages/PurchaseEntry.tsx(233,9): error TS1005: '}' expected.
src/pages/PurchaseEntry.tsx(235,7): error TS1381: Unexpected token. Did you mean `{'}'}` or `&rbrace;`?
src/pages/PurchaseEntry.tsx(236,9): error TS1109: Expression expected.
src/pages/PurchaseEntry.tsx(240,7): error TS1381: Unexpected token. Did you mean `{'}'}` or `&rbrace;`?
src/pages/PurchaseEntry.tsx(241,5): error TS1381: Unexpected token. Did you mean `{'}'}` or `&rbrace;`?
src/pages/PurchaseEntry.tsx(243,7): error TS1005: '}' expected.
src/pages/PurchaseEntry.tsx(244,5): error TS1381: Unexpected token. Did you mean `{'}'}` or `&rbrace;`?
src/pages/PurchaseEntry.tsx(245,3): error TS1381: Unexpected token. Did you mean `{'}'}` or `&rbrace;`?
src/pages/PurchaseEntry.tsx(246,65): error TS1003: Identifier expected.
src/pages/PurchaseEntry.tsx(246,67): error TS1382: Unexpected token. Did you mean `{'>'}` or `&gt;`?
src/pages/PurchaseEntry.tsx(255,47): error TS17008: JSX element 'Array' has no corresponding closing tag.
src/pages/PurchaseEntry.tsx(255,112): error TS1005: ';' expected.
src/pages/PurchaseEntry.tsx(258,65): error TS17008: JSX element 'Array' has no corresponding closing tag.
src/pages/PurchaseEntry.tsx(258,130): error TS1005: ';' expected.
src/pages/PurchaseEntry.tsx(262,90): error TS1382: Unexpected token. Did you mean `{'>'}` or `&gt;`?
src/pages/PurchaseEntry.tsx(264,5): error TS1005: '}' expected.
src/pages/PurchaseEntry.tsx(271,7): error TS1005: '}' expected.
src/pages/PurchaseEntry.tsx(272,5): error TS1381: Unexpected token. Did you mean `{'}'}` or `&rbrace;`?
src/pages/PurchaseEntry.tsx(274,7): error TS1005: '}' expected.
src/pages/PurchaseEntry.tsx(275,5): error TS1381: Unexpected token. Did you mean `{'}'}` or `&rbrace;`?
src/pages/PurchaseEntry.tsx(276,3): error TS1381: Unexpected token. Did you mean `{'}'}` or `&rbrace;`?
src/pages/PurchaseEntry.tsx(278,17): error TS1382: Unexpected token. Did you mean `{'>'}` or `&gt;`?
src/pages/PurchaseEntry.tsx(280,5): error TS1005: '}' expected.
src/pages/PurchaseEntry.tsx(281,3): error TS1381: Unexpected token. Did you mean `{'}'}` or `&rbrace;`?
src/pages/PurchaseEntry.tsx(284,17): error TS1382: Unexpected token. Did you mean `{'>'}` or `&gt;`?
src/pages/PurchaseEntry.tsx(289,17): error TS1382: Unexpected token. Did you mean `{'>'}` or `&gt;`?
src/pages/PurchaseEntry.tsx(290,5): error TS1109: Expression expected.
src/pages/PurchaseEntry.tsx(290,47): error TS1005: '}' expected.
src/pages/PurchaseEntry.tsx(291,7): error TS1109: Expression expected.
src/pages/PurchaseEntry.tsx(292,9): error TS1109: Expression expected.
src/pages/PurchaseEntry.tsx(295,11): error TS1005: '}' expected.
src/pages/PurchaseEntry.tsx(296,23): error TS1005: '}' expected.
src/pages/PurchaseEntry.tsx(299,9): error TS1381: Unexpected token. Did you mean `{'}'}` or `&rbrace;`?
src/pages/PurchaseEntry.tsx(300,7): error TS1381: Unexpected token. Did you mean `{'}'}` or `&rbrace;`?
src/pages/PurchaseEntry.tsx(301,5): error TS1381: Unexpected token. Did you mean `{'}'}` or `&rbrace;`?
src/pages/PurchaseEntry.tsx(303,16): error TS1382: Unexpected token. Did you mean `{'>'}` or `&gt;`?
src/pages/PurchaseEntry.tsx(304,3): error TS1381: Unexpected token. Did you mean `{'}'}` or `&rbrace;`?
src/pages/PurchaseEntry.tsx(309,36): error TS1382: Unexpected token. Did you mean `{'>'}` or `&gt;`?
src/pages/PurchaseEntry.tsx(310,5): error TS1109: Expression expected.
src/pages/PurchaseEntry.tsx(312,7): error TS1005: '}' expected.
src/pages/PurchaseEntry.tsx(316,13): error TS1005: '}' expected.
src/pages/PurchaseEntry.tsx(316,34): error TS1003: Identifier expected.
src/pages/PurchaseEntry.tsx(316,35): error TS1005: '...' expected.
src/pages/PurchaseEntry.tsx(316,37): error TS1005: '}' expected.
src/pages/PurchaseEntry.tsx(316,93): error TS1381: Unexpected token. Did you mean `{'}'}` or `&rbrace;`?
src/pages/PurchaseEntry.tsx(316,94): error TS1382: Unexpected token. Did you mean `{'>'}` or `&gt;`?
src/pages/PurchaseEntry.tsx(322,80): error TS1382: Unexpected token. Did you mean `{'>'}` or `&gt;`?
src/pages/PurchaseEntry.tsx(323,11): error TS1109: Expression expected.
src/pages/PurchaseEntry.tsx(324,46): error TS1382: Unexpected token. Did you mean `{'>'}` or `&gt;`?
src/pages/PurchaseEntry.tsx(329,7): error TS1381: Unexpected token. Did you mean `{'}'}` or `&rbrace;`?
src/pages/PurchaseEntry.tsx(331,9): error TS1005: '}' expected.
src/pages/PurchaseEntry.tsx(335,7): error TS1381: Unexpected token. Did you mean `{'}'}` or `&rbrace;`?
src/pages/PurchaseEntry.tsx(336,5): error TS1381: Unexpected token. Did you mean `{'}'}` or `&rbrace;`?
src/pages/PurchaseEntry.tsx(337,64): error TS1005: ',' expected.
src/pages/PurchaseEntry.tsx(337,65): error TS1005: '}' expected.
src/pages/PurchaseEntry.tsx(340,5): error TS1381: Unexpected token. Did you mean `{'}'}` or `&rbrace;`?
src/pages/PurchaseEntry.tsx(343,3): error TS1381: Unexpected token. Did you mean `{'}'}` or `&rbrace;`?
src/pages/PurchaseEntry.tsx(345,57): error TS1382: Unexpected token. Did you mean `{'>'}` or `&gt;`?
src/pages/PurchaseEntry.tsx(347,5): error TS1005: '}' expected.
src/pages/PurchaseEntry.tsx(351,36): error TS1382: Unexpected token. Did you mean `{'>'}` or `&gt;`?
src/pages/PurchaseEntry.tsx(355,51): error TS1382: Unexpected token. Did you mean `{'>'}` or `&gt;`?
src/pages/PurchaseEntry.tsx(356,3): error TS1381: Unexpected token. Did you mean `{'}'}` or `&rbrace;`?
src/pages/PurchaseEntry.tsx(358,48): error TS1005: '}' expected.
src/pages/PurchaseEntry.tsx(358,100): error TS1382: Unexpected token. Did you mean `{'>'}` or `&gt;`?
src/pages/PurchaseEntry.tsx(359,5): error TS1109: Expression expected.
src/pages/PurchaseEntry.tsx(361,5): error TS1005: '}' expected.
src/pages/PurchaseEntry.tsx(362,5): error TS1381: Unexpected token. Did you mean `{'}'}` or `&rbrace;`?
src/pages/PurchaseEntry.tsx(368,47): error TS1382: Unexpected token. Did you mean `{'>'}` or `&gt;`?
src/pages/PurchaseEntry.tsx(371,3): error TS1381: Unexpected token. Did you mean `{'}'}` or `&rbrace;`?
src/pages/PurchaseEntry.tsx(373,53): error TS1382: Unexpected token. Did you mean `{'>'}` or `&gt;`?
src/pages/PurchaseEntry.tsx(374,5): error TS1109: Expression expected.
src/pages/PurchaseEntry.tsx(378,7): error TS1005: '}' expected.
src/pages/PurchaseEntry.tsx(380,9): error TS1005: '}' expected.
src/pages/PurchaseEntry.tsx(382,7): error TS1381: Unexpected token. Did you mean `{'}'}` or `&rbrace;`?
src/pages/PurchaseEntry.tsx(386,51): error TS1382: Unexpected token. Did you mean `{'>'}` or `&gt;`?
src/pages/PurchaseEntry.tsx(389,9): error TS1005: '}' expected.
src/pages/PurchaseEntry.tsx(389,40): error TS1005: '}' expected.
src/pages/PurchaseEntry.tsx(393,7): error TS1381: Unexpected token. Did you mean `{'}'}` or `&rbrace;`?
src/pages/PurchaseEntry.tsx(397,13): error TS1005: '}' expected.
src/pages/PurchaseEntry.tsx(400,7): error TS1381: Unexpected token. Did you mean `{'}'}` or `&rbrace;`?
src/pages/PurchaseEntry.tsx(408,10): error TS1109: Expression expected.
src/pages/PurchaseEntry.tsx(408,51): error TS1005: '}' expected.
src/pages/PurchaseEntry.tsx(408,107): error TS1381: Unexpected token. Did you mean `{'}'}` or `&rbrace;`?
src/pages/PurchaseEntry.tsx(409,29): error TS1382: Unexpected token. Did you mean `{'>'}` or `&gt;`?
src/pages/PurchaseEntry.tsx(410,38): error TS1382: Unexpected token. Did you mean `{'>'}` or `&gt;`?
src/pages/PurchaseEntry.tsx(412,48): error TS1005: '}' expected.
src/pages/PurchaseEntry.tsx(414,7): error TS1381: Unexpected token. Did you mean `{'}'}` or `&rbrace;`?
src/pages/PurchaseEntry.tsx(420,9): error TS1005: ',' expected.
src/pages/PurchaseEntry.tsx(420,10): error TS1005: '}' expected.
src/pages/PurchaseEntry.tsx(424,42): error TS1005: '}' expected.
src/pages/PurchaseEntry.tsx(424,43): error TS1005: '}' expected.
src/pages/PurchaseEntry.tsx(424,60): error TS1002: Unterminated string literal.
src/pages/PurchaseEntry.tsx(427,9): error TS1381: Unexpected token. Did you mean `{'}'}` or `&rbrace;`?
src/pages/PurchaseEntry.tsx(431,7): error TS1381: Unexpected token. Did you mean `{'}'}` or `&rbrace;`?
src/pages/PurchaseEntry.tsx(432,5): error TS1381: Unexpected token. Did you mean `{'}'}` or `&rbrace;`?
src/pages/PurchaseEntry.tsx(437,7): error TS1005: ',' expected.
src/pages/PurchaseEntry.tsx(437,8): error TS1005: '}' expected.
src/pages/PurchaseEntry.tsx(445,5): error TS1381: Unexpected token. Did you mean `{'}'}` or `&rbrace;`?
src/pages/PurchaseEntry.tsx(448,3): error TS1381: Unexpected token. Did you mean `{'}'}` or `&rbrace;`?
src/pages/PurchaseEntry.tsx(450,36): error TS1382: Unexpected token. Did you mean `{'>'}` or `&gt;`?
src/pages/PurchaseEntry.tsx(457,54): error TS1109: Expression expected.
src/pages/PurchaseEntry.tsx(459,7): error TS1128: Declaration or statement expected.
src/pages/PurchaseEntry.tsx(461,7): error TS1005: '}' expected.
src/pages/PurchaseEntry.tsx(464,9): error TS1005: '}' expected.
src/pages/PurchaseEntry.tsx(466,7): error TS1381: Unexpected token. Did you mean `{'}'}` or `&rbrace;`?
src/pages/PurchaseEntry.tsx(466,39): error TS1382: Unexpected token. Did you mean `{'>'}` or `&gt;`?
src/pages/PurchaseEntry.tsx(472,5): error TS1381: Unexpected token. Did you mean `{'}'}` or `&rbrace;`?
src/pages/PurchaseEntry.tsx(473,3): error TS1381: Unexpected token. Did you mean `{'}'}` or `&rbrace;`?
src/pages/PurchaseEntry.tsx(475,32): error TS1382: Unexpected token. Did you mean `{'>'}` or `&gt;`?
src/pages/PurchaseEntry.tsx(476,5): error TS1109: Expression expected.
src/pages/PurchaseEntry.tsx(481,30): error TS1005: '}' expected.
src/pages/PurchaseEntry.tsx(491,51): error TS1381: Unexpected token. Did you mean `{'}'}` or `&rbrace;`?
src/pages/PurchaseEntry.tsx(493,5): error TS1381: Unexpected token. Did you mean `{'}'}` or `&rbrace;`?
src/pages/PurchaseEntry.tsx(495,3): error TS1381: Unexpected token. Did you mean `{'}'}` or `&rbrace;`?
src/pages/PurchaseEntry.tsx(497,36): error TS1382: Unexpected token. Did you mean `{'>'}` or `&gt;`?
src/pages/PurchaseEntry.tsx(499,5): error TS1109: Expression expected.
src/pages/PurchaseEntry.tsx(502,32): error TS1382: Unexpected token. Did you mean `{'>'}` or `&gt;`?
src/pages/PurchaseEntry.tsx(503,7): error TS1109: Expression expected.
src/pages/PurchaseEntry.tsx(508,9): error TS1109: Expression expected.
src/pages/PurchaseEntry.tsx(509,7): error TS1381: Unexpected token. Did you mean `{'}'}` or `&rbrace;`?
src/pages/PurchaseEntry.tsx(512,9): error TS1109: Expression expected.
src/pages/PurchaseEntry.tsx(513,7): error TS1381: Unexpected token. Did you mean `{'}'}` or `&rbrace;`?
src/pages/PurchaseEntry.tsx(516,9): error TS1109: Expression expected.
src/pages/PurchaseEntry.tsx(517,7): error TS1381: Unexpected token. Did you mean `{'}'}` or `&rbrace;`?
src/pages/PurchaseEntry.tsx(519,5): error TS1381: Unexpected token. Did you mean `{'}'}` or `&rbrace;`?
src/pages/PurchaseEntry.tsx(522,10): error TS1005: '}' expected.
src/pages/PurchaseEntry.tsx(526,46): error TS1381: Unexpected token. Did you mean `{'}'}` or `&rbrace;`?
src/pages/PurchaseEntry.tsx(536,7): error TS1109: Expression expected.
src/pages/PurchaseEntry.tsx(538,25): error TS1005: '}' expected.
src/pages/PurchaseEntry.tsx(538,40): error TS1381: Unexpected token. Did you mean `{'}'}` or `&rbrace;`?
src/pages/PurchaseEntry.tsx(539,5): error TS1381: Unexpected token. Did you mean `{'}'}` or `&rbrace;`?
src/pages/PurchaseEntry.tsx(543,7): error TS1109: Expression expected.
src/pages/PurchaseEntry.tsx(546,9): error TS1109: Expression expected.
src/pages/PurchaseEntry.tsx(548,27): error TS1005: '}' expected.
src/pages/PurchaseEntry.tsx(548,42): error TS1381: Unexpected token. Did you mean `{'}'}` or `&rbrace;`?
src/pages/PurchaseEntry.tsx(549,7): error TS1381: Unexpected token. Did you mean `{'}'}` or `&rbrace;`?
src/pages/PurchaseEntry.tsx(550,5): error TS1381: Unexpected token. Did you mean `{'}'}` or `&rbrace;`?
src/pages/PurchaseEntry.tsx(553,11): error TS1005: '}' expected.
src/pages/PurchaseEntry.tsx(553,93): error TS1005: '}' expected.
src/pages/PurchaseEntry.tsx(557,9): error TS1109: Expression expected.
src/pages/PurchaseEntry.tsx(558,23): error TS1003: Identifier expected.
src/pages/PurchaseEntry.tsx(560,9): error TS1005: '}' expected.
src/pages/PurchaseEntry.tsx(561,23): error TS1003: Identifier expected.
src/pages/PurchaseEntry.tsx(563,9): error TS1005: '}' expected.
src/pages/PurchaseEntry.tsx(564,23): error TS1003: Identifier expected.
src/pages/PurchaseEntry.tsx(569,25): error TS1005: '}' expected.
src/pages/PurchaseEntry.tsx(569,40): error TS1381: Unexpected token. Did you mean `{'}'}` or `&rbrace;`?
src/pages/PurchaseEntry.tsx(570,5): error TS1381: Unexpected token. Did you mean `{'}'}` or `&rbrace;`?
src/pages/PurchaseEntry.tsx(573,7): error TS1109: Expression expected.
src/pages/PurchaseEntry.tsx(573,106): error TS1005: '}' expected.
src/pages/PurchaseEntry.tsx(574,25): error TS1005: '}' expected.
src/pages/PurchaseEntry.tsx(574,40): error TS1381: Unexpected token. Did you mean `{'}'}` or `&rbrace;`?
src/pages/PurchaseEntry.tsx(580,23): error TS1005: '}' expected.
src/pages/PurchaseEntry.tsx(580,43): error TS1381: Unexpected token. Did you mean `{'}'}` or `&rbrace;`?
src/pages/PurchaseEntry.tsx(581,3): error TS1381: Unexpected token. Did you mean `{'}'}` or `&rbrace;`?
src/pages/PurchaseEntry.tsx(585,41): error TS1382: Unexpected token. Did you mean `{'>'}` or `&gt;`?
src/pages/PurchaseEntry.tsx(586,80): error TS1005: ',' expected.
src/pages/PurchaseEntry.tsx(586,81): error TS1005: '}' expected.
src/pages/PurchaseEntry.tsx(591,7): error TS1005: '}' expected.
src/pages/PurchaseEntry.tsx(592,5): error TS1381: Unexpected token. Did you mean `{'}'}` or `&rbrace;`?
src/pages/PurchaseEntry.tsx(596,7): error TS1005: '}' expected.
src/pages/PurchaseEntry.tsx(599,5): error TS1381: Unexpected token. Did you mean `{'}'}` or `&rbrace;`?
src/pages/PurchaseEntry.tsx(604,7): error TS1109: Expression expected.
src/pages/PurchaseEntry.tsx(610,9): error TS1005: '}' expected.
src/pages/PurchaseEntry.tsx(611,52): error TS1005: '}' expected.
src/pages/PurchaseEntry.tsx(614,7): error TS1381: Unexpected token. Did you mean `{'}'}` or `&rbrace;`?
src/pages/PurchaseEntry.tsx(618,5): error TS1381: Unexpected token. Did you mean `{'}'}` or `&rbrace;`?
src/pages/PurchaseEntry.tsx(621,3): error TS1381: Unexpected token. Did you mean `{'}'}` or `&rbrace;`?
src/pages/PurchaseEntry.tsx(623,27): error TS1382: Unexpected token. Did you mean `{'>'}` or `&gt;`?
src/pages/PurchaseEntry.tsx(625,5): error TS1005: '}' expected.
src/pages/PurchaseEntry.tsx(627,3): error TS1381: Unexpected token. Did you mean `{'}'}` or `&rbrace;`?
src/pages/PurchaseEntry.tsx(629,56): error TS1382: Unexpected token. Did you mean `{'>'}` or `&gt;`?
src/pages/PurchaseEntry.tsx(633,5): error TS1005: '}' expected.
src/pages/PurchaseEntry.tsx(633,23): error TS1382: Unexpected token. Did you mean `{'>'}` or `&gt;`?
src/pages/PurchaseEntry.tsx(633,52): error TS1382: Unexpected token. Did you mean `{'>'}` or `&gt;`?
src/pages/PurchaseEntry.tsx(635,7): error TS1005: '}' expected.
src/pages/PurchaseEntry.tsx(636,5): error TS1381: Unexpected token. Did you mean `{'}'}` or `&rbrace;`?
src/pages/PurchaseEntry.tsx(640,7): error TS1005: '}' expected.
src/pages/PurchaseEntry.tsx(641,5): error TS1381: Unexpected token. Did you mean `{'}'}` or `&rbrace;`?
src/pages/PurchaseEntry.tsx(646,7): error TS1109: Expression expected.
src/pages/PurchaseEntry.tsx(646,35): error TS1381: Unexpected token. Did you mean `{'}'}` or `&rbrace;`?
src/pages/PurchaseEntry.tsx(647,50): error TS1005: '}' expected.
src/pages/PurchaseEntry.tsx(654,15): error TS1005: '}' expected.
src/pages/PurchaseEntry.tsx(658,7): error TS1381: Unexpected token. Did you mean `{'}'}` or `&rbrace;`?
src/pages/PurchaseEntry.tsx(660,13): error TS1005: '}' expected.
src/pages/PurchaseEntry.tsx(668,9): error TS1109: Expression expected.
src/pages/PurchaseEntry.tsx(669,7): error TS1381: Unexpected token. Did you mean `{'}'}` or `&rbrace;`?
src/pages/PurchaseEntry.tsx(676,47): error TS1003: Identifier expected.
src/pages/PurchaseEntry.tsx(680,49): error TS1005: '}' expected.
src/pages/PurchaseEntry.tsx(691,9): error TS1109: Expression expected.
src/pages/PurchaseEntry.tsx(698,11): error TS1005: '}' expected.
src/pages/PurchaseEntry.tsx(699,9): error TS1381: Unexpected token. Did you mean `{'}'}` or `&rbrace;`?
src/pages/PurchaseEntry.tsx(701,33): error TS1382: Unexpected token. Did you mean `{'>'}` or `&gt;`?
src/pages/PurchaseEntry.tsx(701,55): error TS1382: Unexpected token. Did you mean `{'>'}` or `&gt;`?
src/pages/PurchaseEntry.tsx(703,22): error TS1005: '}' expected.
src/pages/PurchaseEntry.tsx(713,7): error TS1381: Unexpected token. Did you mean `{'}'}` or `&rbrace;`?
src/pages/PurchaseEntry.tsx(714,9): error TS1109: Expression expected.
src/pages/PurchaseEntry.tsx(715,7): error TS1381: Unexpected token. Did you mean `{'}'}` or `&rbrace;`?
src/pages/PurchaseEntry.tsx(717,5): error TS1381: Unexpected token. Did you mean `{'}'}` or `&rbrace;`?
src/pages/PurchaseEntry.tsx(720,7): error TS1005: '}' expected.
src/pages/PurchaseEntry.tsx(721,45): error TS1005: '}' expected.
src/pages/PurchaseEntry.tsx(924,65): error TS1005: '}' expected.
src/pages/PurchaseEntry.tsx(925,9): error TS1381: Unexpected token. Did you mean `{'}'}` or `&rbrace;`?
src/pages/PurchaseEntry.tsx(927,33): error TS1382: Unexpected token. Did you mean `{'>'}` or `&gt;`?
src/pages/PurchaseEntry.tsx(927,55): error TS1382: Unexpected token. Did you mean `{'>'}` or `&gt;`?
src/pages/PurchaseEntry.tsx(929,22): error TS1005: '}' expected.
src/pages/PurchaseEntry.tsx(935,7): error TS1381: Unexpected token. Did you mean `{'}'}` or `&rbrace;`?
src/pages/PurchaseEntry.tsx(936,9): error TS1109: Expression expected.
src/pages/PurchaseEntry.tsx(937,7): error TS1381: Unexpected token. Did you mean `{'}'}` or `&rbrace;`?
src/pages/PurchaseEntry.tsx(938,5): error TS1381: Unexpected token. Did you mean `{'}'}` or `&rbrace;`?
src/pages/PurchaseEntry.tsx(942,7): error TS1005: '}' expected.
src/pages/PurchaseEntry.tsx(943,9): error TS1109: Expression expected.
src/pages/PurchaseEntry.tsx(950,7): error TS1381: Unexpected token. Did you mean `{'}'}` or `&rbrace;`?
src/pages/PurchaseEntry.tsx(955,5): error TS1381: Unexpected token. Did you mean `{'}'}` or `&rbrace;`?
src/pages/PurchaseEntry.tsx(958,7): error TS1005: '}' expected.
src/pages/PurchaseEntry.tsx(959,5): error TS1381: Unexpected token. Did you mean `{'}'}` or `&rbrace;`?
src/pages/PurchaseEntry.tsx(960,3): error TS1381: Unexpected token. Did you mean `{'}'}` or `&rbrace;`?
src/pages/PurchaseEntry.tsx(962,47): error TS1382: Unexpected token. Did you mean `{'>'}` or `&gt;`?
src/pages/PurchaseEntry.tsx(963,5): error TS1109: Expression expected.
src/pages/PurchaseEntry.tsx(967,7): error TS1109: Expression expected.
src/pages/PurchaseEntry.tsx(971,23): error TS1382: Unexpected token. Did you mean `{'>'}` or `&gt;`?
src/pages/PurchaseEntry.tsx(971,45): error TS1382: Unexpected token. Did you mean `{'>'}` or `&gt;`?
src/pages/PurchaseEntry.tsx(972,31): error TS1382: Unexpected token. Did you mean `{'>'}` or `&gt;`?
src/pages/PurchaseEntry.tsx(972,53): error TS1382: Unexpected token. Did you mean `{'>'}` or `&gt;`?
src/pages/PurchaseEntry.tsx(975,5): error TS1381: Unexpected token. Did you mean `{'}'}` or `&rbrace;`?
src/pages/PurchaseEntry.tsx(977,7): error TS1005: '}' expected.
src/pages/PurchaseEntry.tsx(978,5): error TS1381: Unexpected token. Did you mean `{'}'}` or `&rbrace;`?
src/pages/PurchaseEntry.tsx(979,3): error TS1381: Unexpected token. Did you mean `{'}'}` or `&rbrace;`?
src/pages/PurchaseEntry.tsx(981,98): error TS1382: Unexpected token. Did you mean `{'>'}` or `&gt;`?
src/pages/PurchaseEntry.tsx(983,5): error TS1109: Expression expected.
src/pages/PurchaseEntry.tsx(983,67): error TS1382: Unexpected token. Did you mean `{'>'}` or `&gt;`?
src/pages/PurchaseEntry.tsx(984,58): error TS1382: Unexpected token. Did you mean `{'>'}` or `&gt;`?
src/pages/PurchaseEntry.tsx(985,43): error TS1382: Unexpected token. Did you mean `{'>'}` or `&gt;`?
src/pages/PurchaseEntry.tsx(989,7): error TS1109: Expression expected.
src/pages/PurchaseEntry.tsx(989,82): error TS1381: Unexpected token. Did you mean `{'}'}` or `&rbrace;`?
src/pages/PurchaseEntry.tsx(990,77): error TS1005: '}' expected.
src/pages/PurchaseEntry.tsx(992,20): error TS1005: '}' expected.
src/pages/PurchaseEntry.tsx(992,57): error TS1381: Unexpected token. Did you mean `{'}'}` or `&rbrace;`?
src/pages/PurchaseEntry.tsx(993,5): error TS1381: Unexpected token. Did you mean `{'}'}` or `&rbrace;`?
src/pages/PurchaseEntry.tsx(996,7): error TS1109: Expression expected.
src/pages/PurchaseEntry.tsx(996,82): error TS1381: Unexpected token. Did you mean `{'}'}` or `&rbrace;`?
src/pages/PurchaseEntry.tsx(997,77): error TS1005: '}' expected.
src/pages/PurchaseEntry.tsx(999,20): error TS1005: '}' expected.
src/pages/PurchaseEntry.tsx(999,67): error TS1381: Unexpected token. Did you mean `{'}'}` or `&rbrace;`?
src/pages/PurchaseEntry.tsx(1000,5): error TS1381: Unexpected token. Did you mean `{'}'}` or `&rbrace;`?
src/pages/PurchaseEntry.tsx(1003,7): error TS1109: Expression expected.
src/pages/PurchaseEntry.tsx(1003,82): error TS1381: Unexpected token. Did you mean `{'}'}` or `&rbrace;`?
src/pages/PurchaseEntry.tsx(1004,77): error TS1005: '}' expected.
src/pages/PurchaseEntry.tsx(1006,20): error TS1005: '}' expected.
src/pages/PurchaseEntry.tsx(1006,73): error TS1381: Unexpected token. Did you mean `{'}'}` or `&rbrace;`?
src/pages/PurchaseEntry.tsx(1007,5): error TS1381: Unexpected token. Did you mean `{'}'}` or `&rbrace;`?
src/pages/PurchaseEntry.tsx(1009,3): error TS1381: Unexpected token. Did you mean `{'}'}` or `&rbrace;`?
src/pages/PurchaseEntry.tsx(1011,56): error TS1382: Unexpected token. Did you mean `{'>'}` or `&gt;`?
src/pages/PurchaseEntry.tsx(1012,5): error TS1109: Expression expected.
src/pages/PurchaseEntry.tsx(1014,7): error TS1005: '}' expected.
src/pages/PurchaseEntry.tsx(1015,5): error TS1381: Unexpected token. Did you mean `{'}'}` or `&rbrace;`?
src/pages/PurchaseEntry.tsx(1018,7): error TS1109: Expression expected.
src/pages/PurchaseEntry.tsx(1020,9): error TS1109: Expression expected.
src/pages/PurchaseEntry.tsx(1024,26): error TS1005: '}' expected.
src/pages/PurchaseEntry.tsx(1027,9): error TS1381: Unexpected token. Did you mean `{'}'}` or `&rbrace;`?
src/pages/PurchaseEntry.tsx(1029,41): error TS1382: Unexpected token. Did you mean `{'>'}` or `&gt;`?
src/pages/PurchaseEntry.tsx(1034,31): error TS1382: Unexpected token. Did you mean `{'>'}` or `&gt;`?
src/pages/PurchaseEntry.tsx(1037,11): error TS1005: '}' expected.
src/pages/PurchaseEntry.tsx(1038,9): error TS1381: Unexpected token. Did you mean `{'}'}` or `&rbrace;`?
src/pages/PurchaseEntry.tsx(1039,52): error TS1382: Unexpected token. Did you mean `{'>'}` or `&gt;`?
src/pages/PurchaseEntry.tsx(1042,11): error TS1005: '}' expected.
src/pages/PurchaseEntry.tsx(1043,9): error TS1381: Unexpected token. Did you mean `{'}'}` or `&rbrace;`?
src/pages/PurchaseEntry.tsx(1044,37): error TS1382: Unexpected token. Did you mean `{'>'}` or `&gt;`?
src/pages/PurchaseEntry.tsx(1046,11): error TS1109: Expression expected.
src/pages/PurchaseEntry.tsx(1049,13): error TS1005: '}' expected.
src/pages/PurchaseEntry.tsx(1050,11): error TS1381: Unexpected token. Did you mean `{'}'}` or `&rbrace;`?
src/pages/PurchaseEntry.tsx(1053,13): error TS1005: '}' expected.
src/pages/PurchaseEntry.tsx(1054,11): error TS1381: Unexpected token. Did you mean `{'}'}` or `&rbrace;`?
src/pages/PurchaseEntry.tsx(1055,9): error TS1381: Unexpected token. Did you mean `{'}'}` or `&rbrace;`?
src/pages/PurchaseEntry.tsx(1056,40): error TS1382: Unexpected token. Did you mean `{'>'}` or `&gt;`?
src/pages/PurchaseEntry.tsx(1059,11): error TS1005: '}' expected.
src/pages/PurchaseEntry.tsx(1060,9): error TS1381: Unexpected token. Did you mean `{'}'}` or `&rbrace;`?
src/pages/PurchaseEntry.tsx(1063,11): error TS1005: '}' expected.
src/pages/PurchaseEntry.tsx(1064,9): error TS1381: Unexpected token. Did you mean `{'}'}` or `&rbrace;`?
src/pages/PurchaseEntry.tsx(1065,46): error TS1382: Unexpected token. Did you mean `{'>'}` or `&gt;`?
src/pages/PurchaseEntry.tsx(1068,11): error TS1005: '}' expected.
src/pages/PurchaseEntry.tsx(1069,9): error TS1381: Unexpected token. Did you mean `{'}'}` or `&rbrace;`?
src/pages/PurchaseEntry.tsx(1072,11): error TS1005: '}' expected.
src/pages/PurchaseEntry.tsx(1073,9): error TS1381: Unexpected token. Did you mean `{'}'}` or `&rbrace;`?
src/pages/PurchaseEntry.tsx(1078,25): error TS1382: Unexpected token. Did you mean `{'>'}` or `&gt;`?
src/pages/PurchaseEntry.tsx(1081,11): error TS1005: '}' expected.
src/pages/PurchaseEntry.tsx(1082,9): error TS1381: Unexpected token. Did you mean `{'}'}` or `&rbrace;`?
src/pages/PurchaseEntry.tsx(1083,26): error TS1382: Unexpected token. Did you mean `{'>'}` or `&gt;`?
src/pages/PurchaseEntry.tsx(1086,11): error TS1005: '}' expected.
src/pages/PurchaseEntry.tsx(1087,9): error TS1381: Unexpected token. Did you mean `{'}'}` or `&rbrace;`?
src/pages/PurchaseEntry.tsx(1088,33): error TS1382: Unexpected token. Did you mean `{'>'}` or `&gt;`?
src/pages/PurchaseEntry.tsx(1091,11): error TS1005: '}' expected.
src/pages/PurchaseEntry.tsx(1093,9): error TS1381: Unexpected token. Did you mean `{'}'}` or `&rbrace;`?
src/pages/PurchaseEntry.tsx(1094,24): error TS1382: Unexpected token. Did you mean `{'>'}` or `&gt;`?
src/pages/PurchaseEntry.tsx(1097,11): error TS1005: '}' expected.
src/pages/PurchaseEntry.tsx(1098,9): error TS1381: Unexpected token. Did you mean `{'}'}` or `&rbrace;`?
src/pages/PurchaseEntry.tsx(1117,24): error TS1382: Unexpected token. Did you mean `{'>'}` or `&gt;`?
src/pages/PurchaseEntry.tsx(1118,11): error TS1109: Expression expected.
src/pages/PurchaseEntry.tsx(1124,62): error TS1005: '}' expected.
src/pages/PurchaseEntry.tsx(1124,63): error TS1005: '}' expected.
src/pages/PurchaseEntry.tsx(1124,165): error TS1005: '}' expected.
src/pages/PurchaseEntry.tsx(1125,11): error TS1381: Unexpected token. Did you mean `{'}'}` or `&rbrace;`?
src/pages/PurchaseEntry.tsx(1126,62): error TS1005: '}' expected.
src/pages/PurchaseEntry.tsx(1126,63): error TS1005: '}' expected.
src/pages/PurchaseEntry.tsx(1127,11): error TS1381: Unexpected token. Did you mean `{'}'}` or `&rbrace;`?
src/pages/PurchaseEntry.tsx(1130,7): error TS1381: Unexpected token. Did you mean `{'}'}` or `&rbrace;`?
src/pages/PurchaseEntry.tsx(1133,5): error TS1381: Unexpected token. Did you mean `{'}'}` or `&rbrace;`?
src/pages/PurchaseEntry.tsx(1135,7): error TS1005: '}' expected.
src/pages/PurchaseEntry.tsx(1136,5): error TS1381: Unexpected token. Did you mean `{'}'}` or `&rbrace;`?
src/pages/PurchaseEntry.tsx(1139,3): error TS1381: Unexpected token. Did you mean `{'}'}` or `&rbrace;`?
src/pages/PurchaseEntry.tsx(1141,53): error TS1382: Unexpected token. Did you mean `{'>'}` or `&gt;`?
src/pages/PurchaseEntry.tsx(1146,5): error TS1005: '}' expected.
src/pages/PurchaseEntry.tsx(1147,12): error TS1005: '}' expected.
src/pages/PurchaseEntry.tsx(1155,13): error TS1005: '}' expected.
src/pages/PurchaseEntry.tsx(1159,17): error TS1005: '}' expected.
src/pages/PurchaseEntry.tsx(1167,7): error TS1005: '}' expected.
src/pages/PurchaseEntry.tsx(1168,5): error TS1381: Unexpected token. Did you mean `{'}'}` or `&rbrace;`?
src/pages/PurchaseEntry.tsx(1171,7): error TS1005: '}' expected.
src/pages/PurchaseEntry.tsx(1172,5): error TS1381: Unexpected token. Did you mean `{'}'}` or `&rbrace;`?
src/pages/PurchaseEntry.tsx(1176,7): error TS1005: '}' expected.
src/pages/PurchaseEntry.tsx(1177,5): error TS1381: Unexpected token. Did you mean `{'}'}` or `&rbrace;`?
src/pages/PurchaseEntry.tsx(1184,7): error TS1109: Expression expected.
src/pages/PurchaseEntry.tsx(1186,9): error TS1005: '}' expected.
src/pages/PurchaseEntry.tsx(1188,7): error TS1381: Unexpected token. Did you mean `{'}'}` or `&rbrace;`?
src/pages/PurchaseEntry.tsx(1192,9): error TS1005: '}' expected.
src/pages/PurchaseEntry.tsx(1194,7): error TS1381: Unexpected token. Did you mean `{'}'}` or `&rbrace;`?
src/pages/PurchaseEntry.tsx(1198,9): error TS1109: Expression expected.
src/pages/PurchaseEntry.tsx(1200,11): error TS1005: '}' expected.
src/pages/PurchaseEntry.tsx(1202,9): error TS1381: Unexpected token. Did you mean `{'}'}` or `&rbrace;`?
src/pages/PurchaseEntry.tsx(1205,11): error TS1005: '}' expected.
src/pages/PurchaseEntry.tsx(1207,9): error TS1381: Unexpected token. Did you mean `{'}'}` or `&rbrace;`?
src/pages/PurchaseEntry.tsx(1210,11): error TS1005: '}' expected.
src/pages/PurchaseEntry.tsx(1212,9): error TS1381: Unexpected token. Did you mean `{'}'}` or `&rbrace;`?
src/pages/PurchaseEntry.tsx(1213,7): error TS1381: Unexpected token. Did you mean `{'}'}` or `&rbrace;`?
src/pages/PurchaseEntry.tsx(1215,9): error TS1109: Expression expected.
src/pages/PurchaseEntry.tsx(1217,11): error TS1005: '}' expected.
src/pages/PurchaseEntry.tsx(1219,9): error TS1381: Unexpected token. Did you mean `{'}'}` or `&rbrace;`?
src/pages/PurchaseEntry.tsx(1222,11): error TS1005: '}' expected.
src/pages/PurchaseEntry.tsx(1224,9): error TS1381: Unexpected token. Did you mean `{'}'}` or `&rbrace;`?
src/pages/PurchaseEntry.tsx(1226,97): error TS1382: Unexpected token. Did you mean `{'>'}` or `&gt;`?
src/pages/PurchaseEntry.tsx(1226,114): error TS1382: Unexpected token. Did you mean `{'>'}` or `&gt;`?
src/pages/PurchaseEntry.tsx(1227,35): error TS1003: Identifier expected.
src/pages/PurchaseEntry.tsx(1229,11): error TS1005: '}' expected.
src/pages/PurchaseEntry.tsx(1231,9): error TS1381: Unexpected token. Did you mean `{'}'}` or `&rbrace;`?
src/pages/PurchaseEntry.tsx(1232,7): error TS1381: Unexpected token. Did you mean `{'}'}` or `&rbrace;`?
src/pages/PurchaseEntry.tsx(1234,9): error TS1109: Expression expected.
src/pages/PurchaseEntry.tsx(1236,11): error TS1005: '}' expected.
src/pages/PurchaseEntry.tsx(1238,9): error TS1381: Unexpected token. Did you mean `{'}'}` or `&rbrace;`?
src/pages/PurchaseEntry.tsx(1241,11): error TS1005: '}' expected.
src/pages/PurchaseEntry.tsx(1243,9): error TS1381: Unexpected token. Did you mean `{'}'}` or `&rbrace;`?
src/pages/PurchaseEntry.tsx(1246,11): error TS1005: '}' expected.
src/pages/PurchaseEntry.tsx(1248,9): error TS1381: Unexpected token. Did you mean `{'}'}` or `&rbrace;`?
src/pages/PurchaseEntry.tsx(1249,7): error TS1381: Unexpected token. Did you mean `{'}'}` or `&rbrace;`?
src/pages/PurchaseEntry.tsx(1251,9): error TS1109: Expression expected.
src/pages/PurchaseEntry.tsx(1253,11): error TS1005: '}' expected.
src/pages/PurchaseEntry.tsx(1255,9): error TS1381: Unexpected token. Did you mean `{'}'}` or `&rbrace;`?
src/pages/PurchaseEntry.tsx(1258,11): error TS1005: '}' expected.
src/pages/PurchaseEntry.tsx(1260,9): error TS1381: Unexpected token. Did you mean `{'}'}` or `&rbrace;`?
src/pages/PurchaseEntry.tsx(1263,11): error TS1005: '}' expected.
src/pages/PurchaseEntry.tsx(1265,9): error TS1381: Unexpected token. Did you mean `{'}'}` or `&rbrace;`?
src/pages/PurchaseEntry.tsx(1266,7): error TS1381: Unexpected token. Did you mean `{'}'}` or `&rbrace;`?
src/pages/PurchaseEntry.tsx(1268,60): error TS1382: Unexpected token. Did you mean `{'>'}` or `&gt;`?
src/pages/PurchaseEntry.tsx(1270,9): error TS1109: Expression expected.
src/pages/PurchaseEntry.tsx(1273,11): error TS1005: '}' expected.
src/pages/PurchaseEntry.tsx(1275,9): error TS1381: Unexpected token. Did you mean `{'}'}` or `&rbrace;`?
src/pages/PurchaseEntry.tsx(1277,7): error TS1381: Unexpected token. Did you mean `{'}'}` or `&rbrace;`?
src/pages/PurchaseEntry.tsx(1280,14): error TS1005: '}' expected.
src/pages/PurchaseEntry.tsx(1289,22): error TS1005: '}' expected.
src/pages/PurchaseEntry.tsx(1305,7): error TS1381: Unexpected token. Did you mean `{'}'}` or `&rbrace;`?
src/pages/PurchaseEntry.tsx(1308,14): error TS1005: '}' expected.
src/pages/PurchaseEntry.tsx(1318,22): error TS1005: '}' expected.
src/pages/PurchaseEntry.tsx(1325,62): error TS1381: Unexpected token. Did you mean `{'}'}` or `&rbrace;`?
src/pages/PurchaseEntry.tsx(1332,9): error TS1005: '}' expected.
src/pages/PurchaseEntry.tsx(1332,24): error TS1382: Unexpected token. Did you mean `{'>'}` or `&gt;`?
src/pages/PurchaseEntry.tsx(1334,11): error TS1109: Expression expected.
src/pages/PurchaseEntry.tsx(1349,9): error TS1381: Unexpected token. Did you mean `{'}'}` or `&rbrace;`?
src/pages/PurchaseEntry.tsx(1350,7): error TS1381: Unexpected token. Did you mean `{'}'}` or `&rbrace;`?
src/pages/PurchaseEntry.tsx(1354,5): error TS1381: Unexpected token. Did you mean `{'}'}` or `&rbrace;`?
src/pages/PurchaseEntry.tsx(1361,3): error TS1381: Unexpected token. Did you mean `{'}'}` or `&rbrace;`?
src/pages/PurchaseEntry.tsx(1363,6): error TS17008: JSX element 'div' has no corresponding closing tag.
src/pages/PurchaseEntry.tsx(1370,17): error TS1109: Expression expected.
src/pages/PurchaseEntry.tsx(1371,13): error TS1003: Identifier expected.
src/pages/PurchaseEntry.tsx(1372,41): error TS1005: ',' expected.
src/pages/PurchaseEntry.tsx(1375,9): error TS1381: Unexpected token. Did you mean `{'}'}` or `&rbrace;`?
src/pages/PurchaseEntry.tsx(1375,10): error TS1381: Unexpected token. Did you mean `{'}'}` or `&rbrace;`?
src/pages/PurchaseEntry.tsx(1376,7): error TS1382: Unexpected token. Did you mean `{'>'}` or `&gt;`?
src/pages/PurchaseEntry.tsx(1378,10): error TS17008: JSX element 'div' has no corresponding closing tag.
src/pages/PurchaseEntry.tsx(1381,22): error TS1109: Expression expected.
src/pages/PurchaseEntry.tsx(1383,14): error TS17008: JSX element 'div' has no corresponding closing tag.
src/pages/PurchaseEntry.tsx(1386,18): error TS17008: JSX element 'button' has no corresponding closing tag.
src/pages/PurchaseEntry.tsx(1391,19): error TS1381: Unexpected token. Did you mean `{'}'}` or `&rbrace;`?
src/pages/PurchaseEntry.tsx(1391,20): error TS1381: Unexpected token. Did you mean `{'}'}` or `&rbrace;`?
src/pages/PurchaseEntry.tsx(1398,21): error TS1005: '}' expected.
src/pages/PurchaseEntry.tsx(1401,21): error TS1005: '}' expected.
src/pages/PurchaseEntry.tsx(1402,21): error TS1003: Identifier expected.
src/pages/PurchaseEntry.tsx(1403,20): error TS1382: Unexpected token. Did you mean `{'>'}` or `&gt;`?
src/pages/PurchaseEntry.tsx(1404,20): error TS17008: JSX element 'button' has no corresponding closing tag.
src/pages/PurchaseEntry.tsx(1406,50): error TS1005: ',' expected.
src/pages/PurchaseEntry.tsx(1414,19): error TS1005: ')' expected.
src/pages/PurchaseEntry.tsx(1419,19): error TS1005: ')' expected.
src/pages/PurchaseEntry.tsx(1427,91): error TS1005: '}' expected.
src/pages/PurchaseEntry.tsx(1437,52): error TS1005: '}' expected.
src/pages/PurchaseEntry.tsx(1438,18): error TS1109: Expression expected.
src/pages/PurchaseEntry.tsx(1439,15): error TS1109: Expression expected.
src/pages/PurchaseEntry.tsx(1439,16): error TS1381: Unexpected token. Did you mean `{'}'}` or `&rbrace;`?
src/pages/PurchaseEntry.tsx(1439,19): error TS17002: Expected corresponding JSX closing tag for 'button'.
src/pages/PurchaseEntry.tsx(1456,57): error TS1005: '}' expected.
src/pages/PurchaseEntry.tsx(1458,29): error TS1005: '}' expected.
src/pages/PurchaseEntry.tsx(1460,59): error TS1005: ',' expected.
src/pages/PurchaseEntry.tsx(1474,21): error TS1003: Identifier expected.
src/pages/PurchaseEntry.tsx(1475,19): error TS1382: Unexpected token. Did you mean `{'>'}` or `&gt;`?
src/pages/PurchaseEntry.tsx(1485,31): error TS1005: ',' expected.
src/pages/PurchaseEntry.tsx(1486,29): error TS1005: ',' expected.
src/pages/PurchaseEntry.tsx(1486,30): error TS1005: ';' expected.
src/pages/PurchaseEntry.tsx(1489,29): error TS1005: '}' expected.
src/pages/PurchaseEntry.tsx(1492,31): error TS1005: '}' expected.
src/pages/PurchaseEntry.tsx(1495,29): error TS1381: Unexpected token. Did you mean `{'}'}` or `&rbrace;`?
src/pages/PurchaseEntry.tsx(1501,31): error TS1005: '}' expected.
src/pages/PurchaseEntry.tsx(1502,47): error TS1005: '}' expected.
src/pages/PurchaseEntry.tsx(1502,69): error TS1382: Unexpected token. Did you mean `{'>'}` or `&gt;`?
src/pages/PurchaseEntry.tsx(1506,35): error TS1005: '}' expected.
src/pages/PurchaseEntry.tsx(1508,37): error TS1109: Expression expected.
src/pages/PurchaseEntry.tsx(1510,75): error TS1382: Unexpected token. Did you mean `{'>'}` or `&gt;`?
src/pages/PurchaseEntry.tsx(1511,97): error TS1005: '}' expected.
src/pages/PurchaseEntry.tsx(1512,35): error TS1381: Unexpected token. Did you mean `{'}'}` or `&rbrace;`?
src/pages/PurchaseEntry.tsx(1516,37): error TS1005: '}' expected.
src/pages/PurchaseEntry.tsx(1517,35): error TS1381: Unexpected token. Did you mean `{'}'}` or `&rbrace;`?
src/pages/PurchaseEntry.tsx(1519,33): error TS1381: Unexpected token. Did you mean `{'}'}` or `&rbrace;`?
src/pages/PurchaseEntry.tsx(1521,64): error TS1382: Unexpected token. Did you mean `{'>'}` or `&gt;`?
src/pages/PurchaseEntry.tsx(1523,35): error TS1005: '}' expected.
src/pages/PurchaseEntry.tsx(1524,42): error TS1005: '}' expected.
src/pages/PurchaseEntry.tsx(1539,35): error TS1381: Unexpected token. Did you mean `{'}'}` or `&rbrace;`?
src/pages/PurchaseEntry.tsx(1540,33): error TS1381: Unexpected token. Did you mean `{'}'}` or `&rbrace;`?
src/pages/PurchaseEntry.tsx(1542,55): error TS1382: Unexpected token. Did you mean `{'>'}` or `&gt;`?
src/pages/PurchaseEntry.tsx(1544,35): error TS1005: '}' expected.
src/pages/PurchaseEntry.tsx(1545,33): error TS1381: Unexpected token. Did you mean `{'}'}` or `&rbrace;`?
src/pages/PurchaseEntry.tsx(1546,31): error TS1381: Unexpected token. Did you mean `{'}'}` or `&rbrace;`?
src/pages/PurchaseEntry.tsx(1553,33): error TS1005: ',' expected.
src/pages/PurchaseEntry.tsx(1553,34): error TS1005: '}' expected.
src/pages/PurchaseEntry.tsx(1554,31): error TS1381: Unexpected token. Did you mean `{'}'}` or `&rbrace;`?
src/pages/PurchaseEntry.tsx(1557,33): error TS1005: '}' expected.
src/pages/PurchaseEntry.tsx(1562,35): error TS1005: ',' expected.
src/pages/PurchaseEntry.tsx(1562,36): error TS1005: '}' expected.
src/pages/PurchaseEntry.tsx(1563,33): error TS1381: Unexpected token. Did you mean `{'}'}` or `&rbrace;`?
src/pages/PurchaseEntry.tsx(1566,31): error TS1381: Unexpected token. Did you mean `{'}'}` or `&rbrace;`?
src/pages/PurchaseEntry.tsx(1567,29): error TS1381: Unexpected token. Did you mean `{'}'}` or `&rbrace;`?
src/pages/PurchaseEntry.tsx(1569,31): error TS1109: Expression expected.
src/pages/PurchaseEntry.tsx(1571,33): error TS1005: '}' expected.
src/pages/PurchaseEntry.tsx(1571,89): error TS1382: Unexpected token. Did you mean `{'>'}` or `&gt;`?
src/pages/PurchaseEntry.tsx(1572,35): error TS1109: Expression expected.
src/pages/PurchaseEntry.tsx(1573,42): error TS1005: '}' expected.
src/pages/PurchaseEntry.tsx(1588,35): error TS1381: Unexpected token. Did you mean `{'}'}` or `&rbrace;`?
src/pages/PurchaseEntry.tsx(1589,33): error TS1381: Unexpected token. Did you mean `{'}'}` or `&rbrace;`?
src/pages/PurchaseEntry.tsx(1590,31): error TS1381: Unexpected token. Did you mean `{'}'}` or `&rbrace;`?
src/pages/PurchaseEntry.tsx(1591,29): error TS1381: Unexpected token. Did you mean `{'}'}` or `&rbrace;`?
src/pages/PurchaseEntry.tsx(1593,43): error TS1005: '}' expected.
src/pages/PurchaseEntry.tsx(1594,73): error TS1381: Unexpected token. Did you mean `{'}'}` or `&rbrace;`?
src/pages/PurchaseEntry.tsx(1597,27): error TS1381: Unexpected token. Did you mean `{'}'}` or `&rbrace;`?
src/pages/PurchaseEntry.tsx(1620,30): error TS1005: '}' expected.
src/pages/PurchaseEntry.tsx(1620,60): error TS1382: Unexpected token. Did you mean `{'>'}` or `&gt;`?
src/pages/PurchaseEntry.tsx(1621,43): error TS1003: Identifier expected.
src/pages/PurchaseEntry.tsx(1623,35): error TS1381: Unexpected token. Did you mean `{'}'}` or `&rbrace;`?
src/pages/PurchaseEntry.tsx(1625,33): error TS1381: Unexpected token. Did you mean `{'}'}` or `&rbrace;`?
src/pages/PurchaseEntry.tsx(1625,34): error TS1381: Unexpected token. Did you mean `{'}'}` or `&rbrace;`?
src/pages/PurchaseEntry.tsx(1627,33): error TS1381: Unexpected token. Did you mean `{'}'}` or `&rbrace;`?
src/pages/PurchaseEntry.tsx(1630,42): error TS1005: '}' expected.
src/pages/PurchaseEntry.tsx(1641,63): error TS1005: '}' expected.
src/pages/PurchaseEntry.tsx(1643,33): error TS1381: Unexpected token. Did you mean `{'}'}` or `&rbrace;`?
src/pages/PurchaseEntry.tsx(1646,60): error TS1005: '}' expected.
src/pages/PurchaseEntry.tsx(1659,33): error TS1381: Unexpected token. Did you mean `{'}'}` or `&rbrace;`?
src/pages/PurchaseEntry.tsx(1666,35): error TS1005: '}' expected.
src/pages/PurchaseEntry.tsx(1667,33): error TS1381: Unexpected token. Did you mean `{'}'}` or `&rbrace;`?
src/pages/PurchaseEntry.tsx(1669,31): error TS1381: Unexpected token. Did you mean `{'}'}` or `&rbrace;`?
src/pages/PurchaseEntry.tsx(1669,32): error TS1381: Unexpected token. Did you mean `{'}'}` or `&rbrace;`?
src/pages/PurchaseEntry.tsx(1680,31): error TS1381: Unexpected token. Did you mean `{'}'}` or `&rbrace;`?
src/pages/PurchaseEntry.tsx(1680,32): error TS1381: Unexpected token. Did you mean `{'}'}` or `&rbrace;`?
src/pages/PurchaseEntry.tsx(1682,31): error TS1381: Unexpected token. Did you mean `{'}'}` or `&rbrace;`?
src/pages/PurchaseEntry.tsx(1682,32): error TS1381: Unexpected token. Did you mean `{'}'}` or `&rbrace;`?
src/pages/PurchaseEntry.tsx(1683,30): error TS1382: Unexpected token. Did you mean `{'>'}` or `&gt;`?
src/pages/PurchaseEntry.tsx(1686,25): error TS1381: Unexpected token. Did you mean `{'}'}` or `&rbrace;`?
src/pages/PurchaseEntry.tsx(1688,27): error TS1005: '}' expected.
src/pages/PurchaseEntry.tsx(1694,34): error TS17008: JSX element 'button' has no corresponding closing tag.
src/pages/PurchaseEntry.tsx(1697,35): error TS1381: Unexpected token. Did you mean `{'}'}` or `&rbrace;`?
src/pages/PurchaseEntry.tsx(1697,36): error TS1381: Unexpected token. Did you mean `{'}'}` or `&rbrace;`?
src/pages/PurchaseEntry.tsx(1699,23): error TS1381: Unexpected token. Did you mean `{'}'}` or `&rbrace;`?
src/pages/PurchaseEntry.tsx(1700,21): error TS17002: Expected corresponding JSX closing tag for 'div'.
src/pages/PurchaseEntry.tsx(1705,20): error TS17008: JSX element 'button' has no corresponding closing tag.
src/pages/PurchaseEntry.tsx(1720,11): error TS1381: Unexpected token. Did you mean `{'}'}` or `&rbrace;`?
src/pages/PurchaseEntry.tsx(1731,11): error TS1005: ')' expected.
src/pages/PurchaseEntry.tsx(1737,11): error TS1005: ')' expected.
src/pages/PurchaseEntry.tsx(1742,11): error TS1005: ')' expected.
src/pages/PurchaseEntry.tsx(1745,9): error TS1005: ')' expected.
src/pages/PurchaseEntry.tsx(1745,24): error TS1109: Expression expected.
src/pages/PurchaseEntry.tsx(1758,36): error TS1145: '{' or JSX element expected.
src/pages/PurchaseEntry.tsx(1758,44): error TS1003: Identifier expected.
src/pages/PurchaseEntry.tsx(1760,17): error TS1381: Unexpected token. Did you mean `{'}'}` or `&rbrace;`?
src/pages/PurchaseEntry.tsx(1760,18): error TS1381: Unexpected token. Did you mean `{'}'}` or `&rbrace;`?
src/pages/PurchaseEntry.tsx(1763,17): error TS1381: Unexpected token. Did you mean `{'}'}` or `&rbrace;`?
src/pages/PurchaseEntry.tsx(1765,17): error TS17002: Expected corresponding JSX closing tag for 'div'.
src/pages/PurchaseEntry.tsx(1771,17): error TS1381: Unexpected token. Did you mean `{'}'}` or `&rbrace;`?
src/pages/PurchaseEntry.tsx(1771,18): error TS1381: Unexpected token. Did you mean `{'}'}` or `&rbrace;`?
src/pages/PurchaseEntry.tsx(1785,18): error TS1005: '}' expected.
src/pages/PurchaseEntry.tsx(1793,17): error TS1003: Identifier expected.
src/pages/PurchaseEntry.tsx(1794,16): error TS1382: Unexpected token. Did you mean `{'>'}` or `&gt;`?
src/pages/PurchaseEntry.tsx(1798,48): error TS1005: '}' expected.
src/pages/PurchaseEntry.tsx(1800,19): error TS17002: Expected corresponding JSX closing tag for 'MobileFormRow'.
src/pages/PurchaseEntry.tsx(1813,99): error TS1005: ',' expected.
src/pages/PurchaseEntry.tsx(1823,99): error TS1005: ',' expected.
src/pages/PurchaseEntry.tsx(1833,99): error TS1005: ',' expected.
src/pages/PurchaseEntry.tsx(1836,13): error TS1003: Identifier expected.
src/pages/PurchaseEntry.tsx(1847,92): error TS1005: ',' expected.
src/pages/PurchaseEntry.tsx(1850,132): error TS1005: '}' expected.
src/pages/PurchaseEntry.tsx(1850,133): error TS1005: '}' expected.
src/pages/PurchaseEntry.tsx(1850,135): error TS1381: Unexpected token. Did you mean `{'}'}` or `&rbrace;`?
src/pages/PurchaseEntry.tsx(1856,95): error TS1005: ',' expected.
src/pages/PurchaseEntry.tsx(1859,13): error TS1381: Unexpected token. Did you mean `{'}'}` or `&rbrace;`?
src/pages/PurchaseEntry.tsx(1865,73): error TS1005: ',' expected.
src/pages/PurchaseEntry.tsx(1867,19): error TS1005: '...' expected.
src/pages/PurchaseEntry.tsx(1867,24): error TS1005: '}' expected.
src/pages/PurchaseEntry.tsx(1867,43): error TS1381: Unexpected token. Did you mean `{'}'}` or `&rbrace;`?
src/pages/PurchaseEntry.tsx(1868,2): error TS1381: Unexpected token. Did you mean `{'}'}` or `&rbrace;`?
src/pages/PurchaseEntry.tsx(1869,14): error TS1382: Unexpected token. Did you mean `{'>'}` or `&gt;`?
src/pages/PurchaseEntry.tsx(1870,13): error TS17002: Expected corresponding JSX closing tag for 'MobileFormGroup'.
src/pages/PurchaseEntry.tsx(1871,11): error TS17002: Expected corresponding JSX closing tag for 'button'.
src/pages/PurchaseEntry.tsx(1874,10): error TS17008: JSX element 'MobileFormGroup' has no corresponding closing tag.
src/pages/PurchaseEntry.tsx(1876,22): error TS1136: Property assignment expected.
src/pages/PurchaseEntry.tsx(1885,98): error TS1005: ',' expected.
src/pages/PurchaseEntry.tsx(1888,22): error TS1005: '...' expected.
src/pages/PurchaseEntry.tsx(1889,13): error TS1003: Identifier expected.
src/pages/PurchaseEntry.tsx(1893,65): error TS1005: ',' expected.
src/pages/PurchaseEntry.tsx(1903,22): error TS1109: Expression expected.
src/pages/PurchaseEntry.tsx(1912,90): error TS1005: ',' expected.
src/pages/PurchaseEntry.tsx(1915,26): error TS1005: '...' expected.
src/pages/PurchaseEntry.tsx(1916,13): error TS1003: Identifier expected.
src/pages/PurchaseEntry.tsx(1922,97): error TS1005: ',' expected.
src/pages/PurchaseEntry.tsx(1925,21): error TS1005: '...' expected.
src/pages/PurchaseEntry.tsx(1926,9): error TS1003: Identifier expected.
src/pages/PurchaseEntry.tsx(1941,16): error TS1005: ')' expected.
src/pages/PurchaseEntry.tsx(1945,42): error TS1005: '}' expected.
src/pages/PurchaseEntry.tsx(1946,66): error TS1005: ',' expected.
src/pages/PurchaseEntry.tsx(1950,42): error TS1382: Unexpected token. Did you mean `{'>'}` or `&gt;`?
src/pages/PurchaseEntry.tsx(1951,27): error TS1109: Expression expected.
src/pages/PurchaseEntry.tsx(1951,50): error TS1381: Unexpected token. Did you mean `{'}'}` or `&rbrace;`?
src/pages/PurchaseEntry.tsx(1952,36): error TS1381: Unexpected token. Did you mean `{'}'}` or `&rbrace;`?
src/pages/PurchaseEntry.tsx(1953,38): error TS1382: Unexpected token. Did you mean `{'>'}` or `&gt;`?
src/pages/PurchaseEntry.tsx(1956,20): error TS1382: Unexpected token. Did you mean `{'>'}` or `&gt;`?
src/pages/PurchaseEntry.tsx(1965,47): error TS1005: '}' expected.
src/pages/PurchaseEntry.tsx(1966,31): error TS1005: ',' expected.
src/pages/PurchaseEntry.tsx(1966,40): error TS1136: Property assignment expected.
src/pages/PurchaseEntry.tsx(1966,48): error TS1005: ',' expected.
src/pages/PurchaseEntry.tsx(1966,49): error TS1382: Unexpected token. Did you mean `{'>'}` or `&gt;`?
src/pages/PurchaseEntry.tsx(1966,89): error TS1381: Unexpected token. Did you mean `{'}'}` or `&rbrace;`?
src/pages/PurchaseEntry.tsx(1968,31): error TS1381: Unexpected token. Did you mean `{'}'}` or `&rbrace;`?
src/pages/PurchaseEntry.tsx(1970,32): error TS1381: Unexpected token. Did you mean `{'}'}` or `&rbrace;`?
src/pages/PurchaseEntry.tsx(1970,35): error TS17015: Expected corresponding closing tag for JSX fragment.
src/pages/PurchaseEntry.tsx(1970,38): error TS1382: Unexpected token. Did you mean `{'>'}` or `&gt;`?
src/pages/PurchaseEntry.tsx(1971,27): error TS1381: Unexpected token. Did you mean `{'}'}` or `&rbrace;`?
src/pages/PurchaseEntry.tsx(1982,34): error TS1005: ')' expected.
src/pages/PurchaseEntry.tsx(1985,60): error TS1005: '}' expected.
src/pages/PurchaseEntry.tsx(1994,31): error TS1003: Identifier expected.
src/pages/PurchaseEntry.tsx(1995,25): error TS1005: '}' expected.
src/pages/PurchaseEntry.tsx(2002,63): error TS1005: '}' expected.
src/pages/PurchaseEntry.tsx(2012,24): error TS1381: Unexpected token. Did you mean `{'}'}` or `&rbrace;`?
src/pages/PurchaseEntry.tsx(2014,15): error TS1381: Unexpected token. Did you mean `{'}'}` or `&rbrace;`?
src/pages/PurchaseEntry.tsx(2017,48): error TS1005: '}' expected.
src/pages/PurchaseEntry.tsx(2035,13): error TS1003: Identifier expected.
src/pages/PurchaseEntry.tsx(2035,16): error TS17002: Expected corresponding JSX closing tag for 'div'.
src/pages/PurchaseEntry.tsx(2043,32): error TS1145: '{' or JSX element expected.
src/pages/PurchaseEntry.tsx(2043,40): error TS1003: Identifier expected.
src/pages/PurchaseEntry.tsx(2045,13): error TS1381: Unexpected token. Did you mean `{'}'}` or `&rbrace;`?
src/pages/PurchaseEntry.tsx(2045,14): error TS1381: Unexpected token. Did you mean `{'}'}` or `&rbrace;`?
src/pages/PurchaseEntry.tsx(2046,11): error TS1382: Unexpected token. Did you mean `{'>'}` or `&gt;`?
src/pages/PurchaseEntry.tsx(2048,13): error TS17002: Expected corresponding JSX closing tag for 'div'.
src/pages/PurchaseEntry.tsx(2050,9): error TS17002: Expected corresponding JSX closing tag for 'div'.
src/pages/PurchaseEntry.tsx(2055,2): error TS1005: '</' expected.
src/pages/PurchaseList.tsx(50,1): error TS1472: 'catch' or 'finally' expected.
src/pages/PurchaseList.tsx(117,33): error TS1005: ',' expected.
src/pages/PurchaseList.tsx(117,35): error TS1180: Property destructuring pattern expected.
src/pages/PurchaseList.tsx(117,45): error TS1005: ',' expected.
src/pages/PurchaseList.tsx(117,46): error TS1109: Expression expected.
src/pages/PurchaseList.tsx(222,3): error TS1005: ',' expected.
src/pages/PurchaseList.tsx(222,4): error TS1005: ',' expected.
src/pages/PurchaseList.tsx(240,18): error TS1005: ',' expected.
src/pages/PurchaseList.tsx(241,11): error TS1005: ',' expected.
src/pages/PurchaseList.tsx(241,25): error TS1005: ',' expected.
src/pages/PurchaseList.tsx(243,35): error TS1005: ',' expected.
src/pages/PurchaseList.tsx(243,36): error TS1128: Declaration or statement expected.
src/pages/PurchaseList.tsx(243,37): error TS1005: ';' expected.
src/pages/PurchaseList.tsx(247,86): error TS1005: ',' expected.
src/pages/PurchaseList.tsx(254,66): error TS1005: ',' expected.
src/pages/PurchaseList.tsx(254,68): error TS1005: ';' expected.
src/pages/PurchaseList.tsx(254,69): error TS1128: Declaration or statement expected.
src/pages/PurchaseList.tsx(287,78): error TS1005: ',' expected.
src/pages/PurchaseList.tsx(288,9): error TS1128: Declaration or statement expected.
src/pages/PurchaseList.tsx(288,10): error TS1128: Declaration or statement expected.
src/pages/PurchaseList.tsx(289,7): error TS1128: Declaration or statement expected.
src/pages/PurchaseList.tsx(341,9): error TS1005: ',' expected.
src/pages/PurchaseList.tsx(341,11): error TS1005: ';' expected.
src/pages/PurchaseList.tsx(347,9): error TS1005: ',' expected.
src/pages/PurchaseList.tsx(347,11): error TS1005: ';' expected.
src/pages/PurchaseList.tsx(347,12): error TS1128: Declaration or statement expected.
src/pages/PurchaseList.tsx(349,5): error TS1128: Declaration or statement expected.
src/pages/PurchaseList.tsx(349,7): error TS1005: 'try' expected.
src/pages/PurchaseList.tsx(354,7): error TS1005: ',' expected.
src/pages/PurchaseList.tsx(354,9): error TS1005: ';' expected.
src/pages/PurchaseList.tsx(354,10): error TS1128: Declaration or statement expected.
src/pages/PurchaseList.tsx(356,3): error TS1128: Declaration or statement expected.
src/pages/PurchaseList.tsx(382,9): error TS1005: ',' expected.
src/pages/PurchaseList.tsx(382,11): error TS1005: ';' expected.
src/pages/PurchaseList.tsx(415,5): error TS1005: ',' expected.
src/pages/PurchaseList.tsx(415,7): error TS1005: ';' expected.
src/pages/PurchaseList.tsx(450,5): error TS1005: ',' expected.
src/pages/PurchaseList.tsx(450,7): error TS1005: ';' expected.
src/pages/PurchaseList.tsx(450,8): error TS1128: Declaration or statement expected.
src/pages/PurchaseList.tsx(453,3): error TS1005: ',' expected.
src/pages/PurchaseList.tsx(465,7): error TS1005: ',' expected.
src/pages/PurchaseList.tsx(470,6): error TS1005: ',' expected.
src/pages/PurchaseList.tsx(471,3): error TS1128: Declaration or statement expected.
src/pages/PurchaseList.tsx(486,5): error TS1128: Declaration or statement expected.
src/pages/PurchaseList.tsx(486,6): error TS1005: ';' expected.
src/pages/PurchaseList.tsx(499,5): error TS1005: ',' expected.
src/pages/PurchaseList.tsx(499,7): error TS1005: ';' expected.
src/pages/PurchaseList.tsx(510,5): error TS1005: ',' expected.
src/pages/PurchaseList.tsx(510,7): error TS1005: ';' expected.
src/pages/PurchaseList.tsx(520,5): error TS1005: ',' expected.
src/pages/PurchaseList.tsx(520,7): error TS1005: ';' expected.
src/pages/PurchaseList.tsx(528,9): error TS1005: ',' expected.
src/pages/PurchaseList.tsx(530,7): error TS1005: ',' expected.
src/pages/PurchaseList.tsx(531,7): error TS1005: ';' expected.
src/pages/PurchaseList.tsx(541,5): error TS1005: ',' expected.
src/pages/PurchaseList.tsx(541,7): error TS1005: ';' expected.
src/pages/PurchaseList.tsx(548,5): error TS1005: ',' expected.
src/pages/PurchaseList.tsx(548,7): error TS1005: ';' expected.
src/pages/PurchaseList.tsx(611,89): error TS1135: Argument expression expected.
src/pages/PurchaseList.tsx(616,7): error TS1005: ',' expected.
src/pages/PurchaseList.tsx(616,8): error TS1005: ',' expected.
src/pages/PurchaseList.tsx(619,73): error TS1005: '}' expected.
src/pages/PurchaseList.tsx(619,74): error TS1443: Module declaration names may only use ' or " quoted strings.
src/pages/PurchaseList.tsx(631,23): error TS1434: Unexpected keyword or identifier.
src/pages/PurchaseList.tsx(631,72): error TS1443: Module declaration names may only use ' or " quoted strings.
src/pages/PurchaseList.tsx(700,13): error TS1127: Invalid character.
src/pages/PurchaseList.tsx(700,13): error TS1128: Declaration or statement expected.
src/pages/PurchaseList.tsx(700,14): error TS1434: Unexpected keyword or identifier.
src/pages/PurchaseList.tsx(700,35): error TS1005: ',' expected.
src/pages/PurchaseList.tsx(709,13): error TS1005: ';' expected.
src/pages/PurchaseList.tsx(709,35): error TS1005: ',' expected.
src/pages/PurchaseList.tsx(709,37): error TS1443: Module declaration names may only use ' or " quoted strings.
src/pages/PurchaseList.tsx(742,13): error TS1434: Unexpected keyword or identifier.
src/pages/PurchaseList.tsx(755,71): error TS1005: ']' expected.
src/pages/PurchaseList.tsx(755,83): error TS1005: ';' expected.
src/pages/PurchaseList.tsx(843,23): error TS1005: ';' expected.
src/pages/PurchaseList.tsx(844,19): error TS1109: Expression expected.
src/pages/PurchaseList.tsx(846,19): error TS1128: Declaration or statement expected.
src/pages/PurchaseList.tsx(848,62): error TS1005: ',' expected.
src/pages/PurchaseList.tsx(850,21): error TS1381: Unexpected token. Did you mean `{'}'}` or `&rbrace;`?
src/pages/PurchaseList.tsx(850,23): error TS1381: Unexpected token. Did you mean `{'}'}` or `&rbrace;`?
src/pages/PurchaseList.tsx(851,19): error TS1382: Unexpected token. Did you mean `{'>'}` or `&gt;`?
src/pages/PurchaseList.tsx(854,17): error TS1128: Declaration or statement expected.
src/pages/PurchaseList.tsx(855,15): error TS1109: Expression expected.
src/pages/PurchaseList.tsx(856,13): error TS1109: Expression expected.
src/pages/PurchaseList.tsx(856,14): error TS1128: Declaration or statement expected.
src/pages/PurchaseList.tsx(865,94): error TS1109: Expression expected.
src/pages/PurchaseList.tsx(871,25): error TS1005: '}' expected.
src/pages/PurchaseList.tsx(871,31): error TS1381: Unexpected token. Did you mean `{'}'}` or `&rbrace;`?
src/pages/PurchaseList.tsx(872,38): error TS1382: Unexpected token. Did you mean `{'>'}` or `&gt;`?
src/pages/PurchaseList.tsx(874,32): error TS1005: '}' expected.
src/pages/PurchaseList.tsx(877,21): error TS1381: Unexpected token. Did you mean `{'}'}` or `&rbrace;`?
src/pages/PurchaseList.tsx(877,22): error TS1381: Unexpected token. Did you mean `{'}'}` or `&rbrace;`?
src/pages/PurchaseList.tsx(879,21): error TS1381: Unexpected token. Did you mean `{'}'}` or `&rbrace;`?
src/pages/PurchaseList.tsx(879,22): error TS1381: Unexpected token. Did you mean `{'}'}` or `&rbrace;`?
src/pages/PurchaseList.tsx(881,21): error TS1381: Unexpected token. Did you mean `{'}'}` or `&rbrace;`?
src/pages/PurchaseList.tsx(881,22): error TS1381: Unexpected token. Did you mean `{'}'}` or `&rbrace;`?
src/pages/PurchaseList.tsx(886,27): error TS1005: '}' expected.
src/pages/PurchaseList.tsx(886,33): error TS1381: Unexpected token. Did you mean `{'}'}` or `&rbrace;`?
src/pages/PurchaseList.tsx(887,40): error TS1382: Unexpected token. Did you mean `{'>'}` or `&gt;`?
src/pages/PurchaseList.tsx(889,34): error TS1005: '}' expected.
src/pages/PurchaseList.tsx(892,23): error TS1381: Unexpected token. Did you mean `{'}'}` or `&rbrace;`?
src/pages/PurchaseList.tsx(892,24): error TS1381: Unexpected token. Did you mean `{'}'}` or `&rbrace;`?
src/pages/PurchaseList.tsx(894,20): error TS1381: Unexpected token. Did you mean `{'}'}` or `&rbrace;`?
src/pages/PurchaseList.tsx(896,13): error TS1005: ')' expected.
src/pages/PurchaseList.tsx(896,14): error TS1128: Declaration or statement expected.
src/pages/PurchaseList.tsx(900,15): error TS2657: JSX expressions must have one parent element.
src/pages/PurchaseList.tsx(911,27): error TS1005: '}' expected.
src/pages/PurchaseList.tsx(911,75): error TS1005: '}' expected.
src/pages/PurchaseList.tsx(911,91): error TS1381: Unexpected token. Did you mean `{'}'}` or `&rbrace;`?
src/pages/PurchaseList.tsx(911,92): error TS1381: Unexpected token. Did you mean `{'}'}` or `&rbrace;`?
src/pages/PurchaseList.tsx(912,40): error TS1382: Unexpected token. Did you mean `{'>'}` or `&gt;`?
src/pages/PurchaseList.tsx(914,34): error TS1005: '}' expected.
src/pages/PurchaseList.tsx(918,40): error TS1382: Unexpected token. Did you mean `{'>'}` or `&gt;`?
src/pages/PurchaseList.tsx(918,76): error TS1381: Unexpected token. Did you mean `{'}'}` or `&rbrace;`?
src/pages/PurchaseList.tsx(918,77): error TS1381: Unexpected token. Did you mean `{'}'}` or `&rbrace;`?
src/pages/PurchaseList.tsx(925,81): error TS1005: '}' expected.
src/pages/PurchaseList.tsx(925,86): error TS1381: Unexpected token. Did you mean `{'}'}` or `&rbrace;`?
src/pages/PurchaseList.tsx(926,42): error TS1382: Unexpected token. Did you mean `{'>'}` or `&gt;`?
src/pages/PurchaseList.tsx(928,36): error TS1005: '}' expected.
src/pages/PurchaseList.tsx(932,42): error TS1382: Unexpected token. Did you mean `{'>'}` or `&gt;`?
src/pages/PurchaseList.tsx(932,78): error TS1381: Unexpected token. Did you mean `{'}'}` or `&rbrace;`?
src/pages/PurchaseList.tsx(932,79): error TS1381: Unexpected token. Did you mean `{'}'}` or `&rbrace;`?
src/pages/PurchaseList.tsx(934,22): error TS1381: Unexpected token. Did you mean `{'}'}` or `&rbrace;`?
src/pages/PurchaseList.tsx(934,25): error TS17002: Expected corresponding JSX closing tag for 'button'.
src/pages/PurchaseList.tsx(935,17): error TS1005: ')' expected.
src/pages/PurchaseList.tsx(945,46): error TS1005: '}' expected.
src/pages/PurchaseList.tsx(945,48): error TS1005: ',' expected.
src/pages/PurchaseList.tsx(947,40): error TS1003: Identifier expected.
src/pages/PurchaseList.tsx(947,41): error TS1005: '}' expected.
src/pages/PurchaseList.tsx(948,85): error TS1005: ',' expected.
src/pages/PurchaseList.tsx(950,81): error TS1005: '}' expected.
src/pages/PurchaseList.tsx(950,97): error TS1381: Unexpected token. Did you mean `{'}'}` or `&rbrace;`?
src/pages/PurchaseList.tsx(951,42): error TS1382: Unexpected token. Did you mean `{'>'}` or `&gt;`?
src/pages/PurchaseList.tsx(953,36): error TS1005: '}' expected.
src/pages/PurchaseList.tsx(957,42): error TS1382: Unexpected token. Did you mean `{'>'}` or `&gt;`?
src/pages/PurchaseList.tsx(958,25): error TS1381: Unexpected token. Did you mean `{'}'}` or `&rbrace;`?
src/pages/PurchaseList.tsx(958,26): error TS1381: Unexpected token. Did you mean `{'}'}` or `&rbrace;`?
src/pages/PurchaseList.tsx(960,21): error TS1381: Unexpected token. Did you mean `{'}'}` or `&rbrace;`?
src/pages/PurchaseList.tsx(962,13): error TS1381: Unexpected token. Did you mean `{'}'}` or `&rbrace;`?
src/pages/PurchaseList.tsx(972,80): error TS1005: '}' expected.
src/pages/PurchaseList.tsx(972,85): error TS1381: Unexpected token. Did you mean `{'}'}` or `&rbrace;`?
src/pages/PurchaseList.tsx(973,40): error TS1382: Unexpected token. Did you mean `{'>'}` or `&gt;`?
src/pages/PurchaseList.tsx(975,34): error TS1005: '}' expected.
src/pages/PurchaseList.tsx(979,40): error TS1382: Unexpected token. Did you mean `{'>'}` or `&gt;`?
src/pages/PurchaseList.tsx(980,23): error TS1381: Unexpected token. Did you mean `{'}'}` or `&rbrace;`?
src/pages/PurchaseList.tsx(980,24): error TS1381: Unexpected token. Did you mean `{'}'}` or `&rbrace;`?
src/pages/PurchaseList.tsx(982,20): error TS1381: Unexpected token. Did you mean `{'}'}` or `&rbrace;`?
src/pages/PurchaseList.tsx(982,23): error TS17002: Expected corresponding JSX closing tag for 'button'.
src/pages/PurchaseList.tsx(984,17): error TS1005: ')' expected.
src/pages/PurchaseList.tsx(991,19): error TS1003: Identifier expected.
src/pages/PurchaseList.tsx(991,20): error TS1381: Unexpected token. Did you mean `{'}'}` or `&rbrace;`?
src/pages/PurchaseList.tsx(992,18): error TS1382: Unexpected token. Did you mean `{'>'}` or `&gt;`?
src/pages/PurchaseList.tsx(997,41): error TS1005: '}' expected.
src/pages/PurchaseList.tsx(997,43): error TS1005: ',' expected.
src/pages/PurchaseList.tsx(999,40): error TS1003: Identifier expected.
src/pages/PurchaseList.tsx(999,41): error TS1005: '}' expected.
src/pages/PurchaseList.tsx(1000,81): error TS1005: ',' expected.
src/pages/PurchaseList.tsx(1002,82): error TS1005: '}' expected.
src/pages/PurchaseList.tsx(1002,98): error TS1381: Unexpected token. Did you mean `{'}'}` or `&rbrace;`?
src/pages/PurchaseList.tsx(1003,42): error TS1382: Unexpected token. Did you mean `{'>'}` or `&gt;`?
src/pages/PurchaseList.tsx(1005,36): error TS1005: '}' expected.
src/pages/PurchaseList.tsx(1009,42): error TS1382: Unexpected token. Did you mean `{'>'}` or `&gt;`?
src/pages/PurchaseList.tsx(1010,25): error TS1381: Unexpected token. Did you mean `{'}'}` or `&rbrace;`?
src/pages/PurchaseList.tsx(1010,26): error TS1381: Unexpected token. Did you mean `{'}'}` or `&rbrace;`?
src/pages/PurchaseList.tsx(1012,21): error TS1381: Unexpected token. Did you mean `{'}'}` or `&rbrace;`?
src/pages/PurchaseList.tsx(1014,13): error TS1381: Unexpected token. Did you mean `{'}'}` or `&rbrace;`?
src/pages/PurchaseList.tsx(1029,27): error TS1005: '}' expected.
src/pages/PurchaseList.tsx(1029,82): error TS1005: '}' expected.
src/pages/PurchaseList.tsx(1029,94): error TS1381: Unexpected token. Did you mean `{'}'}` or `&rbrace;`?
src/pages/PurchaseList.tsx(1029,95): error TS1381: Unexpected token. Did you mean `{'}'}` or `&rbrace;`?
src/pages/PurchaseList.tsx(1030,40): error TS1382: Unexpected token. Did you mean `{'>'}` or `&gt;`?
src/pages/PurchaseList.tsx(1032,34): error TS1005: '}' expected.
src/pages/PurchaseList.tsx(1036,40): error TS1382: Unexpected token. Did you mean `{'>'}` or `&gt;`?
src/pages/PurchaseList.tsx(1036,76): error TS1381: Unexpected token. Did you mean `{'}'}` or `&rbrace;`?
src/pages/PurchaseList.tsx(1036,77): error TS1381: Unexpected token. Did you mean `{'}'}` or `&rbrace;`?
src/pages/PurchaseList.tsx(1043,88): error TS1005: '}' expected.
src/pages/PurchaseList.tsx(1043,145): error TS1381: Unexpected token. Did you mean `{'}'}` or `&rbrace;`?
src/pages/PurchaseList.tsx(1044,42): error TS1382: Unexpected token. Did you mean `{'>'}` or `&gt;`?
src/pages/PurchaseList.tsx(1046,36): error TS1005: '}' expected.
src/pages/PurchaseList.tsx(1048,65): error TS1381: Unexpected token. Did you mean `{'}'}` or `&rbrace;`?
src/pages/PurchaseList.tsx(1048,66): error TS1381: Unexpected token. Did you mean `{'}'}` or `&rbrace;`?
src/pages/PurchaseList.tsx(1050,22): error TS1381: Unexpected token. Did you mean `{'}'}` or `&rbrace;`?
src/pages/PurchaseList.tsx(1050,25): error TS17002: Expected corresponding JSX closing tag for 'button'.
src/pages/PurchaseList.tsx(1051,17): error TS1005: ')' expected.
src/pages/PurchaseList.tsx(1059,43): error TS1005: '}' expected.
src/pages/PurchaseList.tsx(1059,45): error TS1005: ',' expected.
src/pages/PurchaseList.tsx(1061,40): error TS1003: Identifier expected.
src/pages/PurchaseList.tsx(1061,41): error TS1005: '}' expected.
src/pages/PurchaseList.tsx(1063,25): error TS1005: '}' expected.
src/pages/PurchaseList.tsx(1069,42): error TS1382: Unexpected token. Did you mean `{'>'}` or `&gt;`?
src/pages/PurchaseList.tsx(1071,36): error TS1005: '}' expected.
src/pages/PurchaseList.tsx(1075,42): error TS1382: Unexpected token. Did you mean `{'>'}` or `&gt;`?
src/pages/PurchaseList.tsx(1075,78): error TS1381: Unexpected token. Did you mean `{'}'}` or `&rbrace;`?
src/pages/PurchaseList.tsx(1075,79): error TS1381: Unexpected token. Did you mean `{'}'}` or `&rbrace;`?
src/pages/PurchaseList.tsx(1077,21): error TS1381: Unexpected token. Did you mean `{'}'}` or `&rbrace;`?
src/pages/PurchaseList.tsx(1079,13): error TS1381: Unexpected token. Did you mean `{'}'}` or `&rbrace;`?
src/pages/PurchaseList.tsx(1083,15): error TS2657: JSX expressions must have one parent element.
src/pages/PurchaseList.tsx(1087,21): error TS2657: JSX expressions must have one parent element.
src/pages/PurchaseList.tsx(1089,75): error TS1005: '}' expected.
src/pages/PurchaseList.tsx(1089,98): error TS1381: Unexpected token. Did you mean `{'}'}` or `&rbrace;`?
src/pages/PurchaseList.tsx(1090,38): error TS1382: Unexpected token. Did you mean `{'>'}` or `&gt;`?
src/pages/PurchaseList.tsx(1092,32): error TS1005: '}' expected.
src/pages/PurchaseList.tsx(1096,21): error TS1381: Unexpected token. Did you mean `{'}'}` or `&rbrace;`?
src/pages/PurchaseList.tsx(1096,22): error TS1381: Unexpected token. Did you mean `{'}'}` or `&rbrace;`?
src/pages/PurchaseList.tsx(1098,20): error TS1381: Unexpected token. Did you mean `{'}'}` or `&rbrace;`?
src/pages/PurchaseList.tsx(1098,23): error TS17002: Expected corresponding JSX closing tag for 'button'.
src/pages/PurchaseList.tsx(1105,45): error TS1109: Expression expected.
src/pages/PurchaseList.tsx(1105,92): error TS1381: Unexpected token. Did you mean `{'}'}` or `&rbrace;`?
src/pages/PurchaseList.tsx(1106,38): error TS1382: Unexpected token. Did you mean `{'>'}` or `&gt;`?
src/pages/PurchaseList.tsx(1108,32): error TS1005: '}' expected.
src/pages/PurchaseList.tsx(1111,21): error TS1381: Unexpected token. Did you mean `{'}'}` or `&rbrace;`?
src/pages/PurchaseList.tsx(1111,22): error TS1381: Unexpected token. Did you mean `{'}'}` or `&rbrace;`?
src/pages/PurchaseList.tsx(1117,75): error TS1005: '}' expected.
src/pages/PurchaseList.tsx(1117,92): error TS1381: Unexpected token. Did you mean `{'}'}` or `&rbrace;`?
src/pages/PurchaseList.tsx(1118,38): error TS1382: Unexpected token. Did you mean `{'>'}` or `&gt;`?
src/pages/PurchaseList.tsx(1120,32): error TS1005: '}' expected.
src/pages/PurchaseList.tsx(1123,21): error TS1381: Unexpected token. Did you mean `{'}'}` or `&rbrace;`?
src/pages/PurchaseList.tsx(1123,22): error TS1381: Unexpected token. Did you mean `{'}'}` or `&rbrace;`?
src/pages/PurchaseList.tsx(1125,13): error TS1381: Unexpected token. Did you mean `{'}'}` or `&rbrace;`?
src/pages/PurchaseList.tsx(1129,15): error TS2657: JSX expressions must have one parent element.
src/pages/PurchaseList.tsx(1139,21): error TS1003: Identifier expected.
src/pages/PurchaseList.tsx(1139,22): error TS1381: Unexpected token. Did you mean `{'}'}` or `&rbrace;`?
src/pages/PurchaseList.tsx(1145,21): error TS1381: Unexpected token. Did you mean `{'}'}` or `&rbrace;`?
src/pages/PurchaseList.tsx(1145,22): error TS1381: Unexpected token. Did you mean `{'}'}` or `&rbrace;`?
src/pages/PurchaseList.tsx(1148,38): error TS1382: Unexpected token. Did you mean `{'>'}` or `&gt;`?
src/pages/PurchaseList.tsx(1150,32): error TS1005: '}' expected.
src/pages/PurchaseList.tsx(1154,21): error TS1381: Unexpected token. Did you mean `{'}'}` or `&rbrace;`?
src/pages/PurchaseList.tsx(1154,22): error TS1381: Unexpected token. Did you mean `{'}'}` or `&rbrace;`?
src/pages/PurchaseList.tsx(1156,80): error TS1005: '}' expected.
src/pages/PurchaseList.tsx(1156,108): error TS1381: Unexpected token. Did you mean `{'}'}` or `&rbrace;`?
src/pages/PurchaseList.tsx(1157,38): error TS1382: Unexpected token. Did you mean `{'>'}` or `&gt;`?
src/pages/PurchaseList.tsx(1159,32): error TS1005: '}' expected.
src/pages/PurchaseList.tsx(1163,21): error TS1381: Unexpected token. Did you mean `{'}'}` or `&rbrace;`?
src/pages/PurchaseList.tsx(1163,22): error TS1381: Unexpected token. Did you mean `{'}'}` or `&rbrace;`?
src/pages/PurchaseList.tsx(1165,13): error TS1381: Unexpected token. Did you mean `{'}'}` or `&rbrace;`?
src/pages/PurchaseList.tsx(1169,15): error TS2657: JSX expressions must have one parent element.
src/pages/PurchaseList.tsx(1179,21): error TS1003: Identifier expected.
src/pages/PurchaseList.tsx(1179,22): error TS1381: Unexpected token. Did you mean `{'}'}` or `&rbrace;`?
src/pages/PurchaseList.tsx(1185,21): error TS1381: Unexpected token. Did you mean `{'}'}` or `&rbrace;`?
src/pages/PurchaseList.tsx(1185,22): error TS1381: Unexpected token. Did you mean `{'}'}` or `&rbrace;`?
src/pages/PurchaseList.tsx(1188,38): error TS1382: Unexpected token. Did you mean `{'>'}` or `&gt;`?
src/pages/PurchaseList.tsx(1190,32): error TS1005: '}' expected.
src/pages/PurchaseList.tsx(1194,21): error TS1381: Unexpected token. Did you mean `{'}'}` or `&rbrace;`?
src/pages/PurchaseList.tsx(1194,22): error TS1381: Unexpected token. Did you mean `{'}'}` or `&rbrace;`?
src/pages/PurchaseList.tsx(1196,81): error TS1005: '}' expected.
src/pages/PurchaseList.tsx(1196,110): error TS1381: Unexpected token. Did you mean `{'}'}` or `&rbrace;`?
src/pages/PurchaseList.tsx(1197,38): error TS1382: Unexpected token. Did you mean `{'>'}` or `&gt;`?
src/pages/PurchaseList.tsx(1199,32): error TS1005: '}' expected.
src/pages/PurchaseList.tsx(1203,21): error TS1381: Unexpected token. Did you mean `{'}'}` or `&rbrace;`?
src/pages/PurchaseList.tsx(1203,22): error TS1381: Unexpected token. Did you mean `{'}'}` or `&rbrace;`?
src/pages/PurchaseList.tsx(1205,13): error TS1381: Unexpected token. Did you mean `{'}'}` or `&rbrace;`?
src/pages/PurchaseList.tsx(1209,15): error TS2657: JSX expressions must have one parent element.
src/pages/PurchaseList.tsx(1219,21): error TS1003: Identifier expected.
src/pages/PurchaseList.tsx(1219,22): error TS1381: Unexpected token. Did you mean `{'}'}` or `&rbrace;`?
src/pages/PurchaseList.tsx(1225,21): error TS1381: Unexpected token. Did you mean `{'}'}` or `&rbrace;`?
src/pages/PurchaseList.tsx(1225,22): error TS1381: Unexpected token. Did you mean `{'}'}` or `&rbrace;`?
src/pages/PurchaseList.tsx(1228,38): error TS1382: Unexpected token. Did you mean `{'>'}` or `&gt;`?
src/pages/PurchaseList.tsx(1230,32): error TS1005: '}' expected.
src/pages/PurchaseList.tsx(1234,21): error TS1381: Unexpected token. Did you mean `{'}'}` or `&rbrace;`?
src/pages/PurchaseList.tsx(1234,22): error TS1381: Unexpected token. Did you mean `{'}'}` or `&rbrace;`?
src/pages/PurchaseList.tsx(1236,78): error TS1005: '}' expected.
src/pages/PurchaseList.tsx(1236,104): error TS1381: Unexpected token. Did you mean `{'}'}` or `&rbrace;`?
src/pages/PurchaseList.tsx(1237,38): error TS1382: Unexpected token. Did you mean `{'>'}` or `&gt;`?
src/pages/PurchaseList.tsx(1239,32): error TS1005: '}' expected.
src/pages/PurchaseList.tsx(1243,21): error TS1381: Unexpected token. Did you mean `{'}'}` or `&rbrace;`?
src/pages/PurchaseList.tsx(1243,22): error TS1381: Unexpected token. Did you mean `{'}'}` or `&rbrace;`?
src/pages/PurchaseList.tsx(1245,13): error TS1381: Unexpected token. Did you mean `{'}'}` or `&rbrace;`?
src/pages/PurchaseList.tsx(1253,21): error TS2657: JSX expressions must have one parent element.
src/pages/PurchaseList.tsx(1255,75): error TS1005: '}' expected.
src/pages/PurchaseList.tsx(1255,94): error TS1381: Unexpected token. Did you mean `{'}'}` or `&rbrace;`?
src/pages/PurchaseList.tsx(1256,40): error TS1382: Unexpected token. Did you mean `{'>'}` or `&gt;`?
src/pages/PurchaseList.tsx(1258,34): error TS1005: '}' expected.
src/pages/PurchaseList.tsx(1262,23): error TS1381: Unexpected token. Did you mean `{'}'}` or `&rbrace;`?
src/pages/PurchaseList.tsx(1262,24): error TS1381: Unexpected token. Did you mean `{'}'}` or `&rbrace;`?
src/pages/PurchaseList.tsx(1264,20): error TS1381: Unexpected token. Did you mean `{'}'}` or `&rbrace;`?
src/pages/PurchaseList.tsx(1264,23): error TS17002: Expected corresponding JSX closing tag for 'button'.
src/pages/PurchaseList.tsx(1271,21): error TS1003: Identifier expected.
src/pages/PurchaseList.tsx(1271,22): error TS1381: Unexpected token. Did you mean `{'}'}` or `&rbrace;`?
src/pages/PurchaseList.tsx(1277,21): error TS1381: Unexpected token. Did you mean `{'}'}` or `&rbrace;`?
src/pages/PurchaseList.tsx(1277,22): error TS1381: Unexpected token. Did you mean `{'}'}` or `&rbrace;`?
src/pages/PurchaseList.tsx(1279,23): error TS1381: Unexpected token. Did you mean `{'}'}` or `&rbrace;`?
src/pages/PurchaseList.tsx(1279,24): error TS1381: Unexpected token. Did you mean `{'}'}` or `&rbrace;`?
src/pages/PurchaseList.tsx(1281,75): error TS1005: '}' expected.
src/pages/PurchaseList.tsx(1281,94): error TS1381: Unexpected token. Did you mean `{'}'}` or `&rbrace;`?
src/pages/PurchaseList.tsx(1282,40): error TS1382: Unexpected token. Did you mean `{'>'}` or `&gt;`?
src/pages/PurchaseList.tsx(1284,34): error TS1005: '}' expected.
src/pages/PurchaseList.tsx(1288,23): error TS1381: Unexpected token. Did you mean `{'}'}` or `&rbrace;`?
src/pages/PurchaseList.tsx(1288,24): error TS1381: Unexpected token. Did you mean `{'}'}` or `&rbrace;`?
src/pages/PurchaseList.tsx(1290,14): error TS1381: Unexpected token. Did you mean `{'}'}` or `&rbrace;`?
src/pages/PurchaseList.tsx(1291,11): error TS1005: ')' expected.
src/pages/PurchaseList.tsx(1291,13): error TS17002: Expected corresponding JSX closing tag for 'div'.
src/pages/PurchaseList.tsx(1292,10): error TS1381: Unexpected token. Did you mean `{'}'}` or `&rbrace;`?
src/pages/PurchaseList.tsx(1296,36): error TS1382: Unexpected token. Did you mean `{'>'}` or `&gt;`?
src/pages/PurchaseList.tsx(1300,11): error TS2657: JSX expressions must have one parent element.
src/pages/PurchaseList.tsx(1305,64): error TS1005: ',' expected.
src/pages/PurchaseList.tsx(1307,15): error TS1005: '}' expected.
src/pages/PurchaseList.tsx(1307,17): error TS17002: Expected corresponding JSX closing tag for 'tr'.
src/pages/PurchaseList.tsx(1311,64): error TS1005: ',' expected.
src/pages/PurchaseList.tsx(1313,15): error TS1005: '}' expected.
src/pages/PurchaseList.tsx(1313,17): error TS17002: Expected corresponding JSX closing tag for 'thead'.
src/pages/PurchaseList.tsx(1317,64): error TS1005: ',' expected.
src/pages/PurchaseList.tsx(1319,15): error TS1005: '}' expected.
src/pages/PurchaseList.tsx(1319,17): error TS17002: Expected corresponding JSX closing tag for 'div'.
src/pages/PurchaseList.tsx(1323,62): error TS1005: ',' expected.
src/pages/PurchaseList.tsx(1325,15): error TS1005: '}' expected.
src/pages/PurchaseList.tsx(1325,17): error TS17002: Expected corresponding JSX closing tag for 'div'.
src/pages/PurchaseList.tsx(1329,56): error TS1005: ',' expected.
src/pages/PurchaseList.tsx(1331,15): error TS1005: ')' expected.
src/pages/PurchaseList.tsx(1331,15): error TS1005: '}' expected.
src/pages/PurchaseList.tsx(1331,17): error TS17002: Expected corresponding JSX closing tag for 'div'.
src/pages/PurchaseList.tsx(1335,57): error TS1005: ',' expected.
src/pages/PurchaseList.tsx(1337,15): error TS1005: '}' expected.
src/pages/PurchaseList.tsx(1337,17): error TS17002: Expected corresponding JSX closing tag for 'div'.
src/pages/PurchaseList.tsx(1341,88): error TS1005: ',' expected.
src/pages/PurchaseList.tsx(1343,15): error TS1005: ')' expected.
src/pages/PurchaseList.tsx(1343,15): error TS1005: '}' expected.
src/pages/PurchaseList.tsx(1343,17): error TS17002: Expected corresponding JSX closing tag for 'div'.
src/pages/PurchaseList.tsx(1347,60): error TS1005: ',' expected.
src/pages/PurchaseList.tsx(1349,15): error TS1005: '}' expected.
src/pages/PurchaseList.tsx(1349,17): error TS17002: Expected corresponding JSX closing tag for 'div'.
src/pages/PurchaseList.tsx(1350,134): error TS1005: '}' expected.
src/pages/PurchaseList.tsx(1352,15): error TS1005: '}' expected.
src/pages/PurchaseList.tsx(1352,17): error TS17002: Expected corresponding JSX closing tag for 'div'.
src/pages/PurchaseList.tsx(1356,83): error TS1005: ',' expected.
src/pages/PurchaseList.tsx(1358,15): error TS1005: ')' expected.
src/pages/PurchaseList.tsx(1358,15): error TS1005: '}' expected.
src/pages/PurchaseList.tsx(1358,17): error TS17002: Expected corresponding JSX closing tag for 'div'.
src/pages/PurchaseList.tsx(1362,64): error TS1005: ',' expected.
src/pages/PurchaseList.tsx(1364,15): error TS1005: '}' expected.
src/pages/PurchaseList.tsx(1364,17): error TS17002: Expected corresponding JSX closing tag for 'div'.
src/pages/PurchaseList.tsx(1365,135): error TS1005: '}' expected.
src/pages/PurchaseList.tsx(1367,15): error TS1005: '}' expected.
src/pages/PurchaseList.tsx(1367,17): error TS17002: Expected corresponding JSX closing tag for 'div'.
src/pages/PurchaseList.tsx(1368,13): error TS1005: ')' expected.
src/pages/PurchaseList.tsx(1368,15): error TS17002: Expected corresponding JSX closing tag for 'div'.
src/pages/PurchaseList.tsx(1369,11): error TS1005: ')' expected.
src/pages/PurchaseList.tsx(1369,13): error TS17002: Expected corresponding JSX closing tag for 'div'.
src/pages/PurchaseList.tsx(1373,17): error TS2657: JSX expressions must have one parent element.
src/pages/PurchaseList.tsx(1375,31): error TS1005: ',' expected.
src/pages/PurchaseList.tsx(1376,20): error TS1005: '}' expected.
src/pages/PurchaseList.tsx(1376,22): error TS17002: Expected corresponding JSX closing tag for 'tr'.
src/pages/PurchaseList.tsx(1377,89): error TS1005: '}' expected.
src/pages/PurchaseList.tsx(1381,72): error TS1003: Identifier expected.
src/pages/PurchaseList.tsx(1387,28): error TS1381: Unexpected token. Did you mean `{'}'}` or `&rbrace;`?
src/pages/PurchaseList.tsx(1387,29): error TS1381: Unexpected token. Did you mean `{'}'}` or `&rbrace;`?
src/pages/PurchaseList.tsx(1388,27): error TS1382: Unexpected token. Did you mean `{'>'}` or `&gt;`?
src/pages/PurchaseList.tsx(1389,25): error TS1381: Unexpected token. Did you mean `{'}'}` or `&rbrace;`?
src/pages/PurchaseList.tsx(1392,20): error TS1128: Declaration or statement expected.
src/pages/PurchaseList.tsx(1392,22): error TS17002: Expected corresponding JSX closing tag for 'tbody'.
src/pages/PurchaseList.tsx(1394,51): error TS1005: ',' expected.
src/pages/PurchaseList.tsx(1395,20): error TS1005: '}' expected.
src/pages/PurchaseList.tsx(1397,52): error TS1005: ',' expected.
src/pages/PurchaseList.tsx(1398,20): error TS1005: '}' expected.
src/pages/PurchaseList.tsx(1400,46): error TS1005: ',' expected.
src/pages/PurchaseList.tsx(1401,20): error TS1005: '}' expected.
src/pages/PurchaseList.tsx(1403,47): error TS1005: ',' expected.
src/pages/PurchaseList.tsx(1404,20): error TS1005: '}' expected.
src/pages/PurchaseList.tsx(1406,53): error TS1005: ',' expected.
src/pages/PurchaseList.tsx(1406,74): error TS1005: ':' expected.
src/pages/PurchaseList.tsx(1407,19): error TS1005: '}' expected.
src/pages/PurchaseList.tsx(1409,53): error TS1005: ',' expected.
src/pages/PurchaseList.tsx(1410,19): error TS1005: '}' expected.
src/pages/PurchaseList.tsx(1412,26): error TS1005: ',' expected.
src/pages/PurchaseList.tsx(1412,33): error TS1005: ',' expected.
src/pages/PurchaseList.tsx(1412,85): error TS1005: ',' expected.
src/pages/PurchaseList.tsx(1413,19): error TS1003: Identifier expected.
src/pages/PurchaseList.tsx(1415,104): error TS1005: ')' expected.
src/pages/PurchaseList.tsx(1416,19): error TS1005: '}' expected.
src/pages/PurchaseList.tsx(1418,42): error TS1005: ',' expected.
src/pages/PurchaseList.tsx(1419,19): error TS1005: '}' expected.
src/pages/PurchaseList.tsx(1420,108): error TS1005: '}' expected.
src/pages/PurchaseList.tsx(1420,109): error TS1382: Unexpected token. Did you mean `{'>'}` or `&gt;`?
src/pages/PurchaseList.tsx(1424,25): error TS1005: '}' expected.
src/pages/PurchaseList.tsx(1427,27): error TS1005: '}' expected.
src/pages/PurchaseList.tsx(1429,15): error TS1381: Unexpected token. Did you mean `{'}'}` or `&rbrace;`?
src/pages/PurchaseList.tsx(1429,19): error TS17002: Expected corresponding JSX closing tag for 'button'.
src/pages/PurchaseList.tsx(1430,11): error TS17002: Expected corresponding JSX closing tag for 'div'.
src/pages/PurchaseList.tsx(1431,9): error TS17002: Expected corresponding JSX closing tag for 'td'.
src/pages/PurchaseList.tsx(1432,5): error TS1005: ')' expected.
src/pages/PurchaseList.tsx(1433,3): error TS1109: Expression expected.
src/pages/PurchaseList.tsx(1437,6): error TS17008: JSX element 'div' has no corresponding closing tag.
src/pages/PurchaseList.tsx(1440,32): error TS1005: '}' expected.
src/pages/PurchaseList.tsx(1440,34): error TS1005: ';' expected.
src/pages/PurchaseList.tsx(1445,66): error TS1003: Identifier expected.
src/pages/PurchaseList.tsx(1451,22): error TS1381: Unexpected token. Did you mean `{'}'}` or `&rbrace;`?
src/pages/PurchaseList.tsx(1451,23): error TS1381: Unexpected token. Did you mean `{'}'}` or `&rbrace;`?
src/pages/PurchaseList.tsx(1452,21): error TS1382: Unexpected token. Did you mean `{'>'}` or `&gt;`?
src/pages/PurchaseList.tsx(1453,19): error TS1381: Unexpected token. Did you mean `{'}'}` or `&rbrace;`?
src/pages/PurchaseList.tsx(1460,18): error TS17008: JSX element 'button' has no corresponding closing tag.
src/pages/PurchaseList.tsx(1462,19): error TS1005: '}' expected.
src/pages/PurchaseList.tsx(1465,21): error TS1005: '}' expected.
src/pages/PurchaseList.tsx(1467,14): error TS1381: Unexpected token. Did you mean `{'}'}` or `&rbrace;`?
src/pages/PurchaseList.tsx(1472,109): error TS1005: ',' expected.
src/pages/PurchaseList.tsx(1476,120): error TS1005: ',' expected.
src/pages/PurchaseList.tsx(1480,100): error TS1005: ',' expected.
src/pages/PurchaseList.tsx(1485,78): error TS1005: ')' expected.
src/pages/PurchaseList.tsx(1493,3): error TS1128: Declaration or statement expected.
src/pages/PurchaseList.tsx(1497,3): error TS1005: '}' expected.
src/pages/PurchaseList.tsx(1497,51): error TS1382: Unexpected token. Did you mean `{'>'}` or `&gt;`?
src/pages/PurchaseList.tsx(1505,5): error TS1005: ',' expected.
src/pages/PurchaseList.tsx(1505,7): error TS1005: '}' expected.
src/pages/PurchaseList.tsx(1507,20): error TS1382: Unexpected token. Did you mean `{'>'}` or `&gt;`?
src/pages/PurchaseList.tsx(1512,7): error TS1005: ',' expected.
src/pages/PurchaseList.tsx(1512,8): error TS1005: '}' expected.
src/pages/PurchaseList.tsx(1513,5): error TS1381: Unexpected token. Did you mean `{'}'}` or `&rbrace;`?
src/pages/PurchaseList.tsx(1514,3): error TS1381: Unexpected token. Did you mean `{'}'}` or `&rbrace;`?
src/pages/PurchaseList.tsx(1515,33): error TS1382: Unexpected token. Did you mean `{'>'}` or `&gt;`?
src/pages/PurchaseList.tsx(1517,5): error TS1109: Expression expected.
src/pages/PurchaseList.tsx(1520,8): error TS17008: JSX element 'div' has no corresponding closing tag.
src/pages/PurchaseList.tsx(1521,10): error TS17008: JSX element 'div' has no corresponding closing tag.
src/pages/PurchaseList.tsx(1523,12): error TS17008: JSX element 'div' has no corresponding closing tag.
src/pages/PurchaseList.tsx(1527,14): error TS17008: JSX element 'div' has no corresponding closing tag.
src/pages/PurchaseList.tsx(1530,50): error TS1005: '}' expected.
src/pages/PurchaseList.tsx(1531,76): error TS1005: ',' expected.
src/pages/PurchaseList.tsx(1535,13): error TS2657: JSX expressions must have one parent element.
src/pages/PurchaseList.tsx(1536,16): error TS17008: JSX element 'button' has no corresponding closing tag.
src/pages/PurchaseList.tsx(1537,84): error TS1005: ',' expected.
src/pages/PurchaseList.tsx(1538,61): error TS1005: '}' expected.
src/pages/PurchaseList.tsx(1540,84): error TS1005: ',' expected.
src/pages/PurchaseList.tsx(1541,88): error TS1005: '}' expected.
src/pages/PurchaseList.tsx(1543,12): error TS1381: Unexpected token. Did you mean `{'}'}` or `&rbrace;`?
src/pages/PurchaseList.tsx(1544,10): error TS17008: JSX element 'div' has no corresponding closing tag.
src/pages/PurchaseList.tsx(1545,12): error TS17008: JSX element 'div' has no corresponding closing tag.
src/pages/PurchaseList.tsx(1549,115): error TS1005: ',' expected.
src/pages/PurchaseList.tsx(1553,14): error TS17008: JSX element 'div' has no corresponding closing tag.
src/pages/PurchaseList.tsx(1556,50): error TS1005: '}' expected.
src/pages/PurchaseList.tsx(1557,76): error TS1005: ',' expected.
src/pages/PurchaseList.tsx(1561,14): error TS17008: JSX element 'div' has no corresponding closing tag.
src/pages/PurchaseList.tsx(1562,16): error TS17008: JSX element 'nav' has no corresponding closing tag.
src/pages/PurchaseList.tsx(1564,86): error TS1005: ',' expected.
src/pages/PurchaseList.tsx(1565,63): error TS1005: '}' expected.
src/pages/PurchaseList.tsx(1574,68): error TS1003: Identifier expected.
src/pages/PurchaseList.tsx(1578,45): error TS1003: Identifier expected.
src/pages/PurchaseList.tsx(1581,42): error TS1382: Unexpected token. Did you mean `{'>'}` or `&gt;`?
src/pages/PurchaseList.tsx(1583,32): error TS1005: '}' expected.
src/pages/PurchaseList.tsx(1584,61): error TS1005: ',' expected.
src/pages/PurchaseList.tsx(1586,23): error TS1381: Unexpected token. Did you mean `{'}'}` or `&rbrace;`?
src/pages/PurchaseList.tsx(1586,25): error TS1381: Unexpected token. Did you mean `{'}'}` or `&rbrace;`?
src/pages/PurchaseList.tsx(1587,21): error TS1382: Unexpected token. Did you mean `{'>'}` or `&gt;`?
src/pages/PurchaseList.tsx(1593,86): error TS1005: ',' expected.
src/pages/PurchaseList.tsx(1594,90): error TS1005: '}' expected.
src/pages/PurchaseList.tsx(1596,12): error TS1381: Unexpected token. Did you mean `{'}'}` or `&rbrace;`?
src/pages/PurchaseList.tsx(1596,15): error TS17002: Expected corresponding JSX closing tag for 'button'.
src/pages/PurchaseList.tsx(1597,9): error TS17002: Expected corresponding JSX closing tag for 'button'.
src/pages/PurchaseList.tsx(1599,3): error TS1381: Unexpected token. Did you mean `{'}'}` or `&rbrace;`?
src/pages/PurchaseList.tsx(1601,6): error TS17008: JSX element 'div' has no corresponding closing tag.
src/pages/PurchaseList.tsx(1603,8): error TS17008: JSX element 'div' has no corresponding closing tag.
src/pages/PurchaseList.tsx(1610,10): error TS17008: JSX element 'div' has no corresponding closing tag.
src/pages/PurchaseList.tsx(1615,13): error TS1381: Unexpected token. Did you mean `{'}'}` or `&rbrace;`?
src/pages/PurchaseList.tsx(1616,66): error TS1005: '}' expected.
src/pages/PurchaseList.tsx(1618,12): error TS17008: JSX element 'button' has no corresponding closing tag.
src/pages/PurchaseList.tsx(1620,13): error TS1005: '}' expected.
src/pages/PurchaseList.tsx(1628,10): error TS17008: JSX element 'div' has no corresponding closing tag.
src/pages/PurchaseList.tsx(1629,12): error TS17008: JSX element 'div' has no corresponding closing tag.
src/pages/PurchaseList.tsx(1635,14): error TS17008: JSX element 'button' has no corresponding closing tag.
src/pages/PurchaseList.tsx(1637,18): error TS1381: Unexpected token. Did you mean `{'}'}` or `&rbrace;`?
src/pages/PurchaseList.tsx(1639,7): error TS1381: Unexpected token. Did you mean `{'}'}` or `&rbrace;`?
src/pages/PurchaseList.tsx(1649,9): error TS1003: Identifier expected.
src/pages/PurchaseList.tsx(1649,10): error TS1381: Unexpected token. Did you mean `{'}'}` or `&rbrace;`?
src/pages/PurchaseList.tsx(1651,9): error TS1381: Unexpected token. Did you mean `{'}'}` or `&rbrace;`?
src/pages/PurchaseList.tsx(1651,10): error TS1381: Unexpected token. Did you mean `{'}'}` or `&rbrace;`?
src/pages/PurchaseList.tsx(1652,8): error TS1382: Unexpected token. Did you mean `{'>'}` or `&gt;`?
src/pages/PurchaseList.tsx(1655,8): error TS17008: JSX element 'div' has no corresponding closing tag.
src/pages/PurchaseList.tsx(1656,10): error TS17008: JSX element 'div' has no corresponding closing tag.
src/pages/PurchaseList.tsx(1657,12): error TS17008: JSX element 'div' has no corresponding closing tag.
src/pages/PurchaseList.tsx(1659,14): error TS17008: JSX element 'button' has no corresponding closing tag.
src/pages/PurchaseList.tsx(1670,43): error TS1109: Expression expected.
src/pages/PurchaseList.tsx(1670,89): error TS1381: Unexpected token. Did you mean `{'}'}` or `&rbrace;`?
src/pages/PurchaseList.tsx(1671,36): error TS1382: Unexpected token. Did you mean `{'>'}` or `&gt;`?
src/pages/PurchaseList.tsx(1673,30): error TS1005: '}' expected.
src/pages/PurchaseList.tsx(1676,19): error TS1381: Unexpected token. Did you mean `{'}'}` or `&rbrace;`?
src/pages/PurchaseList.tsx(1676,20): error TS1381: Unexpected token. Did you mean `{'}'}` or `&rbrace;`?
src/pages/PurchaseList.tsx(1678,19): error TS1381: Unexpected token. Did you mean `{'}'}` or `&rbrace;`?
src/pages/PurchaseList.tsx(1678,20): error TS1381: Unexpected token. Did you mean `{'}'}` or `&rbrace;`?
src/pages/PurchaseList.tsx(1680,19): error TS1381: Unexpected token. Did you mean `{'}'}` or `&rbrace;`?
src/pages/PurchaseList.tsx(1680,20): error TS1381: Unexpected token. Did you mean `{'}'}` or `&rbrace;`?
src/pages/PurchaseList.tsx(1682,72): error TS1005: '}' expected.
src/pages/PurchaseList.tsx(1682,77): error TS1381: Unexpected token. Did you mean `{'}'}` or `&rbrace;`?
src/pages/PurchaseList.tsx(1683,36): error TS1382: Unexpected token. Did you mean `{'>'}` or `&gt;`?
src/pages/PurchaseList.tsx(1685,30): error TS1005: '}' expected.
src/pages/PurchaseList.tsx(1688,19): error TS1381: Unexpected token. Did you mean `{'}'}` or `&rbrace;`?
src/pages/PurchaseList.tsx(1688,20): error TS1381: Unexpected token. Did you mean `{'}'}` or `&rbrace;`?
src/pages/PurchaseList.tsx(1690,16): error TS1381: Unexpected token. Did you mean `{'}'}` or `&rbrace;`?
src/pages/PurchaseList.tsx(1702,41): error TS1005: '}' expected.
src/pages/PurchaseList.tsx(1702,43): error TS1005: ',' expected.
src/pages/PurchaseList.tsx(1704,38): error TS1003: Identifier expected.
src/pages/PurchaseList.tsx(1704,39): error TS1005: '}' expected.
src/pages/PurchaseList.tsx(1706,23): error TS1005: '}' expected.
src/pages/PurchaseList.tsx(1707,86): error TS1005: '}' expected.
src/pages/PurchaseList.tsx(1707,107): error TS1381: Unexpected token. Did you mean `{'}'}` or `&rbrace;`?
src/pages/PurchaseList.tsx(1708,40): error TS1382: Unexpected token. Did you mean `{'>'}` or `&gt;`?
src/pages/PurchaseList.tsx(1710,34): error TS1005: '}' expected.
src/pages/PurchaseList.tsx(1713,23): error TS1381: Unexpected token. Did you mean `{'}'}` or `&rbrace;`?
src/pages/PurchaseList.tsx(1713,24): error TS1381: Unexpected token. Did you mean `{'}'}` or `&rbrace;`?
src/pages/PurchaseList.tsx(1715,19): error TS1381: Unexpected token. Did you mean `{'}'}` or `&rbrace;`?
src/pages/PurchaseList.tsx(1730,44): error TS1005: '}' expected.
src/pages/PurchaseList.tsx(1730,46): error TS1005: ',' expected.
src/pages/PurchaseList.tsx(1732,38): error TS1003: Identifier expected.
src/pages/PurchaseList.tsx(1732,39): error TS1005: '}' expected.
src/pages/PurchaseList.tsx(1733,83): error TS1005: ',' expected.
src/pages/PurchaseList.tsx(1735,79): error TS1005: '}' expected.
src/pages/PurchaseList.tsx(1735,95): error TS1381: Unexpected token. Did you mean `{'}'}` or `&rbrace;`?
src/pages/PurchaseList.tsx(1736,40): error TS1382: Unexpected token. Did you mean `{'>'}` or `&gt;`?
src/pages/PurchaseList.tsx(1738,34): error TS1005: '}' expected.
src/pages/PurchaseList.tsx(1741,23): error TS1381: Unexpected token. Did you mean `{'}'}` or `&rbrace;`?
src/pages/PurchaseList.tsx(1741,24): error TS1381: Unexpected token. Did you mean `{'}'}` or `&rbrace;`?
src/pages/PurchaseList.tsx(1743,19): error TS1381: Unexpected token. Did you mean `{'}'}` or `&rbrace;`?
src/pages/PurchaseList.tsx(1750,61): error TS1109: Expression expected.
src/pages/PurchaseList.tsx(1750,91): error TS1005: '}' expected.
src/pages/PurchaseList.tsx(1750,98): error TS1381: Unexpected token. Did you mean `{'}'}` or `&rbrace;`?
src/pages/PurchaseList.tsx(1752,51): error TS1005: ',' expected.
src/pages/PurchaseList.tsx(1752,84): error TS1381: Unexpected token. Did you mean `{'}'}` or `&rbrace;`?
src/pages/PurchaseList.tsx(1752,106): error TS1005: '}' expected.
src/pages/PurchaseList.tsx(1752,125): error TS1381: Unexpected token. Did you mean `{'}'}` or `&rbrace;`?
src/pages/PurchaseList.tsx(1753,38): error TS1382: Unexpected token. Did you mean `{'>'}` or `&gt;`?
src/pages/PurchaseList.tsx(1753,59): error TS1005: '}' expected.
src/pages/PurchaseList.tsx(1755,21): error TS1381: Unexpected token. Did you mean `{'}'}` or `&rbrace;`?
src/pages/PurchaseList.tsx(1757,23): error TS1109: Expression expected.
src/pages/PurchaseList.tsx(1757,49): error TS1005: ',' expected.
src/pages/PurchaseList.tsx(1757,82): error TS1381: Unexpected token. Did you mean `{'}'}` or `&rbrace;`?
src/pages/PurchaseList.tsx(1758,38): error TS1382: Unexpected token. Did you mean `{'>'}` or `&gt;`?
src/pages/PurchaseList.tsx(1758,59): error TS1005: '}' expected.
src/pages/PurchaseList.tsx(1760,21): error TS1381: Unexpected token. Did you mean `{'}'}` or `&rbrace;`?
src/pages/PurchaseList.tsx(1761,17): error TS1381: Unexpected token. Did you mean `{'}'}` or `&rbrace;`?
src/pages/PurchaseList.tsx(1761,18): error TS1381: Unexpected token. Did you mean `{'}'}` or `&rbrace;`?
src/pages/PurchaseList.tsx(1770,41): error TS1109: Expression expected.
src/pages/PurchaseList.tsx(1770,88): error TS1381: Unexpected token. Did you mean `{'}'}` or `&rbrace;`?
src/pages/PurchaseList.tsx(1771,34): error TS1382: Unexpected token. Did you mean `{'>'}` or `&gt;`?
src/pages/PurchaseList.tsx(1773,28): error TS1005: '}' expected.
src/pages/PurchaseList.tsx(1776,17): error TS1381: Unexpected token. Did you mean `{'}'}` or `&rbrace;`?
src/pages/PurchaseList.tsx(1776,18): error TS1381: Unexpected token. Did you mean `{'}'}` or `&rbrace;`?
src/pages/PurchaseList.tsx(1782,71): error TS1005: '}' expected.
src/pages/PurchaseList.tsx(1782,88): error TS1381: Unexpected token. Did you mean `{'}'}` or `&rbrace;`?
src/pages/PurchaseList.tsx(1783,34): error TS1382: Unexpected token. Did you mean `{'>'}` or `&gt;`?
src/pages/PurchaseList.tsx(1785,28): error TS1005: '}' expected.
src/pages/PurchaseList.tsx(1788,17): error TS1381: Unexpected token. Did you mean `{'}'}` or `&rbrace;`?
src/pages/PurchaseList.tsx(1788,18): error TS1381: Unexpected token. Did you mean `{'}'}` or `&rbrace;`?
src/pages/PurchaseList.tsx(1794,71): error TS1005: '}' expected.
src/pages/PurchaseList.tsx(1794,88): error TS1381: Unexpected token. Did you mean `{'}'}` or `&rbrace;`?
src/pages/PurchaseList.tsx(1795,34): error TS1382: Unexpected token. Did you mean `{'>'}` or `&gt;`?
src/pages/PurchaseList.tsx(1797,28): error TS1005: '}' expected.
src/pages/PurchaseList.tsx(1800,17): error TS1381: Unexpected token. Did you mean `{'}'}` or `&rbrace;`?
src/pages/PurchaseList.tsx(1800,18): error TS1381: Unexpected token. Did you mean `{'}'}` or `&rbrace;`?
src/pages/PurchaseList.tsx(1806,71): error TS1005: '}' expected.
src/pages/PurchaseList.tsx(1806,88): error TS1381: Unexpected token. Did you mean `{'}'}` or `&rbrace;`?
src/pages/PurchaseList.tsx(1807,34): error TS1382: Unexpected token. Did you mean `{'>'}` or `&gt;`?
src/pages/PurchaseList.tsx(1809,28): error TS1005: '}' expected.
src/pages/PurchaseList.tsx(1812,17): error TS1381: Unexpected token. Did you mean `{'}'}` or `&rbrace;`?
src/pages/PurchaseList.tsx(1812,18): error TS1381: Unexpected token. Did you mean `{'}'}` or `&rbrace;`?
src/pages/PurchaseList.tsx(1820,17): error TS1003: Identifier expected.
src/pages/PurchaseList.tsx(1820,18): error TS1381: Unexpected token. Did you mean `{'}'}` or `&rbrace;`?
src/pages/PurchaseList.tsx(1825,17): error TS1381: Unexpected token. Did you mean `{'}'}` or `&rbrace;`?
src/pages/PurchaseList.tsx(1825,18): error TS1381: Unexpected token. Did you mean `{'}'}` or `&rbrace;`?
src/pages/PurchaseList.tsx(1827,61): error TS1109: Expression expected.
src/pages/PurchaseList.tsx(1827,74): error TS1005: '}' expected.
src/pages/PurchaseList.tsx(1827,81): error TS1381: Unexpected token. Did you mean `{'}'}` or `&rbrace;`?
src/pages/PurchaseList.tsx(1829,75): error TS1382: Unexpected token. Did you mean `{'>'}` or `&gt;`?
src/pages/PurchaseList.tsx(1831,21): error TS1109: Expression expected.
src/pages/PurchaseList.tsx(1831,49): error TS1005: ',' expected.
src/pages/PurchaseList.tsx(1831,82): error TS1381: Unexpected token. Did you mean `{'}'}` or `&rbrace;`?
src/pages/PurchaseList.tsx(1831,100): error TS1005: '}' expected.
src/pages/PurchaseList.tsx(1831,135): error TS1381: Unexpected token. Did you mean `{'}'}` or `&rbrace;`?
src/pages/PurchaseList.tsx(1832,36): error TS1382: Unexpected token. Did you mean `{'>'}` or `&gt;`?
src/pages/PurchaseList.tsx(1832,57): error TS1005: '}' expected.
src/pages/PurchaseList.tsx(1834,19): error TS1381: Unexpected token. Did you mean `{'}'}` or `&rbrace;`?
src/pages/PurchaseList.tsx(1835,17): error TS1381: Unexpected token. Did you mean `{'}'}` or `&rbrace;`?
src/pages/PurchaseList.tsx(1835,18): error TS1381: Unexpected token. Did you mean `{'}'}` or `&rbrace;`?
src/pages/PurchaseList.tsx(1836,94): error TS1005: ',' expected.
src/pages/PurchaseList.tsx(1852,7): error TS1005: ')' expected.
src/pages/PurchaseList.tsx(1861,8): error TS1005: '}' expected.
src/pages/PurchaseList.tsx(1871,7): error TS1005: ')' expected.
src/pages/PurchaseList.tsx(1872,18): error TS1109: Expression expected.
src/pages/PurchaseList.tsx(1882,17): error TS1005: '}' expected.
src/pages/PurchaseList.tsx(1883,48): error TS1135: Argument expression expected.
src/pages/PurchaseList.tsx(1883,71): error TS1135: Argument expression expected.
src/pages/PurchaseList.tsx(1885,13): error TS1005: '}' expected.
src/pages/PurchaseList.tsx(1885,15): error TS1003: Identifier expected.
src/pages/PurchaseList.tsx(1886,12): error TS1381: Unexpected token. Did you mean `{'}'}` or `&rbrace;`?
src/pages/PurchaseList.tsx(1886,15): error TS1003: Identifier expected.
src/pages/PurchaseList.tsx(1887,7): error TS1005: ')' expected.
src/pages/PurchaseList.tsx(1893,39): error TS1005: '}' expected.
src/pages/PurchaseList.tsx(1897,47): error TS1135: Argument expression expected.
src/pages/PurchaseList.tsx(1900,68): error TS1005: ',' expected.
src/pages/PurchaseList.tsx(1900,70): error TS1003: Identifier expected.
src/pages/PurchaseList.tsx(1904,16): error TS1381: Unexpected token. Did you mean `{'}'}` or `&rbrace;`?
src/pages/PurchaseList.tsx(1905,50): error TS1135: Argument expression expected.
src/pages/PurchaseList.tsx(1906,15): error TS1382: Unexpected token. Did you mean `{'>'}` or `&gt;`?
src/pages/PurchaseList.tsx(1908,14): error TS17008: JSX element 'button' has no corresponding closing tag.
src/pages/PurchaseList.tsx(1910,15): error TS1381: Unexpected token. Did you mean `{'}'}` or `&rbrace;`?
src/pages/PurchaseList.tsx(1910,16): error TS1381: Unexpected token. Did you mean `{'}'}` or `&rbrace;`?
src/pages/PurchaseList.tsx(1913,34): error TS1109: Expression expected.
src/pages/PurchaseList.tsx(1916,49): error TS1135: Argument expression expected.
src/pages/PurchaseList.tsx(1918,111): error TS1005: '}' expected.
src/pages/PurchaseList.tsx(1921,9): error TS1005: '}' expected.
src/pages/PurchaseList.tsx(1921,11): error TS17015: Expected corresponding closing tag for JSX fragment.
src/pages/PurchaseList.tsx(1921,14): error TS1382: Unexpected token. Did you mean `{'>'}` or `&gt;`?
src/pages/PurchaseList.tsx(1922,8): error TS1381: Unexpected token. Did you mean `{'}'}` or `&rbrace;`?
src/pages/PurchaseList.tsx(1924,1): error TS1381: Unexpected token. Did you mean `{'}'}` or `&rbrace;`?
src/pages/PurchaseList.tsx(1924,2): error TS1005: ')' expected.
src/pages/PurchaseList.tsx(1924,2): error TS1005: '</' expected.
src/pages/SalesList.tsx(58,1): error TS1472: 'catch' or 'finally' expected.
src/pages/SalesList.tsx(100,33): error TS1135: Argument expression expected.
src/pages/SalesList.tsx(101,28): error TS1005: ',' expected.
src/pages/SalesList.tsx(101,30): error TS1180: Property destructuring pattern expected.
src/pages/SalesList.tsx(101,40): error TS1005: ',' expected.
src/pages/SalesList.tsx(101,41): error TS1109: Expression expected.
src/pages/SalesList.tsx(108,31): error TS1005: ',' expected.
src/pages/SalesList.tsx(109,3): error TS1128: Declaration or statement expected.
src/pages/SalesList.tsx(113,31): error TS1005: ',' expected.
src/pages/SalesList.tsx(114,3): error TS1128: Declaration or statement expected.
src/pages/SalesList.tsx(158,3): error TS1005: ',' expected.
src/pages/SalesList.tsx(158,4): error TS1005: ',' expected.
src/pages/SalesList.tsx(161,12): error TS1005: ',' expected.
src/pages/SalesList.tsx(172,18): error TS1005: ',' expected.
src/pages/SalesList.tsx(173,11): error TS1005: ',' expected.
src/pages/SalesList.tsx(173,25): error TS1005: ',' expected.
src/pages/SalesList.tsx(175,35): error TS1005: ',' expected.
src/pages/SalesList.tsx(175,36): error TS1128: Declaration or statement expected.
src/pages/SalesList.tsx(175,37): error TS1128: Declaration or statement expected.
src/pages/SalesList.tsx(178,5): error TS1005: ')' expected.
src/pages/SalesList.tsx(179,81): error TS1128: Declaration or statement expected.
src/pages/SalesList.tsx(179,82): error TS1128: Declaration or statement expected.
src/pages/SalesList.tsx(179,86): error TS1005: ';' expected.
src/pages/SalesList.tsx(184,63): error TS1005: ',' expected.
src/pages/SalesList.tsx(184,65): error TS1005: ';' expected.
src/pages/SalesList.tsx(184,66): error TS1128: Declaration or statement expected.
src/pages/SalesList.tsx(230,9): error TS1005: ',' expected.
src/pages/SalesList.tsx(230,11): error TS1005: ';' expected.
src/pages/SalesList.tsx(236,9): error TS1005: ',' expected.
src/pages/SalesList.tsx(236,11): error TS1005: ';' expected.
src/pages/SalesList.tsx(236,12): error TS1128: Declaration or statement expected.
src/pages/SalesList.tsx(243,7): error TS1005: ',' expected.
src/pages/SalesList.tsx(243,9): error TS1005: ';' expected.
src/pages/SalesList.tsx(243,10): error TS1128: Declaration or statement expected.
src/pages/SalesList.tsx(266,5): error TS1005: ',' expected.
src/pages/SalesList.tsx(266,7): error TS1005: ';' expected.
src/pages/SalesList.tsx(268,3): error TS1128: Declaration or statement expected.
src/pages/SalesList.tsx(268,4): error TS1128: Declaration or statement expected.
src/pages/SalesList.tsx(268,13): error TS1005: ';' expected.
src/pages/SalesList.tsx(279,5): error TS1005: ',' expected.
src/pages/SalesList.tsx(279,7): error TS1005: ';' expected.
src/pages/SalesList.tsx(299,5): error TS1005: ',' expected.
src/pages/SalesList.tsx(299,7): error TS1005: ';' expected.
src/pages/SalesList.tsx(333,5): error TS1005: ',' expected.
src/pages/SalesList.tsx(333,7): error TS1005: ';' expected.
src/pages/SalesList.tsx(339,5): error TS1005: ',' expected.
src/pages/SalesList.tsx(339,6): error TS1005: ';' expected.
src/pages/SalesList.tsx(351,5): error TS1005: ',' expected.
src/pages/SalesList.tsx(351,7): error TS1005: ';' expected.
src/pages/SalesList.tsx(363,5): error TS1005: ',' expected.
src/pages/SalesList.tsx(363,7): error TS1005: ';' expected.
src/pages/SalesList.tsx(410,5): error TS1005: ',' expected.
src/pages/SalesList.tsx(410,7): error TS1005: ';' expected.
src/pages/SalesList.tsx(421,5): error TS1005: ',' expected.
src/pages/SalesList.tsx(421,7): error TS1005: ';' expected.
src/pages/SalesList.tsx(439,8): error TS17008: JSX element 'div' has no corresponding closing tag.
src/pages/SalesList.tsx(440,10): error TS17008: JSX element 'div' has no corresponding closing tag.
src/pages/SalesList.tsx(444,18): error TS1003: Identifier expected.
src/pages/SalesList.tsx(446,13): error TS1005: '}' expected.
src/pages/SalesList.tsx(447,3): error TS1381: Unexpected token. Did you mean `{'}'}` or `&rbrace;`?
src/pages/SalesList.tsx(450,5): error TS1109: Expression expected.
src/pages/SalesList.tsx(451,8): error TS17008: JSX element 'div' has no corresponding closing tag.
src/pages/SalesList.tsx(464,14): error TS17008: JSX element 'button' has no corresponding closing tag.
src/pages/SalesList.tsx(472,44): error TS1005: '}' expected.
src/pages/SalesList.tsx(474,65): error TS1005: '}' expected.
src/pages/SalesList.tsx(474,82): error TS1381: Unexpected token. Did you mean `{'}'}` or `&rbrace;`?
src/pages/SalesList.tsx(475,34): error TS1382: Unexpected token. Did you mean `{'>'}` or `&gt;`?
src/pages/SalesList.tsx(477,28): error TS1005: '}' expected.
src/pages/SalesList.tsx(479,17): error TS1381: Unexpected token. Did you mean `{'}'}` or `&rbrace;`?
src/pages/SalesList.tsx(479,18): error TS1381: Unexpected token. Did you mean `{'}'}` or `&rbrace;`?
src/pages/SalesList.tsx(481,17): error TS1381: Unexpected token. Did you mean `{'}'}` or `&rbrace;`?
src/pages/SalesList.tsx(481,18): error TS1381: Unexpected token. Did you mean `{'}'}` or `&rbrace;`?
src/pages/SalesList.tsx(483,71): error TS1005: ',' expected.
src/pages/SalesList.tsx(493,43): error TS1005: '}' expected.
src/pages/SalesList.tsx(493,45): error TS1005: ',' expected.
src/pages/SalesList.tsx(495,38): error TS1003: Identifier expected.
src/pages/SalesList.tsx(495,39): error TS1005: '}' expected.
src/pages/SalesList.tsx(497,23): error TS1005: '}' expected.
src/pages/SalesList.tsx(498,60): error TS1382: Unexpected token. Did you mean `{'>'}` or `&gt;`?
src/pages/SalesList.tsx(499,71): error TS1005: '}' expected.
src/pages/SalesList.tsx(499,84): error TS1381: Unexpected token. Did you mean `{'}'}` or `&rbrace;`?
src/pages/SalesList.tsx(500,40): error TS1382: Unexpected token. Did you mean `{'>'}` or `&gt;`?
src/pages/SalesList.tsx(502,34): error TS1005: '}' expected.
src/pages/SalesList.tsx(505,23): error TS1381: Unexpected token. Did you mean `{'}'}` or `&rbrace;`?
src/pages/SalesList.tsx(505,24): error TS1381: Unexpected token. Did you mean `{'}'}` or `&rbrace;`?
src/pages/SalesList.tsx(507,19): error TS1381: Unexpected token. Did you mean `{'}'}` or `&rbrace;`?
src/pages/SalesList.tsx(518,9): error TS1005: ')' expected.
src/pages/SalesList.tsx(527,10): error TS1005: '}' expected.
src/pages/SalesList.tsx(534,57): error TS1005: ',' expected.
src/pages/SalesList.tsx(535,15): error TS1005: ',' expected.
src/pages/SalesList.tsx(544,46): error TS1005: '}' expected.
src/pages/SalesList.tsx(547,28): error TS1109: Expression expected.
src/pages/SalesList.tsx(548,25): error TS1109: Expression expected.
src/pages/SalesList.tsx(549,24): error TS1005: ')' expected.
src/pages/SalesList.tsx(579,29): error TS1005: '}' expected.
src/pages/SalesList.tsx(580,27): error TS1381: Unexpected token. Did you mean `{'}'}` or `&rbrace;`?
src/pages/SalesList.tsx(580,29): error TS1381: Unexpected token. Did you mean `{'}'}` or `&rbrace;`?
src/pages/SalesList.tsx(580,30): error TS1382: Unexpected token. Did you mean `{'>'}` or `&gt;`?
src/pages/SalesList.tsx(582,29): error TS17002: Expected corresponding JSX closing tag for 'div'.
src/pages/SalesList.tsx(593,64): error TS1005: ',' expected.
src/pages/SalesList.tsx(598,29): error TS1005: '}' expected.
src/pages/SalesList.tsx(600,23): error TS1005: ')' expected.
src/pages/SalesList.tsx(604,26): error TS17008: JSX element 'button' has no corresponding closing tag.
src/pages/SalesList.tsx(606,27): error TS1005: '}' expected.
src/pages/SalesList.tsx(608,29): error TS1005: '}' expected.
src/pages/SalesList.tsx(610,29): error TS1005: '}' expected.
src/pages/SalesList.tsx(612,29): error TS1005: '}' expected.
src/pages/SalesList.tsx(613,26): error TS1381: Unexpected token. Did you mean `{'}'}` or `&rbrace;`?
src/pages/SalesList.tsx(617,15): error TS1005: ')' expected.
src/pages/SalesList.tsx(618,9): error TS1381: Unexpected token. Did you mean `{'}'}` or `&rbrace;`?
src/pages/SalesList.tsx(623,14): error TS17008: JSX element 'button' has no corresponding closing tag.
src/pages/SalesList.tsx(624,74): error TS1005: ',' expected.
src/pages/SalesList.tsx(625,51): error TS1005: '}' expected.
src/pages/SalesList.tsx(627,74): error TS1005: ',' expected.
src/pages/SalesList.tsx(628,78): error TS1005: '}' expected.
src/pages/SalesList.tsx(630,10): error TS1381: Unexpected token. Did you mean `{'}'}` or `&rbrace;`?
src/pages/SalesList.tsx(635,6): error TS17008: JSX element 'div' has no corresponding closing tag.
src/pages/SalesList.tsx(650,11): error TS1382: Unexpected token. Did you mean `{'>'}` or `&gt;`?
src/pages/SalesList.tsx(658,8): error TS17008: JSX element 'div' has no corresponding closing tag.
src/pages/SalesList.tsx(659,10): error TS17008: JSX element 'div' has no corresponding closing tag.
src/pages/SalesList.tsx(660,12): error TS17008: JSX element 'div' has no corresponding closing tag.
src/pages/SalesList.tsx(661,14): error TS17008: JSX element 'div' has no corresponding closing tag.
src/pages/SalesList.tsx(666,44): error TS1005: '}' expected.
src/pages/SalesList.tsx(668,65): error TS1005: '}' expected.
src/pages/SalesList.tsx(668,82): error TS1381: Unexpected token. Did you mean `{'}'}` or `&rbrace;`?
src/pages/SalesList.tsx(669,34): error TS1382: Unexpected token. Did you mean `{'>'}` or `&gt;`?
src/pages/SalesList.tsx(669,55): error TS1005: '}' expected.
src/pages/SalesList.tsx(670,17): error TS1381: Unexpected token. Did you mean `{'}'}` or `&rbrace;`?
src/pages/SalesList.tsx(670,18): error TS1381: Unexpected token. Did you mean `{'}'}` or `&rbrace;`?
src/pages/SalesList.tsx(672,17): error TS1381: Unexpected token. Did you mean `{'}'}` or `&rbrace;`?
src/pages/SalesList.tsx(672,18): error TS1381: Unexpected token. Did you mean `{'}'}` or `&rbrace;`?
src/pages/SalesList.tsx(674,67): error TS1005: ',' expected.
src/pages/SalesList.tsx(684,7): error TS1005: ')' expected.
src/pages/SalesList.tsx(693,8): error TS1005: '}' expected.
src/pages/SalesList.tsx(708,19): error TS1003: Identifier expected.
src/pages/SalesList.tsx(730,19): error TS1005: ')' expected.
src/pages/SalesList.tsx(736,23): error TS1005: '}' expected.
src/pages/SalesList.tsx(736,113): error TS1382: Unexpected token. Did you mean `{'>'}` or `&gt;`?
src/pages/SalesList.tsx(747,61): error TS1005: ',' expected.
src/pages/SalesList.tsx(748,19): error TS1005: ',' expected.
src/pages/SalesList.tsx(757,35): error TS1005: '...' expected.
src/pages/SalesList.tsx(758,23): error TS1003: Identifier expected.
src/pages/SalesList.tsx(768,48): error TS1005: '}' expected.
src/pages/SalesList.tsx(769,31): error TS1005: ':' expected.
src/pages/SalesList.tsx(771,31): error TS1005: '}' expected.
src/pages/SalesList.tsx(774,31): error TS1381: Unexpected token. Did you mean `{'}'}` or `&rbrace;`?
src/pages/SalesList.tsx(775,30): error TS1382: Unexpected token. Did you mean `{'>'}` or `&gt;`?
src/pages/SalesList.tsx(776,34): error TS1381: Unexpected token. Did you mean `{'}'}` or `&rbrace;`?
src/pages/SalesList.tsx(807,76): error TS1005: ',' expected.
src/pages/SalesList.tsx(809,24): error TS1005: '}' expected.
src/pages/SalesList.tsx(814,87): error TS1005: ',' expected.
src/pages/SalesList.tsx(816,24): error TS1005: '}' expected.
src/pages/SalesList.tsx(823,29): error TS1005: '}' expected.
src/pages/SalesList.tsx(824,27): error TS1381: Unexpected token. Did you mean `{'}'}` or `&rbrace;`?
src/pages/SalesList.tsx(824,29): error TS1381: Unexpected token. Did you mean `{'}'}` or `&rbrace;`?
src/pages/SalesList.tsx(824,30): error TS1382: Unexpected token. Did you mean `{'>'}` or `&gt;`?
src/pages/SalesList.tsx(826,29): error TS17002: Expected corresponding JSX closing tag for 'div'.
src/pages/SalesList.tsx(830,27): error TS17002: Expected corresponding JSX closing tag for 'td'.
src/pages/SalesList.tsx(836,28): error TS17008: JSX element 'button' has no corresponding closing tag.
src/pages/SalesList.tsx(838,29): error TS1005: '}' expected.
src/pages/SalesList.tsx(841,31): error TS1005: '}' expected.
src/pages/SalesList.tsx(844,31): error TS1005: '}' expected.
src/pages/SalesList.tsx(847,31): error TS1005: '}' expected.
src/pages/SalesList.tsx(850,31): error TS1005: '}' expected.
src/pages/SalesList.tsx(852,28): error TS1381: Unexpected token. Did you mean `{'}'}` or `&rbrace;`?
src/pages/SalesList.tsx(855,19): error TS1381: Unexpected token. Did you mean `{'}'}` or `&rbrace;`?
src/pages/SalesList.tsx(859,7): error TS1005: ')' expected.
src/pages/SalesList.tsx(863,10): error TS17008: JSX element 'div' has no corresponding closing tag.
src/pages/SalesList.tsx(864,12): error TS17008: JSX element 'div' has no corresponding closing tag.
src/pages/SalesList.tsx(866,14): error TS17008: JSX element 'div' has no corresponding closing tag.
src/pages/SalesList.tsx(870,16): error TS17008: JSX element 'div' has no corresponding closing tag.
src/pages/SalesList.tsx(873,48): error TS1005: '}' expected.
src/pages/SalesList.tsx(874,78): error TS1005: ',' expected.
src/pages/SalesList.tsx(878,15): error TS2657: JSX expressions must have one parent element.
src/pages/SalesList.tsx(879,18): error TS17008: JSX element 'button' has no corresponding closing tag.
src/pages/SalesList.tsx(880,78): error TS1005: ',' expected.
src/pages/SalesList.tsx(881,55): error TS1005: '}' expected.
src/pages/SalesList.tsx(883,78): error TS1005: ',' expected.
src/pages/SalesList.tsx(884,82): error TS1005: '}' expected.
src/pages/SalesList.tsx(886,14): error TS1381: Unexpected token. Did you mean `{'}'}` or `&rbrace;`?
src/pages/SalesList.tsx(887,12): error TS17008: JSX element 'div' has no corresponding closing tag.
src/pages/SalesList.tsx(888,14): error TS17008: JSX element 'div' has no corresponding closing tag.
src/pages/SalesList.tsx(892,99): error TS1005: ',' expected.
src/pages/SalesList.tsx(896,16): error TS17008: JSX element 'div' has no corresponding closing tag.
src/pages/SalesList.tsx(899,48): error TS1005: '}' expected.
src/pages/SalesList.tsx(900,78): error TS1005: ',' expected.
src/pages/SalesList.tsx(904,16): error TS17008: JSX element 'div' has no corresponding closing tag.
src/pages/SalesList.tsx(905,18): error TS17008: JSX element 'nav' has no corresponding closing tag.
src/pages/SalesList.tsx(907,80): error TS1005: ',' expected.
src/pages/SalesList.tsx(908,57): error TS1005: '}' expected.
src/pages/SalesList.tsx(918,70): error TS1003: Identifier expected.
src/pages/SalesList.tsx(922,47): error TS1003: Identifier expected.
src/pages/SalesList.tsx(925,44): error TS1382: Unexpected token. Did you mean `{'>'}` or `&gt;`?
src/pages/SalesList.tsx(927,34): error TS1005: '}' expected.
src/pages/SalesList.tsx(928,63): error TS1005: ',' expected.
src/pages/SalesList.tsx(930,25): error TS1381: Unexpected token. Did you mean `{'}'}` or `&rbrace;`?
src/pages/SalesList.tsx(930,27): error TS1381: Unexpected token. Did you mean `{'}'}` or `&rbrace;`?
src/pages/SalesList.tsx(931,23): error TS1382: Unexpected token. Did you mean `{'>'}` or `&gt;`?
src/pages/SalesList.tsx(937,80): error TS1005: ',' expected.
src/pages/SalesList.tsx(938,84): error TS1005: '}' expected.
src/pages/SalesList.tsx(940,14): error TS1381: Unexpected token. Did you mean `{'}'}` or `&rbrace;`?
src/pages/SalesList.tsx(940,17): error TS17002: Expected corresponding JSX closing tag for 'button'.
src/pages/SalesList.tsx(941,11): error TS17002: Expected corresponding JSX closing tag for 'button'.
src/pages/SalesList.tsx(942,7): error TS1381: Unexpected token. Did you mean `{'}'}` or `&rbrace;`?
src/pages/SalesList.tsx(946,10): error TS17008: JSX element 'div' has no corresponding closing tag.
src/pages/SalesList.tsx(947,12): error TS17008: JSX element 'div' has no corresponding closing tag.
src/pages/SalesList.tsx(958,61): error TS1005: '}' expected.
src/pages/SalesList.tsx(960,51): error TS1135: Argument expression expected.
src/pages/SalesList.tsx(961,16): error TS1382: Unexpected token. Did you mean `{'>'}` or `&gt;`?
src/pages/SalesList.tsx(964,14): error TS17008: JSX element 'button' has no corresponding closing tag.
src/pages/SalesList.tsx(978,8): error TS1005: '}' expected.
src/pages/SalesList.tsx(982,10): error TS17008: JSX element 'div' has no corresponding closing tag.
src/pages/SalesList.tsx(994,18): error TS17008: JSX element 'button' has no corresponding closing tag.
src/pages/SalesList.tsx(1001,16): error TS1382: Unexpected token. Did you mean `{'>'}` or `&gt;`?
src/pages/SalesList.tsx(1021,18): error TS17008: JSX element 'button' has no corresponding closing tag.
src/pages/SalesList.tsx(1028,16): error TS1382: Unexpected token. Did you mean `{'>'}` or `&gt;`?
src/pages/SalesList.tsx(1041,11): error TS1003: Identifier expected.
src/pages/SalesList.tsx(1041,12): error TS1381: Unexpected token. Did you mean `{'}'}` or `&rbrace;`?
src/pages/SalesList.tsx(1042,10): error TS1382: Unexpected token. Did you mean `{'>'}` or `&gt;`?
src/pages/SalesList.tsx(1052,11): error TS1003: Identifier expected.
src/pages/SalesList.tsx(1053,10): error TS1382: Unexpected token. Did you mean `{'>'}` or `&gt;`?
src/pages/SalesList.tsx(1054,8): error TS1381: Unexpected token. Did you mean `{'}'}` or `&rbrace;`?
src/pages/SalesList.tsx(1056,2): error TS1005: ')' expected.
src/pages/SalesList.tsx(1056,2): error TS1005: '</' expected.
src/pages/SupplierManagement.tsx(27,41): error TS1005: '}' expected.
src/pages/UserManagement.tsx(27,41): error TS1005: '}' expected.
src/services/aiService.ts(79,17): error TS1005: ',' expected.
src/services/aiService.ts(126,46): error TS1005: '}' expected.
src/services/aiService.ts(126,47): error TS1443: Module declaration names may only use ' or " quoted strings.
src/services/aiService.ts(129,21): error TS1434: Unexpected keyword or identifier.
src/services/aiService.ts(129,38): error TS1005: ';' expected.
src/services/aiService.ts(129,40): error TS1443: Module declaration names may only use ' or " quoted strings.
src/services/aiService.ts(132,21): error TS1434: Unexpected keyword or identifier.
src/services/aiService.ts(132,43): error TS1005: ';' expected.
src/services/aiService.ts(132,46): error TS1443: Module declaration names may only use ' or " quoted strings.
src/services/aiService.ts(135,21): error TS1434: Unexpected keyword or identifier.
src/services/aiService.ts(135,36): error TS1005: ';' expected.
src/services/aiService.ts(135,38): error TS1443: Module declaration names may only use ' or " quoted strings.
src/services/aiService.ts(138,21): error TS1127: Invalid character.
src/services/aiService.ts(138,22): error TS1434: Unexpected keyword or identifier.
src/services/aiService.ts(138,45): error TS1005: ';' expected.
src/services/aiService.ts(147,17): error TS1005: ';' expected.
src/services/aiService.ts(147,21): error TS1434: Unexpected keyword or identifier.
src/services/aiService.ts(147,50): error TS1005: ';' expected.
src/services/aiService.ts(150,17): error TS1005: ';' expected.
src/services/aiService.ts(150,22): error TS1434: Unexpected keyword or identifier.
src/services/aiService.ts(150,44): error TS1005: ';' expected.
src/services/aiService.ts(189,2): error TS1160: Unterminated template literal.
src/services/api.ts(38,12): error TS1005: ',' expected.
src/services/api.ts(54,6): error TS1005: ',' expected.
src/services/api.ts(55,3): error TS1128: Declaration or statement expected.
src/services/api.ts(57,1): error TS1128: Declaration or statement expected.
src/services/api.ts(74,45): error TS1005: ',' expected.
src/services/api.ts(74,52): error TS1005: ',' expected.
src/services/api.ts(74,56): error TS1005: ',' expected.
src/services/api.ts(102,7): error TS1128: Declaration or statement expected.
src/services/api.ts(119,87): error TS1005: ',' expected.
src/services/api.ts(120,9): error TS1005: ',' expected.
src/services/api.ts(121,9): error TS1005: ',' expected.
src/services/api.ts(127,89): error TS1005: ',' expected.
src/services/api.ts(128,11): error TS1005: ',' expected.
src/services/api.ts(129,11): error TS1005: ',' expected.
src/services/api.ts(143,1): error TS1128: Declaration or statement expected.
src/services/api.ts(154,44): error TS1005: ',' expected.
src/services/api.ts(163,45): error TS1135: Argument expression expected.
src/services/api.ts(164,7): error TS1005: ',' expected.
src/services/api.ts(164,14): error TS1005: ',' expected.
src/services/api.ts(165,7): error TS1005: ',' expected.
src/services/api.ts(165,14): error TS1005: ':' expected.
src/services/api.ts(169,18): error TS1005: ';' expected.
src/services/api.ts(174,6): error TS1128: Declaration or statement expected.
src/services/api.ts(177,27): error TS1005: ';' expected.
src/services/api.ts(178,32): error TS1135: Argument expression expected.
src/services/api.ts(181,6): error TS1128: Declaration or statement expected.
src/services/api.ts(184,5): error TS1434: Unexpected keyword or identifier.
src/services/api.ts(184,28): error TS1005: ';' expected.
src/services/api.ts(185,36): error TS1135: Argument expression expected.
src/services/api.ts(186,43): error TS1005: ',' expected.
src/services/api.ts(186,50): error TS1005: ',' expected.
src/services/api.ts(186,54): error TS1005: ',' expected.
src/services/api.ts(191,45): error TS1135: Argument expression expected.
src/services/api.ts(194,11): error TS1472: 'catch' or 'finally' expected.
src/services/api.ts(198,7): error TS1128: Declaration or statement expected.
src/services/api.ts(198,9): error TS1005: 'try' expected.
src/services/api.ts(202,5): error TS1128: Declaration or statement expected.
src/services/api.ts(203,3): error TS1128: Declaration or statement expected.
src/services/api.ts(209,1): error TS1128: Declaration or statement expected.
src/services/api.ts(213,122): error TS1005: ')' expected.
src/services/api.ts(215,92): error TS1005: ',' expected.
src/services/api.ts(249,81): error TS1109: Expression expected.
src/services/api.ts(251,129): error TS1005: ';' expected.
src/services/api.ts(278,1): error TS1128: Declaration or statement expected.
src/services/api.ts(293,57): error TS1005: ',' expected.
src/services/api.ts(293,66): error TS1005: ',' expected.
src/services/api.ts(296,46): error TS1135: Argument expression expected.
src/services/api.ts(308,41): error TS1005: ',' expected.
src/services/api.ts(317,1): error TS1128: Declaration or statement expected.
src/services/api.ts(340,37): error TS1135: Argument expression expected.
src/services/api.ts(345,9): error TS1359: Identifier expected. 'import' is a reserved word that cannot be used here.
src/services/api.ts(345,15): error TS1138: Parameter declaration expected.
src/services/api.ts(345,20): error TS1005: ',' expected.
src/services/api.ts(345,24): error TS1005: ',' expected.
src/services/api.ts(345,30): error TS1005: ',' expected.
src/services/api.ts(345,47): error TS1005: ';' expected.
src/services/api.ts(350,9): error TS1005: ',' expected.
src/services/api.ts(350,18): error TS1005: ',' expected.
src/services/api.ts(350,48): error TS1135: Argument expression expected.
src/services/api.ts(351,17): error TS1005: ',' expected.
src/services/api.ts(352,18): error TS1005: ',' expected.
src/services/api.ts(352,58): error TS1005: ',' expected.
src/services/api.ts(352,59): error TS1128: Declaration or statement expected.
src/services/api.ts(353,5): error TS1128: Declaration or statement expected.
src/services/api.ts(359,5): error TS1005: ',' expected.
src/services/api.ts(359,9): error TS1003: Identifier expected.
src/services/api.ts(359,10): error TS1138: Parameter declaration expected.
src/services/api.ts(359,43): error TS1005: ',' expected.
src/services/api.ts(360,13): error TS1005: ',' expected.
src/services/api.ts(360,20): error TS1005: ',' expected.
src/services/api.ts(361,5): error TS1128: Declaration or statement expected.
src/services/api.ts(365,88): error TS1005: ',' expected.
src/services/api.ts(378,60): error TS1135: Argument expression expected.
src/services/api.ts(378,70): error TS1005: ',' expected.
src/services/api.ts(380,7): error TS1472: 'catch' or 'finally' expected.
src/services/api.ts(383,34): error TS1005: ',' expected.
src/services/api.ts(383,35): error TS1005: ',' expected.
src/services/api.ts(385,19): error TS1005: ',' expected.
src/services/api.ts(427,11): error TS1005: ',' expected.
src/services/api.ts(427,19): error TS1005: ',' expected.
src/services/api.ts(427,86): error TS1005: ',' expected.
src/services/api.ts(428,9): error TS1005: ',' expected.
src/services/api.ts(428,10): error TS1128: Declaration or statement expected.
src/services/api.ts(429,7): error TS1128: Declaration or statement expected.
src/services/api.ts(431,5): error TS1128: Declaration or statement expected.
src/services/api.ts(431,7): error TS1005: 'try' expected.
src/services/api.ts(481,3): error TS1128: Declaration or statement expected.
src/services/api.ts(483,3): error TS1128: Declaration or statement expected.
src/services/api.ts(483,31): error TS1005: ',' expected.
src/services/api.ts(483,37): error TS1005: ';' expected.
src/services/api.ts(483,39): error TS1434: Unexpected keyword or identifier.
src/services/api.ts(484,13): error TS1109: Expression expected.
src/services/api.ts(488,5): error TS1128: Declaration or statement expected.
src/services/api.ts(510,3): error TS1128: Declaration or statement expected.
src/services/api.ts(510,44): error TS1005: ',' expected.
src/services/api.ts(510,53): error TS1005: ';' expected.
src/services/api.ts(510,55): error TS1434: Unexpected keyword or identifier.
src/services/api.ts(526,3): error TS1434: Unexpected keyword or identifier.
src/services/api.ts(526,24): error TS1005: ',' expected.
src/services/api.ts(526,41): error TS1109: Expression expected.
src/services/api.ts(526,57): error TS1005: ';' expected.
src/services/api.ts(527,12): error TS1005: ':' expected.
src/services/api.ts(530,3): error TS1434: Unexpected keyword or identifier.
src/services/api.ts(531,13): error TS1005: ',' expected.
src/services/api.ts(532,10): error TS1109: Expression expected.
src/services/api.ts(533,12): error TS1109: Expression expected.
src/services/api.ts(534,4): error TS1005: ';' expected.
src/services/api.ts(536,9): error TS1005: ',' expected.
src/services/api.ts(536,30): error TS1005: ',' expected.
src/services/api.ts(537,9): error TS1005: ',' expected.
src/services/api.ts(537,99): error TS1005: ',' expected.
src/services/api.ts(538,14): error TS1005: ',' expected.
src/services/api.ts(538,25): error TS1005: ':' expected.
src/services/api.ts(538,33): error TS1005: ',' expected.
src/services/api.ts(538,35): error TS1136: Property assignment expected.
src/services/api.ts(542,19): error TS1005: ',' expected.
src/services/api.ts(542,71): error TS1005: ',' expected.
src/services/api.ts(544,7): error TS1005: ',' expected.
src/services/api.ts(544,34): error TS1005: ')' expected.
src/services/api.ts(546,5): error TS1128: Declaration or statement expected.
src/services/api.ts(551,14): error TS1005: ',' expected.
src/services/api.ts(551,15): error TS1005: ';' expected.
src/services/api.ts(552,3): error TS1128: Declaration or statement expected.
src/services/api.ts(554,3): error TS1434: Unexpected keyword or identifier.
src/services/api.ts(555,13): error TS1005: ',' expected.
src/services/api.ts(556,10): error TS1109: Expression expected.
src/services/api.ts(557,12): error TS1109: Expression expected.
src/services/api.ts(558,4): error TS1005: ';' expected.
src/services/api.ts(559,9): error TS1005: ',' expected.
src/services/api.ts(559,30): error TS1005: ',' expected.
src/services/api.ts(565,9): error TS1005: ',' expected.
src/services/api.ts(565,17): error TS1005: ',' expected.
src/services/api.ts(566,19): error TS1005: ',' expected.
src/services/api.ts(566,71): error TS1005: ',' expected.
src/services/api.ts(566,72): error TS1005: ',' expected.
src/services/api.ts(578,3): error TS1128: Declaration or statement expected.
src/services/api.ts(580,3): error TS1434: Unexpected keyword or identifier.
src/services/api.ts(580,27): error TS1005: ')' expected.
src/services/api.ts(580,44): error TS1109: Expression expected.
src/services/api.ts(580,59): error TS1005: ';' expected.
src/services/api.ts(580,60): error TS1128: Declaration or statement expected.
src/services/api.ts(581,12): error TS1005: ':' expected.
src/services/api.ts(584,3): error TS1434: Unexpected keyword or identifier.
src/services/api.ts(585,13): error TS1005: ',' expected.
src/services/api.ts(586,9): error TS1005: ',' expected.
src/services/api.ts(587,12): error TS1109: Expression expected.
src/services/api.ts(588,4): error TS1005: ';' expected.
src/services/api.ts(589,11): error TS1005: ':' expected.
src/services/api.ts(589,37): error TS1135: Argument expression expected.
src/services/api.ts(602,14): error TS1005: ',' expected.
src/services/api.ts(602,15): error TS1005: ';' expected.
src/services/api.ts(603,3): error TS1128: Declaration or statement expected.
src/services/api.ts(606,1): error TS1128: Declaration or statement expected.
src/services/api.ts(619,11): error TS1005: ',' expected.
src/services/api.ts(628,9): error TS1005: ',' expected.
src/services/api.ts(631,10): error TS1005: ',' expected.
src/services/api.ts(634,9): error TS1005: ',' expected.
src/services/api.ts(637,1): error TS1005: ',' expected.
src/services/api.ts(637,14): error TS1005: ':' expected.
src/services/api.ts(660,62): error TS1005: ',' expected.
src/services/api.ts(663,9): error TS1005: ',' expected.
src/services/api.ts(689,6): error TS1005: ',' expected.
src/services/api.ts(692,9): error TS1005: ',' expected.
src/services/api.ts(695,9): error TS1109: Expression expected.
src/services/api.ts(698,1): error TS1005: ',' expected.
src/services/api.ts(698,14): error TS1005: ':' expected.
src/services/api.ts(706,62): error TS1005: ',' expected.
src/services/api.ts(709,9): error TS1005: ',' expected.
src/services/api.ts(721,6): error TS1005: ',' expected.
src/services/api.ts(724,9): error TS1005: ',' expected.
src/services/api.ts(727,9): error TS1109: Expression expected.
src/services/api.ts(730,1): error TS1005: ',' expected.
src/services/api.ts(730,14): error TS1005: ':' expected.
src/services/api.ts(745,75): error TS1005: ',' expected.
src/services/api.ts(748,15): error TS1005: ',' expected.
src/services/api.ts(757,70): error TS1005: ',' expected.
src/services/api.ts(760,7): error TS1005: ',' expected.
src/services/api.ts(770,62): error TS1005: ',' expected.
src/services/api.ts(773,9): error TS1005: ',' expected.
src/services/api.ts(774,69): error TS1005: ',' expected.
src/services/api.ts(777,6): error TS1005: ',' expected.
src/services/api.ts(780,23): error TS1005: ',' expected.
src/services/api.ts(783,3): error TS1135: Argument expression expected.
src/services/api.ts(786,24): error TS1005: ',' expected.
src/services/api.ts(796,86): error TS1005: ',' expected.
src/services/api.ts(799,17): error TS1005: ',' expected.
src/services/api.ts(802,28): error TS1005: ',' expected.
src/services/api.ts(805,84): error TS1005: ',' expected.
src/services/api.ts(808,27): error TS1005: ',' expected.
src/services/api.ts(811,83): error TS1005: ',' expected.
src/services/api.ts(814,25): error TS1005: ',' expected.
src/services/api.ts(818,81): error TS1005: ',' expected.
src/services/api.ts(821,1): error TS1005: ',' expected.
src/services/api.ts(821,14): error TS1005: ':' expected.
src/services/api.ts(828,125): error TS1005: ',' expected.
src/services/api.ts(831,10): error TS1005: ',' expected.
src/services/api.ts(835,9): error TS1005: ',' expected.
src/services/api.ts(836,9): error TS1005: ',' expected.
src/services/api.ts(836,18): error TS1005: ',' expected.
src/services/api.ts(837,5): error TS1005: ',' expected.
src/services/api.ts(839,7): error TS1005: ',' expected.
src/services/api.ts(842,11): error TS1005: ',' expected.
src/services/api.ts(842,21): error TS1005: ',' expected.
src/services/api.ts(843,22): error TS1005: ',' expected.
src/services/api.ts(844,15): error TS1005: ',' expected.
src/services/api.ts(845,23): error TS1005: ',' expected.
src/services/api.ts(846,20): error TS1005: ',' expected.
src/services/api.ts(847,7): error TS1005: ',' expected.
src/services/api.ts(850,7): error TS1005: ',' expected.
src/services/api.ts(850,11): error TS1359: Identifier expected. 'import' is a reserved word that cannot be used here.
src/services/api.ts(850,17): error TS1138: Parameter declaration expected.
src/services/api.ts(850,49): error TS1005: ',' expected.
src/services/api.ts(850,51): error TS1136: Property assignment expected.
src/services/api.ts(851,16): error TS1005: ',' expected.
src/services/api.ts(851,22): error TS1005: ',' expected.
src/services/api.ts(853,11): error TS1005: ')' expected.
src/services/api.ts(854,7): error TS1128: Declaration or statement expected.
src/services/api.ts(856,5): error TS1128: Declaration or statement expected.
src/services/api.ts(856,6): error TS1128: Declaration or statement expected.
src/services/api.ts(857,3): error TS1128: Declaration or statement expected.
src/services/api.ts(857,4): error TS1128: Declaration or statement expected.
src/services/api.ts(863,9): error TS1005: ',' expected.
src/services/api.ts(873,9): error TS1005: ',' expected.
src/services/api.ts(876,14): error TS1005: ',' expected.
src/services/api.ts(879,1): error TS1005: ',' expected.
src/services/api.ts(886,58): error TS1005: ',' expected.
src/services/api.ts(889,10): error TS1005: ',' expected.
src/services/api.ts(892,17): error TS1005: ',' expected.
src/services/api.ts(895,9): error TS1005: ',' expected.
src/services/api.ts(905,9): error TS1005: ',' expected.
src/services/api.ts(908,9): error TS1109: Expression expected.
src/services/api.ts(911,1): error TS1005: ',' expected.
src/services/api.ts(911,14): error TS1005: ':' expected.
src/services/api.ts(918,23): error TS1005: ',' expected.
src/services/api.ts(922,16): error TS1005: ',' expected.
src/services/api.ts(926,1): error TS1005: ',' expected.
src/services/api.ts(926,14): error TS1005: ':' expected.
src/services/api.ts(932,11): error TS1005: ',' expected.
src/services/api.ts(935,1): error TS1005: ',' expected.
src/services/api.ts(935,14): error TS1005: ':' expected.
src/services/api.ts(941,9): error TS1005: ',' expected.
src/services/api.ts(941,17): error TS1005: ',' expected.
src/services/api.ts(942,14): error TS1005: ',' expected.
src/services/api.ts(943,7): error TS1005: ',' expected.
src/services/api.ts(943,8): error TS1128: Declaration or statement expected.
src/services/api.ts(944,6): error TS1005: ',' expected.
src/services/api.ts(945,12): error TS1005: ':' expected.
src/services/api.ts(959,9): error TS1005: ',' expected.
src/services/api.ts(962,11): error TS1005: ',' expected.
src/services/api.ts(963,37): error TS1135: Argument expression expected.
src/services/api.ts(964,5): error TS1005: ',' expected.
src/services/api.ts(965,37): error TS1005: ',' expected.
src/services/api.ts(967,5): error TS1005: ',' expected.
src/services/api.ts(967,12): error TS1005: ':' expected.
src/services/api.ts(968,17): error TS1136: Property assignment expected.
src/services/api.ts(969,9): error TS1005: ',' expected.
src/services/api.ts(971,6): error TS1005: ',' expected.
src/services/api.ts(973,1): error TS1128: Declaration or statement expected.
src/services/api.ts(980,1): error TS1005: ',' expected.
src/services/api.ts(980,14): error TS1005: ':' expected.
src/services/api.ts(987,80): error TS1005: ',' expected.
src/services/api.ts(990,17): error TS1005: ',' expected.
src/services/api.ts(1002,9): error TS1005: ',' expected.
src/services/api.ts(1019,7): error TS1005: ',' expected.
src/services/api.ts(1029,70): error TS1005: ',' expected.
src/services/api.ts(1032,6): error TS1005: ',' expected.
src/services/api.ts(1035,9): error TS1005: ',' expected.
src/services/api.ts(1045,9): error TS1109: Expression expected.
src/services/api.ts(1048,13): error TS1005: ',' expected.
src/services/api.ts(1055,14): error TS1005: ',' expected.
src/services/api.ts(1069,1): error TS1005: ',' expected.
src/services/api.ts(1069,14): error TS1005: ':' expected.
src/services/api.ts(1082,57): error TS1005: ',' expected.
src/services/api.ts(1085,6): error TS1005: ',' expected.
src/services/api.ts(1088,7): error TS1005: ',' expected.
src/services/api.ts(1099,10): error TS1005: ',' expected.
src/services/api.ts(1108,9): error TS1005: ',' expected.
src/services/api.ts(1116,14): error TS1005: ',' expected.
src/services/api.ts(1122,71): error TS1005: ',' expected.
src/services/api.ts(1125,13): error TS1005: ',' expected.
src/services/api.ts(1128,16): error TS1005: ',' expected.
src/services/api.ts(1131,12): error TS1005: ',' expected.
src/services/api.ts(1134,14): error TS1005: ',' expected.
src/services/api.ts(1140,10): error TS1005: ',' expected.
src/services/api.ts(1145,6): error TS1005: '=>' expected.
src/services/api.ts(1157,9): error TS1005: ',' expected.
src/services/api.ts(1165,1): error TS1005: ',' expected.
src/services/api.ts(1165,14): error TS1005: ':' expected.
src/services/api.ts(1178,70): error TS1005: ',' expected.
src/services/api.ts(1181,15): error TS1005: ',' expected.
src/services/api.ts(1193,15): error TS1005: ',' expected.
src/services/api.ts(1205,15): error TS1005: ',' expected.
src/services/api.ts(1208,15): error TS1005: ',' expected.
src/services/api.ts(1211,17): error TS1005: ',' expected.
src/services/api.ts(1215,73): error TS1005: ',' expected.
src/services/api.ts(1218,21): error TS1005: ',' expected.
src/services/api.ts(1226,19): error TS1005: ',' expected.
src/services/api.ts(1233,75): error TS1005: ',' expected.
src/services/api.ts(1236,23): error TS1005: ',' expected.
src/services/api.ts(1238,79): error TS1005: ',' expected.
src/services/api.ts(1241,1): error TS1005: ',' expected.
src/services/api.ts(1241,14): error TS1005: ':' expected.
src/services/api.ts(1250,62): error TS1005: ',' expected.
src/services/api.ts(1253,6): error TS1005: ',' expected.
src/services/api.ts(1256,9): error TS1005: ',' expected.
src/services/api.ts(1266,9): error TS1005: ',' expected.
src/services/api.ts(1275,9): error TS1109: Expression expected.
src/services/api.ts(1278,16): error TS1005: ',' expected.
src/services/api.ts(1283,78): error TS1005: ',' expected.
src/services/api.ts(1286,14): error TS1005: ',' expected.
src/services/api.ts(1297,12): error TS1005: ',' expected.
src/services/api.ts(1300,10): error TS1005: ',' expected.
src/services/api.ts(1306,13): error TS1005: ',' expected.
src/services/api.ts(1312,13): error TS1005: ',' expected.
src/services/api.ts(1315,16): error TS1005: ',' expected.
src/services/api.ts(1317,72): error TS1005: ',' expected.
src/services/api.ts(1320,9): error TS1005: ',' expected.
src/services/api.ts(1320,92): error TS1005: ',' expected.
src/services/api.ts(1323,21): error TS1005: ',' expected.
src/services/api.ts(1327,77): error TS1005: ',' expected.
src/services/api.ts(1330,17): error TS1005: ',' expected.
src/services/api.ts(1338,1): error TS1005: ',' expected.
src/services/api.ts(1338,8): error TS1005: ':' expected.
src/services/api.ts(1338,23): error TS1005: ',' expected.
src/services/api.ts(1340,8): error TS1005: ':' expected.
src/services/api.ts(1340,16): error TS1005: ':' expected.
src/services/api.ts(1340,26): error TS1005: '}' expected.
src/services/errorHandler.ts(85,35): error TS1137: Expression or comma expected.
src/services/errorHandler.ts(91,34): error TS1005: ';' expected.
src/services/errorHandler.ts(92,1): error TS1128: Declaration or statement expected.
src/services/errorHandler.ts(92,2): error TS1128: Declaration or statement expected.
src/services/errorHandler.ts(95,39): error TS1137: Expression or comma expected.
src/services/errorHandler.ts(98,25): error TS1005: ';' expected.
src/services/errorHandler.ts(99,1): error TS1128: Declaration or statement expected.
src/services/errorHandler.ts(99,2): error TS1128: Declaration or statement expected.
src/services/errorHandler.ts(115,71): error TS1136: Property assignment expected.
src/services/errorHandler.ts(115,72): error TS1144: '{' or ';' expected.
src/services/errorHandler.ts(115,73): error TS1068: Unexpected token. A constructor, method, accessor, or property was expected.
src/services/errorHandler.ts(115,75): error TS1068: Unexpected token. A constructor, method, accessor, or property was expected.
src/services/errorHandler.ts(116,11): error TS1005: ':' expected.
src/services/errorHandler.ts(118,5): error TS1005: ',' expected.
src/services/errorHandler.ts(118,9): error TS1005: ',' expected.
src/services/errorHandler.ts(119,5): error TS1005: ',' expected.
src/services/errorHandler.ts(119,9): error TS1005: ',' expected.
src/services/errorHandler.ts(122,5): error TS1005: ',' expected.
src/services/errorHandler.ts(122,14): error TS1005: ',' expected.
src/services/errorHandler.ts(122,23): error TS1005: ',' expected.
src/services/errorHandler.ts(122,25): error TS1136: Property assignment expected.
src/services/errorHandler.ts(144,3): error TS1128: Declaration or statement expected.
src/services/errorHandler.ts(146,29): error TS1005: ',' expected.
src/services/errorHandler.ts(146,42): error TS1005: ',' expected.
src/services/errorHandler.ts(146,75): error TS1136: Property assignment expected.
src/services/errorHandler.ts(146,76): error TS1005: ';' expected.
src/services/errorHandler.ts(146,77): error TS1128: Declaration or statement expected.
src/services/errorHandler.ts(147,11): error TS1005: ':' expected.
src/services/errorHandler.ts(149,5): error TS1005: ',' expected.
src/services/errorHandler.ts(149,11): error TS1005: ':' expected.
src/services/errorHandler.ts(149,24): error TS1005: ',' expected.
src/services/errorHandler.ts(161,5): error TS1005: ',' expected.
src/services/errorHandler.ts(161,21): error TS1005: ',' expected.
src/services/errorHandler.ts(161,30): error TS1005: ',' expected.
src/services/errorHandler.ts(161,32): error TS1136: Property assignment expected.
src/services/errorHandler.ts(167,3): error TS1128: Declaration or statement expected.
src/services/errorHandler.ts(169,29): error TS1005: ',' expected.
src/services/errorHandler.ts(169,42): error TS1005: ',' expected.
src/services/errorHandler.ts(169,75): error TS1136: Property assignment expected.
src/services/errorHandler.ts(169,76): error TS1005: ';' expected.
src/services/errorHandler.ts(169,77): error TS1128: Declaration or statement expected.
src/services/errorHandler.ts(170,11): error TS1005: ':' expected.
src/services/errorHandler.ts(172,5): error TS1005: ',' expected.
src/services/errorHandler.ts(172,11): error TS1005: ':' expected.
src/services/errorHandler.ts(172,24): error TS1005: ',' expected.
src/services/errorHandler.ts(183,5): error TS1005: ',' expected.
src/services/errorHandler.ts(183,21): error TS1005: ',' expected.
src/services/errorHandler.ts(183,30): error TS1005: ',' expected.
src/services/errorHandler.ts(183,32): error TS1136: Property assignment expected.
src/services/errorHandler.ts(189,3): error TS1128: Declaration or statement expected.
src/services/errorHandler.ts(191,3): error TS1128: Declaration or statement expected.
src/services/errorHandler.ts(191,39): error TS1005: ',' expected.
src/services/errorHandler.ts(191,55): error TS1005: ';' expected.
src/services/errorHandler.ts(192,11): error TS1005: ':' expected.
src/services/errorHandler.ts(195,5): error TS1005: ',' expected.
src/services/errorHandler.ts(195,9): error TS1005: ',' expected.
src/services/errorHandler.ts(195,45): error TS1005: ',' expected.
src/services/errorHandler.ts(196,9): error TS1003: Identifier expected.
src/services/errorHandler.ts(196,23): error TS1005: ',' expected.
src/services/errorHandler.ts(196,83): error TS1005: ';' expected.
src/services/errorHandler.ts(203,7): error TS1005: ',' expected.
src/services/errorHandler.ts(203,8): error TS1005: ';' expected.
src/services/errorHandler.ts(208,7): error TS1005: ',' expected.
src/services/errorHandler.ts(208,8): error TS1005: ';' expected.
src/services/errorHandler.ts(212,7): error TS1005: ',' expected.
src/services/errorHandler.ts(212,8): error TS1005: ';' expected.
src/services/errorHandler.ts(214,3): error TS1128: Declaration or statement expected.
src/services/errorHandler.ts(216,3): error TS1128: Declaration or statement expected.
src/services/errorHandler.ts(216,28): error TS1005: ';' expected.
src/services/errorHandler.ts(218,17): error TS1005: ',' expected.
src/services/errorHandler.ts(219,5): error TS1005: ',' expected.
src/services/errorHandler.ts(219,17): error TS1005: ',' expected.
src/services/errorHandler.ts(222,5): error TS1005: ',' expected.
src/services/errorHandler.ts(222,16): error TS1138: Parameter declaration expected.
src/services/errorHandler.ts(222,19): error TS1005: ';' expected.
src/services/errorHandler.ts(226,6): error TS1128: Declaration or statement expected.
src/services/errorHandler.ts(226,12): error TS1005: ';' expected.
src/services/errorHandler.ts(227,3): error TS1128: Declaration or statement expected.
src/services/errorHandler.ts(229,3): error TS1128: Declaration or statement expected.
src/services/errorHandler.ts(229,33): error TS1005: ',' expected.
src/services/errorHandler.ts(229,63): error TS1005: ',' expected.
src/services/errorHandler.ts(229,69): error TS1005: ';' expected.
src/services/errorHandler.ts(231,11): error TS1005: ':' expected.
src/services/errorHandler.ts(231,34): error TS1109: Expression expected.
src/services/errorHandler.ts(232,20): error TS1005: ',' expected.
src/services/errorHandler.ts(237,5): error TS1005: ',' expected.
src/services/errorHandler.ts(243,5): error TS1005: ',' expected.
src/services/errorHandler.ts(243,11): error TS1005: ':' expected.
src/services/errorHandler.ts(244,41): error TS1135: Argument expression expected.
src/services/errorHandler.ts(245,17): error TS1005: ',' expected.
src/services/errorHandler.ts(246,14): error TS1005: ',' expected.
src/services/errorHandler.ts(247,14): error TS1005: ',' expected.
src/services/errorHandler.ts(248,20): error TS1005: ',' expected.
src/services/errorHandler.ts(252,7): error TS1005: ',' expected.
src/services/errorHandler.ts(258,5): error TS1005: ',' expected.
src/services/errorHandler.ts(258,9): error TS1359: Identifier expected. 'import' is a reserved word that cannot be used here.
src/services/errorHandler.ts(258,15): error TS1138: Parameter declaration expected.
src/services/errorHandler.ts(258,47): error TS1005: ',' expected.
src/services/errorHandler.ts(258,49): error TS1136: Property assignment expected.
src/services/errorHandler.ts(261,7): error TS1128: Declaration or statement expected.
src/services/errorHandler.ts(263,82): error TS1005: '}' expected.
src/services/errorHandler.ts(263,83): error TS1005: ';' expected.
src/services/errorHandler.ts(321,2): error TS1160: Unterminated template literal.
src/setupTests.ts(6,21): error TS1135: Argument expression expected.
src/setupTests.ts(7,10): error TS1005: ',' expected.
src/setupTests.ts(7,20): error TS1135: Argument expression expected.
src/setupTests.ts(8,13): error TS1005: ',' expected.
src/setupTests.ts(8,23): error TS1135: Argument expression expected.
src/setupTests.ts(9,8): error TS1005: ',' expected.
src/setupTests.ts(9,19): error TS1005: ')' expected.
src/setupTests.ts(10,7): error TS1005: ',' expected.
src/setupTests.ts(12,17): error TS1005: ',' expected.
src/setupTests.ts(12,18): error TS1005: ',' expected.
src/setupTests.ts(12,19): error TS1136: Property assignment expected.
src/setupTests.ts(16,21): error TS1135: Argument expression expected.
src/setupTests.ts(17,10): error TS1005: ',' expected.
src/setupTests.ts(17,20): error TS1135: Argument expression expected.
src/setupTests.ts(18,13): error TS1005: ',' expected.
src/setupTests.ts(18,23): error TS1135: Argument expression expected.
src/setupTests.ts(19,8): error TS1005: ',' expected.
src/setupTests.ts(19,19): error TS1005: ')' expected.
src/setupTests.ts(20,7): error TS1005: ',' expected.
src/setupTests.ts(22,17): error TS1005: ',' expected.
src/setupTests.ts(22,18): error TS1005: ',' expected.
src/setupTests.ts(22,19): error TS1136: Property assignment expected.
src/setupTests.ts(28,49): error TS1136: Property assignment expected.
src/setupTests.ts(30,11): error TS1005: ',' expected.
src/setupTests.ts(31,1): error TS1135: Argument expression expected.
src/setupTests.ts(34,49): error TS1136: Property assignment expected.
src/setupTests.ts(35,18): error TS1135: Argument expression expected.
src/setupTests.ts(36,11): error TS1005: ',' expected.
src/setupTests.ts(36,19): error TS1128: Declaration or statement expected.
src/setupTests.ts(40,17): error TS1005: ',' expected.
src/setupTests.ts(44,19): error TS1005: ',' expected.
src/setupTests.ts(44,20): error TS1005: ')' expected.
src/setupTests.ts(45,26): error TS1135: Argument expression expected.
src/setupTests.ts(46,19): error TS1005: ',' expected.
src/setupTests.ts(46,29): error TS1135: Argument expression expected.
src/setupTests.ts(47,21): error TS1005: ',' expected.
src/setupTests.ts(47,31): error TS1135: Argument expression expected.
src/setupTests.ts(48,24): error TS1005: ',' expected.
src/setupTests.ts(48,34): error TS1135: Argument expression expected.
src/setupTests.ts(49,18): error TS1005: ',' expected.
src/setupTests.ts(50,1): error TS1135: Argument expression expected.
src/setupTests.ts(50,3): error TS1005: ')' expected.
src/setupTests.ts(54,24): error TS1135: Argument expression expected.
src/utils/fieldConverter.ts(21,37): error TS1005: ';' expected.
src/utils/fieldConverter.ts(21,43): error TS1005: ';' expected.
src/utils/fieldConverter.ts(23,46): error TS1005: ';' expected.
src/utils/fieldConverter.ts(32,61): error TS1005: ',' expected.
src/utils/fieldConverter.ts(35,12): error TS1005: ';' expected.
src/utils/fieldConverter.ts(430,38): error TS1160: Unterminated template literal.
src/utils/format.ts(30,36): error TS1005: ',' expected.
src/utils/format.ts(39,1): error TS1128: Declaration or statement expected.
src/utils/format.ts(46,36): error TS1005: ',' expected.
src/utils/format.ts(48,1): error TS1128: Declaration or statement expected.
src/utils/format.ts(84,54): error TS1005: ',' expected.
src/utils/format.ts(87,1): error TS1128: Declaration or statement expected.
src/utils/format.ts(96,78): error TS1005: ',' expected.
src/utils/format.ts(101,53): error TS1005: ',' expected.
src/utils/format.ts(103,3): error TS1128: Declaration or statement expected.
src/utils/format.ts(103,5): error TS1128: Declaration or statement expected.
src/utils/format.ts(104,53): error TS1005: ',' expected.
src/utils/format.ts(106,3): error TS1128: Declaration or statement expected.
src/utils/format.ts(106,5): error TS1128: Declaration or statement expected.
src/utils/format.ts(107,53): error TS1005: ',' expected.
src/utils/format.ts(109,3): error TS1128: Declaration or statement expected.
src/utils/format.ts(109,5): error TS1128: Declaration or statement expected.
src/utils/format.ts(112,1): error TS1128: Declaration or statement expected.
src/utils/format.ts(138,33): error TS1005: ',' expected.
src/utils/format.ts(138,55): error TS1005: ',' expected.
src/utils/format.ts(138,74): error TS1005: ',' expected.
src/utils/format.ts(151,30): error TS1005: ',' expected.
src/utils/format.ts(151,56): error TS1005: ',' expected.
src/utils/network.ts(72,58): error TS1135: Argument expression expected.
src/utils/network.ts(72,65): error TS1005: ',' expected.
src/utils/network.ts(74,5): error TS1472: 'catch' or 'finally' expected.
src/utils/network.ts(77,5): error TS1005: ',' expected.
src/utils/network.ts(77,6): error TS1005: ',' expected.
src/utils/network.ts(79,17): error TS1005: ',' expected.
src/utils/network.ts(80,24): error TS1005: ';' expected.
src/utils/network.ts(97,22): error TS1137: Expression or comma expected.
src/utils/network.ts(101,3): error TS1128: Declaration or statement expected.
src/utils/pinyinSort.ts(89,68): error TS1005: ';' expected.
src/utils/pinyinSort.ts(114,86): error TS1005: ';' expected.
src/utils/refundReasons.ts(24,62): error TS1005: ',' expected.
src/utils/refundReasons.ts(25,68): error TS1005: '}' expected.
src/utils/refundReasons.ts(28,2): error TS1160: Unterminated template literal.
src/utils/validation.ts(25,66): error TS1005: ',' expected.
src/utils/validation.ts(25,73): error TS1005: ')' expected.
src/utils/validation.ts(46,66): error TS1005: ',' expected.
src/utils/validation.ts(46,73): error TS1005: ')' expected.
src/utils/validation.ts(60,32): error TS1109: Expression expected.
src/utils/validation.ts(62,6): error TS1005: ';' expected.
src/utils/validation.ts(63,13): error TS1005: ';' expected.
src/utils/validation.ts(64,1): error TS1128: Declaration or statement expected.
src/utils/validation.ts(64,2): error TS1128: Declaration or statement expected.
src/utils/validation.ts(66,9): error TS1109: Expression expected.
src/utils/validation.ts(67,3): error TS1128: Declaration or statement expected.
src/utils/validation.ts(71,69): error TS1005: ',' expected.
src/utils/validation.ts(71,87): error TS1005: ')' expected.
src/utils/validation.ts(72,69): error TS1005: ',' expected.
src/utils/validation.ts(72,87): error TS1005: ')' expected.
src/utils/validation.ts(90,1): error TS1131: Property or signature expected.
src/utils/validation.ts(90,2): error TS1005: '=>' expected.
src/utils/validation.ts(90,3): error TS1134: Variable declaration expected.
src/utils/validation.ts(92,3): error TS1005: ',' expected.
src/utils/validation.ts(92,17): error TS1005: ',' expected.
src/utils/validation.ts(92,18): error TS1109: Expression expected.
src/utils/validation.ts(93,1): error TS1005: ':' expected.
src/utils/validation.ts(93,3): error TS1005: ';' expected.
src/utils/validation.ts(112,5): error TS1005: ',' expected.
src/utils/validation.ts(123,64): error TS1005: ',' expected.
src/utils/validation.ts(123,71): error TS1005: ')' expected.
src/utils/validation.ts(144,66): error TS1005: ',' expected.
src/utils/validation.ts(144,73): error TS1005: ')' expected.
src/utils/validation.ts(162,66): error TS1005: ',' expected.
src/utils/validation.ts(162,73): error TS1005: ')' expected.
src/vite-env.d.ts(2,27): error TS1005: '{' expected.
src/vite-env.d.ts(3,3): error TS1128: Declaration or statement expected.
src/vite-env.d.ts(4,3): error TS1128: Declaration or statement expected.
src/vite-env.d.ts(5,3): error TS1128: Declaration or statement expected.
src/vite-env.d.ts(6,3): error TS1128: Declaration or statement expected.
src/vite-env.d.ts(7,1): error TS1128: Declaration or statement expected.
src/vite-env.d.ts(8,23): error TS1005: '{' expected.
src/vite-env.d.ts(9,1): error TS1128: Declaration or statement expected.
