src/middleware/auth.ts(45,9): error TS2561: Object literal may only specify known properties, but 'user_name' does not exist in type 'userSelect<DefaultArgs>'. Did you mean to write 'username'?
src/middleware/auth.ts(69,23): error TS2551: Property 'user_name' does not exist on type '{ name: string; id: string; username: string; email: string | null; password: string; role: user_role; phone: string | null; avatar: string | null; is_active: boolean; last_login_at: Date | null; created_at: Date; updated_at: Date; }'. Did you mean 'username'?
src/middleware/auth.ts(79,9): error TS18046: 'error' is of type 'unknown'.
src/middleware/auth.ts(86,9): error TS18046: 'error' is of type 'unknown'.
src/middleware/errorHandler.ts(14,11): error TS2551: Property 'capture_stack_trace' does not exist on type 'ErrorConstructor'. Did you mean 'captureStackTrace'?
src/middleware/errorHandler.ts(195,13): error TS2552: Cannot find name 'errorCode'. Did you mean 'error_code'?
src/middleware/errorHandler.ts(217,40): error TS2551: Property 'original_url' does not exist on type 'Request<ParamsDictionary, any, any, ParsedQs, Record<string, any>>'. Did you mean 'originalUrl'?
src/routes/ai.ts(4,10): error TS2724: '"../services/ai.js"' has no exported member named 'parse_crystal_purchase_description'. Did you mean 'parseCrystalPurchaseDescription'?
src/routes/ai.ts(4,61): error TS2724: '"../services/ai.js"' has no exported member named 'getAIConfig'. Did you mean 'get_ai_config'?
src/routes/ai.ts(26,18): error TS2304: Cannot find name 'get_ai_config'.
src/routes/ai.ts(48,24): error TS2304: Cannot find name 'parseCrystalPurchaseDescription'.
src/routes/ai.ts(68,24): error TS2304: Cannot find name 'parseCrystalPurchaseDescription'.
src/routes/assistant.ts(4,10): error TS2724: '"../services/ai.js"' has no exported member named 'chat_with_assistant'. Did you mean 'chatWithAssistant'?
src/routes/assistant.ts(4,31): error TS2724: '"../services/ai.js"' has no exported member named 'getBusinessInsights'. Did you mean 'get_business_insights'?
src/routes/assistant.ts(28,26): error TS2304: Cannot find name 'chatWithAssistant'.
src/routes/assistant.ts(75,26): error TS2304: Cannot find name 'get_business_insights'.
src/routes/auth.ts(32,16): error TS2561: Object literal may only specify known properties, but 'user_name' does not exist in type 'userWhereUniqueInput'. Did you mean to write 'username'?
src/routes/auth.ts(59,23): error TS2551: Property 'user_name' does not exist on type '{ name: string; id: string; username: string; email: string | null; password: string; role: user_role; phone: string | null; avatar: string | null; is_active: boolean; last_login_at: Date | null; created_at: Date; updated_at: Date; }'. Did you mean 'username'?
src/routes/auth.ts(74,33): error TS2551: Property 'user_name' does not exist on type '{ name: string; id: string; username: string; email: string | null; password: string; role: user_role; phone: string | null; avatar: string | null; is_active: boolean; last_login_at: Date | null; created_at: Date; updated_at: Date; }'. Did you mean 'username'?
src/routes/auth.ts(93,27): error TS2551: Property 'user_name' does not exist on type '{ name: string; id: string; username: string; email: string | null; password: string; role: user_role; phone: string | null; avatar: string | null; is_active: boolean; last_login_at: Date | null; created_at: Date; updated_at: Date; }'. Did you mean 'username'?
src/routes/auth.ts(159,25): error TS2551: Property 'user_name' does not exist on type '{ name: string; id: string; username: string; email: string | null; password: string; role: user_role; phone: string | null; avatar: string | null; is_active: boolean; last_login_at: Date | null; created_at: Date; updated_at: Date; }'. Did you mean 'username'?
src/routes/customers.ts(58,59): error TS2551: Property 'get_time' does not exist on type 'Date'. Did you mean 'getTime'?
src/routes/customers.ts(60,9): error TS2304: Cannot find name 'daysSinceLastPurchase'.
src/routes/customers.ts(61,9): error TS2304: Cannot find name 'daysSinceLastPurchase'.
src/routes/customers.ts(62,9): error TS2304: Cannot find name 'daysSinceLastPurchase'.
src/routes/customers.ts(63,9): error TS2304: Cannot find name 'daysSinceLastPurchase'.
src/routes/customers.ts(134,9): error TS2322: Type '{ total_price: true; }' is not assignable to type 'never'.
src/routes/customers.ts(207,50): error TS2304: Cannot find name 'activeCustomers'.
src/routes/customers.ts(208,76): error TS2339: Property 'Sum' does not exist on type 'GetCustomer_purchaseAggregateType<{ where: {}; Sum: { total_price: boolean; }; }>'.
src/routes/customers.ts(209,57): error TS2304: Cannot find name 'repeatCustomers'.
src/routes/customers.ts(213,49): error TS2304: Cannot find name 'totalRefunds'.
src/routes/customers.ts(221,43): error TS2339: Property 'Sum' does not exist on type 'GetCustomer_purchaseAggregateType<{ where: {}; Sum: { total_price: boolean; }; }>'.
src/routes/customers.ts(228,24): error TS2304: Cannot find name 'newCustomers'.
src/routes/customers.ts(229,27): error TS2304: Cannot find name 'repeatCustomers'.
src/routes/customers.ts(230,24): error TS2304: Cannot find name 'vipCustomers'.
src/routes/customers.ts(231,27): error TS2304: Cannot find name 'activeCustomers'.
src/routes/customers.ts(232,29): error TS2304: Cannot find name 'inactiveCustomers'.
src/routes/customers.ts(555,9): error TS2561: Object literal may only specify known properties, but 'Count' does not exist in type 'customerInclude<DefaultArgs>'. Did you mean to write '_count'?
src/routes/customers.ts(572,39): error TS2339: Property 'purchases' does not exist on type '{ name: string; id: string; phone: string; created_at: Date; updated_at: Date; notes: string | null; address: string | null; birthday: Date | null; first_purchase_date: Date | null; ... 13 more ...; wechat: string | null; }'.
src/routes/customers.ts(572,60): error TS2339: Property 'purchases' does not exist on type '{ name: string; id: string; phone: string; created_at: Date; updated_at: Date; notes: string | null; address: string | null; birthday: Date | null; first_purchase_date: Date | null; ... 13 more ...; wechat: string | null; }'.
src/routes/customers.ts(575,40): error TS2339: Property 'purchases' does not exist on type '{ name: string; id: string; phone: string; created_at: Date; updated_at: Date; notes: string | null; address: string | null; birthday: Date | null; first_purchase_date: Date | null; ... 13 more ...; wechat: string | null; }'.
src/routes/customers.ts(576,16): error TS2339: Property 'purchases' does not exist on type '{ name: string; id: string; phone: string; created_at: Date; updated_at: Date; notes: string | null; address: string | null; birthday: Date | null; first_purchase_date: Date | null; ... 13 more ...; wechat: string | null; }'.
src/routes/customers.ts(576,33): error TS7006: Parameter 'purchase' implicitly has an 'any' type.
src/routes/customers.ts(579,42): error TS2339: Property 'purchases' does not exist on type '{ name: string; id: string; phone: string; created_at: Date; updated_at: Date; notes: string | null; address: string | null; birthday: Date | null; first_purchase_date: Date | null; ... 13 more ...; wechat: string | null; }'.
src/routes/customers.ts(580,16): error TS2339: Property 'purchases' does not exist on type '{ name: string; id: string; phone: string; created_at: Date; updated_at: Date; notes: string | null; address: string | null; birthday: Date | null; first_purchase_date: Date | null; ... 13 more ...; wechat: string | null; }'.
src/routes/customers.ts(580,33): error TS7006: Parameter 'purchase' implicitly has an 'any' type.
src/routes/customers.ts(615,53): error TS2551: Property 'to_lower_case' does not exist on type 'string'. Did you mean 'toLowerCase'?
src/routes/customers.ts(676,36): error TS2367: This comparison appears to be unintentional because the types 'string | false | ParsedQs | (string | ParsedQs)[]' and 'true' have no overlap.
src/routes/customers.ts(946,7): error TS2561: Object literal may only specify known properties, but 'Count' does not exist in type 'customerInclude<DefaultArgs>'. Did you mean to write '_count'?
src/routes/customers.ts(960,16): error TS2339: Property 'Count' does not exist on type '{ name: string; id: string; phone: string; created_at: Date; updated_at: Date; notes: string | null; address: string | null; birthday: Date | null; first_purchase_date: Date | null; ... 13 more ...; wechat: string | null; }'.
src/routes/customers.ts(1002,7): error TS2322: Type '{ purchase_date: string; }' is not assignable to type 'never'.
src/routes/customers.ts(1104,18): error TS2551: Property 'random_u_u_i_d' does not exist on type 'typeof import("crypto")'. Did you mean 'randomUUID'?
src/routes/customers.ts(1151,11): error TS2561: Object literal may only specify known properties, but 'user_name' does not exist in type 'userSelect<DefaultArgs>'. Did you mean to write 'username'?
src/routes/customers.ts(1207,11): error TS2561: Object literal may only specify known properties, but 'user_name' does not exist in type 'userSelect<DefaultArgs>'. Did you mean to write 'username'?
src/routes/customers.ts(1321,9): error TS2353: Object literal may only specify known properties, and 'type' does not exist in type '(Without<financial_recordCreateInput, financial_recordUncheckedCreateInput> & financial_recordUncheckedCreateInput) | (Without<...> & financial_recordCreateInput)'.
src/routes/financial.ts(55,35): error TS2561: Object literal may only specify known properties, but 'user_name' does not exist in type 'userSelect<DefaultArgs>'. Did you mean to write 'username'?
src/routes/financial.ts(65,38): error TS2561: Object literal may only specify known properties, but 'user_name' does not exist in type 'userSelect<DefaultArgs>'. Did you mean to write 'username'?
src/routes/financial.ts(80,35): error TS2561: Object literal may only specify known properties, but 'user_name' does not exist in type 'userSelect<DefaultArgs>'. Did you mean to write 'username'?
src/routes/financial.ts(89,7): error TS2353: Object literal may only specify known properties, and 'type' does not exist in type 'financial_recordWhereInput'.
src/routes/financial.ts(95,35): error TS2561: Object literal may only specify known properties, but 'user_name' does not exist in type 'userSelect<DefaultArgs>'. Did you mean to write 'username'?
src/routes/financial.ts(122,31): error TS2339: Property 'supplier' does not exist on type '{ id: string; created_at: Date; updated_at: Date; user_id: string; status: purchase_status; unit_price: Decimal | null; purchase_code: string; product_name: string; ... 21 more ...; last_edited_by_id: string | null; }'.
src/routes/financial.ts(125,22): error TS2339: Property 'user' does not exist on type '{ id: string; created_at: Date; updated_at: Date; user_id: string; status: purchase_status; unit_price: Decimal | null; purchase_code: string; product_name: string; ... 21 more ...; last_edited_by_id: string | null; }'.
src/routes/financial.ts(126,22): error TS2339: Property 'user' does not exist on type '{ id: string; created_at: Date; updated_at: Date; user_id: string; status: purchase_status; unit_price: Decimal | null; purchase_code: string; product_name: string; ... 21 more ...; last_edited_by_id: string | null; }'.
src/routes/financial.ts(127,29): error TS2339: Property 'user' does not exist on type '{ id: string; created_at: Date; updated_at: Date; user_id: string; status: purchase_status; unit_price: Decimal | null; purchase_code: string; product_name: string; ... 21 more ...; last_edited_by_id: string | null; }'.
src/routes/financial.ts(128,29): error TS2339: Property 'user' does not exist on type '{ id: string; created_at: Date; updated_at: Date; user_id: string; status: purchase_status; unit_price: Decimal | null; purchase_code: string; product_name: string; ... 21 more ...; last_edited_by_id: string | null; }'.
src/routes/financial.ts(149,19): error TS2339: Property 'creator' does not exist on type '{ id: string; created_at: Date; updated_at: Date; status: sku_status; total_cost: Decimal | null; total_value: Decimal; total_quantity: number; ... 14 more ...; material_signature: JsonValue; }'.
src/routes/financial.ts(150,19): error TS2339: Property 'creator' does not exist on type '{ id: string; created_at: Date; updated_at: Date; status: sku_status; total_cost: Decimal | null; total_value: Decimal; total_quantity: number; ... 14 more ...; material_signature: JsonValue; }'.
src/routes/financial.ts(151,26): error TS2339: Property 'creator' does not exist on type '{ id: string; created_at: Date; updated_at: Date; status: sku_status; total_cost: Decimal | null; total_value: Decimal; total_quantity: number; ... 14 more ...; material_signature: JsonValue; }'.
src/routes/financial.ts(152,26): error TS2339: Property 'creator' does not exist on type '{ id: string; created_at: Date; updated_at: Date; status: sku_status; total_cost: Decimal | null; total_value: Decimal; total_quantity: number; ... 14 more ...; material_signature: JsonValue; }'.
src/routes/financial.ts(173,38): error TS2339: Property 'sku' does not exist on type '{ id: string; created_at: Date; user_id: string; action: sku_action; notes: string | null; sku_id: string; reference_type: reference_type; reference_id: string | null; quantity_change: number; quantity_before: number; quantity_after: number; }'.
src/routes/financial.ts(181,19): error TS2339: Property 'user' does not exist on type '{ id: string; created_at: Date; user_id: string; action: sku_action; notes: string | null; sku_id: string; reference_type: reference_type; reference_id: string | null; quantity_change: number; quantity_before: number; quantity_after: number; }'.
src/routes/financial.ts(182,19): error TS2339: Property 'user' does not exist on type '{ id: string; created_at: Date; user_id: string; action: sku_action; notes: string | null; sku_id: string; reference_type: reference_type; reference_id: string | null; quantity_change: number; quantity_before: number; quantity_after: number; }'.
src/routes/financial.ts(183,26): error TS2339: Property 'user' does not exist on type '{ id: string; created_at: Date; user_id: string; action: sku_action; notes: string | null; sku_id: string; reference_type: reference_type; reference_id: string | null; quantity_change: number; quantity_before: number; quantity_after: number; }'.
src/routes/financial.ts(184,26): error TS2339: Property 'user' does not exist on type '{ id: string; created_at: Date; user_id: string; action: sku_action; notes: string | null; sku_id: string; reference_type: reference_type; reference_id: string | null; quantity_change: number; quantity_before: number; quantity_after: number; }'.
src/routes/financial.ts(222,52): error TS2551: Property 'get_time' does not exist on type 'Date'. Did you mean 'getTime'?
src/routes/financial.ts(222,88): error TS2551: Property 'get_time' does not exist on type 'Date'. Did you mean 'getTime'?
src/routes/financial.ts(267,35): error TS2561: Object literal may only specify known properties, but 'user_name' does not exist in type 'userSelect<DefaultArgs>'. Did you mean to write 'username'?
src/routes/financial.ts(277,38): error TS2561: Object literal may only specify known properties, but 'user_name' does not exist in type 'userSelect<DefaultArgs>'. Did you mean to write 'username'?
src/routes/financial.ts(292,35): error TS2561: Object literal may only specify known properties, but 'user_name' does not exist in type 'userSelect<DefaultArgs>'. Did you mean to write 'username'?
src/routes/financial.ts(399,26): error TS2339: Property 'supplier' does not exist on type '{ id: string; created_at: Date; updated_at: Date; user_id: string; status: purchase_status; unit_price: Decimal | null; purchase_code: string; product_name: string; ... 21 more ...; last_edited_by_id: string | null; }'.
src/routes/financial.ts(432,63): error TS2551: Property 'to_fixed' does not exist on type 'number'. Did you mean 'toFixed'?
src/routes/financial.ts(432,97): error TS2551: Property 'to_fixed' does not exist on type 'number'. Did you mean 'toFixed'?
src/routes/financial.ts(450,26): error TS2304: Cannot find name 'laborCost'.
src/routes/financial.ts(450,38): error TS2304: Cannot find name 'craftCost'.
src/routes/financial.ts(457,38): error TS2339: Property 'sku' does not exist on type '{ id: string; created_at: Date; user_id: string; action: sku_action; notes: string | null; sku_id: string; reference_type: reference_type; reference_id: string | null; quantity_change: number; quantity_before: number; quantity_after: number; }'.
src/routes/financial.ts(458,32): error TS2339: Property 'sku' does not exist on type '{ id: string; created_at: Date; user_id: string; action: sku_action; notes: string | null; sku_id: string; reference_type: reference_type; reference_id: string | null; quantity_change: number; quantity_before: number; quantity_after: number; }'.
src/routes/financial.ts(458,98): error TS2551: Property 'to_fixed' does not exist on type 'number'. Did you mean 'toFixed'?
src/routes/financial.ts(458,132): error TS2551: Property 'to_fixed' does not exist on type 'number'. Did you mean 'toFixed'?
src/routes/financial.ts(473,143): error TS2551: Property 'to_fixed' does not exist on type 'number'. Did you mean 'toFixed'?
src/routes/financial.ts(486,148): error TS2551: Property 'to_fixed' does not exist on type 'number'. Did you mean 'toFixed'?
src/routes/financial.ts(522,35): error TS2551: Property 'get_time' does not exist on type 'Date'. Did you mean 'getTime'?
src/routes/financial.ts(522,71): error TS2551: Property 'get_time' does not exist on type 'Date'. Did you mean 'getTime'?
src/routes/financial.ts(560,73): error TS2551: Property 'index_of' does not exist on type 'string'. Did you mean 'indexOf'?
src/routes/financial.ts(615,66): error TS2551: Property 'Sum' does not exist on type 'GetPurchaseAggregateType<{ where: { purchase_date: { gte: Date; lte: Date; }; }; _sum: { total_price: true; }; }>'. Did you mean '_sum'?
src/routes/financial.ts(707,63): error TS2551: Property 'Sum' does not exist on type 'GetPurchaseAggregateType<{ where: { purchase_date: { gte: Date; }; }; _sum: { total_price: true; }; }>'. Did you mean '_sum'?
src/routes/financial.ts(708,61): error TS2551: Property 'Sum' does not exist on type 'GetPurchaseAggregateType<{ where: { purchase_date: { gte: Date; }; }; _sum: { total_price: true; }; }>'. Did you mean '_sum'?
src/routes/financial.ts(716,7): error TS2353: Object literal may only specify known properties, and 'type' does not exist in type 'financial_recordWhereInput'.
src/routes/financial.ts(729,7): error TS2353: Object literal may only specify known properties, and 'type' does not exist in type 'financial_recordWhereInput'.
src/routes/financial.ts(742,7): error TS2353: Object literal may only specify known properties, and 'type' does not exist in type 'financial_recordWhereInput'.
src/routes/financial.ts(755,7): error TS2353: Object literal may only specify known properties, and 'type' does not exist in type 'financial_recordWhereInput'.
src/routes/financial.ts(767,47): error TS18048: 'monthlyRefundRecords._sum' is possibly 'undefined'.
src/routes/financial.ts(768,46): error TS18048: 'yearlyRefundRecords._sum' is possibly 'undefined'.
src/routes/financial.ts(770,32): error TS18048: 'monthlyIncomeRecords._sum' is possibly 'undefined'.
src/routes/financial.ts(771,31): error TS18048: 'yearlyIncomeRecords._sum' is possibly 'undefined'.
src/routes/financial.ts(778,7): error TS2353: Object literal may only specify known properties, and 'type' does not exist in type 'financial_recordWhereInput'.
src/routes/financial.ts(790,7): error TS2353: Object literal may only specify known properties, and 'type' does not exist in type 'financial_recordWhereInput'.
src/routes/financial.ts(806,5): error TS2322: Type '{ total_price: true; }' is not assignable to type 'never'.
src/routes/financial.ts(812,45): error TS18048: 'todayRefundRecords._sum' is possibly 'undefined'.
src/routes/financial.ts(813,30): error TS18048: 'todayIncomeRecords._sum' is possibly 'undefined'.
src/routes/financial.ts(814,52): error TS2339: Property '_sum' does not exist on type 'GetPurchaseAggregateType<{ where: { purchase_date: { gte: Date; }; }; Sum: { total_price: boolean; }; }>'.
src/routes/financial.ts(992,41): error TS2304: Cannot find name 'destroyedQuantity'.
src/routes/financial.ts(1177,41): error TS2304: Cannot find name 'destroyedQuantity'.
src/routes/financial.ts(1201,5): error TS2322: Type '{ total_price: true; }' is not assignable to type 'never'.
src/routes/financial.ts(1232,22): error TS2339: Property '_sum' does not exist on type 'PickEnumerable<PurchaseGroupByOutputType, "material_type"[]> & {}'.
src/routes/financial.ts(1299,7): error TS2561: Object literal may only specify known properties, but 'inventoryLogs' does not exist in type 'product_skuSelect<DefaultArgs>'. Did you mean to write 'inventory_logs'?
src/routes/financial.ts(1326,24): error TS2304: Cannot find name 'unitCost'.
src/routes/financial.ts(1327,21): error TS2304: Cannot find name 'totalCost'.
src/routes/financial.ts(1331,13): error TS2339: Property 'inventoryLogs' does not exist on type '{ id: string; created_at: Date; updated_at: Date; status: sku_status; total_cost: Decimal | null; total_value: Decimal; total_quantity: number; ... 14 more ...; material_signature: JsonValue; }'.
src/routes/financial.ts(1331,34): error TS2339: Property 'inventoryLogs' does not exist on type '{ id: string; created_at: Date; updated_at: Date; status: sku_status; total_cost: Decimal | null; total_value: Decimal; total_quantity: number; ... 14 more ...; material_signature: JsonValue; }'.
src/routes/financial.ts(1332,30): error TS2339: Property 'inventoryLogs' does not exist on type '{ id: string; created_at: Date; updated_at: Date; status: sku_status; total_cost: Decimal | null; total_value: Decimal; total_quantity: number; ... 14 more ...; material_signature: JsonValue; }'.
src/routes/financial.ts(1336,23): error TS2304: Cannot find name 'totalCost'.
src/routes/health.ts(4,10): error TS2724: '"../services/database"' has no exported member named 'check_database_health'. Did you mean 'checkDatabaseHealth'?
src/routes/health.ts(5,10): error TS2724: '"../services/ai"' has no exported member named 'check_a_i_health'. Did you mean 'checkAIHealth'?
src/routes/health.ts(6,10): error TS2724: '"../utils/network"' has no exported member named 'check_network_health'. Did you mean 'checkNetworkHealth'?
src/routes/health.ts(21,46): error TS2551: Property 'heap_used' does not exist on type 'MemoryUsage'. Did you mean 'heapUsed'?
src/routes/health.ts(22,47): error TS2551: Property 'heap_total' does not exist on type 'MemoryUsage'. Did you mean 'heapTotal'?
src/routes/health.ts(44,5): error TS2552: Cannot find name 'checkDatabaseHealth'. Did you mean 'check_database_health'?
src/routes/health.ts(45,5): error TS2552: Cannot find name 'checkAIHealth'. Did you mean 'check_a_i_health'?
src/routes/health.ts(46,5): error TS2552: Cannot find name 'checkNetworkHealth'. Did you mean 'networkHealth'?
src/routes/health.ts(106,26): error TS2552: Cannot find name 'checkDatabaseHealth'. Did you mean 'check_database_health'?
src/routes/inventory.ts(6,26): error TS2724: '"../utils/validation.js"' has no exported member named 'material_typeSchema'. Did you mean 'material_type_schema'?
src/routes/inventory.ts(327,39): error TS2551: Property '$query_raw_unsafe' does not exist on type 'PrismaClient<PrismaClientOptions, never, DefaultArgs>'. Did you mean '$queryRawUnsafe'?
src/routes/inventory.ts(349,14): error TS2304: Cannot find name 'material_typesArray'.
src/routes/inventory.ts(357,11): error TS2304: Cannot find name 'lowStockOnly'.
src/routes/inventory.ts(418,36): error TS2304: Cannot find name 'remainingQuantity'.
src/routes/inventory.ts(419,52): error TS2304: Cannot find name 'isLowStock'.
src/routes/inventory.ts(452,32): error TS2304: Cannot find name 'remainingQuantity'.
src/routes/inventory.ts(453,54): error TS2304: Cannot find name 'isLowStock'.
src/routes/inventory.ts(455,32): error TS2304: Cannot find name 'remainingQuantity'.
src/routes/inventory.ts(456,54): error TS2304: Cannot find name 'isLowStock'.
src/routes/inventory.ts(589,7): error TS2304: Cannot find name 'lowStockOnly'.
src/routes/inventory.ts(651,14): error TS2551: Property '$query_raw_unsafe' does not exist on type 'PrismaClient<PrismaClientOptions, never, DefaultArgs>'. Did you mean '$queryRawUnsafe'?
src/routes/inventory.ts(652,14): error TS2551: Property '$query_raw_unsafe' does not exist on type 'PrismaClient<PrismaClientOptions, never, DefaultArgs>'. Did you mean '$queryRawUnsafe'?
src/routes/inventory.ts(712,40): error TS2551: Property '$query_raw_unsafe' does not exist on type 'PrismaClient<PrismaClientOptions, never, DefaultArgs>'. Did you mean '$queryRawUnsafe'?
src/routes/inventory.ts(741,38): error TS2304: Cannot find name 'remainingBeads'.
src/routes/inventory.ts(756,30): error TS2304: Cannot find name 'remainingBeads'.
src/routes/inventory.ts(894,7): error TS2304: Cannot find name 'lowStockOnly'.
src/routes/inventory.ts(960,14): error TS2551: Property '$query_raw_unsafe' does not exist on type 'PrismaClient<PrismaClientOptions, never, DefaultArgs>'. Did you mean '$queryRawUnsafe'?
src/routes/inventory.ts(961,14): error TS2551: Property '$query_raw_unsafe' does not exist on type 'PrismaClient<PrismaClientOptions, never, DefaultArgs>'. Did you mean '$queryRawUnsafe'?
src/routes/inventory.ts(1034,34): error TS2551: Property '$query_raw_unsafe' does not exist on type 'PrismaClient<PrismaClientOptions, never, DefaultArgs>'. Did you mean '$queryRawUnsafe'?
src/routes/inventory.ts(1127,9): error TS2304: Cannot find name 'specificationMin'.
src/routes/inventory.ts(1131,9): error TS2304: Cannot find name 'specificationMax'.
src/routes/inventory.ts(1212,14): error TS2551: Property '$query_raw_unsafe' does not exist on type 'PrismaClient<PrismaClientOptions, never, DefaultArgs>'. Did you mean '$queryRawUnsafe'?
src/routes/inventory.ts(1213,14): error TS2551: Property '$query_raw_unsafe' does not exist on type 'PrismaClient<PrismaClientOptions, never, DefaultArgs>'. Did you mean '$queryRawUnsafe'?
src/routes/inventory.ts(1337,36): error TS2551: Property '$query_raw_unsafe' does not exist on type 'PrismaClient<PrismaClientOptions, never, DefaultArgs>'. Did you mean '$queryRawUnsafe'?
src/routes/inventory.ts(1433,38): error TS2551: Property '$query_raw_unsafe' does not exist on type 'PrismaClient<PrismaClientOptions, never, DefaultArgs>'. Did you mean '$queryRawUnsafe'?
src/routes/inventory.ts(1467,66): error TS2551: Property 'to_fixed' does not exist on type 'number'. Did you mean 'toFixed'?
src/routes/inventory.ts(1475,63): error TS2551: Property 'to_fixed' does not exist on type 'number'. Did you mean 'toFixed'?
src/routes/inventory.ts(1592,42): error TS2551: Property '$query_raw_unsafe' does not exist on type 'PrismaClient<PrismaClientOptions, never, DefaultArgs>'. Did you mean '$queryRawUnsafe'?
src/routes/inventory.ts(1664,7): error TS2304: Cannot find name 'material_typeCondition'.
src/routes/inventory.ts(1688,1156): error TS2304: Cannot find name 'material_typeCondition'.
src/routes/inventory.ts(1709,38): error TS2551: Property '$query_raw_unsafe' does not exist on type 'PrismaClient<PrismaClientOptions, never, DefaultArgs>'. Did you mean '$queryRawUnsafe'?
src/routes/inventory.ts(1715,21): error TS2304: Cannot find name 'totalCount'.
src/routes/inventory.ts(1715,79): error TS2551: Property 'to_fixed' does not exist on type 'number'. Did you mean 'toFixed'?
src/routes/inventory.ts(1776,12): error TS2304: Cannot find name 'material_typeCondition'.
src/routes/inventory.ts(1786,36): error TS2551: Property '$query_raw_unsafe' does not exist on type 'PrismaClient<PrismaClientOptions, never, DefaultArgs>'. Did you mean '$queryRawUnsafe'?
src/routes/inventory.ts(1905,33): error TS2551: Property '$query_raw_unsafe' does not exist on type 'PrismaClient<PrismaClientOptions, never, DefaultArgs>'. Did you mean '$queryRawUnsafe'?
src/routes/inventory.ts(2003,33): error TS2551: Property '$query_raw_unsafe' does not exist on type 'PrismaClient<PrismaClientOptions, never, DefaultArgs>'. Did you mean '$queryRawUnsafe'?
src/routes/inventory.ts(2053,33): error TS2551: Property '$query_raw_unsafe' does not exist on type 'PrismaClient<PrismaClientOptions, never, DefaultArgs>'. Did you mean '$queryRawUnsafe'?
src/routes/inventory.ts(2132,37): error TS2551: Property '$query_raw_unsafe' does not exist on type 'PrismaClient<PrismaClientOptions, never, DefaultArgs>'. Did you mean '$queryRawUnsafe'?
src/routes/materials.ts(82,9): error TS2304: Cannot find name 'purchaseId'.
src/routes/materials.ts(104,15): error TS2561: Object literal may only specify known properties, but 'user_name' does not exist in type 'userSelect<DefaultArgs>'. Did you mean to write 'username'?
src/routes/materials.ts(169,13): error TS2561: Object literal may only specify known properties, but 'user_name' does not exist in type 'userSelect<DefaultArgs>'. Did you mean to write 'username'?
src/routes/materials.ts(303,13): error TS2561: Object literal may only specify known properties, but 'user_name' does not exist in type 'userSelect<DefaultArgs>'. Did you mean to write 'username'?
src/routes/materials.ts(382,13): error TS2561: Object literal may only specify known properties, but 'user_name' does not exist in type 'userSelect<DefaultArgs>'. Did you mean to write 'username'?
src/routes/materials.ts(485,7): error TS2322: Type '{ total_cost: true; }' is not assignable to type 'never'.
src/routes/materials.ts(497,9): error TS18004: No value exists in scope for the shorthand property 'activeCount'. Either declare one or provide an initializer.
src/routes/materials.ts(498,9): error TS18004: No value exists in scope for the shorthand property 'depletedCount'. Either declare one or provide an initializer.
src/routes/materials.ts(499,9): error TS18004: No value exists in scope for the shorthand property 'semiFinishedCount'. Either declare one or provide an initializer.
src/routes/materials.ts(500,9): error TS18004: No value exists in scope for the shorthand property 'finishedCount'. Either declare one or provide an initializer.
src/routes/materials.ts(501,34): error TS2339: Property 'Sum' does not exist on type 'GetMaterialAggregateType<{ Sum: { total_cost: boolean; }; where: { status: "ACTIVE"; }; }>'.
src/routes/products.ts(59,9): error TS2304: Cannot find name 'material_typesArray'.
src/routes/products.ts(61,9): error TS2304: Cannot find name 'material_typesArray'.
src/routes/products.ts(66,28): error TS2304: Cannot find name 'material_typesArray'.
src/routes/products.ts(140,42): error TS2551: Property '$query_raw_unsafe' does not exist on type 'PrismaClient<PrismaClientOptions, never, DefaultArgs>'. Did you mean '$queryRawUnsafe'?
src/routes/products.ts(268,11): error TS2561: Object literal may only specify known properties, but 'user_name' does not exist in type 'userSelect<DefaultArgs>'. Did you mean to write 'username'?
src/routes/products.ts(337,11): error TS2561: Object literal may only specify known properties, but 'user_name' does not exist in type 'userSelect<DefaultArgs>'. Did you mean to write 'username'?
src/routes/products.ts(424,27): error TS2304: Cannot find name 'restoredMaterials'.
src/routes/products.ts(486,26): error TS2304: Cannot find name 'materialCost'.
src/routes/products.ts(574,9): error TS2304: Cannot find name 'usedQuantity'.
src/routes/products.ts(580,9): error TS2304: Cannot find name 'usedQuantity'.
src/routes/products.ts(633,9): error TS2304: Cannot find name 'material_usagesForSku'.
src/routes/products.ts(650,29): error TS2304: Cannot find name 'material_usagesForSku'.
src/routes/products.ts(669,24): error TS2304: Cannot find name 'material_usagesForSku'.
src/routes/products.ts(899,28): error TS2304: Cannot find name 'material_usagesForSku'.
src/routes/purchases.ts(795,43): error TS2551: Property '$query_raw_unsafe' does not exist on type 'PrismaClient<PrismaClientOptions, never, DefaultArgs>'. Did you mean '$queryRawUnsafe'?
src/routes/purchases.ts(862,43): error TS2551: Property '$query_raw_unsafe' does not exist on type 'PrismaClient<PrismaClientOptions, never, DefaultArgs>'. Did you mean '$queryRawUnsafe'?
src/routes/purchases.ts(927,43): error TS2551: Property '$query_raw_unsafe' does not exist on type 'PrismaClient<PrismaClientOptions, never, DefaultArgs>'. Did you mean '$queryRawUnsafe'?
src/routes/purchases.ts(993,11): error TS2561: Object literal may only specify known properties, but 'user_name' does not exist in type 'userSelect<DefaultArgs>'. Did you mean to write 'username'?
src/routes/purchases.ts(1131,7): error TS2304: Cannot find name 'pricePerPiece'.
src/routes/purchases.ts(1132,20): error TS2304: Cannot find name 'pricePerPiece'.
src/routes/purchases.ts(1137,7): error TS2304: Cannot find name 'pricePerPiece'.
src/routes/purchases.ts(1138,20): error TS2304: Cannot find name 'pricePerPiece'.
src/routes/purchases.ts(1182,24): error TS2304: Cannot find name 'pricePerPiece'.
src/routes/purchases.ts(1199,11): error TS2561: Object literal may only specify known properties, but 'user_name' does not exist in type 'userSelect<DefaultArgs>'. Did you mean to write 'username'?
src/routes/purchases.ts(1217,9): error TS2353: Object literal may only specify known properties, and 'type' does not exist in type '(Without<financial_recordCreateInput, financial_recordUncheckedCreateInput> & financial_recordUncheckedCreateInput) | (Without<...> & financial_recordCreateInput)'.
src/routes/purchases.ts(1253,11): error TS2561: Object literal may only specify known properties, but 'user_name' does not exist in type 'userSelect<DefaultArgs>'. Did you mean to write 'username'?
src/routes/purchases.ts(1338,11): error TS2561: Object literal may only specify known properties, but 'user_name' does not exist in type 'userSelect<DefaultArgs>'. Did you mean to write 'username'?
src/routes/purchases.ts(1362,24): error TS2339: Property 'material_usages' does not exist on type '{ id: string; created_at: Date; updated_at: Date; user_id: string; status: purchase_status; unit_price: Decimal | null; purchase_code: string; product_name: string; ... 21 more ...; last_edited_by_id: string | null; }'.
src/routes/purchases.ts(1362,60): error TS2339: Property 'material_usages' does not exist on type '{ id: string; created_at: Date; updated_at: Date; user_id: string; status: purchase_status; unit_price: Decimal | null; purchase_code: string; product_name: string; ... 21 more ...; last_edited_by_id: string | null; }'.
src/routes/purchases.ts(1363,45): error TS2339: Property 'material_usages' does not exist on type '{ id: string; created_at: Date; updated_at: Date; user_id: string; status: purchase_status; unit_price: Decimal | null; purchase_code: string; product_name: string; ... 21 more ...; last_edited_by_id: string | null; }'.
src/routes/purchases.ts(1363,65): error TS7006: Parameter 'usage' implicitly has an 'any' type.
src/routes/purchases.ts(1368,42): error TS2339: Property 'material_usages' does not exist on type '{ id: string; created_at: Date; updated_at: Date; user_id: string; status: purchase_status; unit_price: Decimal | null; purchase_code: string; product_name: string; ... 21 more ...; last_edited_by_id: string | null; }'.
src/routes/purchases.ts(1368,62): error TS7006: Parameter 'usage' implicitly has an 'any' type.
src/routes/purchases.ts(1524,46): error TS2339: Property 'supplier' does not exist on type '{ id: string; created_at: Date; updated_at: Date; user_id: string; status: purchase_status; unit_price: Decimal | null; purchase_code: string; product_name: string; ... 21 more ...; last_edited_by_id: string | null; }'.
src/routes/purchases.ts(1548,11): error TS2561: Object literal may only specify known properties, but 'user_name' does not exist in type 'userSelect<DefaultArgs>'. Did you mean to write 'username'?
src/routes/purchases.ts(1555,11): error TS2561: Object literal may only specify known properties, but 'user_name' does not exist in type 'userSelect<DefaultArgs>'. Did you mean to write 'username'?
src/routes/purchases.ts(1572,33): error TS2551: Property 'to_locale_string' does not exist on type 'Date'. Did you mean 'toLocaleString'?
src/routes/purchases.ts(1597,9): error TS2561: Object literal may only specify known properties, but 'changedFields' does not exist in type 'Without<edit_logCreateInput, edit_logUncheckedCreateInput> & edit_logUncheckedCreateInput'. Did you mean to write 'changed_fields'?
src/routes/purchases.ts(1637,11): error TS2561: Object literal may only specify known properties, but 'user_name' does not exist in type 'userSelect<DefaultArgs>'. Did you mean to write 'username'?
src/routes/purchases.ts(1669,24): error TS2339: Property 'material_usages' does not exist on type '{ id: string; created_at: Date; updated_at: Date; user_id: string; status: purchase_status; unit_price: Decimal | null; purchase_code: string; product_name: string; ... 21 more ...; last_edited_by_id: string | null; }'.
src/routes/purchases.ts(1669,60): error TS2339: Property 'material_usages' does not exist on type '{ id: string; created_at: Date; updated_at: Date; user_id: string; status: purchase_status; unit_price: Decimal | null; purchase_code: string; product_name: string; ... 21 more ...; last_edited_by_id: string | null; }'.
src/routes/purchases.ts(1670,45): error TS2339: Property 'material_usages' does not exist on type '{ id: string; created_at: Date; updated_at: Date; user_id: string; status: purchase_status; unit_price: Decimal | null; purchase_code: string; product_name: string; ... 21 more ...; last_edited_by_id: string | null; }'.
src/routes/purchases.ts(1670,65): error TS7006: Parameter 'usage' implicitly has an 'any' type.
src/routes/purchases.ts(1675,42): error TS2339: Property 'material_usages' does not exist on type '{ id: string; created_at: Date; updated_at: Date; user_id: string; status: purchase_status; unit_price: Decimal | null; purchase_code: string; product_name: string; ... 21 more ...; last_edited_by_id: string | null; }'.
src/routes/purchases.ts(1675,62): error TS7006: Parameter 'usage' implicitly has an 'any' type.
src/routes/purchases.ts(1692,31): error TS2551: Property 'to_locale_string' does not exist on type 'Date'. Did you mean 'toLocaleString'?
src/routes/purchases.ts(1712,11): error TS2561: Object literal may only specify known properties, but 'changedFields' does not exist in type 'Without<edit_logCreateInput, edit_logUncheckedCreateInput> & edit_logUncheckedCreateInput'. Did you mean to write 'changed_fields'?
src/routes/purchases.ts(1725,11): error TS2353: Object literal may only specify known properties, and 'source_type' does not exist in type 'financial_recordWhereInput'.
src/routes/purchases.ts(1877,18): error TS2551: Property 'set_hours' does not exist on type 'Date'. Did you mean 'setHours'?
src/routes/purchases.ts(1987,13): error TS2561: Object literal may only specify known properties, but 'user_name' does not exist in type 'userSelect<DefaultArgs>'. Did you mean to write 'username'?
src/routes/purchases.ts(2000,32): error TS2551: Property 'add_worksheet' does not exist on type 'Workbook'. Did you mean 'addWorksheet'?
src/routes/purchases.ts(2104,39): error TS2339: Property 'supplier' does not exist on type '{ id: string; created_at: Date; updated_at: Date; user_id: string; status: purchase_status; unit_price: Decimal | null; purchase_code: string; product_name: string; ... 21 more ...; last_edited_by_id: string | null; }'.
src/routes/purchases.ts(2175,7): error TS2552: Cannot find name 'materialCode'. Did you mean 'material_code'?
src/routes/purchases.ts(2178,33): error TS2454: Variable 'material_code' is used before being assigned.
src/routes/purchases.ts(2210,9): error TS2552: Cannot find name 'unitCost'. Did you mean 'unit_cost'?
src/routes/purchases.ts(2215,9): error TS2552: Cannot find name 'unitCost'. Did you mean 'unit_cost'?
src/routes/purchases.ts(2220,9): error TS2304: Cannot find name 'unitCost'.
src/routes/purchases.ts(2225,9): error TS2304: Cannot find name 'unitCost'.
src/routes/purchases.ts(2230,9): error TS2304: Cannot find name 'unitCost'.
src/routes/purchases.ts(2247,29): error TS2454: Variable 'unit_cost' is used before being assigned.
src/routes/purchases.ts(2261,42): error TS2454: Variable 'unit_cost' is used before being assigned.
src/routes/purchases.ts(2289,13): error TS2561: Object literal may only specify known properties, but 'user_name' does not exist in type 'userSelect<DefaultArgs>'. Did you mean to write 'username'?
src/routes/skus.ts(6,10): error TS2724: '"crypto"' has no exported member named 'random_u_u_i_d'. Did you mean 'randomUUID'?
src/routes/skus.ts(8,3): error TS2724: '"../utils/skuUtils.js"' has no exported member named 'getSkuList'. Did you mean 'get_sku_list'?
src/routes/skus.ts(33,7): error TS2304: Cannot find name 'originalQuantity'.
src/routes/skus.ts(34,7): error TS2304: Cannot find name 'remainingQuantity'.
src/routes/skus.ts(34,27): error TS2304: Cannot find name 'originalQuantity'.
src/routes/skus.ts(37,7): error TS2304: Cannot find name 'originalQuantity'.
src/routes/skus.ts(38,7): error TS2304: Cannot find name 'remainingQuantity'.
src/routes/skus.ts(38,27): error TS2304: Cannot find name 'originalQuantity'.
src/routes/skus.ts(42,7): error TS2304: Cannot find name 'originalQuantity'.
src/routes/skus.ts(45,7): error TS2304: Cannot find name 'remainingQuantity'.
src/routes/skus.ts(45,27): error TS2304: Cannot find name 'originalQuantity'.
src/routes/skus.ts(49,7): error TS2304: Cannot find name 'originalQuantity'.
src/routes/skus.ts(55,22): error TS2304: Cannot find name 'remainingQuantity'.
src/routes/skus.ts(69,24): error TS2304: Cannot find name 'get_sku_list'.
src/routes/skus.ts(187,23): error TS2304: Cannot find name 'customerAddress'.
src/routes/skus.ts(187,48): error TS2304: Cannot find name 'customerAddress'.
src/routes/skus.ts(191,25): error TS2304: Cannot find name 'actualTotalPrice'.
src/routes/skus.ts(203,15): error TS2304: Cannot find name 'randomUUID'.
src/routes/skus.ts(240,13): error TS2304: Cannot find name 'randomUUID'.
src/routes/skus.ts(282,9): error TS2353: Object literal may only specify known properties, and 'type' does not exist in type '(Without<financial_recordCreateInput, financial_recordUncheckedCreateInput> & financial_recordUncheckedCreateInput) | (Without<...> & financial_recordCreateInput)'.
src/routes/skus.ts(340,13): error TS2561: Object literal may only specify known properties, but 'user_name' does not exist in type 'userSelect<DefaultArgs>'. Did you mean to write 'username'?
src/routes/skus.ts(572,45): error TS2551: Property 'locale_compare' does not exist on type 'string'. Did you mean 'localeCompare'?
src/routes/skus.ts(632,43): error TS2551: Property 'materialUsage' does not exist on type 'PrismaClient<PrismaClientOptions, never, DefaultArgs>'. Did you mean 'material_usage'?
src/routes/skus.ts(686,15): error TS2304: Cannot find name 'unitCost'.
src/routes/skus.ts(690,15): error TS2304: Cannot find name 'unitCost'.
src/routes/skus.ts(693,15): error TS2304: Cannot find name 'unitCost'.
src/routes/skus.ts(703,24): error TS2304: Cannot find name 'unitCost'.
src/routes/skus.ts(732,32): error TS2304: Cannot find name 'returnToMaterial'.
src/routes/skus.ts(771,35): error TS2304: Cannot find name 'returnToMaterial'.
src/routes/skus.ts(785,37): error TS2304: Cannot find name 'returnToMaterial'.
src/routes/skus.ts(874,25): error TS2304: Cannot find name 'randomUUID'.
src/routes/skus.ts(886,21): error TS2304: Cannot find name 'purchaseId'.
src/routes/skus.ts(887,28): error TS2551: Property 'materialUsage' does not exist on type 'Omit<PrismaClient<PrismaClientOptions, never, DefaultArgs>, "$connect" | "$disconnect" | "$on" | "$transaction" | "$use" | "$extends">'. Did you mean 'material_usage'?
src/routes/skus.ts(899,17): error TS2304: Cannot find name 'returnedMaterials'.
src/routes/skus.ts(913,40): error TS2551: Property 'materialUsage' does not exist on type 'Omit<PrismaClient<PrismaClientOptions, never, DefaultArgs>, "$connect" | "$disconnect" | "$on" | "$transaction" | "$use" | "$extends">'. Did you mean 'material_usage'?
src/routes/skus.ts(947,24): error TS2304: Cannot find name 'randomUUID'.
src/routes/skus.ts(959,20): error TS2304: Cannot find name 'purchaseId'.
src/routes/skus.ts(960,27): error TS2551: Property 'materialUsage' does not exist on type 'Omit<PrismaClient<PrismaClientOptions, never, DefaultArgs>, "$connect" | "$disconnect" | "$on" | "$transaction" | "$use" | "$extends">'. Did you mean 'material_usage'?
src/routes/skus.ts(972,16): error TS2304: Cannot find name 'returnedMaterials'.
src/routes/skus.ts(986,40): error TS2551: Property 'materialUsage' does not exist on type 'Omit<PrismaClient<PrismaClientOptions, never, DefaultArgs>, "$connect" | "$disconnect" | "$on" | "$transaction" | "$use" | "$extends">'. Did you mean 'material_usage'?
src/routes/skus.ts(1010,52): error TS2304: Cannot find name 'returnedMaterials'.
src/routes/skus.ts(1086,51): error TS2551: Property 'materialUsage' does not exist on type 'PrismaClient<PrismaClientOptions, never, DefaultArgs>'. Did you mean 'material_usage'?
src/routes/skus.ts(1107,45): error TS2304: Cannot find name 'remainingQuantity'.
src/routes/skus.ts(1143,23): error TS2304: Cannot find name 'requiredMaterials'.
src/routes/skus.ts(1143,55): error TS2304: Cannot find name 'requiredMaterials'.
src/routes/skus.ts(1143,79): error TS7006: Parameter 'material' implicitly has an 'any' type.
src/routes/skus.ts(1144,34): error TS2304: Cannot find name 'requiredMaterials'.
src/routes/skus.ts(1145,13): error TS7006: Parameter 'material' implicitly has an 'any' type.
src/routes/skus.ts(1146,10): error TS7006: Parameter 'material' implicitly has an 'any' type.
src/routes/skus.ts(1158,20): error TS2304: Cannot find name 'canRestock'.
src/routes/skus.ts(1159,31): error TS2304: Cannot find name 'insufficientMaterials'.
src/routes/skus.ts(1210,41): error TS2551: Property 'materialUsage' does not exist on type 'Omit<PrismaClient<PrismaClientOptions, never, DefaultArgs>, "$connect" | "$disconnect" | "$on" | "$transaction" | "$use" | "$extends">'. Did you mean 'material_usage'?
src/routes/skus.ts(1291,19): error TS2551: Property 'materialUsage' does not exist on type 'Omit<PrismaClient<PrismaClientOptions, never, DefaultArgs>, "$connect" | "$disconnect" | "$on" | "$transaction" | "$use" | "$extends">'. Did you mean 'material_usage'?
src/routes/skus.ts(1311,7): error TS2304: Cannot find name 'consumedMaterials'.
src/routes/skus.ts(1320,27): error TS2304: Cannot find name 'requiredMaterials'.
src/routes/skus.ts(1320,53): error TS7006: Parameter 'sum' implicitly has an 'any' type.
src/routes/skus.ts(1320,58): error TS7006: Parameter 'material' implicitly has an 'any' type.
src/routes/skus.ts(1325,24): error TS2304: Cannot find name 'materialCost'.
src/routes/skus.ts(1325,39): error TS2304: Cannot find name 'laborCost'.
src/routes/skus.ts(1325,51): error TS2304: Cannot find name 'craftCost'.
src/routes/skus.ts(1357,27): error TS2304: Cannot find name 'consumedMaterials'.
src/routes/skus.ts(1579,9): error TS2353: Object literal may only specify known properties, and 'type' does not exist in type '(Without<financial_recordCreateInput, financial_recordUncheckedCreateInput> & financial_recordUncheckedCreateInput) | (Without<...> & financial_recordCreateInput)'.
src/routes/skus.ts(1661,26): error TS2304: Cannot find name 'labor_cost'.
src/routes/skus.ts(1662,26): error TS2304: Cannot find name 'craft_cost'.
src/routes/skus.ts(1789,18): error TS2551: Property 'materialUsage' does not exist on type 'Omit<PrismaClient<PrismaClientOptions, never, DefaultArgs>, "$connect" | "$disconnect" | "$on" | "$transaction" | "$use" | "$extends">'. Did you mean 'material_usage'?
src/routes/skus.ts(1827,13): error TS2561: Object literal may only specify known properties, but 'user_name' does not exist in type 'userSelect<DefaultArgs>'. Did you mean to write 'username'?
src/routes/suppliers.ts(242,23): error TS2551: Property 'username' does not exist on type '{ id: string; user_name: string; role: "BOSS" | "EMPLOYEE"; name: string; }'. Did you mean 'user_name'?
src/routes/users.ts(68,11): error TS2561: Object literal may only specify known properties, but 'user_name' does not exist in type 'userSelect<DefaultArgs>'. Did you mean to write 'username'?
src/routes/users.ts(119,9): error TS2561: Object literal may only specify known properties, but 'user_name' does not exist in type 'userSelect<DefaultArgs>'. Did you mean to write 'username'?
src/routes/users.ts(185,9): error TS2561: Object literal may only specify known properties, but 'user_name' does not exist in type 'userSelect<DefaultArgs>'. Did you mean to write 'username'?
src/routes/users.ts(247,16): error TS2561: Object literal may only specify known properties, but 'user_name' does not exist in type 'userWhereUniqueInput'. Did you mean to write 'username'?
src/routes/users.ts(283,9): error TS2561: Object literal may only specify known properties, but 'user_name' does not exist in type '(Without<userCreateInput, userUncheckedCreateInput> & userUncheckedCreateInput) | (Without<...> & userCreateInput)'. Did you mean to write 'username'?
src/routes/users.ts(292,9): error TS2561: Object literal may only specify known properties, but 'user_name' does not exist in type 'userSelect<DefaultArgs>'. Did you mean to write 'username'?
src/routes/users.ts(363,11): error TS2561: Object literal may only specify known properties, but 'user_name' does not exist in type 'userWhereInput'. Did you mean to write 'username'?
src/routes/users.ts(412,9): error TS2561: Object literal may only specify known properties, but 'user_name' does not exist in type 'userSelect<DefaultArgs>'. Did you mean to write 'username'?
src/routes/users.ts(496,9): error TS2304: Cannot find name 'purchase_count'.
src/routes/users.ts(503,24): error TS2304: Cannot find name 'purchase_count'.
src/server.ts(40,10): error TS2724: '"./utils/network.js"' has no exported member named 'getAccessUrls'. Did you mean 'get_access_urls'?
src/server.ts(40,39): error TS2724: '"./utils/network.js"' has no exported member named 'getPublicIP'. Did you mean 'get_public_ip'?
src/server.ts(279,26): error TS2304: Cannot find name 'get_access_urls'.
src/services/ai.ts(218,66): error TS2551: Property 'status_text' does not exist on type 'Response'. Did you mean 'statusText'?
src/services/ai.ts(325,66): error TS2551: Property 'status_text' does not exist on type 'Response'. Did you mean 'statusText'?
src/services/ai.ts(423,66): error TS2551: Property 'status_text' does not exist on type 'Response'. Did you mean 'statusText'?
src/services/ai.ts(501,10): error TS2552: Cannot find name 'time_range'. Did you mean 'timeRange'?
src/services/ai.ts(534,66): error TS2551: Property 'status_text' does not exist on type 'Response'. Did you mean 'statusText'?
src/utils/fieldConverter.ts(416,48): error TS2551: Property 'to_fixed' does not exist on type 'number'. Did you mean 'toFixed'?
src/utils/network.ts(49,15): error TS2552: Cannot find name 'is_validIP'. Did you mean 'isValidIP'?
src/utils/operationLogger.ts(75,13): error TS2561: Object literal may only specify known properties, but 'changedFields' does not exist in type 'Without<edit_logCreateInput, edit_logUncheckedCreateInput> & edit_logUncheckedCreateInput'. Did you mean to write 'changed_fields'?
src/utils/operationLogger.ts(89,26): error TS2551: Property 'user_agent' does not exist on type 'operation_log_data'. Did you mean 'userAgent'?
src/utils/operationLogger.ts(110,7): error TS2561: Object literal may only specify known properties, but 'user_agent' does not exist in type 'operation_log_data'. Did you mean to write 'userAgent'?
src/utils/operationLogger.ts(321,17): error TS2561: Object literal may only specify known properties, but 'user_name' does not exist in type 'userSelect<DefaultArgs>'. Did you mean to write 'username'?
src/utils/updateImageUrls.ts(3,10): error TS2724: '"./network.js"' has no exported member named 'get_local_i_p'. Did you mean 'get_local_ip'?
src/utils/updateImageUrls.ts(20,11): error TS2561: Object literal may only specify known properties, but 'arrayContains' does not exist in type 'JsonFilter<"purchase">'. Did you mean to write 'array_contains'?
src/utils/updateImageUrls.ts(66,18): error TS2304: Cannot find name 'get_local_ip'.
